============================= test session starts ==============================
platform darwin -- Python 3.8.6, pytest-6.1.2, py-1.9.0, pluggy-0.13.1
rootdir: /Volumes/data/proj/homeassistant-subaru, configfile: setup.cfg, testpaths: tests
plugins: sugar-0.9.4, requests-mock-1.8.0, xdist-2.1.0, cov-2.10.1, aiohttp-0.3.0, timeout-1.4.2, forked-1.3.0, homeassistant-custom-component-0.0.21, test-groups-1.0.3
collected 29 items

tests/test_config_flow.py::test_form[pyloop] 
-------------------------------- live log setup --------------------------------
DEBUG    asyncio:selector_events.py:59 Using selector: KqueueSelector
-------------------------------- live log call ---------------------------------
INFO     homeassistant.loader:loader.py:292 Loaded subaru from custom_components.subaru
INFO     homeassistant.loader:loader.py:292 Loaded persistent_notification from homeassistant.components.persistent_notification
INFO     homeassistant.setup:setup.py:183 Setting up persistent_notification
DEBUG    homeassistant.core:core.py:712 Bus:Handling <Event service_registered[L]: domain=persistent_notification, service=create>
DEBUG    homeassistant.core:core.py:712 Bus:Handling <Event service_registered[L]: domain=persistent_notification, service=dismiss>
DEBUG    homeassistant.core:core.py:712 Bus:Handling <Event service_registered[L]: domain=persistent_notification, service=mark_read>
INFO     homeassistant.setup:setup.py:232 Setup of domain persistent_notification took 0.0 seconds
DEBUG    homeassistant.core:core.py:712 Bus:Handling <Event component_loaded[L]: component=persistent_notification>
WARNING  homeassistant.loader:loader.py:465 You are using a custom integration for subaru which has not been tested by Home Assistant. This component might cause stability problems, be sure to disable it if you experience issues with Home Assistant.
INFO     custom_components.subaru.config_flow:config_flow.py:147 Setting up first time connection to Subuaru API.  This may take up to 20 seconds.
DEBUG    custom_components.subaru.config_flow:config_flow.py:151 Successfully authenticated and authorized with Subaru API
DEBUG    custom_components.subaru.config_flow:config_flow.py:153 Testing user provided PIN with Subaru remote service requests
DEBUG    custom_components.subaru.config_flow:config_flow.py:155 User provided PIN is valid for Subaru remote service requests
DEBUG    homeassistant.core:core.py:712 Bus:Handling <Event call_service[L]: domain=persistent_notification, service=dismiss, service_data=notification_id=config_entry_discovery>
INFO     homeassistant.setup:setup.py:183 Setting up subaru
INFO     homeassistant.setup:setup.py:232 Setup of domain subaru took 0.0 seconds
DEBUG    custom_components.subaru:update_coordinator.py:184 Finished fetching subaru_data data in 0.000 seconds
DEBUG    homeassistant.core:core.py:712 Bus:Handling <Event component_loaded[L]: component=subaru>
INFO     homeassistant.loader:loader.py:292 Loaded binary_sensor from homeassistant.components.binary_sensor
INFO     homeassistant.loader:loader.py:292 Loaded device_tracker from homeassistant.components.device_tracker
INFO     homeassistant.loader:loader.py:292 Loaded lock from homeassistant.components.lock
INFO     homeassistant.loader:loader.py:292 Loaded sensor from homeassistant.components.sensor
INFO     homeassistant.setup:setup.py:183 Setting up binary_sensor
INFO     homeassistant.setup:setup.py:232 Setup of domain binary_sensor took 0.0 seconds
DEBUG    homeassistant.core:core.py:712 Bus:Handling <Event component_loaded[L]: component=binary_sensor>
INFO     homeassistant.loader:loader.py:292 Loaded zone from homeassistant.components.zone
INFO     homeassistant.setup:setup.py:183 Setting up lock
DEBUG    homeassistant.core:core.py:712 Bus:Handling <Event service_registered[L]: domain=lock, service=unlock>
DEBUG    homeassistant.core:core.py:712 Bus:Handling <Event service_registered[L]: domain=lock, service=lock>
DEBUG    homeassistant.core:core.py:712 Bus:Handling <Event service_registered[L]: domain=lock, service=open>
INFO     homeassistant.setup:setup.py:232 Setup of domain lock took 0.0 seconds
INFO     homeassistant.setup:setup.py:183 Setting up sensor
INFO     homeassistant.setup:setup.py:232 Setup of domain sensor took 0.0 seconds
INFO     homeassistant.components.binary_sensor:entity_platform.py:185 Setting up binary_sensor.subaru
DEBUG    homeassistant.core:core.py:712 Bus:Handling <Event component_loaded[L]: component=lock>
DEBUG    homeassistant.core:core.py:712 Bus:Handling <Event component_loaded[L]: component=sensor>
DEBUG    homeassistant.setup:setup.py:96 Dependency device_tracker will wait for dependencies ['zone']
INFO     homeassistant.components.lock:entity_platform.py:185 Setting up lock.subaru
INFO     homeassistant.components.sensor:entity_platform.py:185 Setting up sensor.subaru
INFO     homeassistant.setup:setup.py:183 Setting up zone
DEBUG    homeassistant.core:core.py:712 Bus:Handling <Event service_registered[L]: domain=zone, service=reload>
DEBUG    homeassistant.core:core.py:712 Bus:Handling <Event state_changed[L]: entity_id=zone.home, old_state=None, new_state=<state zone.home=zoning; latitude=32.87336, longitude=-117.22743, radius=100, passive=False, editable=True, friendly_name=test home, icon=mdi:home @ 2020-12-06T18:52:08.115424+00:00>>
INFO     homeassistant.setup:setup.py:232 Setup of domain zone took 0.0 seconds
DEBUG    homeassistant.core:core.py:712 Bus:Handling <Event component_loaded[L]: component=zone>
INFO     homeassistant.setup:setup.py:183 Setting up device_tracker
DEBUG    homeassistant.core:core.py:712 Bus:Handling <Event service_registered[L]: domain=device_tracker, service=see>
INFO     homeassistant.setup:setup.py:232 Setup of domain device_tracker took 0.0 seconds
DEBUG    homeassistant.core:core.py:712 Bus:Handling <Event component_loaded[L]: component=device_tracker>
INFO     homeassistant.components.device_tracker:entity_platform.py:185 Setting up device_tracker.subaru
PASSED                                                                   [  3%]
------------------------------ live log teardown -------------------------------
DEBUG    homeassistant.core:core.py:712 Bus:Handling <Event homeassistant_stop[L]>
DEBUG    homeassistant.core:core.py:712 Bus:Handling <Event homeassistant_final_write[L]>
INFO     pytest_homeassistant_custom_component.common:common.py:931 Writing data to core.config_entries: {'version': 1, 'key': 'core.config_entries', 'data': {'entries': [{'entry_id': '632e692e4650d54cbb41a8b19f4b70c4', 'version': 1, 'domain': 'subaru', 'title': 'test@fake.com', 'data': {'username': 'test@fake.com', 'password': 'test-password', 'pin': '1234', 'device_id': 1607280728}, 'options': {}, 'system_options': {'disable_new_entities': False}, 'source': 'user', 'connection_class': 'cloud_poll', 'unique_id': None}]}}
DEBUG    homeassistant.core:core.py:712 Bus:Handling <Event homeassistant_close[L]>

tests/test_config_flow.py::test_pin_not_required[pyloop] 
-------------------------------- live log setup --------------------------------
DEBUG    asyncio:selector_events.py:59 Using selector: KqueueSelector
-------------------------------- live log call ---------------------------------
INFO     homeassistant.loader:loader.py:292 Loaded subaru from custom_components.subaru
INFO     homeassistant.loader:loader.py:292 Loaded persistent_notification from homeassistant.components.persistent_notification
INFO     homeassistant.setup:setup.py:183 Setting up persistent_notification
DEBUG    homeassistant.core:core.py:712 Bus:Handling <Event service_registered[L]: domain=persistent_notification, service=create>
DEBUG    homeassistant.core:core.py:712 Bus:Handling <Event service_registered[L]: domain=persistent_notification, service=dismiss>
DEBUG    homeassistant.core:core.py:712 Bus:Handling <Event service_registered[L]: domain=persistent_notification, service=mark_read>
INFO     homeassistant.setup:setup.py:232 Setup of domain persistent_notification took 0.0 seconds
DEBUG    homeassistant.core:core.py:712 Bus:Handling <Event component_loaded[L]: component=persistent_notification>
WARNING  homeassistant.loader:loader.py:465 You are using a custom integration for subaru which has not been tested by Home Assistant. This component might cause stability problems, be sure to disable it if you experience issues with Home Assistant.
INFO     custom_components.subaru.config_flow:config_flow.py:147 Setting up first time connection to Subuaru API.  This may take up to 20 seconds.
DEBUG    custom_components.subaru.config_flow:config_flow.py:151 Successfully authenticated and authorized with Subaru API
DEBUG    custom_components.subaru.config_flow:config_flow.py:153 Testing user provided PIN with Subaru remote service requests
INFO     custom_components.subaru.config_flow:config_flow.py:157 No active remote service subscription, PIN number will not be used
DEBUG    homeassistant.core:core.py:712 Bus:Handling <Event call_service[L]: domain=persistent_notification, service=dismiss, service_data=notification_id=config_entry_discovery>
INFO     homeassistant.setup:setup.py:183 Setting up subaru
INFO     homeassistant.setup:setup.py:232 Setup of domain subaru took 0.0 seconds
DEBUG    custom_components.subaru:update_coordinator.py:184 Finished fetching subaru_data data in 0.000 seconds
DEBUG    homeassistant.core:core.py:712 Bus:Handling <Event component_loaded[L]: component=subaru>
INFO     homeassistant.loader:loader.py:292 Loaded lock from homeassistant.components.lock
INFO     homeassistant.loader:loader.py:292 Loaded binary_sensor from homeassistant.components.binary_sensor
INFO     homeassistant.loader:loader.py:292 Loaded sensor from homeassistant.components.sensor
INFO     homeassistant.setup:setup.py:183 Setting up lock
INFO     homeassistant.loader:loader.py:292 Loaded device_tracker from homeassistant.components.device_tracker
DEBUG    homeassistant.core:core.py:712 Bus:Handling <Event service_registered[L]: domain=lock, service=unlock>
DEBUG    homeassistant.core:core.py:712 Bus:Handling <Event service_registered[L]: domain=lock, service=lock>
DEBUG    homeassistant.core:core.py:712 Bus:Handling <Event service_registered[L]: domain=lock, service=open>
INFO     homeassistant.setup:setup.py:232 Setup of domain lock took 0.0 seconds
DEBUG    homeassistant.core:core.py:712 Bus:Handling <Event component_loaded[L]: component=lock>
INFO     homeassistant.setup:setup.py:183 Setting up binary_sensor
INFO     homeassistant.setup:setup.py:232 Setup of domain binary_sensor took 0.0 seconds
INFO     homeassistant.setup:setup.py:183 Setting up sensor
INFO     homeassistant.setup:setup.py:232 Setup of domain sensor took 0.0 seconds
INFO     homeassistant.components.lock:entity_platform.py:185 Setting up lock.subaru
DEBUG    homeassistant.core:core.py:712 Bus:Handling <Event component_loaded[L]: component=binary_sensor>
DEBUG    homeassistant.core:core.py:712 Bus:Handling <Event component_loaded[L]: component=sensor>
INFO     homeassistant.loader:loader.py:292 Loaded zone from homeassistant.components.zone
INFO     homeassistant.components.binary_sensor:entity_platform.py:185 Setting up binary_sensor.subaru
INFO     homeassistant.components.sensor:entity_platform.py:185 Setting up sensor.subaru
DEBUG    homeassistant.setup:setup.py:96 Dependency device_tracker will wait for dependencies ['zone']
INFO     homeassistant.setup:setup.py:183 Setting up zone
DEBUG    homeassistant.core:core.py:712 Bus:Handling <Event service_registered[L]: domain=zone, service=reload>
DEBUG    homeassistant.core:core.py:712 Bus:Handling <Event state_changed[L]: entity_id=zone.home, old_state=None, new_state=<state zone.home=zoning; latitude=32.87336, longitude=-117.22743, radius=100, passive=False, editable=True, friendly_name=test home, icon=mdi:home @ 2020-12-06T18:52:08.193822+00:00>>
INFO     homeassistant.setup:setup.py:232 Setup of domain zone took 0.0 seconds
DEBUG    homeassistant.core:core.py:712 Bus:Handling <Event component_loaded[L]: component=zone>
INFO     homeassistant.setup:setup.py:183 Setting up device_tracker
DEBUG    homeassistant.core:core.py:712 Bus:Handling <Event service_registered[L]: domain=device_tracker, service=see>
INFO     homeassistant.setup:setup.py:232 Setup of domain device_tracker took 0.0 seconds
DEBUG    homeassistant.core:core.py:712 Bus:Handling <Event component_loaded[L]: component=device_tracker>
INFO     homeassistant.components.device_tracker:entity_platform.py:185 Setting up device_tracker.subaru
PASSED                                                                   [  6%]
------------------------------ live log teardown -------------------------------
DEBUG    homeassistant.core:core.py:712 Bus:Handling <Event homeassistant_stop[L]>
DEBUG    homeassistant.core:core.py:712 Bus:Handling <Event homeassistant_final_write[L]>
INFO     pytest_homeassistant_custom_component.common:common.py:931 Writing data to core.config_entries: {'version': 1, 'key': 'core.config_entries', 'data': {'entries': [{'entry_id': '12ee8b5617fc9d9827738fac5aed551a', 'version': 1, 'domain': 'subaru', 'title': 'test@fake.com', 'data': {'username': 'test@fake.com', 'password': 'test-password', 'pin': '1234', 'device_id': 1607280728}, 'options': {}, 'system_options': {'disable_new_entities': False}, 'source': 'user', 'connection_class': 'cloud_poll', 'unique_id': None}]}}
DEBUG    homeassistant.core:core.py:712 Bus:Handling <Event homeassistant_close[L]>

tests/test_config_flow.py::test_form_invalid_auth[pyloop] 
-------------------------------- live log setup --------------------------------
DEBUG    asyncio:selector_events.py:59 Using selector: KqueueSelector
-------------------------------- live log call ---------------------------------
INFO     homeassistant.loader:loader.py:292 Loaded subaru from custom_components.subaru
WARNING  homeassistant.loader:loader.py:465 You are using a custom integration for subaru which has not been tested by Home Assistant. This component might cause stability problems, be sure to disable it if you experience issues with Home Assistant.
INFO     custom_components.subaru.config_flow:config_flow.py:147 Setting up first time connection to Subuaru API.  This may take up to 20 seconds.
PASSED                                                                   [ 10%]
------------------------------ live log teardown -------------------------------
DEBUG    homeassistant.core:core.py:712 Bus:Handling <Event homeassistant_stop[L]>
DEBUG    homeassistant.core:core.py:712 Bus:Handling <Event homeassistant_final_write[L]>
DEBUG    homeassistant.core:core.py:712 Bus:Handling <Event homeassistant_close[L]>

tests/test_config_flow.py::test_form_invalid_pin[pyloop] 
-------------------------------- live log setup --------------------------------
DEBUG    asyncio:selector_events.py:59 Using selector: KqueueSelector
-------------------------------- live log call ---------------------------------
INFO     homeassistant.loader:loader.py:292 Loaded subaru from custom_components.subaru
WARNING  homeassistant.loader:loader.py:465 You are using a custom integration for subaru which has not been tested by Home Assistant. This component might cause stability problems, be sure to disable it if you experience issues with Home Assistant.
INFO     custom_components.subaru.config_flow:config_flow.py:147 Setting up first time connection to Subuaru API.  This may take up to 20 seconds.
PASSED                                                                   [ 13%]
------------------------------ live log teardown -------------------------------
DEBUG    homeassistant.core:core.py:712 Bus:Handling <Event homeassistant_stop[L]>
DEBUG    homeassistant.core:core.py:712 Bus:Handling <Event homeassistant_final_write[L]>
DEBUG    homeassistant.core:core.py:712 Bus:Handling <Event homeassistant_close[L]>

tests/test_config_flow.py::test_form_cannot_connect[pyloop] 
-------------------------------- live log setup --------------------------------
DEBUG    asyncio:selector_events.py:59 Using selector: KqueueSelector
-------------------------------- live log call ---------------------------------
INFO     homeassistant.loader:loader.py:292 Loaded subaru from custom_components.subaru
WARNING  homeassistant.loader:loader.py:465 You are using a custom integration for subaru which has not been tested by Home Assistant. This component might cause stability problems, be sure to disable it if you experience issues with Home Assistant.
INFO     custom_components.subaru.config_flow:config_flow.py:147 Setting up first time connection to Subuaru API.  This may take up to 20 seconds.
ERROR    custom_components.subaru.config_flow:config_flow.py:62 Unable to communicate with Subaru API: None
PASSED                                                                   [ 17%]
------------------------------ live log teardown -------------------------------
DEBUG    homeassistant.core:core.py:712 Bus:Handling <Event homeassistant_stop[L]>
ERROR    homeassistant:runner.py:115 Error doing job: Task exception was never retrieved
Traceback (most recent call last):
  File "/Users/gg/.local/share/virtualenvs/homeassistant-subaru--Q4ZrcF8/lib/python3.8/site-packages/homeassistant/core.py", line 1401, in async_call
    raise ServiceNotFound(domain, service) from None
homeassistant.exceptions.ServiceNotFound: Unable to find service persistent_notification/dismiss
DEBUG    homeassistant.core:core.py:712 Bus:Handling <Event homeassistant_final_write[L]>
DEBUG    homeassistant.core:core.py:712 Bus:Handling <Event homeassistant_close[L]>

tests/test_config_flow.py::test_form_repeat_identifier[pyloop] 
-------------------------------- live log setup --------------------------------
DEBUG    asyncio:selector_events.py:59 Using selector: KqueueSelector
-------------------------------- live log call ---------------------------------
INFO     homeassistant.loader:loader.py:292 Loaded subaru from custom_components.subaru
WARNING  homeassistant.loader:loader.py:465 You are using a custom integration for subaru which has not been tested by Home Assistant. This component might cause stability problems, be sure to disable it if you experience issues with Home Assistant.
PASSED                                                                   [ 20%]
------------------------------ live log teardown -------------------------------
DEBUG    homeassistant.core:core.py:712 Bus:Handling <Event homeassistant_stop[L]>
ERROR    homeassistant:runner.py:115 Error doing job: Task exception was never retrieved
Traceback (most recent call last):
  File "/Users/gg/.local/share/virtualenvs/homeassistant-subaru--Q4ZrcF8/lib/python3.8/site-packages/homeassistant/core.py", line 1401, in async_call
    raise ServiceNotFound(domain, service) from None
homeassistant.exceptions.ServiceNotFound: Unable to find service persistent_notification/dismiss
DEBUG    homeassistant.core:core.py:712 Bus:Handling <Event homeassistant_final_write[L]>
DEBUG    homeassistant.core:core.py:712 Bus:Handling <Event homeassistant_close[L]>

tests/test_config_flow.py::test_option_flow[pyloop] 
-------------------------------- live log setup --------------------------------
DEBUG    asyncio:selector_events.py:59 Using selector: KqueueSelector
PASSED                                                                   [ 24%]
------------------------------ live log teardown -------------------------------
DEBUG    homeassistant.core:core.py:712 Bus:Handling <Event homeassistant_stop[L]>
DEBUG    homeassistant.core:core.py:712 Bus:Handling <Event homeassistant_final_write[L]>
INFO     pytest_homeassistant_custom_component.common:common.py:931 Writing data to core.config_entries: {'version': 1, 'key': 'core.config_entries', 'data': {'entries': [{'entry_id': '300c62d7c30042b89ed346f6e26aca0b', 'version': 1, 'domain': 'subaru', 'title': 'Mock Title', 'data': {}, 'options': {'scan_interval': 350, 'hard_poll_interval': 3600}, 'system_options': {'disable_new_entities': False}, 'source': 'user', 'connection_class': 'unknown', 'unique_id': None}]}}
DEBUG    homeassistant.core:core.py:712 Bus:Handling <Event homeassistant_close[L]>

tests/test_config_flow.py::test_option_flow_defaults[pyloop] 
-------------------------------- live log setup --------------------------------
DEBUG    asyncio:selector_events.py:59 Using selector: KqueueSelector
PASSED                                                                   [ 27%]
------------------------------ live log teardown -------------------------------
DEBUG    homeassistant.core:core.py:712 Bus:Handling <Event homeassistant_stop[L]>
DEBUG    homeassistant.core:core.py:712 Bus:Handling <Event homeassistant_final_write[L]>
INFO     pytest_homeassistant_custom_component.common:common.py:931 Writing data to core.config_entries: {'version': 1, 'key': 'core.config_entries', 'data': {'entries': [{'entry_id': '2fa7418aabe04bf8aca0c4e659ad2d01', 'version': 1, 'domain': 'subaru', 'title': 'Mock Title', 'data': {}, 'options': {'scan_interval': 300, 'hard_poll_interval': 7200}, 'system_options': {'disable_new_entities': False}, 'source': 'user', 'connection_class': 'unknown', 'unique_id': None}]}}
DEBUG    homeassistant.core:core.py:712 Bus:Handling <Event homeassistant_close[L]>

tests/test_config_flow.py::test_option_flow_input_floor[pyloop] 
-------------------------------- live log setup --------------------------------
DEBUG    asyncio:selector_events.py:59 Using selector: KqueueSelector
PASSED                                                                   [ 31%]
------------------------------ live log teardown -------------------------------
DEBUG    homeassistant.core:core.py:712 Bus:Handling <Event homeassistant_stop[L]>
DEBUG    homeassistant.core:core.py:712 Bus:Handling <Event homeassistant_final_write[L]>
INFO     pytest_homeassistant_custom_component.common:common.py:931 Writing data to core.config_entries: {'version': 1, 'key': 'core.config_entries', 'data': {'entries': [{'entry_id': '38f9be0d27e64935a041dadb38f6fcfb', 'version': 1, 'domain': 'subaru', 'title': 'Mock Title', 'data': {}, 'options': {'scan_interval': 60, 'hard_poll_interval': 300}, 'system_options': {'disable_new_entities': False}, 'source': 'user', 'connection_class': 'unknown', 'unique_id': None}]}}
DEBUG    homeassistant.core:core.py:712 Bus:Handling <Event homeassistant_close[L]>

tests/test_init.py::test_setup_with_no_config[pyloop] 
-------------------------------- live log setup --------------------------------
DEBUG    asyncio:selector_events.py:59 Using selector: KqueueSelector
-------------------------------- live log call ---------------------------------
INFO     homeassistant.loader:loader.py:292 Loaded subaru from custom_components.subaru
WARNING  homeassistant.loader:loader.py:465 You are using a custom integration for subaru which has not been tested by Home Assistant. This component might cause stability problems, be sure to disable it if you experience issues with Home Assistant.
INFO     homeassistant.setup:setup.py:183 Setting up subaru
INFO     homeassistant.setup:setup.py:232 Setup of domain subaru took 0.0 seconds
DEBUG    homeassistant.core:core.py:712 Bus:Handling <Event component_loaded[L]: component=subaru>
PASSED                                                                   [ 34%]
------------------------------ live log teardown -------------------------------
DEBUG    homeassistant.core:core.py:712 Bus:Handling <Event homeassistant_stop[L]>
DEBUG    homeassistant.core:core.py:712 Bus:Handling <Event homeassistant_final_write[L]>
DEBUG    homeassistant.core:core.py:712 Bus:Handling <Event homeassistant_close[L]>

tests/test_init.py::test_setup_ev[pyloop] 
-------------------------------- live log setup --------------------------------
DEBUG    asyncio:selector_events.py:59 Using selector: KqueueSelector
-------------------------------- live log call ---------------------------------
INFO     homeassistant.loader:loader.py:292 Loaded subaru from custom_components.subaru
WARNING  homeassistant.loader:loader.py:465 You are using a custom integration for subaru which has not been tested by Home Assistant. This component might cause stability problems, be sure to disable it if you experience issues with Home Assistant.
INFO     homeassistant.setup:setup.py:183 Setting up subaru
INFO     homeassistant.setup:setup.py:232 Setup of domain subaru took 0.0 seconds
DEBUG    homeassistant.core:core.py:712 Bus:Handling <Event component_loaded[L]: component=subaru>
DEBUG    custom_components.subaru:update_coordinator.py:184 Finished fetching subaru_data data in 0.003 seconds
DEBUG    homeassistant.core:core.py:712 Bus:Handling <Event service_registered[L]: domain=subaru, service=fetch>
DEBUG    homeassistant.core:core.py:712 Bus:Handling <Event service_registered[L]: domain=subaru, service=horn>
DEBUG    homeassistant.core:core.py:712 Bus:Handling <Event service_registered[L]: domain=subaru, service=lights>
DEBUG    homeassistant.core:core.py:712 Bus:Handling <Event service_registered[L]: domain=subaru, service=lock>
DEBUG    homeassistant.core:core.py:712 Bus:Handling <Event service_registered[L]: domain=subaru, service=unlock>
DEBUG    homeassistant.core:core.py:712 Bus:Handling <Event service_registered[L]: domain=subaru, service=update>
DEBUG    homeassistant.core:core.py:712 Bus:Handling <Event service_registered[L]: domain=subaru, service=remote_start>
DEBUG    homeassistant.core:core.py:712 Bus:Handling <Event service_registered[L]: domain=subaru, service=remote_stop>
DEBUG    homeassistant.core:core.py:712 Bus:Handling <Event service_registered[L]: domain=subaru, service=charge_start>
INFO     homeassistant.loader:loader.py:292 Loaded binary_sensor from homeassistant.components.binary_sensor
INFO     homeassistant.loader:loader.py:292 Loaded device_tracker from homeassistant.components.device_tracker
INFO     homeassistant.loader:loader.py:292 Loaded lock from homeassistant.components.lock
INFO     homeassistant.loader:loader.py:292 Loaded sensor from homeassistant.components.sensor
INFO     homeassistant.setup:setup.py:183 Setting up binary_sensor
INFO     homeassistant.setup:setup.py:232 Setup of domain binary_sensor took 0.0 seconds
DEBUG    homeassistant.core:core.py:712 Bus:Handling <Event component_loaded[L]: component=binary_sensor>
INFO     homeassistant.setup:setup.py:183 Setting up lock
DEBUG    homeassistant.core:core.py:712 Bus:Handling <Event service_registered[L]: domain=lock, service=unlock>
INFO     homeassistant.loader:loader.py:292 Loaded zone from homeassistant.components.zone
DEBUG    homeassistant.core:core.py:712 Bus:Handling <Event service_registered[L]: domain=lock, service=lock>
DEBUG    homeassistant.core:core.py:712 Bus:Handling <Event service_registered[L]: domain=lock, service=open>
INFO     homeassistant.setup:setup.py:232 Setup of domain lock took 0.0 seconds
INFO     homeassistant.setup:setup.py:183 Setting up sensor
INFO     homeassistant.setup:setup.py:232 Setup of domain sensor took 0.0 seconds
INFO     homeassistant.components.binary_sensor:entity_platform.py:185 Setting up binary_sensor.subaru
DEBUG    homeassistant.core:core.py:712 Bus:Handling <Event component_loaded[L]: component=lock>
DEBUG    homeassistant.core:core.py:712 Bus:Handling <Event component_loaded[L]: component=sensor>
DEBUG    homeassistant.setup:setup.py:96 Dependency device_tracker will wait for dependencies ['zone']
INFO     homeassistant.components.lock:entity_platform.py:185 Setting up lock.subaru
INFO     homeassistant.components.sensor:entity_platform.py:185 Setting up sensor.subaru
INFO     homeassistant.setup:setup.py:183 Setting up zone
DEBUG    homeassistant.core:core.py:712 Bus:Handling <Event service_registered[L]: domain=zone, service=reload>
DEBUG    homeassistant.core:core.py:712 Bus:Handling <Event state_changed[L]: entity_id=zone.home, old_state=None, new_state=<state zone.home=zoning; latitude=32.87336, longitude=-117.22743, radius=100, passive=False, editable=True, friendly_name=test home, icon=mdi:home @ 2020-12-06T18:52:08.677358+00:00>>
DEBUG    custom_components.subaru:update_coordinator.py:184 Finished fetching subaru_data data in 0.000 seconds
DEBUG    homeassistant.core:core.py:712 Bus:Handling <Event device_registry_updated[L]: action=create, device_id=c513301e59f6adb5a49e3711f54f8446>
INFO     homeassistant.helpers.entity_registry:entity_registry.py:271 Registered new binary_sensor.subaru entity: binary_sensor.test_vehicle_2_trunk
DEBUG    homeassistant.core:core.py:712 Bus:Handling <Event entity_registry_updated[L]: action=create, entity_id=binary_sensor.test_vehicle_2_trunk>
DEBUG    homeassistant.core:core.py:712 Bus:Handling <Event state_changed[L]: entity_id=binary_sensor.test_vehicle_2_trunk, old_state=None, new_state=<state binary_sensor.test_vehicle_2_trunk=off; friendly_name=test_vehicle_2 Trunk, icon=mdi:door-closed, device_class=door @ 2020-12-06T18:52:08.680435+00:00>>
INFO     homeassistant.helpers.entity_registry:entity_registry.py:271 Registered new binary_sensor.subaru entity: binary_sensor.test_vehicle_2_hood
DEBUG    homeassistant.core:core.py:712 Bus:Handling <Event entity_registry_updated[L]: action=create, entity_id=binary_sensor.test_vehicle_2_hood>
DEBUG    homeassistant.core:core.py:712 Bus:Handling <Event state_changed[L]: entity_id=binary_sensor.test_vehicle_2_hood, old_state=None, new_state=<state binary_sensor.test_vehicle_2_hood=off; friendly_name=test_vehicle_2 Hood, icon=mdi:door-closed, device_class=door @ 2020-12-06T18:52:08.681690+00:00>>
INFO     homeassistant.helpers.entity_registry:entity_registry.py:271 Registered new binary_sensor.subaru entity: binary_sensor.test_vehicle_2_front_left_door
DEBUG    homeassistant.core:core.py:712 Bus:Handling <Event entity_registry_updated[L]: action=create, entity_id=binary_sensor.test_vehicle_2_front_left_door>
DEBUG    homeassistant.core:core.py:712 Bus:Handling <Event state_changed[L]: entity_id=binary_sensor.test_vehicle_2_front_left_door, old_state=None, new_state=<state binary_sensor.test_vehicle_2_front_left_door=off; friendly_name=test_vehicle_2 Front Left Door, icon=mdi:door-closed, device_class=door @ 2020-12-06T18:52:08.682978+00:00>>
INFO     homeassistant.helpers.entity_registry:entity_registry.py:271 Registered new binary_sensor.subaru entity: binary_sensor.test_vehicle_2_front_right_door
DEBUG    homeassistant.core:core.py:712 Bus:Handling <Event entity_registry_updated[L]: action=create, entity_id=binary_sensor.test_vehicle_2_front_right_door>
DEBUG    homeassistant.core:core.py:712 Bus:Handling <Event state_changed[L]: entity_id=binary_sensor.test_vehicle_2_front_right_door, old_state=None, new_state=<state binary_sensor.test_vehicle_2_front_right_door=off; friendly_name=test_vehicle_2 Front Right Door, icon=mdi:door-closed, device_class=door @ 2020-12-06T18:52:08.684187+00:00>>
INFO     homeassistant.helpers.entity_registry:entity_registry.py:271 Registered new binary_sensor.subaru entity: binary_sensor.test_vehicle_2_rear_left_door
DEBUG    homeassistant.core:core.py:712 Bus:Handling <Event entity_registry_updated[L]: action=create, entity_id=binary_sensor.test_vehicle_2_rear_left_door>
DEBUG    homeassistant.core:core.py:712 Bus:Handling <Event state_changed[L]: entity_id=binary_sensor.test_vehicle_2_rear_left_door, old_state=None, new_state=<state binary_sensor.test_vehicle_2_rear_left_door=off; friendly_name=test_vehicle_2 Rear Left Door, icon=mdi:door-closed, device_class=door @ 2020-12-06T18:52:08.685379+00:00>>
INFO     homeassistant.helpers.entity_registry:entity_registry.py:271 Registered new binary_sensor.subaru entity: binary_sensor.test_vehicle_2_rear_right_door
DEBUG    homeassistant.core:core.py:712 Bus:Handling <Event entity_registry_updated[L]: action=create, entity_id=binary_sensor.test_vehicle_2_rear_right_door>
DEBUG    homeassistant.core:core.py:712 Bus:Handling <Event state_changed[L]: entity_id=binary_sensor.test_vehicle_2_rear_right_door, old_state=None, new_state=<state binary_sensor.test_vehicle_2_rear_right_door=off; friendly_name=test_vehicle_2 Rear Right Door, icon=mdi:door-closed, device_class=door @ 2020-12-06T18:52:08.686595+00:00>>
INFO     homeassistant.helpers.entity_registry:entity_registry.py:271 Registered new binary_sensor.subaru entity: binary_sensor.test_vehicle_2_ev_charge_port
DEBUG    homeassistant.core:core.py:712 Bus:Handling <Event entity_registry_updated[L]: action=create, entity_id=binary_sensor.test_vehicle_2_ev_charge_port>
DEBUG    homeassistant.core:core.py:712 Bus:Handling <Event state_changed[L]: entity_id=binary_sensor.test_vehicle_2_ev_charge_port, old_state=None, new_state=<state binary_sensor.test_vehicle_2_ev_charge_port=on; friendly_name=test_vehicle_2 EV Charge Port, icon=mdi:power-plug, device_class=plug @ 2020-12-06T18:52:08.688076+00:00>>
INFO     homeassistant.helpers.entity_registry:entity_registry.py:271 Registered new binary_sensor.subaru entity: binary_sensor.test_vehicle_2_ev_battery_charging
DEBUG    homeassistant.core:core.py:712 Bus:Handling <Event entity_registry_updated[L]: action=create, entity_id=binary_sensor.test_vehicle_2_ev_battery_charging>
DEBUG    homeassistant.core:core.py:712 Bus:Handling <Event state_changed[L]: entity_id=binary_sensor.test_vehicle_2_ev_battery_charging, old_state=None, new_state=<state binary_sensor.test_vehicle_2_ev_battery_charging=off; friendly_name=test_vehicle_2 EV Battery Charging, icon=mdi:car, device_class=battery_charging @ 2020-12-06T18:52:08.689346+00:00>>
INFO     homeassistant.helpers.entity_registry:entity_registry.py:271 Registered new lock.subaru entity: lock.test_vehicle_2_door_lock
DEBUG    homeassistant.core:core.py:712 Bus:Handling <Event entity_registry_updated[L]: action=create, entity_id=lock.test_vehicle_2_door_lock>
DEBUG    homeassistant.core:core.py:712 Bus:Handling <Event state_changed[L]: entity_id=lock.test_vehicle_2_door_lock, old_state=None, new_state=<state lock.test_vehicle_2_door_lock=unknown; friendly_name=test_vehicle_2 Door Lock @ 2020-12-06T18:52:08.690727+00:00>>
INFO     homeassistant.helpers.entity_registry:entity_registry.py:271 Registered new sensor.subaru entity: sensor.test_vehicle_2_odometer
DEBUG    homeassistant.core:core.py:712 Bus:Handling <Event entity_registry_updated[L]: action=create, entity_id=sensor.test_vehicle_2_odometer>
DEBUG    homeassistant.core:core.py:712 Bus:Handling <Event state_changed[L]: entity_id=sensor.test_vehicle_2_odometer, old_state=None, new_state=<state sensor.test_vehicle_2_odometer=1234; unit_of_measurement=km, friendly_name=test_vehicle_2 Odometer, icon=mdi:road-variant @ 2020-12-06T18:52:08.692161+00:00>>
INFO     homeassistant.helpers.entity_registry:entity_registry.py:271 Registered new sensor.subaru entity: sensor.test_vehicle_2_avg_fuel_consumption
DEBUG    homeassistant.core:core.py:712 Bus:Handling <Event entity_registry_updated[L]: action=create, entity_id=sensor.test_vehicle_2_avg_fuel_consumption>
DEBUG    homeassistant.core:core.py:712 Bus:Handling <Event state_changed[L]: entity_id=sensor.test_vehicle_2_avg_fuel_consumption, old_state=None, new_state=<state sensor.test_vehicle_2_avg_fuel_consumption=2.3; unit_of_measurement=L/100km, friendly_name=test_vehicle_2 Avg Fuel Consumption, icon=mdi:leaf @ 2020-12-06T18:52:08.693720+00:00>>
INFO     homeassistant.helpers.entity_registry:entity_registry.py:271 Registered new sensor.subaru entity: sensor.test_vehicle_2_range
DEBUG    homeassistant.core:core.py:712 Bus:Handling <Event entity_registry_updated[L]: action=create, entity_id=sensor.test_vehicle_2_range>
DEBUG    homeassistant.core:core.py:712 Bus:Handling <Event state_changed[L]: entity_id=sensor.test_vehicle_2_range, old_state=None, new_state=<state sensor.test_vehicle_2_range=707; unit_of_measurement=km, friendly_name=test_vehicle_2 Range, icon=mdi:gas-station @ 2020-12-06T18:52:08.694980+00:00>>
INFO     homeassistant.helpers.entity_registry:entity_registry.py:271 Registered new sensor.subaru entity: sensor.test_vehicle_2_external_temp
DEBUG    homeassistant.core:core.py:712 Bus:Handling <Event entity_registry_updated[L]: action=create, entity_id=sensor.test_vehicle_2_external_temp>
DEBUG    homeassistant.core:core.py:712 Bus:Handling <Event state_changed[L]: entity_id=sensor.test_vehicle_2_external_temp, old_state=None, new_state=<state sensor.test_vehicle_2_external_temp=21.5; unit_of_measurement=°C, friendly_name=test_vehicle_2 External Temp, icon=mdi:thermometer @ 2020-12-06T18:52:08.696540+00:00>>
INFO     homeassistant.helpers.entity_registry:entity_registry.py:271 Registered new sensor.subaru entity: sensor.test_vehicle_2_12v_battery_voltage
DEBUG    homeassistant.core:core.py:712 Bus:Handling <Event entity_registry_updated[L]: action=create, entity_id=sensor.test_vehicle_2_12v_battery_voltage>
DEBUG    homeassistant.core:core.py:712 Bus:Handling <Event state_changed[L]: entity_id=sensor.test_vehicle_2_12v_battery_voltage, old_state=None, new_state=<state sensor.test_vehicle_2_12v_battery_voltage=12.0; unit_of_measurement=V, friendly_name=test_vehicle_2 12V Battery Voltage, icon=mdi:car-battery @ 2020-12-06T18:52:08.697790+00:00>>
INFO     homeassistant.helpers.entity_registry:entity_registry.py:271 Registered new sensor.subaru entity: sensor.test_vehicle_2_tire_pressure_fl
DEBUG    homeassistant.core:core.py:712 Bus:Handling <Event entity_registry_updated[L]: action=create, entity_id=sensor.test_vehicle_2_tire_pressure_fl>
DEBUG    homeassistant.core:core.py:712 Bus:Handling <Event state_changed[L]: entity_id=sensor.test_vehicle_2_tire_pressure_fl, old_state=None, new_state=<state sensor.test_vehicle_2_tire_pressure_fl=2550; unit_of_measurement=hPa, friendly_name=test_vehicle_2 Tire Pressure FL, icon=mdi:gauge @ 2020-12-06T18:52:08.699018+00:00>>
INFO     homeassistant.helpers.entity_registry:entity_registry.py:271 Registered new sensor.subaru entity: sensor.test_vehicle_2_tire_pressure_fr
DEBUG    homeassistant.core:core.py:712 Bus:Handling <Event entity_registry_updated[L]: action=create, entity_id=sensor.test_vehicle_2_tire_pressure_fr>
DEBUG    homeassistant.core:core.py:712 Bus:Handling <Event state_changed[L]: entity_id=sensor.test_vehicle_2_tire_pressure_fr, old_state=None, new_state=<state sensor.test_vehicle_2_tire_pressure_fr=2550; unit_of_measurement=hPa, friendly_name=test_vehicle_2 Tire Pressure FR, icon=mdi:gauge @ 2020-12-06T18:52:08.700259+00:00>>
INFO     homeassistant.helpers.entity_registry:entity_registry.py:271 Registered new sensor.subaru entity: sensor.test_vehicle_2_tire_pressure_rl
DEBUG    homeassistant.core:core.py:712 Bus:Handling <Event entity_registry_updated[L]: action=create, entity_id=sensor.test_vehicle_2_tire_pressure_rl>
DEBUG    homeassistant.core:core.py:712 Bus:Handling <Event state_changed[L]: entity_id=sensor.test_vehicle_2_tire_pressure_rl, old_state=None, new_state=<state sensor.test_vehicle_2_tire_pressure_rl=2450; unit_of_measurement=hPa, friendly_name=test_vehicle_2 Tire Pressure RL, icon=mdi:gauge @ 2020-12-06T18:52:08.701498+00:00>>
INFO     homeassistant.helpers.entity_registry:entity_registry.py:271 Registered new sensor.subaru entity: sensor.test_vehicle_2_tire_pressure_rr
DEBUG    homeassistant.core:core.py:712 Bus:Handling <Event entity_registry_updated[L]: action=create, entity_id=sensor.test_vehicle_2_tire_pressure_rr>
DEBUG    homeassistant.core:core.py:712 Bus:Handling <Event state_changed[L]: entity_id=sensor.test_vehicle_2_tire_pressure_rr, old_state=None, new_state=<state sensor.test_vehicle_2_tire_pressure_rr=2350; unit_of_measurement=hPa, friendly_name=test_vehicle_2 Tire Pressure RR, icon=mdi:gauge @ 2020-12-06T18:52:08.702788+00:00>>
INFO     homeassistant.helpers.entity_registry:entity_registry.py:271 Registered new sensor.subaru entity: sensor.test_vehicle_2_ev_range
DEBUG    homeassistant.core:core.py:712 Bus:Handling <Event entity_registry_updated[L]: action=create, entity_id=sensor.test_vehicle_2_ev_range>
DEBUG    homeassistant.core:core.py:712 Bus:Handling <Event state_changed[L]: entity_id=sensor.test_vehicle_2_ev_range, old_state=None, new_state=<state sensor.test_vehicle_2_ev_range=27.4; unit_of_measurement=km, friendly_name=test_vehicle_2 EV Range, icon=mdi:ev-station @ 2020-12-06T18:52:08.704154+00:00>>
INFO     homeassistant.helpers.entity_registry:entity_registry.py:271 Registered new sensor.subaru entity: sensor.test_vehicle_2_ev_battery_level
DEBUG    homeassistant.core:core.py:712 Bus:Handling <Event entity_registry_updated[L]: action=create, entity_id=sensor.test_vehicle_2_ev_battery_level>
DEBUG    homeassistant.core:core.py:712 Bus:Handling <Event state_changed[L]: entity_id=sensor.test_vehicle_2_ev_battery_level, old_state=None, new_state=<state sensor.test_vehicle_2_ev_battery_level=100; unit_of_measurement=%, friendly_name=test_vehicle_2 EV Battery Level, icon=mdi:battery @ 2020-12-06T18:52:08.705481+00:00>>
INFO     homeassistant.helpers.entity_registry:entity_registry.py:271 Registered new sensor.subaru entity: sensor.test_vehicle_2_ev_time_to_full_charge
DEBUG    homeassistant.core:core.py:712 Bus:Handling <Event entity_registry_updated[L]: action=create, entity_id=sensor.test_vehicle_2_ev_time_to_full_charge>
DEBUG    homeassistant.core:core.py:712 Bus:Handling <Event state_changed[L]: entity_id=sensor.test_vehicle_2_ev_time_to_full_charge, old_state=None, new_state=<state sensor.test_vehicle_2_ev_time_to_full_charge=unknown; unit_of_measurement=min, friendly_name=test_vehicle_2 EV Time to Full Charge, icon=mdi:car-electric @ 2020-12-06T18:52:08.706844+00:00>>
INFO     homeassistant.setup:setup.py:232 Setup of domain zone took 0.0 seconds
DEBUG    homeassistant.core:core.py:712 Bus:Handling <Event component_loaded[L]: component=zone>
INFO     homeassistant.helpers.entity_registry:entity_registry.py:271 Registered new binary_sensor.subaru entity: binary_sensor.test_vehicle_2_ignition
DEBUG    homeassistant.core:core.py:712 Bus:Handling <Event entity_registry_updated[L]: action=create, entity_id=binary_sensor.test_vehicle_2_ignition>
DEBUG    homeassistant.core:core.py:712 Bus:Handling <Event state_changed[L]: entity_id=binary_sensor.test_vehicle_2_ignition, old_state=None, new_state=<state binary_sensor.test_vehicle_2_ignition=off; friendly_name=test_vehicle_2 Ignition, icon=mdi:engine-off, device_class=power @ 2020-12-06T18:52:08.709282+00:00>>
INFO     homeassistant.setup:setup.py:183 Setting up device_tracker
DEBUG    homeassistant.core:core.py:712 Bus:Handling <Event service_registered[L]: domain=device_tracker, service=see>
INFO     homeassistant.setup:setup.py:232 Setup of domain device_tracker took 0.0 seconds
DEBUG    homeassistant.core:core.py:712 Bus:Handling <Event component_loaded[L]: component=device_tracker>
INFO     homeassistant.components.device_tracker:entity_platform.py:185 Setting up device_tracker.subaru
INFO     homeassistant.helpers.entity_registry:entity_registry.py:271 Registered new device_tracker.subaru entity: device_tracker.test_vehicle_2_location
DEBUG    homeassistant.core:core.py:712 Bus:Handling <Event entity_registry_updated[L]: action=create, entity_id=device_tracker.test_vehicle_2_location>
DEBUG    homeassistant.core:core.py:712 Bus:Handling <Event state_changed[L]: entity_id=device_tracker.test_vehicle_2_location, old_state=None, new_state=<state device_tracker.test_vehicle_2_location=not_home; source_type=gps, latitude=40.0, longitude=-100.0, gps_accuracy=0, friendly_name=test_vehicle_2 Location @ 2020-12-06T18:52:08.714578+00:00>>
PASSED                                                                   [ 37%]
------------------------------ live log teardown -------------------------------
DEBUG    homeassistant.core:core.py:712 Bus:Handling <Event homeassistant_stop[L]>
DEBUG    homeassistant.core:core.py:712 Bus:Handling <Event homeassistant_final_write[L]>
INFO     pytest_homeassistant_custom_component.common:common.py:931 Writing data to core.device_registry: {'version': 1, 'key': 'core.device_registry', 'data': {'devices': [{'config_entries': [1], 'connections': [], 'identifiers': [('subaru', 'JF2ABCDE6L0000002')], 'manufacturer': 'subaru', 'model': None, 'name': 'test_vehicle_2', 'sw_version': None, 'entry_type': None, 'id': 'c513301e59f6adb5a49e3711f54f8446', 'via_device_id': None, 'area_id': None, 'name_by_user': None}], 'deleted_devices': []}}
INFO     pytest_homeassistant_custom_component.common:common.py:931 Writing data to core.entity_registry: {'version': 1, 'key': 'core.entity_registry', 'data': {'entities': [{'entity_id': 'binary_sensor.test_vehicle_2_trunk', 'config_entry_id': 1, 'device_id': 'c513301e59f6adb5a49e3711f54f8446', 'area_id': None, 'unique_id': 'subaru_jf2abcde6l0000002_trunk', 'platform': 'subaru', 'name': None, 'icon': None, 'disabled_by': None, 'capabilities': None, 'supported_features': 0, 'device_class': 'door', 'unit_of_measurement': None, 'original_name': 'test_vehicle_2 Trunk', 'original_icon': 'mdi:door-closed'}, {'entity_id': 'binary_sensor.test_vehicle_2_hood', 'config_entry_id': 1, 'device_id': 'c513301e59f6adb5a49e3711f54f8446', 'area_id': None, 'unique_id': 'subaru_jf2abcde6l0000002_hood', 'platform': 'subaru', 'name': None, 'icon': None, 'disabled_by': None, 'capabilities': None, 'supported_features': 0, 'device_class': 'door', 'unit_of_measurement': None, 'original_name': 'test_vehicle_2 Hood', 'original_icon': 'mdi:door-closed'}, {'entity_id': 'binary_sensor.test_vehicle_2_front_left_door', 'config_entry_id': 1, 'device_id': 'c513301e59f6adb5a49e3711f54f8446', 'area_id': None, 'unique_id': 'subaru_jf2abcde6l0000002_front_left_door', 'platform': 'subaru', 'name': None, 'icon': None, 'disabled_by': None, 'capabilities': None, 'supported_features': 0, 'device_class': 'door', 'unit_of_measurement': None, 'original_name': 'test_vehicle_2 Front Left Door', 'original_icon': 'mdi:door-closed'}, {'entity_id': 'binary_sensor.test_vehicle_2_front_right_door', 'config_entry_id': 1, 'device_id': 'c513301e59f6adb5a49e3711f54f8446', 'area_id': None, 'unique_id': 'subaru_jf2abcde6l0000002_front_right_door', 'platform': 'subaru', 'name': None, 'icon': None, 'disabled_by': None, 'capabilities': None, 'supported_features': 0, 'device_class': 'door', 'unit_of_measurement': None, 'original_name': 'test_vehicle_2 Front Right Door', 'original_icon': 'mdi:door-closed'}, {'entity_id': 'binary_sensor.test_vehicle_2_rear_left_door', 'config_entry_id': 1, 'device_id': 'c513301e59f6adb5a49e3711f54f8446', 'area_id': None, 'unique_id': 'subaru_jf2abcde6l0000002_rear_left_door', 'platform': 'subaru', 'name': None, 'icon': None, 'disabled_by': None, 'capabilities': None, 'supported_features': 0, 'device_class': 'door', 'unit_of_measurement': None, 'original_name': 'test_vehicle_2 Rear Left Door', 'original_icon': 'mdi:door-closed'}, {'entity_id': 'binary_sensor.test_vehicle_2_rear_right_door', 'config_entry_id': 1, 'device_id': 'c513301e59f6adb5a49e3711f54f8446', 'area_id': None, 'unique_id': 'subaru_jf2abcde6l0000002_rear_right_door', 'platform': 'subaru', 'name': None, 'icon': None, 'disabled_by': None, 'capabilities': None, 'supported_features': 0, 'device_class': 'door', 'unit_of_measurement': None, 'original_name': 'test_vehicle_2 Rear Right Door', 'original_icon': 'mdi:door-closed'}, {'entity_id': 'binary_sensor.test_vehicle_2_ev_charge_port', 'config_entry_id': 1, 'device_id': 'c513301e59f6adb5a49e3711f54f8446', 'area_id': None, 'unique_id': 'subaru_jf2abcde6l0000002_ev_charge_port', 'platform': 'subaru', 'name': None, 'icon': None, 'disabled_by': None, 'capabilities': None, 'supported_features': 0, 'device_class': 'plug', 'unit_of_measurement': None, 'original_name': 'test_vehicle_2 EV Charge Port', 'original_icon': 'mdi:power-plug'}, {'entity_id': 'binary_sensor.test_vehicle_2_ev_battery_charging', 'config_entry_id': 1, 'device_id': 'c513301e59f6adb5a49e3711f54f8446', 'area_id': None, 'unique_id': 'subaru_jf2abcde6l0000002_ev_battery_charging', 'platform': 'subaru', 'name': None, 'icon': None, 'disabled_by': None, 'capabilities': None, 'supported_features': 0, 'device_class': 'battery_charging', 'unit_of_measurement': None, 'original_name': 'test_vehicle_2 EV Battery Charging', 'original_icon': 'mdi:car'}, {'entity_id': 'lock.test_vehicle_2_door_lock', 'config_entry_id': 1, 'device_id': 'c513301e59f6adb5a49e3711f54f8446', 'area_id': None, 'unique_id': 'subaru_jf2abcde6l0000002_door_lock', 'platform': 'subaru', 'name': None, 'icon': None, 'disabled_by': None, 'capabilities': None, 'supported_features': 0, 'device_class': None, 'unit_of_measurement': None, 'original_name': 'test_vehicle_2 Door Lock', 'original_icon': None}, {'entity_id': 'sensor.test_vehicle_2_odometer', 'config_entry_id': 1, 'device_id': 'c513301e59f6adb5a49e3711f54f8446', 'area_id': None, 'unique_id': 'subaru_jf2abcde6l0000002_odometer', 'platform': 'subaru', 'name': None, 'icon': None, 'disabled_by': None, 'capabilities': None, 'supported_features': 0, 'device_class': None, 'unit_of_measurement': 'km', 'original_name': 'test_vehicle_2 Odometer', 'original_icon': 'mdi:road-variant'}, {'entity_id': 'sensor.test_vehicle_2_avg_fuel_consumption', 'config_entry_id': 1, 'device_id': 'c513301e59f6adb5a49e3711f54f8446', 'area_id': None, 'unique_id': 'subaru_jf2abcde6l0000002_avg_fuel_consumption', 'platform': 'subaru', 'name': None, 'icon': None, 'disabled_by': None, 'capabilities': None, 'supported_features': 0, 'device_class': None, 'unit_of_measurement': 'L/100km', 'original_name': 'test_vehicle_2 Avg Fuel Consumption', 'original_icon': 'mdi:leaf'}, {'entity_id': 'sensor.test_vehicle_2_range', 'config_entry_id': 1, 'device_id': 'c513301e59f6adb5a49e3711f54f8446', 'area_id': None, 'unique_id': 'subaru_jf2abcde6l0000002_range', 'platform': 'subaru', 'name': None, 'icon': None, 'disabled_by': None, 'capabilities': None, 'supported_features': 0, 'device_class': None, 'unit_of_measurement': 'km', 'original_name': 'test_vehicle_2 Range', 'original_icon': 'mdi:gas-station'}, {'entity_id': 'sensor.test_vehicle_2_external_temp', 'config_entry_id': 1, 'device_id': 'c513301e59f6adb5a49e3711f54f8446', 'area_id': None, 'unique_id': 'subaru_jf2abcde6l0000002_external_temp', 'platform': 'subaru', 'name': None, 'icon': None, 'disabled_by': None, 'capabilities': None, 'supported_features': 0, 'device_class': None, 'unit_of_measurement': '°C', 'original_name': 'test_vehicle_2 External Temp', 'original_icon': 'mdi:thermometer'}, {'entity_id': 'sensor.test_vehicle_2_12v_battery_voltage', 'config_entry_id': 1, 'device_id': 'c513301e59f6adb5a49e3711f54f8446', 'area_id': None, 'unique_id': 'subaru_jf2abcde6l0000002_12v_battery_voltage', 'platform': 'subaru', 'name': None, 'icon': None, 'disabled_by': None, 'capabilities': None, 'supported_features': 0, 'device_class': None, 'unit_of_measurement': 'V', 'original_name': 'test_vehicle_2 12V Battery Voltage', 'original_icon': 'mdi:car-battery'}, {'entity_id': 'sensor.test_vehicle_2_tire_pressure_fl', 'config_entry_id': 1, 'device_id': 'c513301e59f6adb5a49e3711f54f8446', 'area_id': None, 'unique_id': 'subaru_jf2abcde6l0000002_tire_pressure_fl', 'platform': 'subaru', 'name': None, 'icon': None, 'disabled_by': None, 'capabilities': None, 'supported_features': 0, 'device_class': None, 'unit_of_measurement': 'hPa', 'original_name': 'test_vehicle_2 Tire Pressure FL', 'original_icon': 'mdi:gauge'}, {'entity_id': 'sensor.test_vehicle_2_tire_pressure_fr', 'config_entry_id': 1, 'device_id': 'c513301e59f6adb5a49e3711f54f8446', 'area_id': None, 'unique_id': 'subaru_jf2abcde6l0000002_tire_pressure_fr', 'platform': 'subaru', 'name': None, 'icon': None, 'disabled_by': None, 'capabilities': None, 'supported_features': 0, 'device_class': None, 'unit_of_measurement': 'hPa', 'original_name': 'test_vehicle_2 Tire Pressure FR', 'original_icon': 'mdi:gauge'}, {'entity_id': 'sensor.test_vehicle_2_tire_pressure_rl', 'config_entry_id': 1, 'device_id': 'c513301e59f6adb5a49e3711f54f8446', 'area_id': None, 'unique_id': 'subaru_jf2abcde6l0000002_tire_pressure_rl', 'platform': 'subaru', 'name': None, 'icon': None, 'disabled_by': None, 'capabilities': None, 'supported_features': 0, 'device_class': None, 'unit_of_measurement': 'hPa', 'original_name': 'test_vehicle_2 Tire Pressure RL', 'original_icon': 'mdi:gauge'}, {'entity_id': 'sensor.test_vehicle_2_tire_pressure_rr', 'config_entry_id': 1, 'device_id': 'c513301e59f6adb5a49e3711f54f8446', 'area_id': None, 'unique_id': 'subaru_jf2abcde6l0000002_tire_pressure_rr', 'platform': 'subaru', 'name': None, 'icon': None, 'disabled_by': None, 'capabilities': None, 'supported_features': 0, 'device_class': None, 'unit_of_measurement': 'hPa', 'original_name': 'test_vehicle_2 Tire Pressure RR', 'original_icon': 'mdi:gauge'}, {'entity_id': 'sensor.test_vehicle_2_ev_range', 'config_entry_id': 1, 'device_id': 'c513301e59f6adb5a49e3711f54f8446', 'area_id': None, 'unique_id': 'subaru_jf2abcde6l0000002_ev_range', 'platform': 'subaru', 'name': None, 'icon': None, 'disabled_by': None, 'capabilities': None, 'supported_features': 0, 'device_class': None, 'unit_of_measurement': 'km', 'original_name': 'test_vehicle_2 EV Range', 'original_icon': 'mdi:ev-station'}, {'entity_id': 'sensor.test_vehicle_2_ev_battery_level', 'config_entry_id': 1, 'device_id': 'c513301e59f6adb5a49e3711f54f8446', 'area_id': None, 'unique_id': 'subaru_jf2abcde6l0000002_ev_battery_level', 'platform': 'subaru', 'name': None, 'icon': None, 'disabled_by': None, 'capabilities': None, 'supported_features': 0, 'device_class': None, 'unit_of_measurement': '%', 'original_name': 'test_vehicle_2 EV Battery Level', 'original_icon': 'mdi:battery-unknown'}, {'entity_id': 'sensor.test_vehicle_2_ev_time_to_full_charge', 'config_entry_id': 1, 'device_id': 'c513301e59f6adb5a49e3711f54f8446', 'area_id': None, 'unique_id': 'subaru_jf2abcde6l0000002_ev_time_to_full_charge', 'platform': 'subaru', 'name': None, 'icon': None, 'disabled_by': None, 'capabilities': None, 'supported_features': 0, 'device_class': None, 'unit_of_measurement': 'min', 'original_name': 'test_vehicle_2 EV Time to Full Charge', 'original_icon': 'mdi:car-electric'}, {'entity_id': 'binary_sensor.test_vehicle_2_ignition', 'config_entry_id': 1, 'device_id': 'c513301e59f6adb5a49e3711f54f8446', 'area_id': None, 'unique_id': 'subaru_jf2abcde6l0000002_ignition', 'platform': 'subaru', 'name': None, 'icon': None, 'disabled_by': None, 'capabilities': None, 'supported_features': 0, 'device_class': 'power', 'unit_of_measurement': None, 'original_name': 'test_vehicle_2 Ignition', 'original_icon': 'mdi:engine-off'}, {'entity_id': 'device_tracker.test_vehicle_2_location', 'config_entry_id': 1, 'device_id': 'c513301e59f6adb5a49e3711f54f8446', 'area_id': None, 'unique_id': 'subaru_jf2abcde6l0000002_location', 'platform': 'subaru', 'name': None, 'icon': None, 'disabled_by': None, 'capabilities': None, 'supported_features': 0, 'device_class': None, 'unit_of_measurement': None, 'original_name': 'test_vehicle_2 Location', 'original_icon': None}]}}
DEBUG    homeassistant.core:core.py:712 Bus:Handling <Event homeassistant_close[L]>

tests/test_init.py::test_setup_g2[pyloop] 
-------------------------------- live log setup --------------------------------
DEBUG    asyncio:selector_events.py:59 Using selector: KqueueSelector
-------------------------------- live log call ---------------------------------
INFO     homeassistant.loader:loader.py:292 Loaded subaru from custom_components.subaru
WARNING  homeassistant.loader:loader.py:465 You are using a custom integration for subaru which has not been tested by Home Assistant. This component might cause stability problems, be sure to disable it if you experience issues with Home Assistant.
INFO     homeassistant.setup:setup.py:183 Setting up subaru
INFO     homeassistant.setup:setup.py:232 Setup of domain subaru took 0.0 seconds
DEBUG    homeassistant.core:core.py:712 Bus:Handling <Event component_loaded[L]: component=subaru>
DEBUG    custom_components.subaru:update_coordinator.py:184 Finished fetching subaru_data data in 0.002 seconds
DEBUG    homeassistant.core:core.py:712 Bus:Handling <Event service_registered[L]: domain=subaru, service=fetch>
DEBUG    homeassistant.core:core.py:712 Bus:Handling <Event service_registered[L]: domain=subaru, service=horn>
DEBUG    homeassistant.core:core.py:712 Bus:Handling <Event service_registered[L]: domain=subaru, service=lights>
DEBUG    homeassistant.core:core.py:712 Bus:Handling <Event service_registered[L]: domain=subaru, service=lock>
DEBUG    homeassistant.core:core.py:712 Bus:Handling <Event service_registered[L]: domain=subaru, service=unlock>
DEBUG    homeassistant.core:core.py:712 Bus:Handling <Event service_registered[L]: domain=subaru, service=update>
DEBUG    homeassistant.core:core.py:712 Bus:Handling <Event service_registered[L]: domain=subaru, service=remote_start>
DEBUG    homeassistant.core:core.py:712 Bus:Handling <Event service_registered[L]: domain=subaru, service=remote_stop>
INFO     homeassistant.loader:loader.py:292 Loaded binary_sensor from homeassistant.components.binary_sensor
INFO     homeassistant.loader:loader.py:292 Loaded device_tracker from homeassistant.components.device_tracker
INFO     homeassistant.setup:setup.py:183 Setting up binary_sensor
INFO     homeassistant.loader:loader.py:292 Loaded sensor from homeassistant.components.sensor
INFO     homeassistant.loader:loader.py:292 Loaded lock from homeassistant.components.lock
INFO     homeassistant.setup:setup.py:232 Setup of domain binary_sensor took 0.0 seconds
DEBUG    homeassistant.core:core.py:712 Bus:Handling <Event component_loaded[L]: component=binary_sensor>
INFO     homeassistant.setup:setup.py:183 Setting up sensor
INFO     homeassistant.setup:setup.py:232 Setup of domain sensor took 0.0 seconds
INFO     homeassistant.loader:loader.py:292 Loaded zone from homeassistant.components.zone
INFO     homeassistant.setup:setup.py:183 Setting up lock
DEBUG    homeassistant.core:core.py:712 Bus:Handling <Event service_registered[L]: domain=lock, service=unlock>
DEBUG    homeassistant.core:core.py:712 Bus:Handling <Event service_registered[L]: domain=lock, service=lock>
DEBUG    homeassistant.core:core.py:712 Bus:Handling <Event service_registered[L]: domain=lock, service=open>
INFO     homeassistant.setup:setup.py:232 Setup of domain lock took 0.0 seconds
INFO     homeassistant.components.binary_sensor:entity_platform.py:185 Setting up binary_sensor.subaru
DEBUG    homeassistant.core:core.py:712 Bus:Handling <Event component_loaded[L]: component=sensor>
DEBUG    homeassistant.core:core.py:712 Bus:Handling <Event component_loaded[L]: component=lock>
INFO     homeassistant.components.sensor:entity_platform.py:185 Setting up sensor.subaru
DEBUG    homeassistant.setup:setup.py:96 Dependency device_tracker will wait for dependencies ['zone']
INFO     homeassistant.components.lock:entity_platform.py:185 Setting up lock.subaru
INFO     homeassistant.setup:setup.py:183 Setting up zone
DEBUG    homeassistant.core:core.py:712 Bus:Handling <Event service_registered[L]: domain=zone, service=reload>
DEBUG    homeassistant.core:core.py:712 Bus:Handling <Event state_changed[L]: entity_id=zone.home, old_state=None, new_state=<state zone.home=zoning; latitude=32.87336, longitude=-117.22743, radius=100, passive=False, editable=True, friendly_name=test home, icon=mdi:home @ 2020-12-06T18:52:08.798676+00:00>>
DEBUG    custom_components.subaru:update_coordinator.py:184 Finished fetching subaru_data data in 0.000 seconds
DEBUG    homeassistant.core:core.py:712 Bus:Handling <Event device_registry_updated[L]: action=create, device_id=9429266c8c5a0dcfb134a710e92043a8>
INFO     homeassistant.helpers.entity_registry:entity_registry.py:271 Registered new binary_sensor.subaru entity: binary_sensor.test_vehicle_3_trunk
DEBUG    homeassistant.core:core.py:712 Bus:Handling <Event entity_registry_updated[L]: action=create, entity_id=binary_sensor.test_vehicle_3_trunk>
DEBUG    homeassistant.core:core.py:712 Bus:Handling <Event state_changed[L]: entity_id=binary_sensor.test_vehicle_3_trunk, old_state=None, new_state=<state binary_sensor.test_vehicle_3_trunk=off; friendly_name=test_vehicle_3 Trunk, icon=mdi:door-closed, device_class=door @ 2020-12-06T18:52:08.800933+00:00>>
INFO     homeassistant.helpers.entity_registry:entity_registry.py:271 Registered new binary_sensor.subaru entity: binary_sensor.test_vehicle_3_hood
DEBUG    homeassistant.core:core.py:712 Bus:Handling <Event entity_registry_updated[L]: action=create, entity_id=binary_sensor.test_vehicle_3_hood>
DEBUG    homeassistant.core:core.py:712 Bus:Handling <Event state_changed[L]: entity_id=binary_sensor.test_vehicle_3_hood, old_state=None, new_state=<state binary_sensor.test_vehicle_3_hood=off; friendly_name=test_vehicle_3 Hood, icon=mdi:door-closed, device_class=door @ 2020-12-06T18:52:08.802085+00:00>>
INFO     homeassistant.helpers.entity_registry:entity_registry.py:271 Registered new binary_sensor.subaru entity: binary_sensor.test_vehicle_3_front_left_door
DEBUG    homeassistant.core:core.py:712 Bus:Handling <Event entity_registry_updated[L]: action=create, entity_id=binary_sensor.test_vehicle_3_front_left_door>
DEBUG    homeassistant.core:core.py:712 Bus:Handling <Event state_changed[L]: entity_id=binary_sensor.test_vehicle_3_front_left_door, old_state=None, new_state=<state binary_sensor.test_vehicle_3_front_left_door=off; friendly_name=test_vehicle_3 Front Left Door, icon=mdi:door-closed, device_class=door @ 2020-12-06T18:52:08.803182+00:00>>
INFO     homeassistant.helpers.entity_registry:entity_registry.py:271 Registered new binary_sensor.subaru entity: binary_sensor.test_vehicle_3_front_right_door
DEBUG    homeassistant.core:core.py:712 Bus:Handling <Event entity_registry_updated[L]: action=create, entity_id=binary_sensor.test_vehicle_3_front_right_door>
DEBUG    homeassistant.core:core.py:712 Bus:Handling <Event state_changed[L]: entity_id=binary_sensor.test_vehicle_3_front_right_door, old_state=None, new_state=<state binary_sensor.test_vehicle_3_front_right_door=off; friendly_name=test_vehicle_3 Front Right Door, icon=mdi:door-closed, device_class=door @ 2020-12-06T18:52:08.804283+00:00>>
INFO     homeassistant.helpers.entity_registry:entity_registry.py:271 Registered new binary_sensor.subaru entity: binary_sensor.test_vehicle_3_rear_left_door
DEBUG    homeassistant.core:core.py:712 Bus:Handling <Event entity_registry_updated[L]: action=create, entity_id=binary_sensor.test_vehicle_3_rear_left_door>
DEBUG    homeassistant.core:core.py:712 Bus:Handling <Event state_changed[L]: entity_id=binary_sensor.test_vehicle_3_rear_left_door, old_state=None, new_state=<state binary_sensor.test_vehicle_3_rear_left_door=off; friendly_name=test_vehicle_3 Rear Left Door, icon=mdi:door-closed, device_class=door @ 2020-12-06T18:52:08.805367+00:00>>
INFO     homeassistant.helpers.entity_registry:entity_registry.py:271 Registered new binary_sensor.subaru entity: binary_sensor.test_vehicle_3_rear_right_door
DEBUG    homeassistant.core:core.py:712 Bus:Handling <Event entity_registry_updated[L]: action=create, entity_id=binary_sensor.test_vehicle_3_rear_right_door>
DEBUG    homeassistant.core:core.py:712 Bus:Handling <Event state_changed[L]: entity_id=binary_sensor.test_vehicle_3_rear_right_door, old_state=None, new_state=<state binary_sensor.test_vehicle_3_rear_right_door=off; friendly_name=test_vehicle_3 Rear Right Door, icon=mdi:door-closed, device_class=door @ 2020-12-06T18:52:08.806455+00:00>>
INFO     homeassistant.helpers.entity_registry:entity_registry.py:271 Registered new sensor.subaru entity: sensor.test_vehicle_3_odometer
DEBUG    homeassistant.core:core.py:712 Bus:Handling <Event entity_registry_updated[L]: action=create, entity_id=sensor.test_vehicle_3_odometer>
DEBUG    homeassistant.core:core.py:712 Bus:Handling <Event state_changed[L]: entity_id=sensor.test_vehicle_3_odometer, old_state=None, new_state=<state sensor.test_vehicle_3_odometer=1234; unit_of_measurement=km, friendly_name=test_vehicle_3 Odometer, icon=mdi:road-variant @ 2020-12-06T18:52:08.807576+00:00>>
INFO     homeassistant.helpers.entity_registry:entity_registry.py:271 Registered new sensor.subaru entity: sensor.test_vehicle_3_avg_fuel_consumption
DEBUG    homeassistant.core:core.py:712 Bus:Handling <Event entity_registry_updated[L]: action=create, entity_id=sensor.test_vehicle_3_avg_fuel_consumption>
DEBUG    homeassistant.core:core.py:712 Bus:Handling <Event state_changed[L]: entity_id=sensor.test_vehicle_3_avg_fuel_consumption, old_state=None, new_state=<state sensor.test_vehicle_3_avg_fuel_consumption=2.3; unit_of_measurement=L/100km, friendly_name=test_vehicle_3 Avg Fuel Consumption, icon=mdi:leaf @ 2020-12-06T18:52:08.808679+00:00>>
INFO     homeassistant.helpers.entity_registry:entity_registry.py:271 Registered new sensor.subaru entity: sensor.test_vehicle_3_range
DEBUG    homeassistant.core:core.py:712 Bus:Handling <Event entity_registry_updated[L]: action=create, entity_id=sensor.test_vehicle_3_range>
DEBUG    homeassistant.core:core.py:712 Bus:Handling <Event state_changed[L]: entity_id=sensor.test_vehicle_3_range, old_state=None, new_state=<state sensor.test_vehicle_3_range=707; unit_of_measurement=km, friendly_name=test_vehicle_3 Range, icon=mdi:gas-station @ 2020-12-06T18:52:08.809827+00:00>>
INFO     homeassistant.helpers.entity_registry:entity_registry.py:271 Registered new sensor.subaru entity: sensor.test_vehicle_3_external_temp
DEBUG    homeassistant.core:core.py:712 Bus:Handling <Event entity_registry_updated[L]: action=create, entity_id=sensor.test_vehicle_3_external_temp>
DEBUG    homeassistant.core:core.py:712 Bus:Handling <Event state_changed[L]: entity_id=sensor.test_vehicle_3_external_temp, old_state=None, new_state=<state sensor.test_vehicle_3_external_temp=21.5; unit_of_measurement=°C, friendly_name=test_vehicle_3 External Temp, icon=mdi:thermometer @ 2020-12-06T18:52:08.810939+00:00>>
INFO     homeassistant.helpers.entity_registry:entity_registry.py:271 Registered new sensor.subaru entity: sensor.test_vehicle_3_12v_battery_voltage
DEBUG    homeassistant.core:core.py:712 Bus:Handling <Event entity_registry_updated[L]: action=create, entity_id=sensor.test_vehicle_3_12v_battery_voltage>
DEBUG    homeassistant.core:core.py:712 Bus:Handling <Event state_changed[L]: entity_id=sensor.test_vehicle_3_12v_battery_voltage, old_state=None, new_state=<state sensor.test_vehicle_3_12v_battery_voltage=12.0; unit_of_measurement=V, friendly_name=test_vehicle_3 12V Battery Voltage, icon=mdi:car-battery @ 2020-12-06T18:52:08.812014+00:00>>
INFO     homeassistant.helpers.entity_registry:entity_registry.py:271 Registered new sensor.subaru entity: sensor.test_vehicle_3_tire_pressure_fl
DEBUG    homeassistant.core:core.py:712 Bus:Handling <Event entity_registry_updated[L]: action=create, entity_id=sensor.test_vehicle_3_tire_pressure_fl>
DEBUG    homeassistant.core:core.py:712 Bus:Handling <Event state_changed[L]: entity_id=sensor.test_vehicle_3_tire_pressure_fl, old_state=None, new_state=<state sensor.test_vehicle_3_tire_pressure_fl=2550; unit_of_measurement=hPa, friendly_name=test_vehicle_3 Tire Pressure FL, icon=mdi:gauge @ 2020-12-06T18:52:08.813062+00:00>>
INFO     homeassistant.helpers.entity_registry:entity_registry.py:271 Registered new sensor.subaru entity: sensor.test_vehicle_3_tire_pressure_fr
DEBUG    homeassistant.core:core.py:712 Bus:Handling <Event entity_registry_updated[L]: action=create, entity_id=sensor.test_vehicle_3_tire_pressure_fr>
DEBUG    homeassistant.core:core.py:712 Bus:Handling <Event state_changed[L]: entity_id=sensor.test_vehicle_3_tire_pressure_fr, old_state=None, new_state=<state sensor.test_vehicle_3_tire_pressure_fr=2550; unit_of_measurement=hPa, friendly_name=test_vehicle_3 Tire Pressure FR, icon=mdi:gauge @ 2020-12-06T18:52:08.814113+00:00>>
INFO     homeassistant.helpers.entity_registry:entity_registry.py:271 Registered new sensor.subaru entity: sensor.test_vehicle_3_tire_pressure_rl
DEBUG    homeassistant.core:core.py:712 Bus:Handling <Event entity_registry_updated[L]: action=create, entity_id=sensor.test_vehicle_3_tire_pressure_rl>
DEBUG    homeassistant.core:core.py:712 Bus:Handling <Event state_changed[L]: entity_id=sensor.test_vehicle_3_tire_pressure_rl, old_state=None, new_state=<state sensor.test_vehicle_3_tire_pressure_rl=2450; unit_of_measurement=hPa, friendly_name=test_vehicle_3 Tire Pressure RL, icon=mdi:gauge @ 2020-12-06T18:52:08.815203+00:00>>
INFO     homeassistant.helpers.entity_registry:entity_registry.py:271 Registered new sensor.subaru entity: sensor.test_vehicle_3_tire_pressure_rr
DEBUG    homeassistant.core:core.py:712 Bus:Handling <Event entity_registry_updated[L]: action=create, entity_id=sensor.test_vehicle_3_tire_pressure_rr>
DEBUG    homeassistant.core:core.py:712 Bus:Handling <Event state_changed[L]: entity_id=sensor.test_vehicle_3_tire_pressure_rr, old_state=None, new_state=<state sensor.test_vehicle_3_tire_pressure_rr=2350; unit_of_measurement=hPa, friendly_name=test_vehicle_3 Tire Pressure RR, icon=mdi:gauge @ 2020-12-06T18:52:08.816253+00:00>>
INFO     homeassistant.helpers.entity_registry:entity_registry.py:271 Registered new lock.subaru entity: lock.test_vehicle_3_door_lock
DEBUG    homeassistant.core:core.py:712 Bus:Handling <Event entity_registry_updated[L]: action=create, entity_id=lock.test_vehicle_3_door_lock>
DEBUG    homeassistant.core:core.py:712 Bus:Handling <Event state_changed[L]: entity_id=lock.test_vehicle_3_door_lock, old_state=None, new_state=<state lock.test_vehicle_3_door_lock=unknown; friendly_name=test_vehicle_3 Door Lock @ 2020-12-06T18:52:08.817272+00:00>>
INFO     homeassistant.setup:setup.py:232 Setup of domain zone took 0.0 seconds
DEBUG    homeassistant.core:core.py:712 Bus:Handling <Event component_loaded[L]: component=zone>
INFO     homeassistant.helpers.entity_registry:entity_registry.py:271 Registered new binary_sensor.subaru entity: binary_sensor.test_vehicle_3_ignition
DEBUG    homeassistant.core:core.py:712 Bus:Handling <Event entity_registry_updated[L]: action=create, entity_id=binary_sensor.test_vehicle_3_ignition>
DEBUG    homeassistant.core:core.py:712 Bus:Handling <Event state_changed[L]: entity_id=binary_sensor.test_vehicle_3_ignition, old_state=None, new_state=<state binary_sensor.test_vehicle_3_ignition=off; friendly_name=test_vehicle_3 Ignition, icon=mdi:engine-off, device_class=power @ 2020-12-06T18:52:08.819256+00:00>>
INFO     homeassistant.setup:setup.py:183 Setting up device_tracker
DEBUG    homeassistant.core:core.py:712 Bus:Handling <Event service_registered[L]: domain=device_tracker, service=see>
INFO     homeassistant.setup:setup.py:232 Setup of domain device_tracker took 0.0 seconds
DEBUG    homeassistant.core:core.py:712 Bus:Handling <Event component_loaded[L]: component=device_tracker>
INFO     homeassistant.components.device_tracker:entity_platform.py:185 Setting up device_tracker.subaru
INFO     homeassistant.helpers.entity_registry:entity_registry.py:271 Registered new device_tracker.subaru entity: device_tracker.test_vehicle_3_location
DEBUG    homeassistant.core:core.py:712 Bus:Handling <Event entity_registry_updated[L]: action=create, entity_id=device_tracker.test_vehicle_3_location>
DEBUG    homeassistant.core:core.py:712 Bus:Handling <Event state_changed[L]: entity_id=device_tracker.test_vehicle_3_location, old_state=None, new_state=<state device_tracker.test_vehicle_3_location=not_home; source_type=gps, latitude=40.0, longitude=-100.0, gps_accuracy=0, friendly_name=test_vehicle_3 Location @ 2020-12-06T18:52:08.823243+00:00>>
PASSED                                                                   [ 41%]
------------------------------ live log teardown -------------------------------
DEBUG    homeassistant.core:core.py:712 Bus:Handling <Event homeassistant_stop[L]>
DEBUG    homeassistant.core:core.py:712 Bus:Handling <Event homeassistant_final_write[L]>
INFO     pytest_homeassistant_custom_component.common:common.py:931 Writing data to core.device_registry: {'version': 1, 'key': 'core.device_registry', 'data': {'devices': [{'config_entries': [1], 'connections': [], 'identifiers': [('subaru', 'JF2ABCDE6L0000003')], 'manufacturer': 'subaru', 'model': None, 'name': 'test_vehicle_3', 'sw_version': None, 'entry_type': None, 'id': '9429266c8c5a0dcfb134a710e92043a8', 'via_device_id': None, 'area_id': None, 'name_by_user': None}], 'deleted_devices': []}}
INFO     pytest_homeassistant_custom_component.common:common.py:931 Writing data to core.entity_registry: {'version': 1, 'key': 'core.entity_registry', 'data': {'entities': [{'entity_id': 'binary_sensor.test_vehicle_3_trunk', 'config_entry_id': 1, 'device_id': '9429266c8c5a0dcfb134a710e92043a8', 'area_id': None, 'unique_id': 'subaru_jf2abcde6l0000003_trunk', 'platform': 'subaru', 'name': None, 'icon': None, 'disabled_by': None, 'capabilities': None, 'supported_features': 0, 'device_class': 'door', 'unit_of_measurement': None, 'original_name': 'test_vehicle_3 Trunk', 'original_icon': 'mdi:door-closed'}, {'entity_id': 'binary_sensor.test_vehicle_3_hood', 'config_entry_id': 1, 'device_id': '9429266c8c5a0dcfb134a710e92043a8', 'area_id': None, 'unique_id': 'subaru_jf2abcde6l0000003_hood', 'platform': 'subaru', 'name': None, 'icon': None, 'disabled_by': None, 'capabilities': None, 'supported_features': 0, 'device_class': 'door', 'unit_of_measurement': None, 'original_name': 'test_vehicle_3 Hood', 'original_icon': 'mdi:door-closed'}, {'entity_id': 'binary_sensor.test_vehicle_3_front_left_door', 'config_entry_id': 1, 'device_id': '9429266c8c5a0dcfb134a710e92043a8', 'area_id': None, 'unique_id': 'subaru_jf2abcde6l0000003_front_left_door', 'platform': 'subaru', 'name': None, 'icon': None, 'disabled_by': None, 'capabilities': None, 'supported_features': 0, 'device_class': 'door', 'unit_of_measurement': None, 'original_name': 'test_vehicle_3 Front Left Door', 'original_icon': 'mdi:door-closed'}, {'entity_id': 'binary_sensor.test_vehicle_3_front_right_door', 'config_entry_id': 1, 'device_id': '9429266c8c5a0dcfb134a710e92043a8', 'area_id': None, 'unique_id': 'subaru_jf2abcde6l0000003_front_right_door', 'platform': 'subaru', 'name': None, 'icon': None, 'disabled_by': None, 'capabilities': None, 'supported_features': 0, 'device_class': 'door', 'unit_of_measurement': None, 'original_name': 'test_vehicle_3 Front Right Door', 'original_icon': 'mdi:door-closed'}, {'entity_id': 'binary_sensor.test_vehicle_3_rear_left_door', 'config_entry_id': 1, 'device_id': '9429266c8c5a0dcfb134a710e92043a8', 'area_id': None, 'unique_id': 'subaru_jf2abcde6l0000003_rear_left_door', 'platform': 'subaru', 'name': None, 'icon': None, 'disabled_by': None, 'capabilities': None, 'supported_features': 0, 'device_class': 'door', 'unit_of_measurement': None, 'original_name': 'test_vehicle_3 Rear Left Door', 'original_icon': 'mdi:door-closed'}, {'entity_id': 'binary_sensor.test_vehicle_3_rear_right_door', 'config_entry_id': 1, 'device_id': '9429266c8c5a0dcfb134a710e92043a8', 'area_id': None, 'unique_id': 'subaru_jf2abcde6l0000003_rear_right_door', 'platform': 'subaru', 'name': None, 'icon': None, 'disabled_by': None, 'capabilities': None, 'supported_features': 0, 'device_class': 'door', 'unit_of_measurement': None, 'original_name': 'test_vehicle_3 Rear Right Door', 'original_icon': 'mdi:door-closed'}, {'entity_id': 'sensor.test_vehicle_3_odometer', 'config_entry_id': 1, 'device_id': '9429266c8c5a0dcfb134a710e92043a8', 'area_id': None, 'unique_id': 'subaru_jf2abcde6l0000003_odometer', 'platform': 'subaru', 'name': None, 'icon': None, 'disabled_by': None, 'capabilities': None, 'supported_features': 0, 'device_class': None, 'unit_of_measurement': 'km', 'original_name': 'test_vehicle_3 Odometer', 'original_icon': 'mdi:road-variant'}, {'entity_id': 'sensor.test_vehicle_3_avg_fuel_consumption', 'config_entry_id': 1, 'device_id': '9429266c8c5a0dcfb134a710e92043a8', 'area_id': None, 'unique_id': 'subaru_jf2abcde6l0000003_avg_fuel_consumption', 'platform': 'subaru', 'name': None, 'icon': None, 'disabled_by': None, 'capabilities': None, 'supported_features': 0, 'device_class': None, 'unit_of_measurement': 'L/100km', 'original_name': 'test_vehicle_3 Avg Fuel Consumption', 'original_icon': 'mdi:leaf'}, {'entity_id': 'sensor.test_vehicle_3_range', 'config_entry_id': 1, 'device_id': '9429266c8c5a0dcfb134a710e92043a8', 'area_id': None, 'unique_id': 'subaru_jf2abcde6l0000003_range', 'platform': 'subaru', 'name': None, 'icon': None, 'disabled_by': None, 'capabilities': None, 'supported_features': 0, 'device_class': None, 'unit_of_measurement': 'km', 'original_name': 'test_vehicle_3 Range', 'original_icon': 'mdi:gas-station'}, {'entity_id': 'sensor.test_vehicle_3_external_temp', 'config_entry_id': 1, 'device_id': '9429266c8c5a0dcfb134a710e92043a8', 'area_id': None, 'unique_id': 'subaru_jf2abcde6l0000003_external_temp', 'platform': 'subaru', 'name': None, 'icon': None, 'disabled_by': None, 'capabilities': None, 'supported_features': 0, 'device_class': None, 'unit_of_measurement': '°C', 'original_name': 'test_vehicle_3 External Temp', 'original_icon': 'mdi:thermometer'}, {'entity_id': 'sensor.test_vehicle_3_12v_battery_voltage', 'config_entry_id': 1, 'device_id': '9429266c8c5a0dcfb134a710e92043a8', 'area_id': None, 'unique_id': 'subaru_jf2abcde6l0000003_12v_battery_voltage', 'platform': 'subaru', 'name': None, 'icon': None, 'disabled_by': None, 'capabilities': None, 'supported_features': 0, 'device_class': None, 'unit_of_measurement': 'V', 'original_name': 'test_vehicle_3 12V Battery Voltage', 'original_icon': 'mdi:car-battery'}, {'entity_id': 'sensor.test_vehicle_3_tire_pressure_fl', 'config_entry_id': 1, 'device_id': '9429266c8c5a0dcfb134a710e92043a8', 'area_id': None, 'unique_id': 'subaru_jf2abcde6l0000003_tire_pressure_fl', 'platform': 'subaru', 'name': None, 'icon': None, 'disabled_by': None, 'capabilities': None, 'supported_features': 0, 'device_class': None, 'unit_of_measurement': 'hPa', 'original_name': 'test_vehicle_3 Tire Pressure FL', 'original_icon': 'mdi:gauge'}, {'entity_id': 'sensor.test_vehicle_3_tire_pressure_fr', 'config_entry_id': 1, 'device_id': '9429266c8c5a0dcfb134a710e92043a8', 'area_id': None, 'unique_id': 'subaru_jf2abcde6l0000003_tire_pressure_fr', 'platform': 'subaru', 'name': None, 'icon': None, 'disabled_by': None, 'capabilities': None, 'supported_features': 0, 'device_class': None, 'unit_of_measurement': 'hPa', 'original_name': 'test_vehicle_3 Tire Pressure FR', 'original_icon': 'mdi:gauge'}, {'entity_id': 'sensor.test_vehicle_3_tire_pressure_rl', 'config_entry_id': 1, 'device_id': '9429266c8c5a0dcfb134a710e92043a8', 'area_id': None, 'unique_id': 'subaru_jf2abcde6l0000003_tire_pressure_rl', 'platform': 'subaru', 'name': None, 'icon': None, 'disabled_by': None, 'capabilities': None, 'supported_features': 0, 'device_class': None, 'unit_of_measurement': 'hPa', 'original_name': 'test_vehicle_3 Tire Pressure RL', 'original_icon': 'mdi:gauge'}, {'entity_id': 'sensor.test_vehicle_3_tire_pressure_rr', 'config_entry_id': 1, 'device_id': '9429266c8c5a0dcfb134a710e92043a8', 'area_id': None, 'unique_id': 'subaru_jf2abcde6l0000003_tire_pressure_rr', 'platform': 'subaru', 'name': None, 'icon': None, 'disabled_by': None, 'capabilities': None, 'supported_features': 0, 'device_class': None, 'unit_of_measurement': 'hPa', 'original_name': 'test_vehicle_3 Tire Pressure RR', 'original_icon': 'mdi:gauge'}, {'entity_id': 'lock.test_vehicle_3_door_lock', 'config_entry_id': 1, 'device_id': '9429266c8c5a0dcfb134a710e92043a8', 'area_id': None, 'unique_id': 'subaru_jf2abcde6l0000003_door_lock', 'platform': 'subaru', 'name': None, 'icon': None, 'disabled_by': None, 'capabilities': None, 'supported_features': 0, 'device_class': None, 'unit_of_measurement': None, 'original_name': 'test_vehicle_3 Door Lock', 'original_icon': None}, {'entity_id': 'binary_sensor.test_vehicle_3_ignition', 'config_entry_id': 1, 'device_id': '9429266c8c5a0dcfb134a710e92043a8', 'area_id': None, 'unique_id': 'subaru_jf2abcde6l0000003_ignition', 'platform': 'subaru', 'name': None, 'icon': None, 'disabled_by': None, 'capabilities': None, 'supported_features': 0, 'device_class': 'power', 'unit_of_measurement': None, 'original_name': 'test_vehicle_3 Ignition', 'original_icon': 'mdi:engine-off'}, {'entity_id': 'device_tracker.test_vehicle_3_location', 'config_entry_id': 1, 'device_id': '9429266c8c5a0dcfb134a710e92043a8', 'area_id': None, 'unique_id': 'subaru_jf2abcde6l0000003_location', 'platform': 'subaru', 'name': None, 'icon': None, 'disabled_by': None, 'capabilities': None, 'supported_features': 0, 'device_class': None, 'unit_of_measurement': None, 'original_name': 'test_vehicle_3 Location', 'original_icon': None}]}}
DEBUG    homeassistant.core:core.py:712 Bus:Handling <Event homeassistant_close[L]>

tests/test_init.py::test_setup_g1[pyloop] 
-------------------------------- live log setup --------------------------------
DEBUG    asyncio:selector_events.py:59 Using selector: KqueueSelector
-------------------------------- live log call ---------------------------------
INFO     homeassistant.loader:loader.py:292 Loaded subaru from custom_components.subaru
WARNING  homeassistant.loader:loader.py:465 You are using a custom integration for subaru which has not been tested by Home Assistant. This component might cause stability problems, be sure to disable it if you experience issues with Home Assistant.
INFO     homeassistant.setup:setup.py:183 Setting up subaru
INFO     homeassistant.setup:setup.py:232 Setup of domain subaru took 0.0 seconds
DEBUG    homeassistant.core:core.py:712 Bus:Handling <Event component_loaded[L]: component=subaru>
DEBUG    custom_components.subaru:update_coordinator.py:184 Finished fetching subaru_data data in 0.000 seconds
INFO     homeassistant.loader:loader.py:292 Loaded device_tracker from homeassistant.components.device_tracker
INFO     homeassistant.loader:loader.py:292 Loaded lock from homeassistant.components.lock
INFO     homeassistant.loader:loader.py:292 Loaded binary_sensor from homeassistant.components.binary_sensor
INFO     homeassistant.loader:loader.py:292 Loaded sensor from homeassistant.components.sensor
INFO     homeassistant.setup:setup.py:183 Setting up lock
INFO     homeassistant.loader:loader.py:292 Loaded zone from homeassistant.components.zone
DEBUG    homeassistant.core:core.py:712 Bus:Handling <Event service_registered[L]: domain=lock, service=unlock>
DEBUG    homeassistant.core:core.py:712 Bus:Handling <Event service_registered[L]: domain=lock, service=lock>
DEBUG    homeassistant.core:core.py:712 Bus:Handling <Event service_registered[L]: domain=lock, service=open>
INFO     homeassistant.setup:setup.py:232 Setup of domain lock took 0.0 seconds
DEBUG    homeassistant.core:core.py:712 Bus:Handling <Event component_loaded[L]: component=lock>
INFO     homeassistant.setup:setup.py:183 Setting up binary_sensor
INFO     homeassistant.setup:setup.py:232 Setup of domain binary_sensor took 0.0 seconds
INFO     homeassistant.setup:setup.py:183 Setting up sensor
INFO     homeassistant.setup:setup.py:232 Setup of domain sensor took 0.0 seconds
DEBUG    homeassistant.setup:setup.py:96 Dependency device_tracker will wait for dependencies ['zone']
INFO     homeassistant.components.lock:entity_platform.py:185 Setting up lock.subaru
DEBUG    homeassistant.core:core.py:712 Bus:Handling <Event component_loaded[L]: component=binary_sensor>
DEBUG    homeassistant.core:core.py:712 Bus:Handling <Event component_loaded[L]: component=sensor>
INFO     homeassistant.components.binary_sensor:entity_platform.py:185 Setting up binary_sensor.subaru
INFO     homeassistant.components.sensor:entity_platform.py:185 Setting up sensor.subaru
INFO     homeassistant.setup:setup.py:183 Setting up zone
DEBUG    homeassistant.core:core.py:712 Bus:Handling <Event service_registered[L]: domain=zone, service=reload>
DEBUG    homeassistant.core:core.py:712 Bus:Handling <Event state_changed[L]: entity_id=zone.home, old_state=None, new_state=<state zone.home=zoning; latitude=32.87336, longitude=-117.22743, radius=100, passive=False, editable=True, friendly_name=test home, icon=mdi:home @ 2020-12-06T18:52:08.900989+00:00>>
INFO     homeassistant.setup:setup.py:232 Setup of domain zone took 0.0 seconds
DEBUG    homeassistant.core:core.py:712 Bus:Handling <Event component_loaded[L]: component=zone>
INFO     homeassistant.setup:setup.py:183 Setting up device_tracker
DEBUG    homeassistant.core:core.py:712 Bus:Handling <Event service_registered[L]: domain=device_tracker, service=see>
INFO     homeassistant.setup:setup.py:232 Setup of domain device_tracker took 0.0 seconds
DEBUG    homeassistant.core:core.py:712 Bus:Handling <Event component_loaded[L]: component=device_tracker>
INFO     homeassistant.components.device_tracker:entity_platform.py:185 Setting up device_tracker.subaru
PASSED                                                                   [ 44%]
------------------------------ live log teardown -------------------------------
DEBUG    homeassistant.core:core.py:712 Bus:Handling <Event homeassistant_stop[L]>
DEBUG    homeassistant.core:core.py:712 Bus:Handling <Event homeassistant_final_write[L]>
DEBUG    homeassistant.core:core.py:712 Bus:Handling <Event homeassistant_close[L]>

tests/test_init.py::test_unsuccessful_connect[pyloop] 
-------------------------------- live log setup --------------------------------
DEBUG    asyncio:selector_events.py:59 Using selector: KqueueSelector
-------------------------------- live log call ---------------------------------
INFO     homeassistant.loader:loader.py:292 Loaded subaru from custom_components.subaru
WARNING  homeassistant.loader:loader.py:465 You are using a custom integration for subaru which has not been tested by Home Assistant. This component might cause stability problems, be sure to disable it if you experience issues with Home Assistant.
INFO     homeassistant.setup:setup.py:183 Setting up subaru
INFO     homeassistant.setup:setup.py:232 Setup of domain subaru took 0.0 seconds
DEBUG    homeassistant.core:core.py:712 Bus:Handling <Event component_loaded[L]: component=subaru>
WARNING  homeassistant.config_entries:config_entries.py:247 Config entry for subaru not ready yet. Retrying in 5 seconds
PASSED                                                                   [ 48%]
------------------------------ live log teardown -------------------------------
DEBUG    homeassistant.core:core.py:712 Bus:Handling <Event homeassistant_stop[L]>
DEBUG    homeassistant.core:core.py:712 Bus:Handling <Event homeassistant_final_write[L]>
DEBUG    homeassistant.core:core.py:712 Bus:Handling <Event homeassistant_close[L]>

tests/test_init.py::test_update_failed[pyloop] 
-------------------------------- live log setup --------------------------------
DEBUG    asyncio:selector_events.py:59 Using selector: KqueueSelector
-------------------------------- live log call ---------------------------------
INFO     homeassistant.loader:loader.py:292 Loaded subaru from custom_components.subaru
WARNING  homeassistant.loader:loader.py:465 You are using a custom integration for subaru which has not been tested by Home Assistant. This component might cause stability problems, be sure to disable it if you experience issues with Home Assistant.
INFO     homeassistant.setup:setup.py:183 Setting up subaru
INFO     homeassistant.setup:setup.py:232 Setup of domain subaru took 0.0 seconds
DEBUG    homeassistant.core:core.py:712 Bus:Handling <Event component_loaded[L]: component=subaru>
DEBUG    custom_components.subaru:update_coordinator.py:184 Finished fetching subaru_data data in 0.002 seconds
DEBUG    homeassistant.core:core.py:712 Bus:Handling <Event service_registered[L]: domain=subaru, service=fetch>
DEBUG    homeassistant.core:core.py:712 Bus:Handling <Event service_registered[L]: domain=subaru, service=horn>
DEBUG    homeassistant.core:core.py:712 Bus:Handling <Event service_registered[L]: domain=subaru, service=lights>
DEBUG    homeassistant.core:core.py:712 Bus:Handling <Event service_registered[L]: domain=subaru, service=lock>
DEBUG    homeassistant.core:core.py:712 Bus:Handling <Event service_registered[L]: domain=subaru, service=unlock>
DEBUG    homeassistant.core:core.py:712 Bus:Handling <Event service_registered[L]: domain=subaru, service=update>
DEBUG    homeassistant.core:core.py:712 Bus:Handling <Event service_registered[L]: domain=subaru, service=remote_start>
DEBUG    homeassistant.core:core.py:712 Bus:Handling <Event service_registered[L]: domain=subaru, service=remote_stop>
DEBUG    homeassistant.core:core.py:712 Bus:Handling <Event service_registered[L]: domain=subaru, service=charge_start>
INFO     homeassistant.loader:loader.py:292 Loaded device_tracker from homeassistant.components.device_tracker
INFO     homeassistant.loader:loader.py:292 Loaded sensor from homeassistant.components.sensor
INFO     homeassistant.loader:loader.py:292 Loaded binary_sensor from homeassistant.components.binary_sensor
INFO     homeassistant.loader:loader.py:292 Loaded lock from homeassistant.components.lock
INFO     homeassistant.setup:setup.py:183 Setting up sensor
INFO     homeassistant.loader:loader.py:292 Loaded zone from homeassistant.components.zone
INFO     homeassistant.setup:setup.py:232 Setup of domain sensor took 0.0 seconds
DEBUG    homeassistant.core:core.py:712 Bus:Handling <Event component_loaded[L]: component=sensor>
INFO     homeassistant.setup:setup.py:183 Setting up binary_sensor
INFO     homeassistant.setup:setup.py:232 Setup of domain binary_sensor took 0.0 seconds
INFO     homeassistant.setup:setup.py:183 Setting up lock
DEBUG    homeassistant.core:core.py:712 Bus:Handling <Event service_registered[L]: domain=lock, service=unlock>
DEBUG    homeassistant.core:core.py:712 Bus:Handling <Event service_registered[L]: domain=lock, service=lock>
DEBUG    homeassistant.core:core.py:712 Bus:Handling <Event service_registered[L]: domain=lock, service=open>
INFO     homeassistant.setup:setup.py:232 Setup of domain lock took 0.0 seconds
DEBUG    homeassistant.setup:setup.py:96 Dependency device_tracker will wait for dependencies ['zone']
INFO     homeassistant.components.sensor:entity_platform.py:185 Setting up sensor.subaru
DEBUG    homeassistant.core:core.py:712 Bus:Handling <Event component_loaded[L]: component=binary_sensor>
DEBUG    homeassistant.core:core.py:712 Bus:Handling <Event component_loaded[L]: component=lock>
INFO     homeassistant.components.binary_sensor:entity_platform.py:185 Setting up binary_sensor.subaru
INFO     homeassistant.components.lock:entity_platform.py:185 Setting up lock.subaru
INFO     homeassistant.setup:setup.py:183 Setting up zone
DEBUG    homeassistant.core:core.py:712 Bus:Handling <Event service_registered[L]: domain=zone, service=reload>
DEBUG    homeassistant.core:core.py:712 Bus:Handling <Event state_changed[L]: entity_id=zone.home, old_state=None, new_state=<state zone.home=zoning; latitude=32.87336, longitude=-117.22743, radius=100, passive=False, editable=True, friendly_name=test home, icon=mdi:home @ 2020-12-06T18:52:09.043845+00:00>>
DEBUG    custom_components.subaru:update_coordinator.py:184 Finished fetching subaru_data data in 0.000 seconds
DEBUG    homeassistant.core:core.py:712 Bus:Handling <Event device_registry_updated[L]: action=create, device_id=5dcaad3d3abf4cde6bf4c07e9e4fe7c3>
INFO     homeassistant.helpers.entity_registry:entity_registry.py:271 Registered new sensor.subaru entity: sensor.test_vehicle_2_avg_fuel_consumption
DEBUG    homeassistant.core:core.py:712 Bus:Handling <Event entity_registry_updated[L]: action=create, entity_id=sensor.test_vehicle_2_avg_fuel_consumption>
DEBUG    homeassistant.core:core.py:712 Bus:Handling <Event state_changed[L]: entity_id=sensor.test_vehicle_2_avg_fuel_consumption, old_state=None, new_state=<state sensor.test_vehicle_2_avg_fuel_consumption=2.3; unit_of_measurement=L/100km, friendly_name=test_vehicle_2 Avg Fuel Consumption, icon=mdi:leaf @ 2020-12-06T18:52:09.045891+00:00>>
INFO     homeassistant.helpers.entity_registry:entity_registry.py:271 Registered new sensor.subaru entity: sensor.test_vehicle_2_range
DEBUG    homeassistant.core:core.py:712 Bus:Handling <Event entity_registry_updated[L]: action=create, entity_id=sensor.test_vehicle_2_range>
DEBUG    homeassistant.core:core.py:712 Bus:Handling <Event state_changed[L]: entity_id=sensor.test_vehicle_2_range, old_state=None, new_state=<state sensor.test_vehicle_2_range=707; unit_of_measurement=km, friendly_name=test_vehicle_2 Range, icon=mdi:gas-station @ 2020-12-06T18:52:09.046915+00:00>>
INFO     homeassistant.helpers.entity_registry:entity_registry.py:271 Registered new sensor.subaru entity: sensor.test_vehicle_2_external_temp
DEBUG    homeassistant.core:core.py:712 Bus:Handling <Event entity_registry_updated[L]: action=create, entity_id=sensor.test_vehicle_2_external_temp>
DEBUG    homeassistant.core:core.py:712 Bus:Handling <Event state_changed[L]: entity_id=sensor.test_vehicle_2_external_temp, old_state=None, new_state=<state sensor.test_vehicle_2_external_temp=21.5; unit_of_measurement=°C, friendly_name=test_vehicle_2 External Temp, icon=mdi:thermometer @ 2020-12-06T18:52:09.048055+00:00>>
INFO     homeassistant.helpers.entity_registry:entity_registry.py:271 Registered new sensor.subaru entity: sensor.test_vehicle_2_12v_battery_voltage
DEBUG    homeassistant.core:core.py:712 Bus:Handling <Event entity_registry_updated[L]: action=create, entity_id=sensor.test_vehicle_2_12v_battery_voltage>
DEBUG    homeassistant.core:core.py:712 Bus:Handling <Event state_changed[L]: entity_id=sensor.test_vehicle_2_12v_battery_voltage, old_state=None, new_state=<state sensor.test_vehicle_2_12v_battery_voltage=12.0; unit_of_measurement=V, friendly_name=test_vehicle_2 12V Battery Voltage, icon=mdi:car-battery @ 2020-12-06T18:52:09.049172+00:00>>
INFO     homeassistant.helpers.entity_registry:entity_registry.py:271 Registered new sensor.subaru entity: sensor.test_vehicle_2_tire_pressure_fl
DEBUG    homeassistant.core:core.py:712 Bus:Handling <Event entity_registry_updated[L]: action=create, entity_id=sensor.test_vehicle_2_tire_pressure_fl>
DEBUG    homeassistant.core:core.py:712 Bus:Handling <Event state_changed[L]: entity_id=sensor.test_vehicle_2_tire_pressure_fl, old_state=None, new_state=<state sensor.test_vehicle_2_tire_pressure_fl=2550; unit_of_measurement=hPa, friendly_name=test_vehicle_2 Tire Pressure FL, icon=mdi:gauge @ 2020-12-06T18:52:09.050235+00:00>>
INFO     homeassistant.helpers.entity_registry:entity_registry.py:271 Registered new sensor.subaru entity: sensor.test_vehicle_2_tire_pressure_fr
DEBUG    homeassistant.core:core.py:712 Bus:Handling <Event entity_registry_updated[L]: action=create, entity_id=sensor.test_vehicle_2_tire_pressure_fr>
DEBUG    homeassistant.core:core.py:712 Bus:Handling <Event state_changed[L]: entity_id=sensor.test_vehicle_2_tire_pressure_fr, old_state=None, new_state=<state sensor.test_vehicle_2_tire_pressure_fr=2550; unit_of_measurement=hPa, friendly_name=test_vehicle_2 Tire Pressure FR, icon=mdi:gauge @ 2020-12-06T18:52:09.051292+00:00>>
INFO     homeassistant.helpers.entity_registry:entity_registry.py:271 Registered new sensor.subaru entity: sensor.test_vehicle_2_tire_pressure_rl
DEBUG    homeassistant.core:core.py:712 Bus:Handling <Event entity_registry_updated[L]: action=create, entity_id=sensor.test_vehicle_2_tire_pressure_rl>
DEBUG    homeassistant.core:core.py:712 Bus:Handling <Event state_changed[L]: entity_id=sensor.test_vehicle_2_tire_pressure_rl, old_state=None, new_state=<state sensor.test_vehicle_2_tire_pressure_rl=2450; unit_of_measurement=hPa, friendly_name=test_vehicle_2 Tire Pressure RL, icon=mdi:gauge @ 2020-12-06T18:52:09.052309+00:00>>
INFO     homeassistant.helpers.entity_registry:entity_registry.py:271 Registered new sensor.subaru entity: sensor.test_vehicle_2_tire_pressure_rr
DEBUG    homeassistant.core:core.py:712 Bus:Handling <Event entity_registry_updated[L]: action=create, entity_id=sensor.test_vehicle_2_tire_pressure_rr>
DEBUG    homeassistant.core:core.py:712 Bus:Handling <Event state_changed[L]: entity_id=sensor.test_vehicle_2_tire_pressure_rr, old_state=None, new_state=<state sensor.test_vehicle_2_tire_pressure_rr=2350; unit_of_measurement=hPa, friendly_name=test_vehicle_2 Tire Pressure RR, icon=mdi:gauge @ 2020-12-06T18:52:09.053266+00:00>>
INFO     homeassistant.helpers.entity_registry:entity_registry.py:271 Registered new sensor.subaru entity: sensor.test_vehicle_2_ev_range
DEBUG    homeassistant.core:core.py:712 Bus:Handling <Event entity_registry_updated[L]: action=create, entity_id=sensor.test_vehicle_2_ev_range>
DEBUG    homeassistant.core:core.py:712 Bus:Handling <Event state_changed[L]: entity_id=sensor.test_vehicle_2_ev_range, old_state=None, new_state=<state sensor.test_vehicle_2_ev_range=27.4; unit_of_measurement=km, friendly_name=test_vehicle_2 EV Range, icon=mdi:ev-station @ 2020-12-06T18:52:09.054205+00:00>>
INFO     homeassistant.helpers.entity_registry:entity_registry.py:271 Registered new sensor.subaru entity: sensor.test_vehicle_2_ev_battery_level
DEBUG    homeassistant.core:core.py:712 Bus:Handling <Event entity_registry_updated[L]: action=create, entity_id=sensor.test_vehicle_2_ev_battery_level>
DEBUG    homeassistant.core:core.py:712 Bus:Handling <Event state_changed[L]: entity_id=sensor.test_vehicle_2_ev_battery_level, old_state=None, new_state=<state sensor.test_vehicle_2_ev_battery_level=100; unit_of_measurement=%, friendly_name=test_vehicle_2 EV Battery Level, icon=mdi:battery @ 2020-12-06T18:52:09.055128+00:00>>
INFO     homeassistant.helpers.entity_registry:entity_registry.py:271 Registered new sensor.subaru entity: sensor.test_vehicle_2_ev_time_to_full_charge
DEBUG    homeassistant.core:core.py:712 Bus:Handling <Event entity_registry_updated[L]: action=create, entity_id=sensor.test_vehicle_2_ev_time_to_full_charge>
DEBUG    homeassistant.core:core.py:712 Bus:Handling <Event state_changed[L]: entity_id=sensor.test_vehicle_2_ev_time_to_full_charge, old_state=None, new_state=<state sensor.test_vehicle_2_ev_time_to_full_charge=unknown; unit_of_measurement=min, friendly_name=test_vehicle_2 EV Time to Full Charge, icon=mdi:car-electric @ 2020-12-06T18:52:09.056457+00:00>>
INFO     homeassistant.helpers.entity_registry:entity_registry.py:271 Registered new binary_sensor.subaru entity: binary_sensor.test_vehicle_2_ignition
DEBUG    homeassistant.core:core.py:712 Bus:Handling <Event entity_registry_updated[L]: action=create, entity_id=binary_sensor.test_vehicle_2_ignition>
DEBUG    homeassistant.core:core.py:712 Bus:Handling <Event state_changed[L]: entity_id=binary_sensor.test_vehicle_2_ignition, old_state=None, new_state=<state binary_sensor.test_vehicle_2_ignition=off; friendly_name=test_vehicle_2 Ignition, icon=mdi:engine-off, device_class=power @ 2020-12-06T18:52:09.058218+00:00>>
INFO     homeassistant.helpers.entity_registry:entity_registry.py:271 Registered new binary_sensor.subaru entity: binary_sensor.test_vehicle_2_trunk
DEBUG    homeassistant.core:core.py:712 Bus:Handling <Event entity_registry_updated[L]: action=create, entity_id=binary_sensor.test_vehicle_2_trunk>
DEBUG    homeassistant.core:core.py:712 Bus:Handling <Event state_changed[L]: entity_id=binary_sensor.test_vehicle_2_trunk, old_state=None, new_state=<state binary_sensor.test_vehicle_2_trunk=off; friendly_name=test_vehicle_2 Trunk, icon=mdi:door-closed, device_class=door @ 2020-12-06T18:52:09.059559+00:00>>
INFO     homeassistant.helpers.entity_registry:entity_registry.py:271 Registered new binary_sensor.subaru entity: binary_sensor.test_vehicle_2_hood
DEBUG    homeassistant.core:core.py:712 Bus:Handling <Event entity_registry_updated[L]: action=create, entity_id=binary_sensor.test_vehicle_2_hood>
DEBUG    homeassistant.core:core.py:712 Bus:Handling <Event state_changed[L]: entity_id=binary_sensor.test_vehicle_2_hood, old_state=None, new_state=<state binary_sensor.test_vehicle_2_hood=off; friendly_name=test_vehicle_2 Hood, icon=mdi:door-closed, device_class=door @ 2020-12-06T18:52:09.060873+00:00>>
INFO     homeassistant.helpers.entity_registry:entity_registry.py:271 Registered new binary_sensor.subaru entity: binary_sensor.test_vehicle_2_front_left_door
DEBUG    homeassistant.core:core.py:712 Bus:Handling <Event entity_registry_updated[L]: action=create, entity_id=binary_sensor.test_vehicle_2_front_left_door>
DEBUG    homeassistant.core:core.py:712 Bus:Handling <Event state_changed[L]: entity_id=binary_sensor.test_vehicle_2_front_left_door, old_state=None, new_state=<state binary_sensor.test_vehicle_2_front_left_door=off; friendly_name=test_vehicle_2 Front Left Door, icon=mdi:door-closed, device_class=door @ 2020-12-06T18:52:09.062819+00:00>>
INFO     homeassistant.helpers.entity_registry:entity_registry.py:271 Registered new binary_sensor.subaru entity: binary_sensor.test_vehicle_2_front_right_door
DEBUG    homeassistant.core:core.py:712 Bus:Handling <Event entity_registry_updated[L]: action=create, entity_id=binary_sensor.test_vehicle_2_front_right_door>
DEBUG    homeassistant.core:core.py:712 Bus:Handling <Event state_changed[L]: entity_id=binary_sensor.test_vehicle_2_front_right_door, old_state=None, new_state=<state binary_sensor.test_vehicle_2_front_right_door=off; friendly_name=test_vehicle_2 Front Right Door, icon=mdi:door-closed, device_class=door @ 2020-12-06T18:52:09.063896+00:00>>
INFO     homeassistant.helpers.entity_registry:entity_registry.py:271 Registered new binary_sensor.subaru entity: binary_sensor.test_vehicle_2_rear_left_door
DEBUG    homeassistant.core:core.py:712 Bus:Handling <Event entity_registry_updated[L]: action=create, entity_id=binary_sensor.test_vehicle_2_rear_left_door>
DEBUG    homeassistant.core:core.py:712 Bus:Handling <Event state_changed[L]: entity_id=binary_sensor.test_vehicle_2_rear_left_door, old_state=None, new_state=<state binary_sensor.test_vehicle_2_rear_left_door=off; friendly_name=test_vehicle_2 Rear Left Door, icon=mdi:door-closed, device_class=door @ 2020-12-06T18:52:09.066214+00:00>>
INFO     homeassistant.helpers.entity_registry:entity_registry.py:271 Registered new binary_sensor.subaru entity: binary_sensor.test_vehicle_2_rear_right_door
DEBUG    homeassistant.core:core.py:712 Bus:Handling <Event entity_registry_updated[L]: action=create, entity_id=binary_sensor.test_vehicle_2_rear_right_door>
DEBUG    homeassistant.core:core.py:712 Bus:Handling <Event state_changed[L]: entity_id=binary_sensor.test_vehicle_2_rear_right_door, old_state=None, new_state=<state binary_sensor.test_vehicle_2_rear_right_door=off; friendly_name=test_vehicle_2 Rear Right Door, icon=mdi:door-closed, device_class=door @ 2020-12-06T18:52:09.067864+00:00>>
INFO     homeassistant.helpers.entity_registry:entity_registry.py:271 Registered new binary_sensor.subaru entity: binary_sensor.test_vehicle_2_ev_charge_port
DEBUG    homeassistant.core:core.py:712 Bus:Handling <Event entity_registry_updated[L]: action=create, entity_id=binary_sensor.test_vehicle_2_ev_charge_port>
DEBUG    homeassistant.core:core.py:712 Bus:Handling <Event state_changed[L]: entity_id=binary_sensor.test_vehicle_2_ev_charge_port, old_state=None, new_state=<state binary_sensor.test_vehicle_2_ev_charge_port=on; friendly_name=test_vehicle_2 EV Charge Port, icon=mdi:power-plug, device_class=plug @ 2020-12-06T18:52:09.069373+00:00>>
INFO     homeassistant.helpers.entity_registry:entity_registry.py:271 Registered new binary_sensor.subaru entity: binary_sensor.test_vehicle_2_ev_battery_charging
DEBUG    homeassistant.core:core.py:712 Bus:Handling <Event entity_registry_updated[L]: action=create, entity_id=binary_sensor.test_vehicle_2_ev_battery_charging>
DEBUG    homeassistant.core:core.py:712 Bus:Handling <Event state_changed[L]: entity_id=binary_sensor.test_vehicle_2_ev_battery_charging, old_state=None, new_state=<state binary_sensor.test_vehicle_2_ev_battery_charging=off; friendly_name=test_vehicle_2 EV Battery Charging, icon=mdi:car, device_class=battery_charging @ 2020-12-06T18:52:09.070509+00:00>>
INFO     homeassistant.helpers.entity_registry:entity_registry.py:271 Registered new lock.subaru entity: lock.test_vehicle_2_door_lock
DEBUG    homeassistant.core:core.py:712 Bus:Handling <Event entity_registry_updated[L]: action=create, entity_id=lock.test_vehicle_2_door_lock>
DEBUG    homeassistant.core:core.py:712 Bus:Handling <Event state_changed[L]: entity_id=lock.test_vehicle_2_door_lock, old_state=None, new_state=<state lock.test_vehicle_2_door_lock=unknown; friendly_name=test_vehicle_2 Door Lock @ 2020-12-06T18:52:09.072089+00:00>>
INFO     homeassistant.setup:setup.py:232 Setup of domain zone took 0.0 seconds
DEBUG    homeassistant.core:core.py:712 Bus:Handling <Event component_loaded[L]: component=zone>
INFO     homeassistant.helpers.entity_registry:entity_registry.py:271 Registered new sensor.subaru entity: sensor.test_vehicle_2_odometer
DEBUG    homeassistant.core:core.py:712 Bus:Handling <Event entity_registry_updated[L]: action=create, entity_id=sensor.test_vehicle_2_odometer>
DEBUG    homeassistant.core:core.py:712 Bus:Handling <Event state_changed[L]: entity_id=sensor.test_vehicle_2_odometer, old_state=None, new_state=<state sensor.test_vehicle_2_odometer=1234; unit_of_measurement=km, friendly_name=test_vehicle_2 Odometer, icon=mdi:road-variant @ 2020-12-06T18:52:09.073975+00:00>>
INFO     homeassistant.setup:setup.py:183 Setting up device_tracker
DEBUG    homeassistant.core:core.py:712 Bus:Handling <Event service_registered[L]: domain=device_tracker, service=see>
INFO     homeassistant.setup:setup.py:232 Setup of domain device_tracker took 0.0 seconds
DEBUG    homeassistant.core:core.py:712 Bus:Handling <Event component_loaded[L]: component=device_tracker>
INFO     homeassistant.components.device_tracker:entity_platform.py:185 Setting up device_tracker.subaru
INFO     homeassistant.helpers.entity_registry:entity_registry.py:271 Registered new device_tracker.subaru entity: device_tracker.test_vehicle_2_location
DEBUG    homeassistant.core:core.py:712 Bus:Handling <Event entity_registry_updated[L]: action=create, entity_id=device_tracker.test_vehicle_2_location>
DEBUG    homeassistant.core:core.py:712 Bus:Handling <Event state_changed[L]: entity_id=device_tracker.test_vehicle_2_location, old_state=None, new_state=<state device_tracker.test_vehicle_2_location=not_home; source_type=gps, latitude=40.0, longitude=-100.0, gps_accuracy=0, friendly_name=test_vehicle_2 Location @ 2020-12-06T18:52:09.078774+00:00>>
ERROR    custom_components.subaru:update_coordinator.py:166 Error fetching subaru_data data: 
DEBUG    custom_components.subaru:update_coordinator.py:184 Finished fetching subaru_data data in 0.000 seconds
DEBUG    homeassistant.core:core.py:712 Bus:Handling <Event state_changed[L]: entity_id=sensor.test_vehicle_2_avg_fuel_consumption, old_state=<state sensor.test_vehicle_2_avg_fuel_consumption=2.3; unit_of_measurement=L/100km, friendly_name=test_vehicle_2 Avg Fuel Consumption, icon=mdi:leaf @ 2020-12-06T18:52:09.045891+00:00>, new_state=<state sensor.test_vehicle_2_avg_fuel_consumption=unavailable; unit_of_measurement=L/100km, friendly_name=test_vehicle_2 Avg Fuel Consumption, icon=mdi:leaf @ 2020-12-06T18:52:09.081419+00:00>>
DEBUG    homeassistant.core:core.py:712 Bus:Handling <Event state_changed[L]: entity_id=sensor.test_vehicle_2_range, old_state=<state sensor.test_vehicle_2_range=707; unit_of_measurement=km, friendly_name=test_vehicle_2 Range, icon=mdi:gas-station @ 2020-12-06T18:52:09.046915+00:00>, new_state=<state sensor.test_vehicle_2_range=unavailable; unit_of_measurement=km, friendly_name=test_vehicle_2 Range, icon=mdi:gas-station @ 2020-12-06T18:52:09.081887+00:00>>
DEBUG    homeassistant.core:core.py:712 Bus:Handling <Event state_changed[L]: entity_id=sensor.test_vehicle_2_external_temp, old_state=<state sensor.test_vehicle_2_external_temp=21.5; unit_of_measurement=°C, friendly_name=test_vehicle_2 External Temp, icon=mdi:thermometer @ 2020-12-06T18:52:09.048055+00:00>, new_state=<state sensor.test_vehicle_2_external_temp=unavailable; unit_of_measurement=°C, friendly_name=test_vehicle_2 External Temp, icon=mdi:thermometer @ 2020-12-06T18:52:09.082317+00:00>>
DEBUG    homeassistant.core:core.py:712 Bus:Handling <Event state_changed[L]: entity_id=sensor.test_vehicle_2_12v_battery_voltage, old_state=<state sensor.test_vehicle_2_12v_battery_voltage=12.0; unit_of_measurement=V, friendly_name=test_vehicle_2 12V Battery Voltage, icon=mdi:car-battery @ 2020-12-06T18:52:09.049172+00:00>, new_state=<state sensor.test_vehicle_2_12v_battery_voltage=unavailable; unit_of_measurement=V, friendly_name=test_vehicle_2 12V Battery Voltage, icon=mdi:car-battery @ 2020-12-06T18:52:09.082758+00:00>>
DEBUG    homeassistant.core:core.py:712 Bus:Handling <Event state_changed[L]: entity_id=sensor.test_vehicle_2_tire_pressure_fl, old_state=<state sensor.test_vehicle_2_tire_pressure_fl=2550; unit_of_measurement=hPa, friendly_name=test_vehicle_2 Tire Pressure FL, icon=mdi:gauge @ 2020-12-06T18:52:09.050235+00:00>, new_state=<state sensor.test_vehicle_2_tire_pressure_fl=unavailable; unit_of_measurement=hPa, friendly_name=test_vehicle_2 Tire Pressure FL, icon=mdi:gauge @ 2020-12-06T18:52:09.083312+00:00>>
DEBUG    homeassistant.core:core.py:712 Bus:Handling <Event state_changed[L]: entity_id=sensor.test_vehicle_2_tire_pressure_fr, old_state=<state sensor.test_vehicle_2_tire_pressure_fr=2550; unit_of_measurement=hPa, friendly_name=test_vehicle_2 Tire Pressure FR, icon=mdi:gauge @ 2020-12-06T18:52:09.051292+00:00>, new_state=<state sensor.test_vehicle_2_tire_pressure_fr=unavailable; unit_of_measurement=hPa, friendly_name=test_vehicle_2 Tire Pressure FR, icon=mdi:gauge @ 2020-12-06T18:52:09.083951+00:00>>
DEBUG    homeassistant.core:core.py:712 Bus:Handling <Event state_changed[L]: entity_id=sensor.test_vehicle_2_tire_pressure_rl, old_state=<state sensor.test_vehicle_2_tire_pressure_rl=2450; unit_of_measurement=hPa, friendly_name=test_vehicle_2 Tire Pressure RL, icon=mdi:gauge @ 2020-12-06T18:52:09.052309+00:00>, new_state=<state sensor.test_vehicle_2_tire_pressure_rl=unavailable; unit_of_measurement=hPa, friendly_name=test_vehicle_2 Tire Pressure RL, icon=mdi:gauge @ 2020-12-06T18:52:09.084511+00:00>>
DEBUG    homeassistant.core:core.py:712 Bus:Handling <Event state_changed[L]: entity_id=sensor.test_vehicle_2_tire_pressure_rr, old_state=<state sensor.test_vehicle_2_tire_pressure_rr=2350; unit_of_measurement=hPa, friendly_name=test_vehicle_2 Tire Pressure RR, icon=mdi:gauge @ 2020-12-06T18:52:09.053266+00:00>, new_state=<state sensor.test_vehicle_2_tire_pressure_rr=unavailable; unit_of_measurement=hPa, friendly_name=test_vehicle_2 Tire Pressure RR, icon=mdi:gauge @ 2020-12-06T18:52:09.084997+00:00>>
DEBUG    homeassistant.core:core.py:712 Bus:Handling <Event state_changed[L]: entity_id=sensor.test_vehicle_2_ev_range, old_state=<state sensor.test_vehicle_2_ev_range=27.4; unit_of_measurement=km, friendly_name=test_vehicle_2 EV Range, icon=mdi:ev-station @ 2020-12-06T18:52:09.054205+00:00>, new_state=<state sensor.test_vehicle_2_ev_range=unavailable; unit_of_measurement=km, friendly_name=test_vehicle_2 EV Range, icon=mdi:ev-station @ 2020-12-06T18:52:09.085514+00:00>>
DEBUG    homeassistant.core:core.py:712 Bus:Handling <Event state_changed[L]: entity_id=sensor.test_vehicle_2_ev_battery_level, old_state=<state sensor.test_vehicle_2_ev_battery_level=100; unit_of_measurement=%, friendly_name=test_vehicle_2 EV Battery Level, icon=mdi:battery @ 2020-12-06T18:52:09.055128+00:00>, new_state=<state sensor.test_vehicle_2_ev_battery_level=unavailable; unit_of_measurement=%, friendly_name=test_vehicle_2 EV Battery Level, icon=mdi:battery @ 2020-12-06T18:52:09.086207+00:00>>
DEBUG    homeassistant.core:core.py:712 Bus:Handling <Event state_changed[L]: entity_id=sensor.test_vehicle_2_ev_time_to_full_charge, old_state=<state sensor.test_vehicle_2_ev_time_to_full_charge=unknown; unit_of_measurement=min, friendly_name=test_vehicle_2 EV Time to Full Charge, icon=mdi:car-electric @ 2020-12-06T18:52:09.056457+00:00>, new_state=<state sensor.test_vehicle_2_ev_time_to_full_charge=unavailable; unit_of_measurement=min, friendly_name=test_vehicle_2 EV Time to Full Charge, icon=mdi:car-electric @ 2020-12-06T18:52:09.086957+00:00>>
DEBUG    homeassistant.core:core.py:712 Bus:Handling <Event state_changed[L]: entity_id=binary_sensor.test_vehicle_2_ignition, old_state=<state binary_sensor.test_vehicle_2_ignition=off; friendly_name=test_vehicle_2 Ignition, icon=mdi:engine-off, device_class=power @ 2020-12-06T18:52:09.058218+00:00>, new_state=<state binary_sensor.test_vehicle_2_ignition=unavailable; friendly_name=test_vehicle_2 Ignition, icon=mdi:engine-off, device_class=power @ 2020-12-06T18:52:09.087810+00:00>>
DEBUG    homeassistant.core:core.py:712 Bus:Handling <Event state_changed[L]: entity_id=binary_sensor.test_vehicle_2_trunk, old_state=<state binary_sensor.test_vehicle_2_trunk=off; friendly_name=test_vehicle_2 Trunk, icon=mdi:door-closed, device_class=door @ 2020-12-06T18:52:09.059559+00:00>, new_state=<state binary_sensor.test_vehicle_2_trunk=unavailable; friendly_name=test_vehicle_2 Trunk, icon=mdi:door-closed, device_class=door @ 2020-12-06T18:52:09.088662+00:00>>
DEBUG    homeassistant.core:core.py:712 Bus:Handling <Event state_changed[L]: entity_id=binary_sensor.test_vehicle_2_hood, old_state=<state binary_sensor.test_vehicle_2_hood=off; friendly_name=test_vehicle_2 Hood, icon=mdi:door-closed, device_class=door @ 2020-12-06T18:52:09.060873+00:00>, new_state=<state binary_sensor.test_vehicle_2_hood=unavailable; friendly_name=test_vehicle_2 Hood, icon=mdi:door-closed, device_class=door @ 2020-12-06T18:52:09.089275+00:00>>
DEBUG    homeassistant.core:core.py:712 Bus:Handling <Event state_changed[L]: entity_id=binary_sensor.test_vehicle_2_front_left_door, old_state=<state binary_sensor.test_vehicle_2_front_left_door=off; friendly_name=test_vehicle_2 Front Left Door, icon=mdi:door-closed, device_class=door @ 2020-12-06T18:52:09.062819+00:00>, new_state=<state binary_sensor.test_vehicle_2_front_left_door=unavailable; friendly_name=test_vehicle_2 Front Left Door, icon=mdi:door-closed, device_class=door @ 2020-12-06T18:52:09.089819+00:00>>
DEBUG    homeassistant.core:core.py:712 Bus:Handling <Event state_changed[L]: entity_id=binary_sensor.test_vehicle_2_front_right_door, old_state=<state binary_sensor.test_vehicle_2_front_right_door=off; friendly_name=test_vehicle_2 Front Right Door, icon=mdi:door-closed, device_class=door @ 2020-12-06T18:52:09.063896+00:00>, new_state=<state binary_sensor.test_vehicle_2_front_right_door=unavailable; friendly_name=test_vehicle_2 Front Right Door, icon=mdi:door-closed, device_class=door @ 2020-12-06T18:52:09.090366+00:00>>
DEBUG    homeassistant.core:core.py:712 Bus:Handling <Event state_changed[L]: entity_id=binary_sensor.test_vehicle_2_rear_left_door, old_state=<state binary_sensor.test_vehicle_2_rear_left_door=off; friendly_name=test_vehicle_2 Rear Left Door, icon=mdi:door-closed, device_class=door @ 2020-12-06T18:52:09.066214+00:00>, new_state=<state binary_sensor.test_vehicle_2_rear_left_door=unavailable; friendly_name=test_vehicle_2 Rear Left Door, icon=mdi:door-closed, device_class=door @ 2020-12-06T18:52:09.090833+00:00>>
DEBUG    homeassistant.core:core.py:712 Bus:Handling <Event state_changed[L]: entity_id=binary_sensor.test_vehicle_2_rear_right_door, old_state=<state binary_sensor.test_vehicle_2_rear_right_door=off; friendly_name=test_vehicle_2 Rear Right Door, icon=mdi:door-closed, device_class=door @ 2020-12-06T18:52:09.067864+00:00>, new_state=<state binary_sensor.test_vehicle_2_rear_right_door=unavailable; friendly_name=test_vehicle_2 Rear Right Door, icon=mdi:door-closed, device_class=door @ 2020-12-06T18:52:09.091299+00:00>>
DEBUG    homeassistant.core:core.py:712 Bus:Handling <Event state_changed[L]: entity_id=binary_sensor.test_vehicle_2_ev_charge_port, old_state=<state binary_sensor.test_vehicle_2_ev_charge_port=on; friendly_name=test_vehicle_2 EV Charge Port, icon=mdi:power-plug, device_class=plug @ 2020-12-06T18:52:09.069373+00:00>, new_state=<state binary_sensor.test_vehicle_2_ev_charge_port=unavailable; friendly_name=test_vehicle_2 EV Charge Port, icon=mdi:power-plug, device_class=plug @ 2020-12-06T18:52:09.091739+00:00>>
DEBUG    homeassistant.core:core.py:712 Bus:Handling <Event state_changed[L]: entity_id=binary_sensor.test_vehicle_2_ev_battery_charging, old_state=<state binary_sensor.test_vehicle_2_ev_battery_charging=off; friendly_name=test_vehicle_2 EV Battery Charging, icon=mdi:car, device_class=battery_charging @ 2020-12-06T18:52:09.070509+00:00>, new_state=<state binary_sensor.test_vehicle_2_ev_battery_charging=unavailable; friendly_name=test_vehicle_2 EV Battery Charging, icon=mdi:car, device_class=battery_charging @ 2020-12-06T18:52:09.092175+00:00>>
DEBUG    homeassistant.core:core.py:712 Bus:Handling <Event state_changed[L]: entity_id=lock.test_vehicle_2_door_lock, old_state=<state lock.test_vehicle_2_door_lock=unknown; friendly_name=test_vehicle_2 Door Lock @ 2020-12-06T18:52:09.072089+00:00>, new_state=<state lock.test_vehicle_2_door_lock=unavailable; friendly_name=test_vehicle_2 Door Lock @ 2020-12-06T18:52:09.092611+00:00>>
DEBUG    homeassistant.core:core.py:712 Bus:Handling <Event state_changed[L]: entity_id=sensor.test_vehicle_2_odometer, old_state=<state sensor.test_vehicle_2_odometer=1234; unit_of_measurement=km, friendly_name=test_vehicle_2 Odometer, icon=mdi:road-variant @ 2020-12-06T18:52:09.073975+00:00>, new_state=<state sensor.test_vehicle_2_odometer=unavailable; unit_of_measurement=km, friendly_name=test_vehicle_2 Odometer, icon=mdi:road-variant @ 2020-12-06T18:52:09.093009+00:00>>
DEBUG    homeassistant.core:core.py:712 Bus:Handling <Event state_changed[L]: entity_id=device_tracker.test_vehicle_2_location, old_state=<state device_tracker.test_vehicle_2_location=not_home; source_type=gps, latitude=40.0, longitude=-100.0, gps_accuracy=0, friendly_name=test_vehicle_2 Location @ 2020-12-06T18:52:09.078774+00:00>, new_state=<state device_tracker.test_vehicle_2_location=unavailable; friendly_name=test_vehicle_2 Location @ 2020-12-06T18:52:09.093480+00:00>>
PASSED                                                                   [ 51%]
------------------------------ live log teardown -------------------------------
DEBUG    homeassistant.core:core.py:712 Bus:Handling <Event homeassistant_stop[L]>
DEBUG    homeassistant.core:core.py:712 Bus:Handling <Event homeassistant_final_write[L]>
INFO     pytest_homeassistant_custom_component.common:common.py:931 Writing data to core.device_registry: {'version': 1, 'key': 'core.device_registry', 'data': {'devices': [{'config_entries': [1], 'connections': [], 'identifiers': [('subaru', 'JF2ABCDE6L0000002')], 'manufacturer': 'subaru', 'model': None, 'name': 'test_vehicle_2', 'sw_version': None, 'entry_type': None, 'id': '5dcaad3d3abf4cde6bf4c07e9e4fe7c3', 'via_device_id': None, 'area_id': None, 'name_by_user': None}], 'deleted_devices': []}}
INFO     pytest_homeassistant_custom_component.common:common.py:931 Writing data to core.entity_registry: {'version': 1, 'key': 'core.entity_registry', 'data': {'entities': [{'entity_id': 'sensor.test_vehicle_2_avg_fuel_consumption', 'config_entry_id': 1, 'device_id': '5dcaad3d3abf4cde6bf4c07e9e4fe7c3', 'area_id': None, 'unique_id': 'subaru_jf2abcde6l0000002_avg_fuel_consumption', 'platform': 'subaru', 'name': None, 'icon': None, 'disabled_by': None, 'capabilities': None, 'supported_features': 0, 'device_class': None, 'unit_of_measurement': 'L/100km', 'original_name': 'test_vehicle_2 Avg Fuel Consumption', 'original_icon': 'mdi:leaf'}, {'entity_id': 'sensor.test_vehicle_2_range', 'config_entry_id': 1, 'device_id': '5dcaad3d3abf4cde6bf4c07e9e4fe7c3', 'area_id': None, 'unique_id': 'subaru_jf2abcde6l0000002_range', 'platform': 'subaru', 'name': None, 'icon': None, 'disabled_by': None, 'capabilities': None, 'supported_features': 0, 'device_class': None, 'unit_of_measurement': 'km', 'original_name': 'test_vehicle_2 Range', 'original_icon': 'mdi:gas-station'}, {'entity_id': 'sensor.test_vehicle_2_external_temp', 'config_entry_id': 1, 'device_id': '5dcaad3d3abf4cde6bf4c07e9e4fe7c3', 'area_id': None, 'unique_id': 'subaru_jf2abcde6l0000002_external_temp', 'platform': 'subaru', 'name': None, 'icon': None, 'disabled_by': None, 'capabilities': None, 'supported_features': 0, 'device_class': None, 'unit_of_measurement': '°C', 'original_name': 'test_vehicle_2 External Temp', 'original_icon': 'mdi:thermometer'}, {'entity_id': 'sensor.test_vehicle_2_12v_battery_voltage', 'config_entry_id': 1, 'device_id': '5dcaad3d3abf4cde6bf4c07e9e4fe7c3', 'area_id': None, 'unique_id': 'subaru_jf2abcde6l0000002_12v_battery_voltage', 'platform': 'subaru', 'name': None, 'icon': None, 'disabled_by': None, 'capabilities': None, 'supported_features': 0, 'device_class': None, 'unit_of_measurement': 'V', 'original_name': 'test_vehicle_2 12V Battery Voltage', 'original_icon': 'mdi:car-battery'}, {'entity_id': 'sensor.test_vehicle_2_tire_pressure_fl', 'config_entry_id': 1, 'device_id': '5dcaad3d3abf4cde6bf4c07e9e4fe7c3', 'area_id': None, 'unique_id': 'subaru_jf2abcde6l0000002_tire_pressure_fl', 'platform': 'subaru', 'name': None, 'icon': None, 'disabled_by': None, 'capabilities': None, 'supported_features': 0, 'device_class': None, 'unit_of_measurement': 'hPa', 'original_name': 'test_vehicle_2 Tire Pressure FL', 'original_icon': 'mdi:gauge'}, {'entity_id': 'sensor.test_vehicle_2_tire_pressure_fr', 'config_entry_id': 1, 'device_id': '5dcaad3d3abf4cde6bf4c07e9e4fe7c3', 'area_id': None, 'unique_id': 'subaru_jf2abcde6l0000002_tire_pressure_fr', 'platform': 'subaru', 'name': None, 'icon': None, 'disabled_by': None, 'capabilities': None, 'supported_features': 0, 'device_class': None, 'unit_of_measurement': 'hPa', 'original_name': 'test_vehicle_2 Tire Pressure FR', 'original_icon': 'mdi:gauge'}, {'entity_id': 'sensor.test_vehicle_2_tire_pressure_rl', 'config_entry_id': 1, 'device_id': '5dcaad3d3abf4cde6bf4c07e9e4fe7c3', 'area_id': None, 'unique_id': 'subaru_jf2abcde6l0000002_tire_pressure_rl', 'platform': 'subaru', 'name': None, 'icon': None, 'disabled_by': None, 'capabilities': None, 'supported_features': 0, 'device_class': None, 'unit_of_measurement': 'hPa', 'original_name': 'test_vehicle_2 Tire Pressure RL', 'original_icon': 'mdi:gauge'}, {'entity_id': 'sensor.test_vehicle_2_tire_pressure_rr', 'config_entry_id': 1, 'device_id': '5dcaad3d3abf4cde6bf4c07e9e4fe7c3', 'area_id': None, 'unique_id': 'subaru_jf2abcde6l0000002_tire_pressure_rr', 'platform': 'subaru', 'name': None, 'icon': None, 'disabled_by': None, 'capabilities': None, 'supported_features': 0, 'device_class': None, 'unit_of_measurement': 'hPa', 'original_name': 'test_vehicle_2 Tire Pressure RR', 'original_icon': 'mdi:gauge'}, {'entity_id': 'sensor.test_vehicle_2_ev_range', 'config_entry_id': 1, 'device_id': '5dcaad3d3abf4cde6bf4c07e9e4fe7c3', 'area_id': None, 'unique_id': 'subaru_jf2abcde6l0000002_ev_range', 'platform': 'subaru', 'name': None, 'icon': None, 'disabled_by': None, 'capabilities': None, 'supported_features': 0, 'device_class': None, 'unit_of_measurement': 'km', 'original_name': 'test_vehicle_2 EV Range', 'original_icon': 'mdi:ev-station'}, {'entity_id': 'sensor.test_vehicle_2_ev_battery_level', 'config_entry_id': 1, 'device_id': '5dcaad3d3abf4cde6bf4c07e9e4fe7c3', 'area_id': None, 'unique_id': 'subaru_jf2abcde6l0000002_ev_battery_level', 'platform': 'subaru', 'name': None, 'icon': None, 'disabled_by': None, 'capabilities': None, 'supported_features': 0, 'device_class': None, 'unit_of_measurement': '%', 'original_name': 'test_vehicle_2 EV Battery Level', 'original_icon': 'mdi:battery-unknown'}, {'entity_id': 'sensor.test_vehicle_2_ev_time_to_full_charge', 'config_entry_id': 1, 'device_id': '5dcaad3d3abf4cde6bf4c07e9e4fe7c3', 'area_id': None, 'unique_id': 'subaru_jf2abcde6l0000002_ev_time_to_full_charge', 'platform': 'subaru', 'name': None, 'icon': None, 'disabled_by': None, 'capabilities': None, 'supported_features': 0, 'device_class': None, 'unit_of_measurement': 'min', 'original_name': 'test_vehicle_2 EV Time to Full Charge', 'original_icon': 'mdi:car-electric'}, {'entity_id': 'binary_sensor.test_vehicle_2_ignition', 'config_entry_id': 1, 'device_id': '5dcaad3d3abf4cde6bf4c07e9e4fe7c3', 'area_id': None, 'unique_id': 'subaru_jf2abcde6l0000002_ignition', 'platform': 'subaru', 'name': None, 'icon': None, 'disabled_by': None, 'capabilities': None, 'supported_features': 0, 'device_class': 'power', 'unit_of_measurement': None, 'original_name': 'test_vehicle_2 Ignition', 'original_icon': 'mdi:engine-off'}, {'entity_id': 'binary_sensor.test_vehicle_2_trunk', 'config_entry_id': 1, 'device_id': '5dcaad3d3abf4cde6bf4c07e9e4fe7c3', 'area_id': None, 'unique_id': 'subaru_jf2abcde6l0000002_trunk', 'platform': 'subaru', 'name': None, 'icon': None, 'disabled_by': None, 'capabilities': None, 'supported_features': 0, 'device_class': 'door', 'unit_of_measurement': None, 'original_name': 'test_vehicle_2 Trunk', 'original_icon': 'mdi:door-closed'}, {'entity_id': 'binary_sensor.test_vehicle_2_hood', 'config_entry_id': 1, 'device_id': '5dcaad3d3abf4cde6bf4c07e9e4fe7c3', 'area_id': None, 'unique_id': 'subaru_jf2abcde6l0000002_hood', 'platform': 'subaru', 'name': None, 'icon': None, 'disabled_by': None, 'capabilities': None, 'supported_features': 0, 'device_class': 'door', 'unit_of_measurement': None, 'original_name': 'test_vehicle_2 Hood', 'original_icon': 'mdi:door-closed'}, {'entity_id': 'binary_sensor.test_vehicle_2_front_left_door', 'config_entry_id': 1, 'device_id': '5dcaad3d3abf4cde6bf4c07e9e4fe7c3', 'area_id': None, 'unique_id': 'subaru_jf2abcde6l0000002_front_left_door', 'platform': 'subaru', 'name': None, 'icon': None, 'disabled_by': None, 'capabilities': None, 'supported_features': 0, 'device_class': 'door', 'unit_of_measurement': None, 'original_name': 'test_vehicle_2 Front Left Door', 'original_icon': 'mdi:door-closed'}, {'entity_id': 'binary_sensor.test_vehicle_2_front_right_door', 'config_entry_id': 1, 'device_id': '5dcaad3d3abf4cde6bf4c07e9e4fe7c3', 'area_id': None, 'unique_id': 'subaru_jf2abcde6l0000002_front_right_door', 'platform': 'subaru', 'name': None, 'icon': None, 'disabled_by': None, 'capabilities': None, 'supported_features': 0, 'device_class': 'door', 'unit_of_measurement': None, 'original_name': 'test_vehicle_2 Front Right Door', 'original_icon': 'mdi:door-closed'}, {'entity_id': 'binary_sensor.test_vehicle_2_rear_left_door', 'config_entry_id': 1, 'device_id': '5dcaad3d3abf4cde6bf4c07e9e4fe7c3', 'area_id': None, 'unique_id': 'subaru_jf2abcde6l0000002_rear_left_door', 'platform': 'subaru', 'name': None, 'icon': None, 'disabled_by': None, 'capabilities': None, 'supported_features': 0, 'device_class': 'door', 'unit_of_measurement': None, 'original_name': 'test_vehicle_2 Rear Left Door', 'original_icon': 'mdi:door-closed'}, {'entity_id': 'binary_sensor.test_vehicle_2_rear_right_door', 'config_entry_id': 1, 'device_id': '5dcaad3d3abf4cde6bf4c07e9e4fe7c3', 'area_id': None, 'unique_id': 'subaru_jf2abcde6l0000002_rear_right_door', 'platform': 'subaru', 'name': None, 'icon': None, 'disabled_by': None, 'capabilities': None, 'supported_features': 0, 'device_class': 'door', 'unit_of_measurement': None, 'original_name': 'test_vehicle_2 Rear Right Door', 'original_icon': 'mdi:door-closed'}, {'entity_id': 'binary_sensor.test_vehicle_2_ev_charge_port', 'config_entry_id': 1, 'device_id': '5dcaad3d3abf4cde6bf4c07e9e4fe7c3', 'area_id': None, 'unique_id': 'subaru_jf2abcde6l0000002_ev_charge_port', 'platform': 'subaru', 'name': None, 'icon': None, 'disabled_by': None, 'capabilities': None, 'supported_features': 0, 'device_class': 'plug', 'unit_of_measurement': None, 'original_name': 'test_vehicle_2 EV Charge Port', 'original_icon': 'mdi:power-plug'}, {'entity_id': 'binary_sensor.test_vehicle_2_ev_battery_charging', 'config_entry_id': 1, 'device_id': '5dcaad3d3abf4cde6bf4c07e9e4fe7c3', 'area_id': None, 'unique_id': 'subaru_jf2abcde6l0000002_ev_battery_charging', 'platform': 'subaru', 'name': None, 'icon': None, 'disabled_by': None, 'capabilities': None, 'supported_features': 0, 'device_class': 'battery_charging', 'unit_of_measurement': None, 'original_name': 'test_vehicle_2 EV Battery Charging', 'original_icon': 'mdi:car'}, {'entity_id': 'lock.test_vehicle_2_door_lock', 'config_entry_id': 1, 'device_id': '5dcaad3d3abf4cde6bf4c07e9e4fe7c3', 'area_id': None, 'unique_id': 'subaru_jf2abcde6l0000002_door_lock', 'platform': 'subaru', 'name': None, 'icon': None, 'disabled_by': None, 'capabilities': None, 'supported_features': 0, 'device_class': None, 'unit_of_measurement': None, 'original_name': 'test_vehicle_2 Door Lock', 'original_icon': None}, {'entity_id': 'sensor.test_vehicle_2_odometer', 'config_entry_id': 1, 'device_id': '5dcaad3d3abf4cde6bf4c07e9e4fe7c3', 'area_id': None, 'unique_id': 'subaru_jf2abcde6l0000002_odometer', 'platform': 'subaru', 'name': None, 'icon': None, 'disabled_by': None, 'capabilities': None, 'supported_features': 0, 'device_class': None, 'unit_of_measurement': 'km', 'original_name': 'test_vehicle_2 Odometer', 'original_icon': 'mdi:road-variant'}, {'entity_id': 'device_tracker.test_vehicle_2_location', 'config_entry_id': 1, 'device_id': '5dcaad3d3abf4cde6bf4c07e9e4fe7c3', 'area_id': None, 'unique_id': 'subaru_jf2abcde6l0000002_location', 'platform': 'subaru', 'name': None, 'icon': None, 'disabled_by': None, 'capabilities': None, 'supported_features': 0, 'device_class': None, 'unit_of_measurement': None, 'original_name': 'test_vehicle_2 Location', 'original_icon': None}]}}
DEBUG    homeassistant.core:core.py:712 Bus:Handling <Event homeassistant_close[L]>

tests/test_init.py::test_update_bad_location[pyloop] 
-------------------------------- live log setup --------------------------------
DEBUG    asyncio:selector_events.py:59 Using selector: KqueueSelector
-------------------------------- live log call ---------------------------------
INFO     homeassistant.loader:loader.py:292 Loaded subaru from custom_components.subaru
WARNING  homeassistant.loader:loader.py:465 You are using a custom integration for subaru which has not been tested by Home Assistant. This component might cause stability problems, be sure to disable it if you experience issues with Home Assistant.
INFO     homeassistant.setup:setup.py:183 Setting up subaru
INFO     homeassistant.setup:setup.py:232 Setup of domain subaru took 0.0 seconds
DEBUG    homeassistant.core:core.py:712 Bus:Handling <Event component_loaded[L]: component=subaru>
DEBUG    custom_components.subaru:update_coordinator.py:184 Finished fetching subaru_data data in 0.002 seconds
DEBUG    homeassistant.core:core.py:712 Bus:Handling <Event service_registered[L]: domain=subaru, service=fetch>
DEBUG    homeassistant.core:core.py:712 Bus:Handling <Event service_registered[L]: domain=subaru, service=horn>
DEBUG    homeassistant.core:core.py:712 Bus:Handling <Event service_registered[L]: domain=subaru, service=lights>
DEBUG    homeassistant.core:core.py:712 Bus:Handling <Event service_registered[L]: domain=subaru, service=lock>
DEBUG    homeassistant.core:core.py:712 Bus:Handling <Event service_registered[L]: domain=subaru, service=unlock>
DEBUG    homeassistant.core:core.py:712 Bus:Handling <Event service_registered[L]: domain=subaru, service=update>
DEBUG    homeassistant.core:core.py:712 Bus:Handling <Event service_registered[L]: domain=subaru, service=remote_start>
DEBUG    homeassistant.core:core.py:712 Bus:Handling <Event service_registered[L]: domain=subaru, service=remote_stop>
DEBUG    homeassistant.core:core.py:712 Bus:Handling <Event service_registered[L]: domain=subaru, service=charge_start>
INFO     homeassistant.loader:loader.py:292 Loaded binary_sensor from homeassistant.components.binary_sensor
INFO     homeassistant.loader:loader.py:292 Loaded device_tracker from homeassistant.components.device_tracker
INFO     homeassistant.setup:setup.py:183 Setting up binary_sensor
INFO     homeassistant.loader:loader.py:292 Loaded lock from homeassistant.components.lock
INFO     homeassistant.loader:loader.py:292 Loaded sensor from homeassistant.components.sensor
INFO     homeassistant.setup:setup.py:232 Setup of domain binary_sensor took 0.0 seconds
DEBUG    homeassistant.core:core.py:712 Bus:Handling <Event component_loaded[L]: component=binary_sensor>
INFO     homeassistant.setup:setup.py:183 Setting up lock
DEBUG    homeassistant.core:core.py:712 Bus:Handling <Event service_registered[L]: domain=lock, service=unlock>
INFO     homeassistant.loader:loader.py:292 Loaded zone from homeassistant.components.zone
DEBUG    homeassistant.core:core.py:712 Bus:Handling <Event service_registered[L]: domain=lock, service=lock>
DEBUG    homeassistant.core:core.py:712 Bus:Handling <Event service_registered[L]: domain=lock, service=open>
INFO     homeassistant.setup:setup.py:232 Setup of domain lock took 0.0 seconds
INFO     homeassistant.setup:setup.py:183 Setting up sensor
INFO     homeassistant.setup:setup.py:232 Setup of domain sensor took 0.0 seconds
INFO     homeassistant.components.binary_sensor:entity_platform.py:185 Setting up binary_sensor.subaru
DEBUG    homeassistant.core:core.py:712 Bus:Handling <Event component_loaded[L]: component=lock>
DEBUG    homeassistant.core:core.py:712 Bus:Handling <Event component_loaded[L]: component=sensor>
DEBUG    homeassistant.setup:setup.py:96 Dependency device_tracker will wait for dependencies ['zone']
INFO     homeassistant.components.lock:entity_platform.py:185 Setting up lock.subaru
INFO     homeassistant.components.sensor:entity_platform.py:185 Setting up sensor.subaru
INFO     homeassistant.setup:setup.py:183 Setting up zone
DEBUG    homeassistant.core:core.py:712 Bus:Handling <Event service_registered[L]: domain=zone, service=reload>
DEBUG    homeassistant.core:core.py:712 Bus:Handling <Event state_changed[L]: entity_id=zone.home, old_state=None, new_state=<state zone.home=zoning; latitude=32.87336, longitude=-117.22743, radius=100, passive=False, editable=True, friendly_name=test home, icon=mdi:home @ 2020-12-06T18:52:09.181555+00:00>>
DEBUG    custom_components.subaru:update_coordinator.py:184 Finished fetching subaru_data data in 0.000 seconds
DEBUG    homeassistant.core:core.py:712 Bus:Handling <Event device_registry_updated[L]: action=create, device_id=abe95019e008f53d3c94ab7ccb34b304>
INFO     homeassistant.helpers.entity_registry:entity_registry.py:271 Registered new binary_sensor.subaru entity: binary_sensor.test_vehicle_2_trunk
DEBUG    homeassistant.core:core.py:712 Bus:Handling <Event entity_registry_updated[L]: action=create, entity_id=binary_sensor.test_vehicle_2_trunk>
DEBUG    homeassistant.core:core.py:712 Bus:Handling <Event state_changed[L]: entity_id=binary_sensor.test_vehicle_2_trunk, old_state=None, new_state=<state binary_sensor.test_vehicle_2_trunk=off; friendly_name=test_vehicle_2 Trunk, icon=mdi:door-closed, device_class=door @ 2020-12-06T18:52:09.183647+00:00>>
INFO     homeassistant.helpers.entity_registry:entity_registry.py:271 Registered new binary_sensor.subaru entity: binary_sensor.test_vehicle_2_hood
DEBUG    homeassistant.core:core.py:712 Bus:Handling <Event entity_registry_updated[L]: action=create, entity_id=binary_sensor.test_vehicle_2_hood>
DEBUG    homeassistant.core:core.py:712 Bus:Handling <Event state_changed[L]: entity_id=binary_sensor.test_vehicle_2_hood, old_state=None, new_state=<state binary_sensor.test_vehicle_2_hood=off; friendly_name=test_vehicle_2 Hood, icon=mdi:door-closed, device_class=door @ 2020-12-06T18:52:09.184769+00:00>>
INFO     homeassistant.helpers.entity_registry:entity_registry.py:271 Registered new binary_sensor.subaru entity: binary_sensor.test_vehicle_2_front_left_door
DEBUG    homeassistant.core:core.py:712 Bus:Handling <Event entity_registry_updated[L]: action=create, entity_id=binary_sensor.test_vehicle_2_front_left_door>
DEBUG    homeassistant.core:core.py:712 Bus:Handling <Event state_changed[L]: entity_id=binary_sensor.test_vehicle_2_front_left_door, old_state=None, new_state=<state binary_sensor.test_vehicle_2_front_left_door=off; friendly_name=test_vehicle_2 Front Left Door, icon=mdi:door-closed, device_class=door @ 2020-12-06T18:52:09.185950+00:00>>
INFO     homeassistant.helpers.entity_registry:entity_registry.py:271 Registered new binary_sensor.subaru entity: binary_sensor.test_vehicle_2_front_right_door
DEBUG    homeassistant.core:core.py:712 Bus:Handling <Event entity_registry_updated[L]: action=create, entity_id=binary_sensor.test_vehicle_2_front_right_door>
DEBUG    homeassistant.core:core.py:712 Bus:Handling <Event state_changed[L]: entity_id=binary_sensor.test_vehicle_2_front_right_door, old_state=None, new_state=<state binary_sensor.test_vehicle_2_front_right_door=off; friendly_name=test_vehicle_2 Front Right Door, icon=mdi:door-closed, device_class=door @ 2020-12-06T18:52:09.187148+00:00>>
INFO     homeassistant.helpers.entity_registry:entity_registry.py:271 Registered new binary_sensor.subaru entity: binary_sensor.test_vehicle_2_rear_left_door
DEBUG    homeassistant.core:core.py:712 Bus:Handling <Event entity_registry_updated[L]: action=create, entity_id=binary_sensor.test_vehicle_2_rear_left_door>
DEBUG    homeassistant.core:core.py:712 Bus:Handling <Event state_changed[L]: entity_id=binary_sensor.test_vehicle_2_rear_left_door, old_state=None, new_state=<state binary_sensor.test_vehicle_2_rear_left_door=off; friendly_name=test_vehicle_2 Rear Left Door, icon=mdi:door-closed, device_class=door @ 2020-12-06T18:52:09.188236+00:00>>
INFO     homeassistant.helpers.entity_registry:entity_registry.py:271 Registered new binary_sensor.subaru entity: binary_sensor.test_vehicle_2_rear_right_door
DEBUG    homeassistant.core:core.py:712 Bus:Handling <Event entity_registry_updated[L]: action=create, entity_id=binary_sensor.test_vehicle_2_rear_right_door>
DEBUG    homeassistant.core:core.py:712 Bus:Handling <Event state_changed[L]: entity_id=binary_sensor.test_vehicle_2_rear_right_door, old_state=None, new_state=<state binary_sensor.test_vehicle_2_rear_right_door=off; friendly_name=test_vehicle_2 Rear Right Door, icon=mdi:door-closed, device_class=door @ 2020-12-06T18:52:09.189270+00:00>>
INFO     homeassistant.helpers.entity_registry:entity_registry.py:271 Registered new binary_sensor.subaru entity: binary_sensor.test_vehicle_2_ev_charge_port
DEBUG    homeassistant.core:core.py:712 Bus:Handling <Event entity_registry_updated[L]: action=create, entity_id=binary_sensor.test_vehicle_2_ev_charge_port>
DEBUG    homeassistant.core:core.py:712 Bus:Handling <Event state_changed[L]: entity_id=binary_sensor.test_vehicle_2_ev_charge_port, old_state=None, new_state=<state binary_sensor.test_vehicle_2_ev_charge_port=on; friendly_name=test_vehicle_2 EV Charge Port, icon=mdi:power-plug, device_class=plug @ 2020-12-06T18:52:09.190301+00:00>>
INFO     homeassistant.helpers.entity_registry:entity_registry.py:271 Registered new binary_sensor.subaru entity: binary_sensor.test_vehicle_2_ev_battery_charging
DEBUG    homeassistant.core:core.py:712 Bus:Handling <Event entity_registry_updated[L]: action=create, entity_id=binary_sensor.test_vehicle_2_ev_battery_charging>
DEBUG    homeassistant.core:core.py:712 Bus:Handling <Event state_changed[L]: entity_id=binary_sensor.test_vehicle_2_ev_battery_charging, old_state=None, new_state=<state binary_sensor.test_vehicle_2_ev_battery_charging=off; friendly_name=test_vehicle_2 EV Battery Charging, icon=mdi:car, device_class=battery_charging @ 2020-12-06T18:52:09.191415+00:00>>
INFO     homeassistant.helpers.entity_registry:entity_registry.py:271 Registered new lock.subaru entity: lock.test_vehicle_2_door_lock
DEBUG    homeassistant.core:core.py:712 Bus:Handling <Event entity_registry_updated[L]: action=create, entity_id=lock.test_vehicle_2_door_lock>
DEBUG    homeassistant.core:core.py:712 Bus:Handling <Event state_changed[L]: entity_id=lock.test_vehicle_2_door_lock, old_state=None, new_state=<state lock.test_vehicle_2_door_lock=unknown; friendly_name=test_vehicle_2 Door Lock @ 2020-12-06T18:52:09.192500+00:00>>
INFO     homeassistant.helpers.entity_registry:entity_registry.py:271 Registered new sensor.subaru entity: sensor.test_vehicle_2_odometer
DEBUG    homeassistant.core:core.py:712 Bus:Handling <Event entity_registry_updated[L]: action=create, entity_id=sensor.test_vehicle_2_odometer>
DEBUG    homeassistant.core:core.py:712 Bus:Handling <Event state_changed[L]: entity_id=sensor.test_vehicle_2_odometer, old_state=None, new_state=<state sensor.test_vehicle_2_odometer=1234; unit_of_measurement=km, friendly_name=test_vehicle_2 Odometer, icon=mdi:road-variant @ 2020-12-06T18:52:09.193519+00:00>>
INFO     homeassistant.helpers.entity_registry:entity_registry.py:271 Registered new sensor.subaru entity: sensor.test_vehicle_2_avg_fuel_consumption
DEBUG    homeassistant.core:core.py:712 Bus:Handling <Event entity_registry_updated[L]: action=create, entity_id=sensor.test_vehicle_2_avg_fuel_consumption>
DEBUG    homeassistant.core:core.py:712 Bus:Handling <Event state_changed[L]: entity_id=sensor.test_vehicle_2_avg_fuel_consumption, old_state=None, new_state=<state sensor.test_vehicle_2_avg_fuel_consumption=2.3; unit_of_measurement=L/100km, friendly_name=test_vehicle_2 Avg Fuel Consumption, icon=mdi:leaf @ 2020-12-06T18:52:09.194568+00:00>>
INFO     homeassistant.helpers.entity_registry:entity_registry.py:271 Registered new sensor.subaru entity: sensor.test_vehicle_2_range
DEBUG    homeassistant.core:core.py:712 Bus:Handling <Event entity_registry_updated[L]: action=create, entity_id=sensor.test_vehicle_2_range>
DEBUG    homeassistant.core:core.py:712 Bus:Handling <Event state_changed[L]: entity_id=sensor.test_vehicle_2_range, old_state=None, new_state=<state sensor.test_vehicle_2_range=707; unit_of_measurement=km, friendly_name=test_vehicle_2 Range, icon=mdi:gas-station @ 2020-12-06T18:52:09.195557+00:00>>
INFO     homeassistant.helpers.entity_registry:entity_registry.py:271 Registered new sensor.subaru entity: sensor.test_vehicle_2_external_temp
DEBUG    homeassistant.core:core.py:712 Bus:Handling <Event entity_registry_updated[L]: action=create, entity_id=sensor.test_vehicle_2_external_temp>
DEBUG    homeassistant.core:core.py:712 Bus:Handling <Event state_changed[L]: entity_id=sensor.test_vehicle_2_external_temp, old_state=None, new_state=<state sensor.test_vehicle_2_external_temp=21.5; unit_of_measurement=°C, friendly_name=test_vehicle_2 External Temp, icon=mdi:thermometer @ 2020-12-06T18:52:09.196560+00:00>>
INFO     homeassistant.helpers.entity_registry:entity_registry.py:271 Registered new sensor.subaru entity: sensor.test_vehicle_2_12v_battery_voltage
DEBUG    homeassistant.core:core.py:712 Bus:Handling <Event entity_registry_updated[L]: action=create, entity_id=sensor.test_vehicle_2_12v_battery_voltage>
DEBUG    homeassistant.core:core.py:712 Bus:Handling <Event state_changed[L]: entity_id=sensor.test_vehicle_2_12v_battery_voltage, old_state=None, new_state=<state sensor.test_vehicle_2_12v_battery_voltage=12.0; unit_of_measurement=V, friendly_name=test_vehicle_2 12V Battery Voltage, icon=mdi:car-battery @ 2020-12-06T18:52:09.197574+00:00>>
INFO     homeassistant.helpers.entity_registry:entity_registry.py:271 Registered new sensor.subaru entity: sensor.test_vehicle_2_tire_pressure_fl
DEBUG    homeassistant.core:core.py:712 Bus:Handling <Event entity_registry_updated[L]: action=create, entity_id=sensor.test_vehicle_2_tire_pressure_fl>
DEBUG    homeassistant.core:core.py:712 Bus:Handling <Event state_changed[L]: entity_id=sensor.test_vehicle_2_tire_pressure_fl, old_state=None, new_state=<state sensor.test_vehicle_2_tire_pressure_fl=2550; unit_of_measurement=hPa, friendly_name=test_vehicle_2 Tire Pressure FL, icon=mdi:gauge @ 2020-12-06T18:52:09.198592+00:00>>
INFO     homeassistant.helpers.entity_registry:entity_registry.py:271 Registered new sensor.subaru entity: sensor.test_vehicle_2_tire_pressure_fr
DEBUG    homeassistant.core:core.py:712 Bus:Handling <Event entity_registry_updated[L]: action=create, entity_id=sensor.test_vehicle_2_tire_pressure_fr>
DEBUG    homeassistant.core:core.py:712 Bus:Handling <Event state_changed[L]: entity_id=sensor.test_vehicle_2_tire_pressure_fr, old_state=None, new_state=<state sensor.test_vehicle_2_tire_pressure_fr=2550; unit_of_measurement=hPa, friendly_name=test_vehicle_2 Tire Pressure FR, icon=mdi:gauge @ 2020-12-06T18:52:09.199621+00:00>>
INFO     homeassistant.helpers.entity_registry:entity_registry.py:271 Registered new sensor.subaru entity: sensor.test_vehicle_2_tire_pressure_rl
DEBUG    homeassistant.core:core.py:712 Bus:Handling <Event entity_registry_updated[L]: action=create, entity_id=sensor.test_vehicle_2_tire_pressure_rl>
DEBUG    homeassistant.core:core.py:712 Bus:Handling <Event state_changed[L]: entity_id=sensor.test_vehicle_2_tire_pressure_rl, old_state=None, new_state=<state sensor.test_vehicle_2_tire_pressure_rl=2450; unit_of_measurement=hPa, friendly_name=test_vehicle_2 Tire Pressure RL, icon=mdi:gauge @ 2020-12-06T18:52:09.200604+00:00>>
INFO     homeassistant.helpers.entity_registry:entity_registry.py:271 Registered new sensor.subaru entity: sensor.test_vehicle_2_tire_pressure_rr
DEBUG    homeassistant.core:core.py:712 Bus:Handling <Event entity_registry_updated[L]: action=create, entity_id=sensor.test_vehicle_2_tire_pressure_rr>
DEBUG    homeassistant.core:core.py:712 Bus:Handling <Event state_changed[L]: entity_id=sensor.test_vehicle_2_tire_pressure_rr, old_state=None, new_state=<state sensor.test_vehicle_2_tire_pressure_rr=2350; unit_of_measurement=hPa, friendly_name=test_vehicle_2 Tire Pressure RR, icon=mdi:gauge @ 2020-12-06T18:52:09.201580+00:00>>
INFO     homeassistant.helpers.entity_registry:entity_registry.py:271 Registered new sensor.subaru entity: sensor.test_vehicle_2_ev_range
DEBUG    homeassistant.core:core.py:712 Bus:Handling <Event entity_registry_updated[L]: action=create, entity_id=sensor.test_vehicle_2_ev_range>
DEBUG    homeassistant.core:core.py:712 Bus:Handling <Event state_changed[L]: entity_id=sensor.test_vehicle_2_ev_range, old_state=None, new_state=<state sensor.test_vehicle_2_ev_range=27.4; unit_of_measurement=km, friendly_name=test_vehicle_2 EV Range, icon=mdi:ev-station @ 2020-12-06T18:52:09.202648+00:00>>
INFO     homeassistant.helpers.entity_registry:entity_registry.py:271 Registered new sensor.subaru entity: sensor.test_vehicle_2_ev_battery_level
DEBUG    homeassistant.core:core.py:712 Bus:Handling <Event entity_registry_updated[L]: action=create, entity_id=sensor.test_vehicle_2_ev_battery_level>
DEBUG    homeassistant.core:core.py:712 Bus:Handling <Event state_changed[L]: entity_id=sensor.test_vehicle_2_ev_battery_level, old_state=None, new_state=<state sensor.test_vehicle_2_ev_battery_level=100; unit_of_measurement=%, friendly_name=test_vehicle_2 EV Battery Level, icon=mdi:battery @ 2020-12-06T18:52:09.203571+00:00>>
INFO     homeassistant.helpers.entity_registry:entity_registry.py:271 Registered new sensor.subaru entity: sensor.test_vehicle_2_ev_time_to_full_charge
DEBUG    homeassistant.core:core.py:712 Bus:Handling <Event entity_registry_updated[L]: action=create, entity_id=sensor.test_vehicle_2_ev_time_to_full_charge>
DEBUG    homeassistant.core:core.py:712 Bus:Handling <Event state_changed[L]: entity_id=sensor.test_vehicle_2_ev_time_to_full_charge, old_state=None, new_state=<state sensor.test_vehicle_2_ev_time_to_full_charge=unknown; unit_of_measurement=min, friendly_name=test_vehicle_2 EV Time to Full Charge, icon=mdi:car-electric @ 2020-12-06T18:52:09.204485+00:00>>
INFO     homeassistant.setup:setup.py:232 Setup of domain zone took 0.0 seconds
DEBUG    homeassistant.core:core.py:712 Bus:Handling <Event component_loaded[L]: component=zone>
INFO     homeassistant.helpers.entity_registry:entity_registry.py:271 Registered new binary_sensor.subaru entity: binary_sensor.test_vehicle_2_ignition
DEBUG    homeassistant.core:core.py:712 Bus:Handling <Event entity_registry_updated[L]: action=create, entity_id=binary_sensor.test_vehicle_2_ignition>
DEBUG    homeassistant.core:core.py:712 Bus:Handling <Event state_changed[L]: entity_id=binary_sensor.test_vehicle_2_ignition, old_state=None, new_state=<state binary_sensor.test_vehicle_2_ignition=off; friendly_name=test_vehicle_2 Ignition, icon=mdi:engine-off, device_class=power @ 2020-12-06T18:52:09.206644+00:00>>
INFO     homeassistant.setup:setup.py:183 Setting up device_tracker
DEBUG    homeassistant.core:core.py:712 Bus:Handling <Event service_registered[L]: domain=device_tracker, service=see>
INFO     homeassistant.setup:setup.py:232 Setup of domain device_tracker took 0.0 seconds
DEBUG    homeassistant.core:core.py:712 Bus:Handling <Event component_loaded[L]: component=device_tracker>
INFO     homeassistant.components.device_tracker:entity_platform.py:185 Setting up device_tracker.subaru
INFO     homeassistant.helpers.entity_registry:entity_registry.py:271 Registered new device_tracker.subaru entity: device_tracker.test_vehicle_2_location
DEBUG    homeassistant.core:core.py:712 Bus:Handling <Event entity_registry_updated[L]: action=create, entity_id=device_tracker.test_vehicle_2_location>
DEBUG    homeassistant.core:core.py:712 Bus:Handling <Event state_changed[L]: entity_id=device_tracker.test_vehicle_2_location, old_state=None, new_state=<state device_tracker.test_vehicle_2_location=not_home; source_type=gps, latitude=40.0, longitude=-100.0, gps_accuracy=0, friendly_name=test_vehicle_2 Location @ 2020-12-06T18:52:09.210102+00:00>>
DEBUG    custom_components.subaru:update_coordinator.py:184 Finished fetching subaru_data data in 0.002 seconds
DEBUG    homeassistant.core:core.py:712 Bus:Handling <Event state_changed[L]: entity_id=device_tracker.test_vehicle_2_location, old_state=<state device_tracker.test_vehicle_2_location=not_home; source_type=gps, latitude=40.0, longitude=-100.0, gps_accuracy=0, friendly_name=test_vehicle_2 Location @ 2020-12-06T18:52:09.210102+00:00>, new_state=<state device_tracker.test_vehicle_2_location=not_home; source_type=gps, latitude=40.0, longitude=-100.0, gps_accuracy=0, friendly_name=test_vehicle_2 Location @ 2020-12-06T18:52:09.215912+00:00>>
PASSED                                                                   [ 55%]
------------------------------ live log teardown -------------------------------
DEBUG    homeassistant.core:core.py:712 Bus:Handling <Event homeassistant_stop[L]>
DEBUG    homeassistant.core:core.py:712 Bus:Handling <Event homeassistant_final_write[L]>
INFO     pytest_homeassistant_custom_component.common:common.py:931 Writing data to core.device_registry: {'version': 1, 'key': 'core.device_registry', 'data': {'devices': [{'config_entries': [1], 'connections': [], 'identifiers': [('subaru', 'JF2ABCDE6L0000002')], 'manufacturer': 'subaru', 'model': None, 'name': 'test_vehicle_2', 'sw_version': None, 'entry_type': None, 'id': 'abe95019e008f53d3c94ab7ccb34b304', 'via_device_id': None, 'area_id': None, 'name_by_user': None}], 'deleted_devices': []}}
INFO     pytest_homeassistant_custom_component.common:common.py:931 Writing data to core.entity_registry: {'version': 1, 'key': 'core.entity_registry', 'data': {'entities': [{'entity_id': 'binary_sensor.test_vehicle_2_trunk', 'config_entry_id': 1, 'device_id': 'abe95019e008f53d3c94ab7ccb34b304', 'area_id': None, 'unique_id': 'subaru_jf2abcde6l0000002_trunk', 'platform': 'subaru', 'name': None, 'icon': None, 'disabled_by': None, 'capabilities': None, 'supported_features': 0, 'device_class': 'door', 'unit_of_measurement': None, 'original_name': 'test_vehicle_2 Trunk', 'original_icon': 'mdi:door-closed'}, {'entity_id': 'binary_sensor.test_vehicle_2_hood', 'config_entry_id': 1, 'device_id': 'abe95019e008f53d3c94ab7ccb34b304', 'area_id': None, 'unique_id': 'subaru_jf2abcde6l0000002_hood', 'platform': 'subaru', 'name': None, 'icon': None, 'disabled_by': None, 'capabilities': None, 'supported_features': 0, 'device_class': 'door', 'unit_of_measurement': None, 'original_name': 'test_vehicle_2 Hood', 'original_icon': 'mdi:door-closed'}, {'entity_id': 'binary_sensor.test_vehicle_2_front_left_door', 'config_entry_id': 1, 'device_id': 'abe95019e008f53d3c94ab7ccb34b304', 'area_id': None, 'unique_id': 'subaru_jf2abcde6l0000002_front_left_door', 'platform': 'subaru', 'name': None, 'icon': None, 'disabled_by': None, 'capabilities': None, 'supported_features': 0, 'device_class': 'door', 'unit_of_measurement': None, 'original_name': 'test_vehicle_2 Front Left Door', 'original_icon': 'mdi:door-closed'}, {'entity_id': 'binary_sensor.test_vehicle_2_front_right_door', 'config_entry_id': 1, 'device_id': 'abe95019e008f53d3c94ab7ccb34b304', 'area_id': None, 'unique_id': 'subaru_jf2abcde6l0000002_front_right_door', 'platform': 'subaru', 'name': None, 'icon': None, 'disabled_by': None, 'capabilities': None, 'supported_features': 0, 'device_class': 'door', 'unit_of_measurement': None, 'original_name': 'test_vehicle_2 Front Right Door', 'original_icon': 'mdi:door-closed'}, {'entity_id': 'binary_sensor.test_vehicle_2_rear_left_door', 'config_entry_id': 1, 'device_id': 'abe95019e008f53d3c94ab7ccb34b304', 'area_id': None, 'unique_id': 'subaru_jf2abcde6l0000002_rear_left_door', 'platform': 'subaru', 'name': None, 'icon': None, 'disabled_by': None, 'capabilities': None, 'supported_features': 0, 'device_class': 'door', 'unit_of_measurement': None, 'original_name': 'test_vehicle_2 Rear Left Door', 'original_icon': 'mdi:door-closed'}, {'entity_id': 'binary_sensor.test_vehicle_2_rear_right_door', 'config_entry_id': 1, 'device_id': 'abe95019e008f53d3c94ab7ccb34b304', 'area_id': None, 'unique_id': 'subaru_jf2abcde6l0000002_rear_right_door', 'platform': 'subaru', 'name': None, 'icon': None, 'disabled_by': None, 'capabilities': None, 'supported_features': 0, 'device_class': 'door', 'unit_of_measurement': None, 'original_name': 'test_vehicle_2 Rear Right Door', 'original_icon': 'mdi:door-closed'}, {'entity_id': 'binary_sensor.test_vehicle_2_ev_charge_port', 'config_entry_id': 1, 'device_id': 'abe95019e008f53d3c94ab7ccb34b304', 'area_id': None, 'unique_id': 'subaru_jf2abcde6l0000002_ev_charge_port', 'platform': 'subaru', 'name': None, 'icon': None, 'disabled_by': None, 'capabilities': None, 'supported_features': 0, 'device_class': 'plug', 'unit_of_measurement': None, 'original_name': 'test_vehicle_2 EV Charge Port', 'original_icon': 'mdi:power-plug'}, {'entity_id': 'binary_sensor.test_vehicle_2_ev_battery_charging', 'config_entry_id': 1, 'device_id': 'abe95019e008f53d3c94ab7ccb34b304', 'area_id': None, 'unique_id': 'subaru_jf2abcde6l0000002_ev_battery_charging', 'platform': 'subaru', 'name': None, 'icon': None, 'disabled_by': None, 'capabilities': None, 'supported_features': 0, 'device_class': 'battery_charging', 'unit_of_measurement': None, 'original_name': 'test_vehicle_2 EV Battery Charging', 'original_icon': 'mdi:car'}, {'entity_id': 'lock.test_vehicle_2_door_lock', 'config_entry_id': 1, 'device_id': 'abe95019e008f53d3c94ab7ccb34b304', 'area_id': None, 'unique_id': 'subaru_jf2abcde6l0000002_door_lock', 'platform': 'subaru', 'name': None, 'icon': None, 'disabled_by': None, 'capabilities': None, 'supported_features': 0, 'device_class': None, 'unit_of_measurement': None, 'original_name': 'test_vehicle_2 Door Lock', 'original_icon': None}, {'entity_id': 'sensor.test_vehicle_2_odometer', 'config_entry_id': 1, 'device_id': 'abe95019e008f53d3c94ab7ccb34b304', 'area_id': None, 'unique_id': 'subaru_jf2abcde6l0000002_odometer', 'platform': 'subaru', 'name': None, 'icon': None, 'disabled_by': None, 'capabilities': None, 'supported_features': 0, 'device_class': None, 'unit_of_measurement': 'km', 'original_name': 'test_vehicle_2 Odometer', 'original_icon': 'mdi:road-variant'}, {'entity_id': 'sensor.test_vehicle_2_avg_fuel_consumption', 'config_entry_id': 1, 'device_id': 'abe95019e008f53d3c94ab7ccb34b304', 'area_id': None, 'unique_id': 'subaru_jf2abcde6l0000002_avg_fuel_consumption', 'platform': 'subaru', 'name': None, 'icon': None, 'disabled_by': None, 'capabilities': None, 'supported_features': 0, 'device_class': None, 'unit_of_measurement': 'L/100km', 'original_name': 'test_vehicle_2 Avg Fuel Consumption', 'original_icon': 'mdi:leaf'}, {'entity_id': 'sensor.test_vehicle_2_range', 'config_entry_id': 1, 'device_id': 'abe95019e008f53d3c94ab7ccb34b304', 'area_id': None, 'unique_id': 'subaru_jf2abcde6l0000002_range', 'platform': 'subaru', 'name': None, 'icon': None, 'disabled_by': None, 'capabilities': None, 'supported_features': 0, 'device_class': None, 'unit_of_measurement': 'km', 'original_name': 'test_vehicle_2 Range', 'original_icon': 'mdi:gas-station'}, {'entity_id': 'sensor.test_vehicle_2_external_temp', 'config_entry_id': 1, 'device_id': 'abe95019e008f53d3c94ab7ccb34b304', 'area_id': None, 'unique_id': 'subaru_jf2abcde6l0000002_external_temp', 'platform': 'subaru', 'name': None, 'icon': None, 'disabled_by': None, 'capabilities': None, 'supported_features': 0, 'device_class': None, 'unit_of_measurement': '°C', 'original_name': 'test_vehicle_2 External Temp', 'original_icon': 'mdi:thermometer'}, {'entity_id': 'sensor.test_vehicle_2_12v_battery_voltage', 'config_entry_id': 1, 'device_id': 'abe95019e008f53d3c94ab7ccb34b304', 'area_id': None, 'unique_id': 'subaru_jf2abcde6l0000002_12v_battery_voltage', 'platform': 'subaru', 'name': None, 'icon': None, 'disabled_by': None, 'capabilities': None, 'supported_features': 0, 'device_class': None, 'unit_of_measurement': 'V', 'original_name': 'test_vehicle_2 12V Battery Voltage', 'original_icon': 'mdi:car-battery'}, {'entity_id': 'sensor.test_vehicle_2_tire_pressure_fl', 'config_entry_id': 1, 'device_id': 'abe95019e008f53d3c94ab7ccb34b304', 'area_id': None, 'unique_id': 'subaru_jf2abcde6l0000002_tire_pressure_fl', 'platform': 'subaru', 'name': None, 'icon': None, 'disabled_by': None, 'capabilities': None, 'supported_features': 0, 'device_class': None, 'unit_of_measurement': 'hPa', 'original_name': 'test_vehicle_2 Tire Pressure FL', 'original_icon': 'mdi:gauge'}, {'entity_id': 'sensor.test_vehicle_2_tire_pressure_fr', 'config_entry_id': 1, 'device_id': 'abe95019e008f53d3c94ab7ccb34b304', 'area_id': None, 'unique_id': 'subaru_jf2abcde6l0000002_tire_pressure_fr', 'platform': 'subaru', 'name': None, 'icon': None, 'disabled_by': None, 'capabilities': None, 'supported_features': 0, 'device_class': None, 'unit_of_measurement': 'hPa', 'original_name': 'test_vehicle_2 Tire Pressure FR', 'original_icon': 'mdi:gauge'}, {'entity_id': 'sensor.test_vehicle_2_tire_pressure_rl', 'config_entry_id': 1, 'device_id': 'abe95019e008f53d3c94ab7ccb34b304', 'area_id': None, 'unique_id': 'subaru_jf2abcde6l0000002_tire_pressure_rl', 'platform': 'subaru', 'name': None, 'icon': None, 'disabled_by': None, 'capabilities': None, 'supported_features': 0, 'device_class': None, 'unit_of_measurement': 'hPa', 'original_name': 'test_vehicle_2 Tire Pressure RL', 'original_icon': 'mdi:gauge'}, {'entity_id': 'sensor.test_vehicle_2_tire_pressure_rr', 'config_entry_id': 1, 'device_id': 'abe95019e008f53d3c94ab7ccb34b304', 'area_id': None, 'unique_id': 'subaru_jf2abcde6l0000002_tire_pressure_rr', 'platform': 'subaru', 'name': None, 'icon': None, 'disabled_by': None, 'capabilities': None, 'supported_features': 0, 'device_class': None, 'unit_of_measurement': 'hPa', 'original_name': 'test_vehicle_2 Tire Pressure RR', 'original_icon': 'mdi:gauge'}, {'entity_id': 'sensor.test_vehicle_2_ev_range', 'config_entry_id': 1, 'device_id': 'abe95019e008f53d3c94ab7ccb34b304', 'area_id': None, 'unique_id': 'subaru_jf2abcde6l0000002_ev_range', 'platform': 'subaru', 'name': None, 'icon': None, 'disabled_by': None, 'capabilities': None, 'supported_features': 0, 'device_class': None, 'unit_of_measurement': 'km', 'original_name': 'test_vehicle_2 EV Range', 'original_icon': 'mdi:ev-station'}, {'entity_id': 'sensor.test_vehicle_2_ev_battery_level', 'config_entry_id': 1, 'device_id': 'abe95019e008f53d3c94ab7ccb34b304', 'area_id': None, 'unique_id': 'subaru_jf2abcde6l0000002_ev_battery_level', 'platform': 'subaru', 'name': None, 'icon': None, 'disabled_by': None, 'capabilities': None, 'supported_features': 0, 'device_class': None, 'unit_of_measurement': '%', 'original_name': 'test_vehicle_2 EV Battery Level', 'original_icon': 'mdi:battery-unknown'}, {'entity_id': 'sensor.test_vehicle_2_ev_time_to_full_charge', 'config_entry_id': 1, 'device_id': 'abe95019e008f53d3c94ab7ccb34b304', 'area_id': None, 'unique_id': 'subaru_jf2abcde6l0000002_ev_time_to_full_charge', 'platform': 'subaru', 'name': None, 'icon': None, 'disabled_by': None, 'capabilities': None, 'supported_features': 0, 'device_class': None, 'unit_of_measurement': 'min', 'original_name': 'test_vehicle_2 EV Time to Full Charge', 'original_icon': 'mdi:car-electric'}, {'entity_id': 'binary_sensor.test_vehicle_2_ignition', 'config_entry_id': 1, 'device_id': 'abe95019e008f53d3c94ab7ccb34b304', 'area_id': None, 'unique_id': 'subaru_jf2abcde6l0000002_ignition', 'platform': 'subaru', 'name': None, 'icon': None, 'disabled_by': None, 'capabilities': None, 'supported_features': 0, 'device_class': 'power', 'unit_of_measurement': None, 'original_name': 'test_vehicle_2 Ignition', 'original_icon': 'mdi:engine-off'}, {'entity_id': 'device_tracker.test_vehicle_2_location', 'config_entry_id': 1, 'device_id': 'abe95019e008f53d3c94ab7ccb34b304', 'area_id': None, 'unique_id': 'subaru_jf2abcde6l0000002_location', 'platform': 'subaru', 'name': None, 'icon': None, 'disabled_by': None, 'capabilities': None, 'supported_features': 0, 'device_class': None, 'unit_of_measurement': None, 'original_name': 'test_vehicle_2 Location', 'original_icon': None}]}}
DEBUG    homeassistant.core:core.py:712 Bus:Handling <Event homeassistant_close[L]>

tests/test_init.py::test_update_listener[pyloop] 
-------------------------------- live log setup --------------------------------
DEBUG    asyncio:selector_events.py:59 Using selector: KqueueSelector
-------------------------------- live log call ---------------------------------
INFO     homeassistant.loader:loader.py:292 Loaded subaru from custom_components.subaru
WARNING  homeassistant.loader:loader.py:465 You are using a custom integration for subaru which has not been tested by Home Assistant. This component might cause stability problems, be sure to disable it if you experience issues with Home Assistant.
INFO     homeassistant.setup:setup.py:183 Setting up subaru
INFO     homeassistant.setup:setup.py:232 Setup of domain subaru took 0.0 seconds
DEBUG    homeassistant.core:core.py:712 Bus:Handling <Event component_loaded[L]: component=subaru>
DEBUG    custom_components.subaru:update_coordinator.py:184 Finished fetching subaru_data data in 0.003 seconds
DEBUG    homeassistant.core:core.py:712 Bus:Handling <Event service_registered[L]: domain=subaru, service=fetch>
DEBUG    homeassistant.core:core.py:712 Bus:Handling <Event service_registered[L]: domain=subaru, service=horn>
DEBUG    homeassistant.core:core.py:712 Bus:Handling <Event service_registered[L]: domain=subaru, service=lights>
DEBUG    homeassistant.core:core.py:712 Bus:Handling <Event service_registered[L]: domain=subaru, service=lock>
DEBUG    homeassistant.core:core.py:712 Bus:Handling <Event service_registered[L]: domain=subaru, service=unlock>
DEBUG    homeassistant.core:core.py:712 Bus:Handling <Event service_registered[L]: domain=subaru, service=update>
DEBUG    homeassistant.core:core.py:712 Bus:Handling <Event service_registered[L]: domain=subaru, service=remote_start>
DEBUG    homeassistant.core:core.py:712 Bus:Handling <Event service_registered[L]: domain=subaru, service=remote_stop>
DEBUG    homeassistant.core:core.py:712 Bus:Handling <Event service_registered[L]: domain=subaru, service=charge_start>
INFO     homeassistant.loader:loader.py:292 Loaded device_tracker from homeassistant.components.device_tracker
INFO     homeassistant.loader:loader.py:292 Loaded lock from homeassistant.components.lock
INFO     homeassistant.loader:loader.py:292 Loaded binary_sensor from homeassistant.components.binary_sensor
INFO     homeassistant.loader:loader.py:292 Loaded sensor from homeassistant.components.sensor
INFO     homeassistant.setup:setup.py:183 Setting up lock
INFO     homeassistant.loader:loader.py:292 Loaded zone from homeassistant.components.zone
DEBUG    homeassistant.core:core.py:712 Bus:Handling <Event service_registered[L]: domain=lock, service=unlock>
DEBUG    homeassistant.core:core.py:712 Bus:Handling <Event service_registered[L]: domain=lock, service=lock>
DEBUG    homeassistant.core:core.py:712 Bus:Handling <Event service_registered[L]: domain=lock, service=open>
INFO     homeassistant.setup:setup.py:232 Setup of domain lock took 0.0 seconds
DEBUG    homeassistant.core:core.py:712 Bus:Handling <Event component_loaded[L]: component=lock>
INFO     homeassistant.setup:setup.py:183 Setting up binary_sensor
INFO     homeassistant.setup:setup.py:232 Setup of domain binary_sensor took 0.0 seconds
INFO     homeassistant.setup:setup.py:183 Setting up sensor
INFO     homeassistant.setup:setup.py:232 Setup of domain sensor took 0.0 seconds
DEBUG    homeassistant.setup:setup.py:96 Dependency device_tracker will wait for dependencies ['zone']
INFO     homeassistant.components.lock:entity_platform.py:185 Setting up lock.subaru
DEBUG    homeassistant.core:core.py:712 Bus:Handling <Event component_loaded[L]: component=binary_sensor>
DEBUG    homeassistant.core:core.py:712 Bus:Handling <Event component_loaded[L]: component=sensor>
INFO     homeassistant.components.binary_sensor:entity_platform.py:185 Setting up binary_sensor.subaru
INFO     homeassistant.components.sensor:entity_platform.py:185 Setting up sensor.subaru
INFO     homeassistant.setup:setup.py:183 Setting up zone
DEBUG    homeassistant.core:core.py:712 Bus:Handling <Event service_registered[L]: domain=zone, service=reload>
DEBUG    homeassistant.core:core.py:712 Bus:Handling <Event state_changed[L]: entity_id=zone.home, old_state=None, new_state=<state zone.home=zoning; latitude=32.87336, longitude=-117.22743, radius=100, passive=False, editable=True, friendly_name=test home, icon=mdi:home @ 2020-12-06T18:52:09.304033+00:00>>
DEBUG    custom_components.subaru:update_coordinator.py:184 Finished fetching subaru_data data in 0.000 seconds
DEBUG    homeassistant.core:core.py:712 Bus:Handling <Event device_registry_updated[L]: action=create, device_id=4cc7e8cf640ef6adb76d5e7b5c6dbdcd>
INFO     homeassistant.helpers.entity_registry:entity_registry.py:271 Registered new binary_sensor.subaru entity: binary_sensor.test_vehicle_2_ignition
DEBUG    homeassistant.core:core.py:712 Bus:Handling <Event entity_registry_updated[L]: action=create, entity_id=binary_sensor.test_vehicle_2_ignition>
DEBUG    homeassistant.core:core.py:712 Bus:Handling <Event state_changed[L]: entity_id=binary_sensor.test_vehicle_2_ignition, old_state=None, new_state=<state binary_sensor.test_vehicle_2_ignition=off; friendly_name=test_vehicle_2 Ignition, icon=mdi:engine-off, device_class=power @ 2020-12-06T18:52:09.306366+00:00>>
INFO     homeassistant.helpers.entity_registry:entity_registry.py:271 Registered new binary_sensor.subaru entity: binary_sensor.test_vehicle_2_trunk
DEBUG    homeassistant.core:core.py:712 Bus:Handling <Event entity_registry_updated[L]: action=create, entity_id=binary_sensor.test_vehicle_2_trunk>
DEBUG    homeassistant.core:core.py:712 Bus:Handling <Event state_changed[L]: entity_id=binary_sensor.test_vehicle_2_trunk, old_state=None, new_state=<state binary_sensor.test_vehicle_2_trunk=off; friendly_name=test_vehicle_2 Trunk, icon=mdi:door-closed, device_class=door @ 2020-12-06T18:52:09.307540+00:00>>
INFO     homeassistant.helpers.entity_registry:entity_registry.py:271 Registered new binary_sensor.subaru entity: binary_sensor.test_vehicle_2_hood
DEBUG    homeassistant.core:core.py:712 Bus:Handling <Event entity_registry_updated[L]: action=create, entity_id=binary_sensor.test_vehicle_2_hood>
DEBUG    homeassistant.core:core.py:712 Bus:Handling <Event state_changed[L]: entity_id=binary_sensor.test_vehicle_2_hood, old_state=None, new_state=<state binary_sensor.test_vehicle_2_hood=off; friendly_name=test_vehicle_2 Hood, icon=mdi:door-closed, device_class=door @ 2020-12-06T18:52:09.308674+00:00>>
INFO     homeassistant.helpers.entity_registry:entity_registry.py:271 Registered new binary_sensor.subaru entity: binary_sensor.test_vehicle_2_front_left_door
DEBUG    homeassistant.core:core.py:712 Bus:Handling <Event entity_registry_updated[L]: action=create, entity_id=binary_sensor.test_vehicle_2_front_left_door>
DEBUG    homeassistant.core:core.py:712 Bus:Handling <Event state_changed[L]: entity_id=binary_sensor.test_vehicle_2_front_left_door, old_state=None, new_state=<state binary_sensor.test_vehicle_2_front_left_door=off; friendly_name=test_vehicle_2 Front Left Door, icon=mdi:door-closed, device_class=door @ 2020-12-06T18:52:09.309820+00:00>>
INFO     homeassistant.helpers.entity_registry:entity_registry.py:271 Registered new binary_sensor.subaru entity: binary_sensor.test_vehicle_2_front_right_door
DEBUG    homeassistant.core:core.py:712 Bus:Handling <Event entity_registry_updated[L]: action=create, entity_id=binary_sensor.test_vehicle_2_front_right_door>
DEBUG    homeassistant.core:core.py:712 Bus:Handling <Event state_changed[L]: entity_id=binary_sensor.test_vehicle_2_front_right_door, old_state=None, new_state=<state binary_sensor.test_vehicle_2_front_right_door=off; friendly_name=test_vehicle_2 Front Right Door, icon=mdi:door-closed, device_class=door @ 2020-12-06T18:52:09.310966+00:00>>
INFO     homeassistant.helpers.entity_registry:entity_registry.py:271 Registered new binary_sensor.subaru entity: binary_sensor.test_vehicle_2_rear_left_door
DEBUG    homeassistant.core:core.py:712 Bus:Handling <Event entity_registry_updated[L]: action=create, entity_id=binary_sensor.test_vehicle_2_rear_left_door>
DEBUG    homeassistant.core:core.py:712 Bus:Handling <Event state_changed[L]: entity_id=binary_sensor.test_vehicle_2_rear_left_door, old_state=None, new_state=<state binary_sensor.test_vehicle_2_rear_left_door=off; friendly_name=test_vehicle_2 Rear Left Door, icon=mdi:door-closed, device_class=door @ 2020-12-06T18:52:09.312116+00:00>>
INFO     homeassistant.helpers.entity_registry:entity_registry.py:271 Registered new binary_sensor.subaru entity: binary_sensor.test_vehicle_2_rear_right_door
DEBUG    homeassistant.core:core.py:712 Bus:Handling <Event entity_registry_updated[L]: action=create, entity_id=binary_sensor.test_vehicle_2_rear_right_door>
DEBUG    homeassistant.core:core.py:712 Bus:Handling <Event state_changed[L]: entity_id=binary_sensor.test_vehicle_2_rear_right_door, old_state=None, new_state=<state binary_sensor.test_vehicle_2_rear_right_door=off; friendly_name=test_vehicle_2 Rear Right Door, icon=mdi:door-closed, device_class=door @ 2020-12-06T18:52:09.313251+00:00>>
INFO     homeassistant.helpers.entity_registry:entity_registry.py:271 Registered new binary_sensor.subaru entity: binary_sensor.test_vehicle_2_ev_charge_port
DEBUG    homeassistant.core:core.py:712 Bus:Handling <Event entity_registry_updated[L]: action=create, entity_id=binary_sensor.test_vehicle_2_ev_charge_port>
DEBUG    homeassistant.core:core.py:712 Bus:Handling <Event state_changed[L]: entity_id=binary_sensor.test_vehicle_2_ev_charge_port, old_state=None, new_state=<state binary_sensor.test_vehicle_2_ev_charge_port=on; friendly_name=test_vehicle_2 EV Charge Port, icon=mdi:power-plug, device_class=plug @ 2020-12-06T18:52:09.314441+00:00>>
INFO     homeassistant.helpers.entity_registry:entity_registry.py:271 Registered new binary_sensor.subaru entity: binary_sensor.test_vehicle_2_ev_battery_charging
DEBUG    homeassistant.core:core.py:712 Bus:Handling <Event entity_registry_updated[L]: action=create, entity_id=binary_sensor.test_vehicle_2_ev_battery_charging>
DEBUG    homeassistant.core:core.py:712 Bus:Handling <Event state_changed[L]: entity_id=binary_sensor.test_vehicle_2_ev_battery_charging, old_state=None, new_state=<state binary_sensor.test_vehicle_2_ev_battery_charging=off; friendly_name=test_vehicle_2 EV Battery Charging, icon=mdi:car, device_class=battery_charging @ 2020-12-06T18:52:09.315559+00:00>>
INFO     homeassistant.helpers.entity_registry:entity_registry.py:271 Registered new sensor.subaru entity: sensor.test_vehicle_2_odometer
DEBUG    homeassistant.core:core.py:712 Bus:Handling <Event entity_registry_updated[L]: action=create, entity_id=sensor.test_vehicle_2_odometer>
DEBUG    homeassistant.core:core.py:712 Bus:Handling <Event state_changed[L]: entity_id=sensor.test_vehicle_2_odometer, old_state=None, new_state=<state sensor.test_vehicle_2_odometer=1234; unit_of_measurement=km, friendly_name=test_vehicle_2 Odometer, icon=mdi:road-variant @ 2020-12-06T18:52:09.316664+00:00>>
INFO     homeassistant.helpers.entity_registry:entity_registry.py:271 Registered new sensor.subaru entity: sensor.test_vehicle_2_avg_fuel_consumption
DEBUG    homeassistant.core:core.py:712 Bus:Handling <Event entity_registry_updated[L]: action=create, entity_id=sensor.test_vehicle_2_avg_fuel_consumption>
DEBUG    homeassistant.core:core.py:712 Bus:Handling <Event state_changed[L]: entity_id=sensor.test_vehicle_2_avg_fuel_consumption, old_state=None, new_state=<state sensor.test_vehicle_2_avg_fuel_consumption=2.3; unit_of_measurement=L/100km, friendly_name=test_vehicle_2 Avg Fuel Consumption, icon=mdi:leaf @ 2020-12-06T18:52:09.317781+00:00>>
INFO     homeassistant.helpers.entity_registry:entity_registry.py:271 Registered new sensor.subaru entity: sensor.test_vehicle_2_range
DEBUG    homeassistant.core:core.py:712 Bus:Handling <Event entity_registry_updated[L]: action=create, entity_id=sensor.test_vehicle_2_range>
DEBUG    homeassistant.core:core.py:712 Bus:Handling <Event state_changed[L]: entity_id=sensor.test_vehicle_2_range, old_state=None, new_state=<state sensor.test_vehicle_2_range=707; unit_of_measurement=km, friendly_name=test_vehicle_2 Range, icon=mdi:gas-station @ 2020-12-06T18:52:09.318982+00:00>>
INFO     homeassistant.helpers.entity_registry:entity_registry.py:271 Registered new sensor.subaru entity: sensor.test_vehicle_2_external_temp
DEBUG    homeassistant.core:core.py:712 Bus:Handling <Event entity_registry_updated[L]: action=create, entity_id=sensor.test_vehicle_2_external_temp>
DEBUG    homeassistant.core:core.py:712 Bus:Handling <Event state_changed[L]: entity_id=sensor.test_vehicle_2_external_temp, old_state=None, new_state=<state sensor.test_vehicle_2_external_temp=21.5; unit_of_measurement=°C, friendly_name=test_vehicle_2 External Temp, icon=mdi:thermometer @ 2020-12-06T18:52:09.320079+00:00>>
INFO     homeassistant.helpers.entity_registry:entity_registry.py:271 Registered new sensor.subaru entity: sensor.test_vehicle_2_12v_battery_voltage
DEBUG    homeassistant.core:core.py:712 Bus:Handling <Event entity_registry_updated[L]: action=create, entity_id=sensor.test_vehicle_2_12v_battery_voltage>
DEBUG    homeassistant.core:core.py:712 Bus:Handling <Event state_changed[L]: entity_id=sensor.test_vehicle_2_12v_battery_voltage, old_state=None, new_state=<state sensor.test_vehicle_2_12v_battery_voltage=12.0; unit_of_measurement=V, friendly_name=test_vehicle_2 12V Battery Voltage, icon=mdi:car-battery @ 2020-12-06T18:52:09.321717+00:00>>
INFO     homeassistant.helpers.entity_registry:entity_registry.py:271 Registered new sensor.subaru entity: sensor.test_vehicle_2_tire_pressure_fl
DEBUG    homeassistant.core:core.py:712 Bus:Handling <Event entity_registry_updated[L]: action=create, entity_id=sensor.test_vehicle_2_tire_pressure_fl>
DEBUG    homeassistant.core:core.py:712 Bus:Handling <Event state_changed[L]: entity_id=sensor.test_vehicle_2_tire_pressure_fl, old_state=None, new_state=<state sensor.test_vehicle_2_tire_pressure_fl=2550; unit_of_measurement=hPa, friendly_name=test_vehicle_2 Tire Pressure FL, icon=mdi:gauge @ 2020-12-06T18:52:09.323060+00:00>>
INFO     homeassistant.helpers.entity_registry:entity_registry.py:271 Registered new sensor.subaru entity: sensor.test_vehicle_2_tire_pressure_fr
DEBUG    homeassistant.core:core.py:712 Bus:Handling <Event entity_registry_updated[L]: action=create, entity_id=sensor.test_vehicle_2_tire_pressure_fr>
DEBUG    homeassistant.core:core.py:712 Bus:Handling <Event state_changed[L]: entity_id=sensor.test_vehicle_2_tire_pressure_fr, old_state=None, new_state=<state sensor.test_vehicle_2_tire_pressure_fr=2550; unit_of_measurement=hPa, friendly_name=test_vehicle_2 Tire Pressure FR, icon=mdi:gauge @ 2020-12-06T18:52:09.324156+00:00>>
INFO     homeassistant.helpers.entity_registry:entity_registry.py:271 Registered new sensor.subaru entity: sensor.test_vehicle_2_tire_pressure_rl
DEBUG    homeassistant.core:core.py:712 Bus:Handling <Event entity_registry_updated[L]: action=create, entity_id=sensor.test_vehicle_2_tire_pressure_rl>
DEBUG    homeassistant.core:core.py:712 Bus:Handling <Event state_changed[L]: entity_id=sensor.test_vehicle_2_tire_pressure_rl, old_state=None, new_state=<state sensor.test_vehicle_2_tire_pressure_rl=2450; unit_of_measurement=hPa, friendly_name=test_vehicle_2 Tire Pressure RL, icon=mdi:gauge @ 2020-12-06T18:52:09.325230+00:00>>
INFO     homeassistant.helpers.entity_registry:entity_registry.py:271 Registered new sensor.subaru entity: sensor.test_vehicle_2_tire_pressure_rr
DEBUG    homeassistant.core:core.py:712 Bus:Handling <Event entity_registry_updated[L]: action=create, entity_id=sensor.test_vehicle_2_tire_pressure_rr>
DEBUG    homeassistant.core:core.py:712 Bus:Handling <Event state_changed[L]: entity_id=sensor.test_vehicle_2_tire_pressure_rr, old_state=None, new_state=<state sensor.test_vehicle_2_tire_pressure_rr=2350; unit_of_measurement=hPa, friendly_name=test_vehicle_2 Tire Pressure RR, icon=mdi:gauge @ 2020-12-06T18:52:09.326367+00:00>>
INFO     homeassistant.helpers.entity_registry:entity_registry.py:271 Registered new sensor.subaru entity: sensor.test_vehicle_2_ev_range
DEBUG    homeassistant.core:core.py:712 Bus:Handling <Event entity_registry_updated[L]: action=create, entity_id=sensor.test_vehicle_2_ev_range>
DEBUG    homeassistant.core:core.py:712 Bus:Handling <Event state_changed[L]: entity_id=sensor.test_vehicle_2_ev_range, old_state=None, new_state=<state sensor.test_vehicle_2_ev_range=27.4; unit_of_measurement=km, friendly_name=test_vehicle_2 EV Range, icon=mdi:ev-station @ 2020-12-06T18:52:09.327421+00:00>>
INFO     homeassistant.helpers.entity_registry:entity_registry.py:271 Registered new sensor.subaru entity: sensor.test_vehicle_2_ev_battery_level
DEBUG    homeassistant.core:core.py:712 Bus:Handling <Event entity_registry_updated[L]: action=create, entity_id=sensor.test_vehicle_2_ev_battery_level>
DEBUG    homeassistant.core:core.py:712 Bus:Handling <Event state_changed[L]: entity_id=sensor.test_vehicle_2_ev_battery_level, old_state=None, new_state=<state sensor.test_vehicle_2_ev_battery_level=100; unit_of_measurement=%, friendly_name=test_vehicle_2 EV Battery Level, icon=mdi:battery @ 2020-12-06T18:52:09.328476+00:00>>
INFO     homeassistant.helpers.entity_registry:entity_registry.py:271 Registered new sensor.subaru entity: sensor.test_vehicle_2_ev_time_to_full_charge
DEBUG    homeassistant.core:core.py:712 Bus:Handling <Event entity_registry_updated[L]: action=create, entity_id=sensor.test_vehicle_2_ev_time_to_full_charge>
DEBUG    homeassistant.core:core.py:712 Bus:Handling <Event state_changed[L]: entity_id=sensor.test_vehicle_2_ev_time_to_full_charge, old_state=None, new_state=<state sensor.test_vehicle_2_ev_time_to_full_charge=unknown; unit_of_measurement=min, friendly_name=test_vehicle_2 EV Time to Full Charge, icon=mdi:car-electric @ 2020-12-06T18:52:09.329537+00:00>>
INFO     homeassistant.setup:setup.py:232 Setup of domain zone took 0.0 seconds
DEBUG    homeassistant.core:core.py:712 Bus:Handling <Event component_loaded[L]: component=zone>
INFO     homeassistant.helpers.entity_registry:entity_registry.py:271 Registered new lock.subaru entity: lock.test_vehicle_2_door_lock
DEBUG    homeassistant.core:core.py:712 Bus:Handling <Event entity_registry_updated[L]: action=create, entity_id=lock.test_vehicle_2_door_lock>
DEBUG    homeassistant.core:core.py:712 Bus:Handling <Event state_changed[L]: entity_id=lock.test_vehicle_2_door_lock, old_state=None, new_state=<state lock.test_vehicle_2_door_lock=unknown; friendly_name=test_vehicle_2 Door Lock @ 2020-12-06T18:52:09.331606+00:00>>
INFO     homeassistant.setup:setup.py:183 Setting up device_tracker
DEBUG    homeassistant.core:core.py:712 Bus:Handling <Event service_registered[L]: domain=device_tracker, service=see>
INFO     homeassistant.setup:setup.py:232 Setup of domain device_tracker took 0.0 seconds
DEBUG    homeassistant.core:core.py:712 Bus:Handling <Event component_loaded[L]: component=device_tracker>
INFO     homeassistant.components.device_tracker:entity_platform.py:185 Setting up device_tracker.subaru
INFO     homeassistant.helpers.entity_registry:entity_registry.py:271 Registered new device_tracker.subaru entity: device_tracker.test_vehicle_2_location
DEBUG    homeassistant.core:core.py:712 Bus:Handling <Event entity_registry_updated[L]: action=create, entity_id=device_tracker.test_vehicle_2_location>
DEBUG    homeassistant.core:core.py:712 Bus:Handling <Event state_changed[L]: entity_id=device_tracker.test_vehicle_2_location, old_state=None, new_state=<state device_tracker.test_vehicle_2_location=not_home; source_type=gps, latitude=40.0, longitude=-100.0, gps_accuracy=0, friendly_name=test_vehicle_2 Location @ 2020-12-06T18:52:09.335821+00:00>>
DEBUG    custom_components.subaru:__init__.py:230 Changing update_interval from 7200 to 720
DEBUG    subarulink.controller:controller.py:392 Update interval changed from 7200 to 720
DEBUG    custom_components.subaru:__init__.py:238 Changing fetch_interval from 0:05:00 to 240
PASSED                                                                   [ 58%]
------------------------------ live log teardown -------------------------------
DEBUG    homeassistant.core:core.py:712 Bus:Handling <Event homeassistant_stop[L]>
DEBUG    homeassistant.core:core.py:712 Bus:Handling <Event homeassistant_final_write[L]>
INFO     pytest_homeassistant_custom_component.common:common.py:931 Writing data to core.device_registry: {'version': 1, 'key': 'core.device_registry', 'data': {'devices': [{'config_entries': [1], 'connections': [], 'identifiers': [('subaru', 'JF2ABCDE6L0000002')], 'manufacturer': 'subaru', 'model': None, 'name': 'test_vehicle_2', 'sw_version': None, 'entry_type': None, 'id': '4cc7e8cf640ef6adb76d5e7b5c6dbdcd', 'via_device_id': None, 'area_id': None, 'name_by_user': None}], 'deleted_devices': []}}
INFO     pytest_homeassistant_custom_component.common:common.py:931 Writing data to core.entity_registry: {'version': 1, 'key': 'core.entity_registry', 'data': {'entities': [{'entity_id': 'binary_sensor.test_vehicle_2_ignition', 'config_entry_id': 1, 'device_id': '4cc7e8cf640ef6adb76d5e7b5c6dbdcd', 'area_id': None, 'unique_id': 'subaru_jf2abcde6l0000002_ignition', 'platform': 'subaru', 'name': None, 'icon': None, 'disabled_by': None, 'capabilities': None, 'supported_features': 0, 'device_class': 'power', 'unit_of_measurement': None, 'original_name': 'test_vehicle_2 Ignition', 'original_icon': 'mdi:engine-off'}, {'entity_id': 'binary_sensor.test_vehicle_2_trunk', 'config_entry_id': 1, 'device_id': '4cc7e8cf640ef6adb76d5e7b5c6dbdcd', 'area_id': None, 'unique_id': 'subaru_jf2abcde6l0000002_trunk', 'platform': 'subaru', 'name': None, 'icon': None, 'disabled_by': None, 'capabilities': None, 'supported_features': 0, 'device_class': 'door', 'unit_of_measurement': None, 'original_name': 'test_vehicle_2 Trunk', 'original_icon': 'mdi:door-closed'}, {'entity_id': 'binary_sensor.test_vehicle_2_hood', 'config_entry_id': 1, 'device_id': '4cc7e8cf640ef6adb76d5e7b5c6dbdcd', 'area_id': None, 'unique_id': 'subaru_jf2abcde6l0000002_hood', 'platform': 'subaru', 'name': None, 'icon': None, 'disabled_by': None, 'capabilities': None, 'supported_features': 0, 'device_class': 'door', 'unit_of_measurement': None, 'original_name': 'test_vehicle_2 Hood', 'original_icon': 'mdi:door-closed'}, {'entity_id': 'binary_sensor.test_vehicle_2_front_left_door', 'config_entry_id': 1, 'device_id': '4cc7e8cf640ef6adb76d5e7b5c6dbdcd', 'area_id': None, 'unique_id': 'subaru_jf2abcde6l0000002_front_left_door', 'platform': 'subaru', 'name': None, 'icon': None, 'disabled_by': None, 'capabilities': None, 'supported_features': 0, 'device_class': 'door', 'unit_of_measurement': None, 'original_name': 'test_vehicle_2 Front Left Door', 'original_icon': 'mdi:door-closed'}, {'entity_id': 'binary_sensor.test_vehicle_2_front_right_door', 'config_entry_id': 1, 'device_id': '4cc7e8cf640ef6adb76d5e7b5c6dbdcd', 'area_id': None, 'unique_id': 'subaru_jf2abcde6l0000002_front_right_door', 'platform': 'subaru', 'name': None, 'icon': None, 'disabled_by': None, 'capabilities': None, 'supported_features': 0, 'device_class': 'door', 'unit_of_measurement': None, 'original_name': 'test_vehicle_2 Front Right Door', 'original_icon': 'mdi:door-closed'}, {'entity_id': 'binary_sensor.test_vehicle_2_rear_left_door', 'config_entry_id': 1, 'device_id': '4cc7e8cf640ef6adb76d5e7b5c6dbdcd', 'area_id': None, 'unique_id': 'subaru_jf2abcde6l0000002_rear_left_door', 'platform': 'subaru', 'name': None, 'icon': None, 'disabled_by': None, 'capabilities': None, 'supported_features': 0, 'device_class': 'door', 'unit_of_measurement': None, 'original_name': 'test_vehicle_2 Rear Left Door', 'original_icon': 'mdi:door-closed'}, {'entity_id': 'binary_sensor.test_vehicle_2_rear_right_door', 'config_entry_id': 1, 'device_id': '4cc7e8cf640ef6adb76d5e7b5c6dbdcd', 'area_id': None, 'unique_id': 'subaru_jf2abcde6l0000002_rear_right_door', 'platform': 'subaru', 'name': None, 'icon': None, 'disabled_by': None, 'capabilities': None, 'supported_features': 0, 'device_class': 'door', 'unit_of_measurement': None, 'original_name': 'test_vehicle_2 Rear Right Door', 'original_icon': 'mdi:door-closed'}, {'entity_id': 'binary_sensor.test_vehicle_2_ev_charge_port', 'config_entry_id': 1, 'device_id': '4cc7e8cf640ef6adb76d5e7b5c6dbdcd', 'area_id': None, 'unique_id': 'subaru_jf2abcde6l0000002_ev_charge_port', 'platform': 'subaru', 'name': None, 'icon': None, 'disabled_by': None, 'capabilities': None, 'supported_features': 0, 'device_class': 'plug', 'unit_of_measurement': None, 'original_name': 'test_vehicle_2 EV Charge Port', 'original_icon': 'mdi:power-plug'}, {'entity_id': 'binary_sensor.test_vehicle_2_ev_battery_charging', 'config_entry_id': 1, 'device_id': '4cc7e8cf640ef6adb76d5e7b5c6dbdcd', 'area_id': None, 'unique_id': 'subaru_jf2abcde6l0000002_ev_battery_charging', 'platform': 'subaru', 'name': None, 'icon': None, 'disabled_by': None, 'capabilities': None, 'supported_features': 0, 'device_class': 'battery_charging', 'unit_of_measurement': None, 'original_name': 'test_vehicle_2 EV Battery Charging', 'original_icon': 'mdi:car'}, {'entity_id': 'sensor.test_vehicle_2_odometer', 'config_entry_id': 1, 'device_id': '4cc7e8cf640ef6adb76d5e7b5c6dbdcd', 'area_id': None, 'unique_id': 'subaru_jf2abcde6l0000002_odometer', 'platform': 'subaru', 'name': None, 'icon': None, 'disabled_by': None, 'capabilities': None, 'supported_features': 0, 'device_class': None, 'unit_of_measurement': 'km', 'original_name': 'test_vehicle_2 Odometer', 'original_icon': 'mdi:road-variant'}, {'entity_id': 'sensor.test_vehicle_2_avg_fuel_consumption', 'config_entry_id': 1, 'device_id': '4cc7e8cf640ef6adb76d5e7b5c6dbdcd', 'area_id': None, 'unique_id': 'subaru_jf2abcde6l0000002_avg_fuel_consumption', 'platform': 'subaru', 'name': None, 'icon': None, 'disabled_by': None, 'capabilities': None, 'supported_features': 0, 'device_class': None, 'unit_of_measurement': 'L/100km', 'original_name': 'test_vehicle_2 Avg Fuel Consumption', 'original_icon': 'mdi:leaf'}, {'entity_id': 'sensor.test_vehicle_2_range', 'config_entry_id': 1, 'device_id': '4cc7e8cf640ef6adb76d5e7b5c6dbdcd', 'area_id': None, 'unique_id': 'subaru_jf2abcde6l0000002_range', 'platform': 'subaru', 'name': None, 'icon': None, 'disabled_by': None, 'capabilities': None, 'supported_features': 0, 'device_class': None, 'unit_of_measurement': 'km', 'original_name': 'test_vehicle_2 Range', 'original_icon': 'mdi:gas-station'}, {'entity_id': 'sensor.test_vehicle_2_external_temp', 'config_entry_id': 1, 'device_id': '4cc7e8cf640ef6adb76d5e7b5c6dbdcd', 'area_id': None, 'unique_id': 'subaru_jf2abcde6l0000002_external_temp', 'platform': 'subaru', 'name': None, 'icon': None, 'disabled_by': None, 'capabilities': None, 'supported_features': 0, 'device_class': None, 'unit_of_measurement': '°C', 'original_name': 'test_vehicle_2 External Temp', 'original_icon': 'mdi:thermometer'}, {'entity_id': 'sensor.test_vehicle_2_12v_battery_voltage', 'config_entry_id': 1, 'device_id': '4cc7e8cf640ef6adb76d5e7b5c6dbdcd', 'area_id': None, 'unique_id': 'subaru_jf2abcde6l0000002_12v_battery_voltage', 'platform': 'subaru', 'name': None, 'icon': None, 'disabled_by': None, 'capabilities': None, 'supported_features': 0, 'device_class': None, 'unit_of_measurement': 'V', 'original_name': 'test_vehicle_2 12V Battery Voltage', 'original_icon': 'mdi:car-battery'}, {'entity_id': 'sensor.test_vehicle_2_tire_pressure_fl', 'config_entry_id': 1, 'device_id': '4cc7e8cf640ef6adb76d5e7b5c6dbdcd', 'area_id': None, 'unique_id': 'subaru_jf2abcde6l0000002_tire_pressure_fl', 'platform': 'subaru', 'name': None, 'icon': None, 'disabled_by': None, 'capabilities': None, 'supported_features': 0, 'device_class': None, 'unit_of_measurement': 'hPa', 'original_name': 'test_vehicle_2 Tire Pressure FL', 'original_icon': 'mdi:gauge'}, {'entity_id': 'sensor.test_vehicle_2_tire_pressure_fr', 'config_entry_id': 1, 'device_id': '4cc7e8cf640ef6adb76d5e7b5c6dbdcd', 'area_id': None, 'unique_id': 'subaru_jf2abcde6l0000002_tire_pressure_fr', 'platform': 'subaru', 'name': None, 'icon': None, 'disabled_by': None, 'capabilities': None, 'supported_features': 0, 'device_class': None, 'unit_of_measurement': 'hPa', 'original_name': 'test_vehicle_2 Tire Pressure FR', 'original_icon': 'mdi:gauge'}, {'entity_id': 'sensor.test_vehicle_2_tire_pressure_rl', 'config_entry_id': 1, 'device_id': '4cc7e8cf640ef6adb76d5e7b5c6dbdcd', 'area_id': None, 'unique_id': 'subaru_jf2abcde6l0000002_tire_pressure_rl', 'platform': 'subaru', 'name': None, 'icon': None, 'disabled_by': None, 'capabilities': None, 'supported_features': 0, 'device_class': None, 'unit_of_measurement': 'hPa', 'original_name': 'test_vehicle_2 Tire Pressure RL', 'original_icon': 'mdi:gauge'}, {'entity_id': 'sensor.test_vehicle_2_tire_pressure_rr', 'config_entry_id': 1, 'device_id': '4cc7e8cf640ef6adb76d5e7b5c6dbdcd', 'area_id': None, 'unique_id': 'subaru_jf2abcde6l0000002_tire_pressure_rr', 'platform': 'subaru', 'name': None, 'icon': None, 'disabled_by': None, 'capabilities': None, 'supported_features': 0, 'device_class': None, 'unit_of_measurement': 'hPa', 'original_name': 'test_vehicle_2 Tire Pressure RR', 'original_icon': 'mdi:gauge'}, {'entity_id': 'sensor.test_vehicle_2_ev_range', 'config_entry_id': 1, 'device_id': '4cc7e8cf640ef6adb76d5e7b5c6dbdcd', 'area_id': None, 'unique_id': 'subaru_jf2abcde6l0000002_ev_range', 'platform': 'subaru', 'name': None, 'icon': None, 'disabled_by': None, 'capabilities': None, 'supported_features': 0, 'device_class': None, 'unit_of_measurement': 'km', 'original_name': 'test_vehicle_2 EV Range', 'original_icon': 'mdi:ev-station'}, {'entity_id': 'sensor.test_vehicle_2_ev_battery_level', 'config_entry_id': 1, 'device_id': '4cc7e8cf640ef6adb76d5e7b5c6dbdcd', 'area_id': None, 'unique_id': 'subaru_jf2abcde6l0000002_ev_battery_level', 'platform': 'subaru', 'name': None, 'icon': None, 'disabled_by': None, 'capabilities': None, 'supported_features': 0, 'device_class': None, 'unit_of_measurement': '%', 'original_name': 'test_vehicle_2 EV Battery Level', 'original_icon': 'mdi:battery-unknown'}, {'entity_id': 'sensor.test_vehicle_2_ev_time_to_full_charge', 'config_entry_id': 1, 'device_id': '4cc7e8cf640ef6adb76d5e7b5c6dbdcd', 'area_id': None, 'unique_id': 'subaru_jf2abcde6l0000002_ev_time_to_full_charge', 'platform': 'subaru', 'name': None, 'icon': None, 'disabled_by': None, 'capabilities': None, 'supported_features': 0, 'device_class': None, 'unit_of_measurement': 'min', 'original_name': 'test_vehicle_2 EV Time to Full Charge', 'original_icon': 'mdi:car-electric'}, {'entity_id': 'lock.test_vehicle_2_door_lock', 'config_entry_id': 1, 'device_id': '4cc7e8cf640ef6adb76d5e7b5c6dbdcd', 'area_id': None, 'unique_id': 'subaru_jf2abcde6l0000002_door_lock', 'platform': 'subaru', 'name': None, 'icon': None, 'disabled_by': None, 'capabilities': None, 'supported_features': 0, 'device_class': None, 'unit_of_measurement': None, 'original_name': 'test_vehicle_2 Door Lock', 'original_icon': None}, {'entity_id': 'device_tracker.test_vehicle_2_location', 'config_entry_id': 1, 'device_id': '4cc7e8cf640ef6adb76d5e7b5c6dbdcd', 'area_id': None, 'unique_id': 'subaru_jf2abcde6l0000002_location', 'platform': 'subaru', 'name': None, 'icon': None, 'disabled_by': None, 'capabilities': None, 'supported_features': 0, 'device_class': None, 'unit_of_measurement': None, 'original_name': 'test_vehicle_2 Location', 'original_icon': None}]}}
INFO     pytest_homeassistant_custom_component.common:common.py:931 Writing data to core.config_entries: {'version': 1, 'key': 'core.config_entries', 'data': {'entries': [{'entry_id': 1, 'version': 1, 'domain': 'subaru', 'title': 'Mock Title', 'data': {'username': 'user', 'password': 'password', 'pin': '1234', 'device_id': 1607280727}, 'options': {'scan_interval': 240, 'hard_poll_interval': 720}, 'system_options': {'disable_new_entities': False}, 'source': 'user', 'connection_class': 'unknown', 'unique_id': None}]}}
DEBUG    homeassistant.core:core.py:712 Bus:Handling <Event homeassistant_close[L]>

tests/test_init.py::test_unload_entry[pyloop] 
-------------------------------- live log setup --------------------------------
DEBUG    asyncio:selector_events.py:59 Using selector: KqueueSelector
-------------------------------- live log call ---------------------------------
INFO     homeassistant.loader:loader.py:292 Loaded subaru from custom_components.subaru
WARNING  homeassistant.loader:loader.py:465 You are using a custom integration for subaru which has not been tested by Home Assistant. This component might cause stability problems, be sure to disable it if you experience issues with Home Assistant.
INFO     homeassistant.setup:setup.py:183 Setting up subaru
INFO     homeassistant.setup:setup.py:232 Setup of domain subaru took 0.0 seconds
DEBUG    homeassistant.core:core.py:712 Bus:Handling <Event component_loaded[L]: component=subaru>
DEBUG    custom_components.subaru:update_coordinator.py:184 Finished fetching subaru_data data in 0.002 seconds
DEBUG    homeassistant.core:core.py:712 Bus:Handling <Event service_registered[L]: domain=subaru, service=fetch>
DEBUG    homeassistant.core:core.py:712 Bus:Handling <Event service_registered[L]: domain=subaru, service=horn>
DEBUG    homeassistant.core:core.py:712 Bus:Handling <Event service_registered[L]: domain=subaru, service=lights>
DEBUG    homeassistant.core:core.py:712 Bus:Handling <Event service_registered[L]: domain=subaru, service=lock>
DEBUG    homeassistant.core:core.py:712 Bus:Handling <Event service_registered[L]: domain=subaru, service=unlock>
DEBUG    homeassistant.core:core.py:712 Bus:Handling <Event service_registered[L]: domain=subaru, service=update>
DEBUG    homeassistant.core:core.py:712 Bus:Handling <Event service_registered[L]: domain=subaru, service=remote_start>
DEBUG    homeassistant.core:core.py:712 Bus:Handling <Event service_registered[L]: domain=subaru, service=remote_stop>
DEBUG    homeassistant.core:core.py:712 Bus:Handling <Event service_registered[L]: domain=subaru, service=charge_start>
INFO     homeassistant.loader:loader.py:292 Loaded device_tracker from homeassistant.components.device_tracker
INFO     homeassistant.loader:loader.py:292 Loaded sensor from homeassistant.components.sensor
INFO     homeassistant.loader:loader.py:292 Loaded lock from homeassistant.components.lock
INFO     homeassistant.loader:loader.py:292 Loaded binary_sensor from homeassistant.components.binary_sensor
INFO     homeassistant.setup:setup.py:183 Setting up sensor
INFO     homeassistant.loader:loader.py:292 Loaded zone from homeassistant.components.zone
INFO     homeassistant.setup:setup.py:232 Setup of domain sensor took 0.0 seconds
DEBUG    homeassistant.core:core.py:712 Bus:Handling <Event component_loaded[L]: component=sensor>
INFO     homeassistant.setup:setup.py:183 Setting up lock
DEBUG    homeassistant.core:core.py:712 Bus:Handling <Event service_registered[L]: domain=lock, service=unlock>
DEBUG    homeassistant.core:core.py:712 Bus:Handling <Event service_registered[L]: domain=lock, service=lock>
DEBUG    homeassistant.core:core.py:712 Bus:Handling <Event service_registered[L]: domain=lock, service=open>
INFO     homeassistant.setup:setup.py:232 Setup of domain lock took 0.0 seconds
INFO     homeassistant.setup:setup.py:183 Setting up binary_sensor
INFO     homeassistant.setup:setup.py:232 Setup of domain binary_sensor took 0.0 seconds
DEBUG    homeassistant.setup:setup.py:96 Dependency device_tracker will wait for dependencies ['zone']
INFO     homeassistant.components.sensor:entity_platform.py:185 Setting up sensor.subaru
DEBUG    homeassistant.core:core.py:712 Bus:Handling <Event component_loaded[L]: component=lock>
DEBUG    homeassistant.core:core.py:712 Bus:Handling <Event component_loaded[L]: component=binary_sensor>
INFO     homeassistant.components.lock:entity_platform.py:185 Setting up lock.subaru
INFO     homeassistant.components.binary_sensor:entity_platform.py:185 Setting up binary_sensor.subaru
INFO     homeassistant.setup:setup.py:183 Setting up zone
DEBUG    homeassistant.core:core.py:712 Bus:Handling <Event service_registered[L]: domain=zone, service=reload>
DEBUG    homeassistant.core:core.py:712 Bus:Handling <Event state_changed[L]: entity_id=zone.home, old_state=None, new_state=<state zone.home=zoning; latitude=32.87336, longitude=-117.22743, radius=100, passive=False, editable=True, friendly_name=test home, icon=mdi:home @ 2020-12-06T18:52:09.422342+00:00>>
DEBUG    custom_components.subaru:update_coordinator.py:184 Finished fetching subaru_data data in 0.000 seconds
DEBUG    homeassistant.core:core.py:712 Bus:Handling <Event device_registry_updated[L]: action=create, device_id=b9bd3f5c6ba2a8b7e9da3bf931222e57>
INFO     homeassistant.helpers.entity_registry:entity_registry.py:271 Registered new sensor.subaru entity: sensor.test_vehicle_2_avg_fuel_consumption
DEBUG    homeassistant.core:core.py:712 Bus:Handling <Event entity_registry_updated[L]: action=create, entity_id=sensor.test_vehicle_2_avg_fuel_consumption>
DEBUG    homeassistant.core:core.py:712 Bus:Handling <Event state_changed[L]: entity_id=sensor.test_vehicle_2_avg_fuel_consumption, old_state=None, new_state=<state sensor.test_vehicle_2_avg_fuel_consumption=2.3; unit_of_measurement=L/100km, friendly_name=test_vehicle_2 Avg Fuel Consumption, icon=mdi:leaf @ 2020-12-06T18:52:09.424530+00:00>>
INFO     homeassistant.helpers.entity_registry:entity_registry.py:271 Registered new sensor.subaru entity: sensor.test_vehicle_2_range
DEBUG    homeassistant.core:core.py:712 Bus:Handling <Event entity_registry_updated[L]: action=create, entity_id=sensor.test_vehicle_2_range>
DEBUG    homeassistant.core:core.py:712 Bus:Handling <Event state_changed[L]: entity_id=sensor.test_vehicle_2_range, old_state=None, new_state=<state sensor.test_vehicle_2_range=707; unit_of_measurement=km, friendly_name=test_vehicle_2 Range, icon=mdi:gas-station @ 2020-12-06T18:52:09.425647+00:00>>
INFO     homeassistant.helpers.entity_registry:entity_registry.py:271 Registered new sensor.subaru entity: sensor.test_vehicle_2_external_temp
DEBUG    homeassistant.core:core.py:712 Bus:Handling <Event entity_registry_updated[L]: action=create, entity_id=sensor.test_vehicle_2_external_temp>
DEBUG    homeassistant.core:core.py:712 Bus:Handling <Event state_changed[L]: entity_id=sensor.test_vehicle_2_external_temp, old_state=None, new_state=<state sensor.test_vehicle_2_external_temp=21.5; unit_of_measurement=°C, friendly_name=test_vehicle_2 External Temp, icon=mdi:thermometer @ 2020-12-06T18:52:09.426722+00:00>>
INFO     homeassistant.helpers.entity_registry:entity_registry.py:271 Registered new sensor.subaru entity: sensor.test_vehicle_2_12v_battery_voltage
DEBUG    homeassistant.core:core.py:712 Bus:Handling <Event entity_registry_updated[L]: action=create, entity_id=sensor.test_vehicle_2_12v_battery_voltage>
DEBUG    homeassistant.core:core.py:712 Bus:Handling <Event state_changed[L]: entity_id=sensor.test_vehicle_2_12v_battery_voltage, old_state=None, new_state=<state sensor.test_vehicle_2_12v_battery_voltage=12.0; unit_of_measurement=V, friendly_name=test_vehicle_2 12V Battery Voltage, icon=mdi:car-battery @ 2020-12-06T18:52:09.427827+00:00>>
INFO     homeassistant.helpers.entity_registry:entity_registry.py:271 Registered new sensor.subaru entity: sensor.test_vehicle_2_tire_pressure_fl
DEBUG    homeassistant.core:core.py:712 Bus:Handling <Event entity_registry_updated[L]: action=create, entity_id=sensor.test_vehicle_2_tire_pressure_fl>
DEBUG    homeassistant.core:core.py:712 Bus:Handling <Event state_changed[L]: entity_id=sensor.test_vehicle_2_tire_pressure_fl, old_state=None, new_state=<state sensor.test_vehicle_2_tire_pressure_fl=2550; unit_of_measurement=hPa, friendly_name=test_vehicle_2 Tire Pressure FL, icon=mdi:gauge @ 2020-12-06T18:52:09.428898+00:00>>
INFO     homeassistant.helpers.entity_registry:entity_registry.py:271 Registered new sensor.subaru entity: sensor.test_vehicle_2_tire_pressure_fr
DEBUG    homeassistant.core:core.py:712 Bus:Handling <Event entity_registry_updated[L]: action=create, entity_id=sensor.test_vehicle_2_tire_pressure_fr>
DEBUG    homeassistant.core:core.py:712 Bus:Handling <Event state_changed[L]: entity_id=sensor.test_vehicle_2_tire_pressure_fr, old_state=None, new_state=<state sensor.test_vehicle_2_tire_pressure_fr=2550; unit_of_measurement=hPa, friendly_name=test_vehicle_2 Tire Pressure FR, icon=mdi:gauge @ 2020-12-06T18:52:09.429971+00:00>>
INFO     homeassistant.helpers.entity_registry:entity_registry.py:271 Registered new sensor.subaru entity: sensor.test_vehicle_2_tire_pressure_rl
DEBUG    homeassistant.core:core.py:712 Bus:Handling <Event entity_registry_updated[L]: action=create, entity_id=sensor.test_vehicle_2_tire_pressure_rl>
DEBUG    homeassistant.core:core.py:712 Bus:Handling <Event state_changed[L]: entity_id=sensor.test_vehicle_2_tire_pressure_rl, old_state=None, new_state=<state sensor.test_vehicle_2_tire_pressure_rl=2450; unit_of_measurement=hPa, friendly_name=test_vehicle_2 Tire Pressure RL, icon=mdi:gauge @ 2020-12-06T18:52:09.431047+00:00>>
INFO     homeassistant.helpers.entity_registry:entity_registry.py:271 Registered new sensor.subaru entity: sensor.test_vehicle_2_tire_pressure_rr
DEBUG    homeassistant.core:core.py:712 Bus:Handling <Event entity_registry_updated[L]: action=create, entity_id=sensor.test_vehicle_2_tire_pressure_rr>
DEBUG    homeassistant.core:core.py:712 Bus:Handling <Event state_changed[L]: entity_id=sensor.test_vehicle_2_tire_pressure_rr, old_state=None, new_state=<state sensor.test_vehicle_2_tire_pressure_rr=2350; unit_of_measurement=hPa, friendly_name=test_vehicle_2 Tire Pressure RR, icon=mdi:gauge @ 2020-12-06T18:52:09.432189+00:00>>
INFO     homeassistant.helpers.entity_registry:entity_registry.py:271 Registered new sensor.subaru entity: sensor.test_vehicle_2_ev_range
DEBUG    homeassistant.core:core.py:712 Bus:Handling <Event entity_registry_updated[L]: action=create, entity_id=sensor.test_vehicle_2_ev_range>
DEBUG    homeassistant.core:core.py:712 Bus:Handling <Event state_changed[L]: entity_id=sensor.test_vehicle_2_ev_range, old_state=None, new_state=<state sensor.test_vehicle_2_ev_range=27.4; unit_of_measurement=km, friendly_name=test_vehicle_2 EV Range, icon=mdi:ev-station @ 2020-12-06T18:52:09.433290+00:00>>
INFO     homeassistant.helpers.entity_registry:entity_registry.py:271 Registered new sensor.subaru entity: sensor.test_vehicle_2_ev_battery_level
DEBUG    homeassistant.core:core.py:712 Bus:Handling <Event entity_registry_updated[L]: action=create, entity_id=sensor.test_vehicle_2_ev_battery_level>
DEBUG    homeassistant.core:core.py:712 Bus:Handling <Event state_changed[L]: entity_id=sensor.test_vehicle_2_ev_battery_level, old_state=None, new_state=<state sensor.test_vehicle_2_ev_battery_level=100; unit_of_measurement=%, friendly_name=test_vehicle_2 EV Battery Level, icon=mdi:battery @ 2020-12-06T18:52:09.434337+00:00>>
INFO     homeassistant.helpers.entity_registry:entity_registry.py:271 Registered new sensor.subaru entity: sensor.test_vehicle_2_ev_time_to_full_charge
DEBUG    homeassistant.core:core.py:712 Bus:Handling <Event entity_registry_updated[L]: action=create, entity_id=sensor.test_vehicle_2_ev_time_to_full_charge>
DEBUG    homeassistant.core:core.py:712 Bus:Handling <Event state_changed[L]: entity_id=sensor.test_vehicle_2_ev_time_to_full_charge, old_state=None, new_state=<state sensor.test_vehicle_2_ev_time_to_full_charge=unknown; unit_of_measurement=min, friendly_name=test_vehicle_2 EV Time to Full Charge, icon=mdi:car-electric @ 2020-12-06T18:52:09.435399+00:00>>
INFO     homeassistant.helpers.entity_registry:entity_registry.py:271 Registered new lock.subaru entity: lock.test_vehicle_2_door_lock
DEBUG    homeassistant.core:core.py:712 Bus:Handling <Event entity_registry_updated[L]: action=create, entity_id=lock.test_vehicle_2_door_lock>
DEBUG    homeassistant.core:core.py:712 Bus:Handling <Event state_changed[L]: entity_id=lock.test_vehicle_2_door_lock, old_state=None, new_state=<state lock.test_vehicle_2_door_lock=unknown; friendly_name=test_vehicle_2 Door Lock @ 2020-12-06T18:52:09.436552+00:00>>
INFO     homeassistant.helpers.entity_registry:entity_registry.py:271 Registered new binary_sensor.subaru entity: binary_sensor.test_vehicle_2_ignition
DEBUG    homeassistant.core:core.py:712 Bus:Handling <Event entity_registry_updated[L]: action=create, entity_id=binary_sensor.test_vehicle_2_ignition>
DEBUG    homeassistant.core:core.py:712 Bus:Handling <Event state_changed[L]: entity_id=binary_sensor.test_vehicle_2_ignition, old_state=None, new_state=<state binary_sensor.test_vehicle_2_ignition=off; friendly_name=test_vehicle_2 Ignition, icon=mdi:engine-off, device_class=power @ 2020-12-06T18:52:09.437859+00:00>>
INFO     homeassistant.helpers.entity_registry:entity_registry.py:271 Registered new binary_sensor.subaru entity: binary_sensor.test_vehicle_2_trunk
DEBUG    homeassistant.core:core.py:712 Bus:Handling <Event entity_registry_updated[L]: action=create, entity_id=binary_sensor.test_vehicle_2_trunk>
DEBUG    homeassistant.core:core.py:712 Bus:Handling <Event state_changed[L]: entity_id=binary_sensor.test_vehicle_2_trunk, old_state=None, new_state=<state binary_sensor.test_vehicle_2_trunk=off; friendly_name=test_vehicle_2 Trunk, icon=mdi:door-closed, device_class=door @ 2020-12-06T18:52:09.438916+00:00>>
INFO     homeassistant.helpers.entity_registry:entity_registry.py:271 Registered new binary_sensor.subaru entity: binary_sensor.test_vehicle_2_hood
DEBUG    homeassistant.core:core.py:712 Bus:Handling <Event entity_registry_updated[L]: action=create, entity_id=binary_sensor.test_vehicle_2_hood>
DEBUG    homeassistant.core:core.py:712 Bus:Handling <Event state_changed[L]: entity_id=binary_sensor.test_vehicle_2_hood, old_state=None, new_state=<state binary_sensor.test_vehicle_2_hood=off; friendly_name=test_vehicle_2 Hood, icon=mdi:door-closed, device_class=door @ 2020-12-06T18:52:09.440153+00:00>>
INFO     homeassistant.helpers.entity_registry:entity_registry.py:271 Registered new binary_sensor.subaru entity: binary_sensor.test_vehicle_2_front_left_door
DEBUG    homeassistant.core:core.py:712 Bus:Handling <Event entity_registry_updated[L]: action=create, entity_id=binary_sensor.test_vehicle_2_front_left_door>
DEBUG    homeassistant.core:core.py:712 Bus:Handling <Event state_changed[L]: entity_id=binary_sensor.test_vehicle_2_front_left_door, old_state=None, new_state=<state binary_sensor.test_vehicle_2_front_left_door=off; friendly_name=test_vehicle_2 Front Left Door, icon=mdi:door-closed, device_class=door @ 2020-12-06T18:52:09.441254+00:00>>
INFO     homeassistant.helpers.entity_registry:entity_registry.py:271 Registered new binary_sensor.subaru entity: binary_sensor.test_vehicle_2_front_right_door
DEBUG    homeassistant.core:core.py:712 Bus:Handling <Event entity_registry_updated[L]: action=create, entity_id=binary_sensor.test_vehicle_2_front_right_door>
DEBUG    homeassistant.core:core.py:712 Bus:Handling <Event state_changed[L]: entity_id=binary_sensor.test_vehicle_2_front_right_door, old_state=None, new_state=<state binary_sensor.test_vehicle_2_front_right_door=off; friendly_name=test_vehicle_2 Front Right Door, icon=mdi:door-closed, device_class=door @ 2020-12-06T18:52:09.442307+00:00>>
INFO     homeassistant.helpers.entity_registry:entity_registry.py:271 Registered new binary_sensor.subaru entity: binary_sensor.test_vehicle_2_rear_left_door
DEBUG    homeassistant.core:core.py:712 Bus:Handling <Event entity_registry_updated[L]: action=create, entity_id=binary_sensor.test_vehicle_2_rear_left_door>
DEBUG    homeassistant.core:core.py:712 Bus:Handling <Event state_changed[L]: entity_id=binary_sensor.test_vehicle_2_rear_left_door, old_state=None, new_state=<state binary_sensor.test_vehicle_2_rear_left_door=off; friendly_name=test_vehicle_2 Rear Left Door, icon=mdi:door-closed, device_class=door @ 2020-12-06T18:52:09.443401+00:00>>
INFO     homeassistant.helpers.entity_registry:entity_registry.py:271 Registered new binary_sensor.subaru entity: binary_sensor.test_vehicle_2_rear_right_door
DEBUG    homeassistant.core:core.py:712 Bus:Handling <Event entity_registry_updated[L]: action=create, entity_id=binary_sensor.test_vehicle_2_rear_right_door>
DEBUG    homeassistant.core:core.py:712 Bus:Handling <Event state_changed[L]: entity_id=binary_sensor.test_vehicle_2_rear_right_door, old_state=None, new_state=<state binary_sensor.test_vehicle_2_rear_right_door=off; friendly_name=test_vehicle_2 Rear Right Door, icon=mdi:door-closed, device_class=door @ 2020-12-06T18:52:09.444431+00:00>>
INFO     homeassistant.helpers.entity_registry:entity_registry.py:271 Registered new binary_sensor.subaru entity: binary_sensor.test_vehicle_2_ev_charge_port
DEBUG    homeassistant.core:core.py:712 Bus:Handling <Event entity_registry_updated[L]: action=create, entity_id=binary_sensor.test_vehicle_2_ev_charge_port>
DEBUG    homeassistant.core:core.py:712 Bus:Handling <Event state_changed[L]: entity_id=binary_sensor.test_vehicle_2_ev_charge_port, old_state=None, new_state=<state binary_sensor.test_vehicle_2_ev_charge_port=on; friendly_name=test_vehicle_2 EV Charge Port, icon=mdi:power-plug, device_class=plug @ 2020-12-06T18:52:09.445455+00:00>>
INFO     homeassistant.helpers.entity_registry:entity_registry.py:271 Registered new binary_sensor.subaru entity: binary_sensor.test_vehicle_2_ev_battery_charging
DEBUG    homeassistant.core:core.py:712 Bus:Handling <Event entity_registry_updated[L]: action=create, entity_id=binary_sensor.test_vehicle_2_ev_battery_charging>
DEBUG    homeassistant.core:core.py:712 Bus:Handling <Event state_changed[L]: entity_id=binary_sensor.test_vehicle_2_ev_battery_charging, old_state=None, new_state=<state binary_sensor.test_vehicle_2_ev_battery_charging=off; friendly_name=test_vehicle_2 EV Battery Charging, icon=mdi:car, device_class=battery_charging @ 2020-12-06T18:52:09.446493+00:00>>
INFO     homeassistant.setup:setup.py:232 Setup of domain zone took 0.0 seconds
DEBUG    homeassistant.core:core.py:712 Bus:Handling <Event component_loaded[L]: component=zone>
INFO     homeassistant.helpers.entity_registry:entity_registry.py:271 Registered new sensor.subaru entity: sensor.test_vehicle_2_odometer
DEBUG    homeassistant.core:core.py:712 Bus:Handling <Event entity_registry_updated[L]: action=create, entity_id=sensor.test_vehicle_2_odometer>
DEBUG    homeassistant.core:core.py:712 Bus:Handling <Event state_changed[L]: entity_id=sensor.test_vehicle_2_odometer, old_state=None, new_state=<state sensor.test_vehicle_2_odometer=1234; unit_of_measurement=km, friendly_name=test_vehicle_2 Odometer, icon=mdi:road-variant @ 2020-12-06T18:52:09.448565+00:00>>
INFO     homeassistant.setup:setup.py:183 Setting up device_tracker
DEBUG    homeassistant.core:core.py:712 Bus:Handling <Event service_registered[L]: domain=device_tracker, service=see>
INFO     homeassistant.setup:setup.py:232 Setup of domain device_tracker took 0.0 seconds
DEBUG    homeassistant.core:core.py:712 Bus:Handling <Event component_loaded[L]: component=device_tracker>
INFO     homeassistant.components.device_tracker:entity_platform.py:185 Setting up device_tracker.subaru
INFO     homeassistant.helpers.entity_registry:entity_registry.py:271 Registered new device_tracker.subaru entity: device_tracker.test_vehicle_2_location
DEBUG    homeassistant.core:core.py:712 Bus:Handling <Event entity_registry_updated[L]: action=create, entity_id=device_tracker.test_vehicle_2_location>
DEBUG    homeassistant.core:core.py:712 Bus:Handling <Event state_changed[L]: entity_id=device_tracker.test_vehicle_2_location, old_state=None, new_state=<state device_tracker.test_vehicle_2_location=not_home; source_type=gps, latitude=40.0, longitude=-100.0, gps_accuracy=0, friendly_name=test_vehicle_2 Location @ 2020-12-06T18:52:09.452629+00:00>>
DEBUG    homeassistant.core:core.py:712 Bus:Handling <Event state_changed[L]: entity_id=binary_sensor.test_vehicle_2_ignition, old_state=<state binary_sensor.test_vehicle_2_ignition=off; friendly_name=test_vehicle_2 Ignition, icon=mdi:engine-off, device_class=power @ 2020-12-06T18:52:09.437859+00:00>, new_state=None>
DEBUG    homeassistant.core:core.py:712 Bus:Handling <Event state_changed[L]: entity_id=binary_sensor.test_vehicle_2_trunk, old_state=<state binary_sensor.test_vehicle_2_trunk=off; friendly_name=test_vehicle_2 Trunk, icon=mdi:door-closed, device_class=door @ 2020-12-06T18:52:09.438916+00:00>, new_state=None>
DEBUG    homeassistant.core:core.py:712 Bus:Handling <Event state_changed[L]: entity_id=binary_sensor.test_vehicle_2_hood, old_state=<state binary_sensor.test_vehicle_2_hood=off; friendly_name=test_vehicle_2 Hood, icon=mdi:door-closed, device_class=door @ 2020-12-06T18:52:09.440153+00:00>, new_state=None>
DEBUG    homeassistant.core:core.py:712 Bus:Handling <Event state_changed[L]: entity_id=binary_sensor.test_vehicle_2_front_left_door, old_state=<state binary_sensor.test_vehicle_2_front_left_door=off; friendly_name=test_vehicle_2 Front Left Door, icon=mdi:door-closed, device_class=door @ 2020-12-06T18:52:09.441254+00:00>, new_state=None>
DEBUG    homeassistant.core:core.py:712 Bus:Handling <Event state_changed[L]: entity_id=binary_sensor.test_vehicle_2_front_right_door, old_state=<state binary_sensor.test_vehicle_2_front_right_door=off; friendly_name=test_vehicle_2 Front Right Door, icon=mdi:door-closed, device_class=door @ 2020-12-06T18:52:09.442307+00:00>, new_state=None>
DEBUG    homeassistant.core:core.py:712 Bus:Handling <Event state_changed[L]: entity_id=binary_sensor.test_vehicle_2_rear_left_door, old_state=<state binary_sensor.test_vehicle_2_rear_left_door=off; friendly_name=test_vehicle_2 Rear Left Door, icon=mdi:door-closed, device_class=door @ 2020-12-06T18:52:09.443401+00:00>, new_state=None>
DEBUG    homeassistant.core:core.py:712 Bus:Handling <Event state_changed[L]: entity_id=binary_sensor.test_vehicle_2_rear_right_door, old_state=<state binary_sensor.test_vehicle_2_rear_right_door=off; friendly_name=test_vehicle_2 Rear Right Door, icon=mdi:door-closed, device_class=door @ 2020-12-06T18:52:09.444431+00:00>, new_state=None>
DEBUG    homeassistant.core:core.py:712 Bus:Handling <Event state_changed[L]: entity_id=binary_sensor.test_vehicle_2_ev_charge_port, old_state=<state binary_sensor.test_vehicle_2_ev_charge_port=on; friendly_name=test_vehicle_2 EV Charge Port, icon=mdi:power-plug, device_class=plug @ 2020-12-06T18:52:09.445455+00:00>, new_state=None>
DEBUG    homeassistant.core:core.py:712 Bus:Handling <Event state_changed[L]: entity_id=binary_sensor.test_vehicle_2_ev_battery_charging, old_state=<state binary_sensor.test_vehicle_2_ev_battery_charging=off; friendly_name=test_vehicle_2 EV Battery Charging, icon=mdi:car, device_class=battery_charging @ 2020-12-06T18:52:09.446493+00:00>, new_state=None>
DEBUG    homeassistant.core:core.py:712 Bus:Handling <Event state_changed[L]: entity_id=device_tracker.test_vehicle_2_location, old_state=<state device_tracker.test_vehicle_2_location=not_home; source_type=gps, latitude=40.0, longitude=-100.0, gps_accuracy=0, friendly_name=test_vehicle_2 Location @ 2020-12-06T18:52:09.452629+00:00>, new_state=None>
DEBUG    homeassistant.core:core.py:712 Bus:Handling <Event state_changed[L]: entity_id=lock.test_vehicle_2_door_lock, old_state=<state lock.test_vehicle_2_door_lock=unknown; friendly_name=test_vehicle_2 Door Lock @ 2020-12-06T18:52:09.436552+00:00>, new_state=None>
DEBUG    homeassistant.core:core.py:712 Bus:Handling <Event state_changed[L]: entity_id=sensor.test_vehicle_2_avg_fuel_consumption, old_state=<state sensor.test_vehicle_2_avg_fuel_consumption=2.3; unit_of_measurement=L/100km, friendly_name=test_vehicle_2 Avg Fuel Consumption, icon=mdi:leaf @ 2020-12-06T18:52:09.424530+00:00>, new_state=None>
DEBUG    homeassistant.core:core.py:712 Bus:Handling <Event state_changed[L]: entity_id=sensor.test_vehicle_2_range, old_state=<state sensor.test_vehicle_2_range=707; unit_of_measurement=km, friendly_name=test_vehicle_2 Range, icon=mdi:gas-station @ 2020-12-06T18:52:09.425647+00:00>, new_state=None>
DEBUG    homeassistant.core:core.py:712 Bus:Handling <Event state_changed[L]: entity_id=sensor.test_vehicle_2_external_temp, old_state=<state sensor.test_vehicle_2_external_temp=21.5; unit_of_measurement=°C, friendly_name=test_vehicle_2 External Temp, icon=mdi:thermometer @ 2020-12-06T18:52:09.426722+00:00>, new_state=None>
DEBUG    homeassistant.core:core.py:712 Bus:Handling <Event state_changed[L]: entity_id=sensor.test_vehicle_2_12v_battery_voltage, old_state=<state sensor.test_vehicle_2_12v_battery_voltage=12.0; unit_of_measurement=V, friendly_name=test_vehicle_2 12V Battery Voltage, icon=mdi:car-battery @ 2020-12-06T18:52:09.427827+00:00>, new_state=None>
DEBUG    homeassistant.core:core.py:712 Bus:Handling <Event state_changed[L]: entity_id=sensor.test_vehicle_2_tire_pressure_fl, old_state=<state sensor.test_vehicle_2_tire_pressure_fl=2550; unit_of_measurement=hPa, friendly_name=test_vehicle_2 Tire Pressure FL, icon=mdi:gauge @ 2020-12-06T18:52:09.428898+00:00>, new_state=None>
DEBUG    homeassistant.core:core.py:712 Bus:Handling <Event state_changed[L]: entity_id=sensor.test_vehicle_2_tire_pressure_fr, old_state=<state sensor.test_vehicle_2_tire_pressure_fr=2550; unit_of_measurement=hPa, friendly_name=test_vehicle_2 Tire Pressure FR, icon=mdi:gauge @ 2020-12-06T18:52:09.429971+00:00>, new_state=None>
DEBUG    homeassistant.core:core.py:712 Bus:Handling <Event state_changed[L]: entity_id=sensor.test_vehicle_2_tire_pressure_rl, old_state=<state sensor.test_vehicle_2_tire_pressure_rl=2450; unit_of_measurement=hPa, friendly_name=test_vehicle_2 Tire Pressure RL, icon=mdi:gauge @ 2020-12-06T18:52:09.431047+00:00>, new_state=None>
DEBUG    homeassistant.core:core.py:712 Bus:Handling <Event state_changed[L]: entity_id=sensor.test_vehicle_2_tire_pressure_rr, old_state=<state sensor.test_vehicle_2_tire_pressure_rr=2350; unit_of_measurement=hPa, friendly_name=test_vehicle_2 Tire Pressure RR, icon=mdi:gauge @ 2020-12-06T18:52:09.432189+00:00>, new_state=None>
DEBUG    homeassistant.core:core.py:712 Bus:Handling <Event state_changed[L]: entity_id=sensor.test_vehicle_2_ev_range, old_state=<state sensor.test_vehicle_2_ev_range=27.4; unit_of_measurement=km, friendly_name=test_vehicle_2 EV Range, icon=mdi:ev-station @ 2020-12-06T18:52:09.433290+00:00>, new_state=None>
DEBUG    homeassistant.core:core.py:712 Bus:Handling <Event state_changed[L]: entity_id=sensor.test_vehicle_2_ev_battery_level, old_state=<state sensor.test_vehicle_2_ev_battery_level=100; unit_of_measurement=%, friendly_name=test_vehicle_2 EV Battery Level, icon=mdi:battery @ 2020-12-06T18:52:09.434337+00:00>, new_state=None>
DEBUG    homeassistant.core:core.py:712 Bus:Handling <Event state_changed[L]: entity_id=sensor.test_vehicle_2_ev_time_to_full_charge, old_state=<state sensor.test_vehicle_2_ev_time_to_full_charge=unknown; unit_of_measurement=min, friendly_name=test_vehicle_2 EV Time to Full Charge, icon=mdi:car-electric @ 2020-12-06T18:52:09.435399+00:00>, new_state=None>
DEBUG    homeassistant.core:core.py:712 Bus:Handling <Event state_changed[L]: entity_id=sensor.test_vehicle_2_odometer, old_state=<state sensor.test_vehicle_2_odometer=1234; unit_of_measurement=km, friendly_name=test_vehicle_2 Odometer, icon=mdi:road-variant @ 2020-12-06T18:52:09.448565+00:00>, new_state=None>
PASSED                                                                   [ 62%]
------------------------------ live log teardown -------------------------------
DEBUG    homeassistant.core:core.py:712 Bus:Handling <Event homeassistant_stop[L]>
DEBUG    homeassistant.core:core.py:712 Bus:Handling <Event homeassistant_final_write[L]>
INFO     pytest_homeassistant_custom_component.common:common.py:931 Writing data to core.device_registry: {'version': 1, 'key': 'core.device_registry', 'data': {'devices': [{'config_entries': [1], 'connections': [], 'identifiers': [('subaru', 'JF2ABCDE6L0000002')], 'manufacturer': 'subaru', 'model': None, 'name': 'test_vehicle_2', 'sw_version': None, 'entry_type': None, 'id': 'b9bd3f5c6ba2a8b7e9da3bf931222e57', 'via_device_id': None, 'area_id': None, 'name_by_user': None}], 'deleted_devices': []}}
INFO     pytest_homeassistant_custom_component.common:common.py:931 Writing data to core.entity_registry: {'version': 1, 'key': 'core.entity_registry', 'data': {'entities': [{'entity_id': 'sensor.test_vehicle_2_avg_fuel_consumption', 'config_entry_id': 1, 'device_id': 'b9bd3f5c6ba2a8b7e9da3bf931222e57', 'area_id': None, 'unique_id': 'subaru_jf2abcde6l0000002_avg_fuel_consumption', 'platform': 'subaru', 'name': None, 'icon': None, 'disabled_by': None, 'capabilities': None, 'supported_features': 0, 'device_class': None, 'unit_of_measurement': 'L/100km', 'original_name': 'test_vehicle_2 Avg Fuel Consumption', 'original_icon': 'mdi:leaf'}, {'entity_id': 'sensor.test_vehicle_2_range', 'config_entry_id': 1, 'device_id': 'b9bd3f5c6ba2a8b7e9da3bf931222e57', 'area_id': None, 'unique_id': 'subaru_jf2abcde6l0000002_range', 'platform': 'subaru', 'name': None, 'icon': None, 'disabled_by': None, 'capabilities': None, 'supported_features': 0, 'device_class': None, 'unit_of_measurement': 'km', 'original_name': 'test_vehicle_2 Range', 'original_icon': 'mdi:gas-station'}, {'entity_id': 'sensor.test_vehicle_2_external_temp', 'config_entry_id': 1, 'device_id': 'b9bd3f5c6ba2a8b7e9da3bf931222e57', 'area_id': None, 'unique_id': 'subaru_jf2abcde6l0000002_external_temp', 'platform': 'subaru', 'name': None, 'icon': None, 'disabled_by': None, 'capabilities': None, 'supported_features': 0, 'device_class': None, 'unit_of_measurement': '°C', 'original_name': 'test_vehicle_2 External Temp', 'original_icon': 'mdi:thermometer'}, {'entity_id': 'sensor.test_vehicle_2_12v_battery_voltage', 'config_entry_id': 1, 'device_id': 'b9bd3f5c6ba2a8b7e9da3bf931222e57', 'area_id': None, 'unique_id': 'subaru_jf2abcde6l0000002_12v_battery_voltage', 'platform': 'subaru', 'name': None, 'icon': None, 'disabled_by': None, 'capabilities': None, 'supported_features': 0, 'device_class': None, 'unit_of_measurement': 'V', 'original_name': 'test_vehicle_2 12V Battery Voltage', 'original_icon': 'mdi:car-battery'}, {'entity_id': 'sensor.test_vehicle_2_tire_pressure_fl', 'config_entry_id': 1, 'device_id': 'b9bd3f5c6ba2a8b7e9da3bf931222e57', 'area_id': None, 'unique_id': 'subaru_jf2abcde6l0000002_tire_pressure_fl', 'platform': 'subaru', 'name': None, 'icon': None, 'disabled_by': None, 'capabilities': None, 'supported_features': 0, 'device_class': None, 'unit_of_measurement': 'hPa', 'original_name': 'test_vehicle_2 Tire Pressure FL', 'original_icon': 'mdi:gauge'}, {'entity_id': 'sensor.test_vehicle_2_tire_pressure_fr', 'config_entry_id': 1, 'device_id': 'b9bd3f5c6ba2a8b7e9da3bf931222e57', 'area_id': None, 'unique_id': 'subaru_jf2abcde6l0000002_tire_pressure_fr', 'platform': 'subaru', 'name': None, 'icon': None, 'disabled_by': None, 'capabilities': None, 'supported_features': 0, 'device_class': None, 'unit_of_measurement': 'hPa', 'original_name': 'test_vehicle_2 Tire Pressure FR', 'original_icon': 'mdi:gauge'}, {'entity_id': 'sensor.test_vehicle_2_tire_pressure_rl', 'config_entry_id': 1, 'device_id': 'b9bd3f5c6ba2a8b7e9da3bf931222e57', 'area_id': None, 'unique_id': 'subaru_jf2abcde6l0000002_tire_pressure_rl', 'platform': 'subaru', 'name': None, 'icon': None, 'disabled_by': None, 'capabilities': None, 'supported_features': 0, 'device_class': None, 'unit_of_measurement': 'hPa', 'original_name': 'test_vehicle_2 Tire Pressure RL', 'original_icon': 'mdi:gauge'}, {'entity_id': 'sensor.test_vehicle_2_tire_pressure_rr', 'config_entry_id': 1, 'device_id': 'b9bd3f5c6ba2a8b7e9da3bf931222e57', 'area_id': None, 'unique_id': 'subaru_jf2abcde6l0000002_tire_pressure_rr', 'platform': 'subaru', 'name': None, 'icon': None, 'disabled_by': None, 'capabilities': None, 'supported_features': 0, 'device_class': None, 'unit_of_measurement': 'hPa', 'original_name': 'test_vehicle_2 Tire Pressure RR', 'original_icon': 'mdi:gauge'}, {'entity_id': 'sensor.test_vehicle_2_ev_range', 'config_entry_id': 1, 'device_id': 'b9bd3f5c6ba2a8b7e9da3bf931222e57', 'area_id': None, 'unique_id': 'subaru_jf2abcde6l0000002_ev_range', 'platform': 'subaru', 'name': None, 'icon': None, 'disabled_by': None, 'capabilities': None, 'supported_features': 0, 'device_class': None, 'unit_of_measurement': 'km', 'original_name': 'test_vehicle_2 EV Range', 'original_icon': 'mdi:ev-station'}, {'entity_id': 'sensor.test_vehicle_2_ev_battery_level', 'config_entry_id': 1, 'device_id': 'b9bd3f5c6ba2a8b7e9da3bf931222e57', 'area_id': None, 'unique_id': 'subaru_jf2abcde6l0000002_ev_battery_level', 'platform': 'subaru', 'name': None, 'icon': None, 'disabled_by': None, 'capabilities': None, 'supported_features': 0, 'device_class': None, 'unit_of_measurement': '%', 'original_name': 'test_vehicle_2 EV Battery Level', 'original_icon': 'mdi:battery-unknown'}, {'entity_id': 'sensor.test_vehicle_2_ev_time_to_full_charge', 'config_entry_id': 1, 'device_id': 'b9bd3f5c6ba2a8b7e9da3bf931222e57', 'area_id': None, 'unique_id': 'subaru_jf2abcde6l0000002_ev_time_to_full_charge', 'platform': 'subaru', 'name': None, 'icon': None, 'disabled_by': None, 'capabilities': None, 'supported_features': 0, 'device_class': None, 'unit_of_measurement': 'min', 'original_name': 'test_vehicle_2 EV Time to Full Charge', 'original_icon': 'mdi:car-electric'}, {'entity_id': 'lock.test_vehicle_2_door_lock', 'config_entry_id': 1, 'device_id': 'b9bd3f5c6ba2a8b7e9da3bf931222e57', 'area_id': None, 'unique_id': 'subaru_jf2abcde6l0000002_door_lock', 'platform': 'subaru', 'name': None, 'icon': None, 'disabled_by': None, 'capabilities': None, 'supported_features': 0, 'device_class': None, 'unit_of_measurement': None, 'original_name': 'test_vehicle_2 Door Lock', 'original_icon': None}, {'entity_id': 'binary_sensor.test_vehicle_2_ignition', 'config_entry_id': 1, 'device_id': 'b9bd3f5c6ba2a8b7e9da3bf931222e57', 'area_id': None, 'unique_id': 'subaru_jf2abcde6l0000002_ignition', 'platform': 'subaru', 'name': None, 'icon': None, 'disabled_by': None, 'capabilities': None, 'supported_features': 0, 'device_class': 'power', 'unit_of_measurement': None, 'original_name': 'test_vehicle_2 Ignition', 'original_icon': 'mdi:engine-off'}, {'entity_id': 'binary_sensor.test_vehicle_2_trunk', 'config_entry_id': 1, 'device_id': 'b9bd3f5c6ba2a8b7e9da3bf931222e57', 'area_id': None, 'unique_id': 'subaru_jf2abcde6l0000002_trunk', 'platform': 'subaru', 'name': None, 'icon': None, 'disabled_by': None, 'capabilities': None, 'supported_features': 0, 'device_class': 'door', 'unit_of_measurement': None, 'original_name': 'test_vehicle_2 Trunk', 'original_icon': 'mdi:door-closed'}, {'entity_id': 'binary_sensor.test_vehicle_2_hood', 'config_entry_id': 1, 'device_id': 'b9bd3f5c6ba2a8b7e9da3bf931222e57', 'area_id': None, 'unique_id': 'subaru_jf2abcde6l0000002_hood', 'platform': 'subaru', 'name': None, 'icon': None, 'disabled_by': None, 'capabilities': None, 'supported_features': 0, 'device_class': 'door', 'unit_of_measurement': None, 'original_name': 'test_vehicle_2 Hood', 'original_icon': 'mdi:door-closed'}, {'entity_id': 'binary_sensor.test_vehicle_2_front_left_door', 'config_entry_id': 1, 'device_id': 'b9bd3f5c6ba2a8b7e9da3bf931222e57', 'area_id': None, 'unique_id': 'subaru_jf2abcde6l0000002_front_left_door', 'platform': 'subaru', 'name': None, 'icon': None, 'disabled_by': None, 'capabilities': None, 'supported_features': 0, 'device_class': 'door', 'unit_of_measurement': None, 'original_name': 'test_vehicle_2 Front Left Door', 'original_icon': 'mdi:door-closed'}, {'entity_id': 'binary_sensor.test_vehicle_2_front_right_door', 'config_entry_id': 1, 'device_id': 'b9bd3f5c6ba2a8b7e9da3bf931222e57', 'area_id': None, 'unique_id': 'subaru_jf2abcde6l0000002_front_right_door', 'platform': 'subaru', 'name': None, 'icon': None, 'disabled_by': None, 'capabilities': None, 'supported_features': 0, 'device_class': 'door', 'unit_of_measurement': None, 'original_name': 'test_vehicle_2 Front Right Door', 'original_icon': 'mdi:door-closed'}, {'entity_id': 'binary_sensor.test_vehicle_2_rear_left_door', 'config_entry_id': 1, 'device_id': 'b9bd3f5c6ba2a8b7e9da3bf931222e57', 'area_id': None, 'unique_id': 'subaru_jf2abcde6l0000002_rear_left_door', 'platform': 'subaru', 'name': None, 'icon': None, 'disabled_by': None, 'capabilities': None, 'supported_features': 0, 'device_class': 'door', 'unit_of_measurement': None, 'original_name': 'test_vehicle_2 Rear Left Door', 'original_icon': 'mdi:door-closed'}, {'entity_id': 'binary_sensor.test_vehicle_2_rear_right_door', 'config_entry_id': 1, 'device_id': 'b9bd3f5c6ba2a8b7e9da3bf931222e57', 'area_id': None, 'unique_id': 'subaru_jf2abcde6l0000002_rear_right_door', 'platform': 'subaru', 'name': None, 'icon': None, 'disabled_by': None, 'capabilities': None, 'supported_features': 0, 'device_class': 'door', 'unit_of_measurement': None, 'original_name': 'test_vehicle_2 Rear Right Door', 'original_icon': 'mdi:door-closed'}, {'entity_id': 'binary_sensor.test_vehicle_2_ev_charge_port', 'config_entry_id': 1, 'device_id': 'b9bd3f5c6ba2a8b7e9da3bf931222e57', 'area_id': None, 'unique_id': 'subaru_jf2abcde6l0000002_ev_charge_port', 'platform': 'subaru', 'name': None, 'icon': None, 'disabled_by': None, 'capabilities': None, 'supported_features': 0, 'device_class': 'plug', 'unit_of_measurement': None, 'original_name': 'test_vehicle_2 EV Charge Port', 'original_icon': 'mdi:power-plug'}, {'entity_id': 'binary_sensor.test_vehicle_2_ev_battery_charging', 'config_entry_id': 1, 'device_id': 'b9bd3f5c6ba2a8b7e9da3bf931222e57', 'area_id': None, 'unique_id': 'subaru_jf2abcde6l0000002_ev_battery_charging', 'platform': 'subaru', 'name': None, 'icon': None, 'disabled_by': None, 'capabilities': None, 'supported_features': 0, 'device_class': 'battery_charging', 'unit_of_measurement': None, 'original_name': 'test_vehicle_2 EV Battery Charging', 'original_icon': 'mdi:car'}, {'entity_id': 'sensor.test_vehicle_2_odometer', 'config_entry_id': 1, 'device_id': 'b9bd3f5c6ba2a8b7e9da3bf931222e57', 'area_id': None, 'unique_id': 'subaru_jf2abcde6l0000002_odometer', 'platform': 'subaru', 'name': None, 'icon': None, 'disabled_by': None, 'capabilities': None, 'supported_features': 0, 'device_class': None, 'unit_of_measurement': 'km', 'original_name': 'test_vehicle_2 Odometer', 'original_icon': 'mdi:road-variant'}, {'entity_id': 'device_tracker.test_vehicle_2_location', 'config_entry_id': 1, 'device_id': 'b9bd3f5c6ba2a8b7e9da3bf931222e57', 'area_id': None, 'unique_id': 'subaru_jf2abcde6l0000002_location', 'platform': 'subaru', 'name': None, 'icon': None, 'disabled_by': None, 'capabilities': None, 'supported_features': 0, 'device_class': None, 'unit_of_measurement': None, 'original_name': 'test_vehicle_2 Location', 'original_icon': None}]}}
DEBUG    homeassistant.core:core.py:712 Bus:Handling <Event homeassistant_close[L]>

tests/test_lock.py::test_device_exists[pyloop] 
-------------------------------- live log setup --------------------------------
DEBUG    asyncio:selector_events.py:59 Using selector: KqueueSelector
-------------------------------- live log call ---------------------------------
INFO     homeassistant.loader:loader.py:292 Loaded subaru from custom_components.subaru
WARNING  homeassistant.loader:loader.py:465 You are using a custom integration for subaru which has not been tested by Home Assistant. This component might cause stability problems, be sure to disable it if you experience issues with Home Assistant.
INFO     homeassistant.setup:setup.py:183 Setting up subaru
INFO     homeassistant.setup:setup.py:232 Setup of domain subaru took 0.0 seconds
DEBUG    homeassistant.core:core.py:712 Bus:Handling <Event component_loaded[L]: component=subaru>
DEBUG    custom_components.subaru:update_coordinator.py:184 Finished fetching subaru_data data in 0.002 seconds
DEBUG    homeassistant.core:core.py:712 Bus:Handling <Event service_registered[L]: domain=subaru, service=fetch>
DEBUG    homeassistant.core:core.py:712 Bus:Handling <Event service_registered[L]: domain=subaru, service=horn>
DEBUG    homeassistant.core:core.py:712 Bus:Handling <Event service_registered[L]: domain=subaru, service=lights>
DEBUG    homeassistant.core:core.py:712 Bus:Handling <Event service_registered[L]: domain=subaru, service=lock>
DEBUG    homeassistant.core:core.py:712 Bus:Handling <Event service_registered[L]: domain=subaru, service=unlock>
DEBUG    homeassistant.core:core.py:712 Bus:Handling <Event service_registered[L]: domain=subaru, service=update>
DEBUG    homeassistant.core:core.py:712 Bus:Handling <Event service_registered[L]: domain=subaru, service=remote_start>
DEBUG    homeassistant.core:core.py:712 Bus:Handling <Event service_registered[L]: domain=subaru, service=remote_stop>
DEBUG    homeassistant.core:core.py:712 Bus:Handling <Event service_registered[L]: domain=subaru, service=charge_start>
INFO     homeassistant.loader:loader.py:292 Loaded binary_sensor from homeassistant.components.binary_sensor
INFO     homeassistant.loader:loader.py:292 Loaded device_tracker from homeassistant.components.device_tracker
INFO     homeassistant.loader:loader.py:292 Loaded lock from homeassistant.components.lock
INFO     homeassistant.setup:setup.py:183 Setting up binary_sensor
INFO     homeassistant.setup:setup.py:232 Setup of domain binary_sensor took 0.0 seconds
INFO     homeassistant.loader:loader.py:292 Loaded sensor from homeassistant.components.sensor
DEBUG    homeassistant.core:core.py:712 Bus:Handling <Event component_loaded[L]: component=binary_sensor>
INFO     homeassistant.setup:setup.py:183 Setting up lock
DEBUG    homeassistant.core:core.py:712 Bus:Handling <Event service_registered[L]: domain=lock, service=unlock>
INFO     homeassistant.loader:loader.py:292 Loaded zone from homeassistant.components.zone
DEBUG    homeassistant.core:core.py:712 Bus:Handling <Event service_registered[L]: domain=lock, service=lock>
DEBUG    homeassistant.core:core.py:712 Bus:Handling <Event service_registered[L]: domain=lock, service=open>
INFO     homeassistant.setup:setup.py:232 Setup of domain lock took 0.0 seconds
INFO     homeassistant.components.binary_sensor:entity_platform.py:185 Setting up binary_sensor.subaru
DEBUG    homeassistant.core:core.py:712 Bus:Handling <Event component_loaded[L]: component=lock>
INFO     homeassistant.setup:setup.py:183 Setting up sensor
INFO     homeassistant.setup:setup.py:232 Setup of domain sensor took 0.0 seconds
DEBUG    homeassistant.setup:setup.py:96 Dependency device_tracker will wait for dependencies ['zone']
INFO     homeassistant.components.lock:entity_platform.py:185 Setting up lock.subaru
DEBUG    homeassistant.core:core.py:712 Bus:Handling <Event component_loaded[L]: component=sensor>
INFO     homeassistant.components.sensor:entity_platform.py:185 Setting up sensor.subaru
INFO     homeassistant.setup:setup.py:183 Setting up zone
DEBUG    homeassistant.core:core.py:712 Bus:Handling <Event service_registered[L]: domain=zone, service=reload>
DEBUG    homeassistant.core:core.py:712 Bus:Handling <Event state_changed[L]: entity_id=zone.home, old_state=None, new_state=<state zone.home=zoning; latitude=32.87336, longitude=-117.22743, radius=100, passive=False, editable=True, friendly_name=test home, icon=mdi:home @ 2020-12-06T18:52:09.543313+00:00>>
DEBUG    custom_components.subaru:update_coordinator.py:184 Finished fetching subaru_data data in 0.000 seconds
DEBUG    homeassistant.core:core.py:712 Bus:Handling <Event device_registry_updated[L]: action=create, device_id=81a92ff21cfe4e7b5c0b5e68b0167a82>
INFO     homeassistant.helpers.entity_registry:entity_registry.py:271 Registered new binary_sensor.subaru entity: binary_sensor.test_vehicle_2_trunk
DEBUG    homeassistant.core:core.py:712 Bus:Handling <Event entity_registry_updated[L]: action=create, entity_id=binary_sensor.test_vehicle_2_trunk>
DEBUG    homeassistant.core:core.py:712 Bus:Handling <Event state_changed[L]: entity_id=binary_sensor.test_vehicle_2_trunk, old_state=None, new_state=<state binary_sensor.test_vehicle_2_trunk=off; friendly_name=test_vehicle_2 Trunk, icon=mdi:door-closed, device_class=door @ 2020-12-06T18:52:09.545511+00:00>>
INFO     homeassistant.helpers.entity_registry:entity_registry.py:271 Registered new binary_sensor.subaru entity: binary_sensor.test_vehicle_2_hood
DEBUG    homeassistant.core:core.py:712 Bus:Handling <Event entity_registry_updated[L]: action=create, entity_id=binary_sensor.test_vehicle_2_hood>
DEBUG    homeassistant.core:core.py:712 Bus:Handling <Event state_changed[L]: entity_id=binary_sensor.test_vehicle_2_hood, old_state=None, new_state=<state binary_sensor.test_vehicle_2_hood=off; friendly_name=test_vehicle_2 Hood, icon=mdi:door-closed, device_class=door @ 2020-12-06T18:52:09.546645+00:00>>
INFO     homeassistant.helpers.entity_registry:entity_registry.py:271 Registered new binary_sensor.subaru entity: binary_sensor.test_vehicle_2_front_left_door
DEBUG    homeassistant.core:core.py:712 Bus:Handling <Event entity_registry_updated[L]: action=create, entity_id=binary_sensor.test_vehicle_2_front_left_door>
DEBUG    homeassistant.core:core.py:712 Bus:Handling <Event state_changed[L]: entity_id=binary_sensor.test_vehicle_2_front_left_door, old_state=None, new_state=<state binary_sensor.test_vehicle_2_front_left_door=off; friendly_name=test_vehicle_2 Front Left Door, icon=mdi:door-closed, device_class=door @ 2020-12-06T18:52:09.547704+00:00>>
INFO     homeassistant.helpers.entity_registry:entity_registry.py:271 Registered new binary_sensor.subaru entity: binary_sensor.test_vehicle_2_front_right_door
DEBUG    homeassistant.core:core.py:712 Bus:Handling <Event entity_registry_updated[L]: action=create, entity_id=binary_sensor.test_vehicle_2_front_right_door>
DEBUG    homeassistant.core:core.py:712 Bus:Handling <Event state_changed[L]: entity_id=binary_sensor.test_vehicle_2_front_right_door, old_state=None, new_state=<state binary_sensor.test_vehicle_2_front_right_door=off; friendly_name=test_vehicle_2 Front Right Door, icon=mdi:door-closed, device_class=door @ 2020-12-06T18:52:09.548743+00:00>>
INFO     homeassistant.helpers.entity_registry:entity_registry.py:271 Registered new binary_sensor.subaru entity: binary_sensor.test_vehicle_2_rear_left_door
DEBUG    homeassistant.core:core.py:712 Bus:Handling <Event entity_registry_updated[L]: action=create, entity_id=binary_sensor.test_vehicle_2_rear_left_door>
DEBUG    homeassistant.core:core.py:712 Bus:Handling <Event state_changed[L]: entity_id=binary_sensor.test_vehicle_2_rear_left_door, old_state=None, new_state=<state binary_sensor.test_vehicle_2_rear_left_door=off; friendly_name=test_vehicle_2 Rear Left Door, icon=mdi:door-closed, device_class=door @ 2020-12-06T18:52:09.549773+00:00>>
INFO     homeassistant.helpers.entity_registry:entity_registry.py:271 Registered new binary_sensor.subaru entity: binary_sensor.test_vehicle_2_rear_right_door
DEBUG    homeassistant.core:core.py:712 Bus:Handling <Event entity_registry_updated[L]: action=create, entity_id=binary_sensor.test_vehicle_2_rear_right_door>
DEBUG    homeassistant.core:core.py:712 Bus:Handling <Event state_changed[L]: entity_id=binary_sensor.test_vehicle_2_rear_right_door, old_state=None, new_state=<state binary_sensor.test_vehicle_2_rear_right_door=off; friendly_name=test_vehicle_2 Rear Right Door, icon=mdi:door-closed, device_class=door @ 2020-12-06T18:52:09.550785+00:00>>
INFO     homeassistant.helpers.entity_registry:entity_registry.py:271 Registered new binary_sensor.subaru entity: binary_sensor.test_vehicle_2_ev_charge_port
DEBUG    homeassistant.core:core.py:712 Bus:Handling <Event entity_registry_updated[L]: action=create, entity_id=binary_sensor.test_vehicle_2_ev_charge_port>
DEBUG    homeassistant.core:core.py:712 Bus:Handling <Event state_changed[L]: entity_id=binary_sensor.test_vehicle_2_ev_charge_port, old_state=None, new_state=<state binary_sensor.test_vehicle_2_ev_charge_port=on; friendly_name=test_vehicle_2 EV Charge Port, icon=mdi:power-plug, device_class=plug @ 2020-12-06T18:52:09.551794+00:00>>
INFO     homeassistant.helpers.entity_registry:entity_registry.py:271 Registered new binary_sensor.subaru entity: binary_sensor.test_vehicle_2_ev_battery_charging
DEBUG    homeassistant.core:core.py:712 Bus:Handling <Event entity_registry_updated[L]: action=create, entity_id=binary_sensor.test_vehicle_2_ev_battery_charging>
DEBUG    homeassistant.core:core.py:712 Bus:Handling <Event state_changed[L]: entity_id=binary_sensor.test_vehicle_2_ev_battery_charging, old_state=None, new_state=<state binary_sensor.test_vehicle_2_ev_battery_charging=off; friendly_name=test_vehicle_2 EV Battery Charging, icon=mdi:car, device_class=battery_charging @ 2020-12-06T18:52:09.552988+00:00>>
INFO     homeassistant.helpers.entity_registry:entity_registry.py:271 Registered new sensor.subaru entity: sensor.test_vehicle_2_odometer
DEBUG    homeassistant.core:core.py:712 Bus:Handling <Event entity_registry_updated[L]: action=create, entity_id=sensor.test_vehicle_2_odometer>
DEBUG    homeassistant.core:core.py:712 Bus:Handling <Event state_changed[L]: entity_id=sensor.test_vehicle_2_odometer, old_state=None, new_state=<state sensor.test_vehicle_2_odometer=766.8; unit_of_measurement=mi, friendly_name=test_vehicle_2 Odometer, icon=mdi:road-variant @ 2020-12-06T18:52:09.554046+00:00>>
INFO     homeassistant.helpers.entity_registry:entity_registry.py:271 Registered new sensor.subaru entity: sensor.test_vehicle_2_avg_fuel_consumption
DEBUG    homeassistant.core:core.py:712 Bus:Handling <Event entity_registry_updated[L]: action=create, entity_id=sensor.test_vehicle_2_avg_fuel_consumption>
DEBUG    homeassistant.core:core.py:712 Bus:Handling <Event state_changed[L]: entity_id=sensor.test_vehicle_2_avg_fuel_consumption, old_state=None, new_state=<state sensor.test_vehicle_2_avg_fuel_consumption=102.3; unit_of_measurement=mi/gal, friendly_name=test_vehicle_2 Avg Fuel Consumption, icon=mdi:leaf @ 2020-12-06T18:52:09.555063+00:00>>
INFO     homeassistant.helpers.entity_registry:entity_registry.py:271 Registered new sensor.subaru entity: sensor.test_vehicle_2_range
DEBUG    homeassistant.core:core.py:712 Bus:Handling <Event entity_registry_updated[L]: action=create, entity_id=sensor.test_vehicle_2_range>
DEBUG    homeassistant.core:core.py:712 Bus:Handling <Event state_changed[L]: entity_id=sensor.test_vehicle_2_range, old_state=None, new_state=<state sensor.test_vehicle_2_range=439.3; unit_of_measurement=mi, friendly_name=test_vehicle_2 Range, icon=mdi:gas-station @ 2020-12-06T18:52:09.556053+00:00>>
INFO     homeassistant.helpers.entity_registry:entity_registry.py:271 Registered new sensor.subaru entity: sensor.test_vehicle_2_external_temp
DEBUG    homeassistant.core:core.py:712 Bus:Handling <Event entity_registry_updated[L]: action=create, entity_id=sensor.test_vehicle_2_external_temp>
DEBUG    homeassistant.core:core.py:712 Bus:Handling <Event state_changed[L]: entity_id=sensor.test_vehicle_2_external_temp, old_state=None, new_state=<state sensor.test_vehicle_2_external_temp=70.7; unit_of_measurement=°F, friendly_name=test_vehicle_2 External Temp, icon=mdi:thermometer @ 2020-12-06T18:52:09.557086+00:00>>
INFO     homeassistant.helpers.entity_registry:entity_registry.py:271 Registered new sensor.subaru entity: sensor.test_vehicle_2_12v_battery_voltage
DEBUG    homeassistant.core:core.py:712 Bus:Handling <Event entity_registry_updated[L]: action=create, entity_id=sensor.test_vehicle_2_12v_battery_voltage>
DEBUG    homeassistant.core:core.py:712 Bus:Handling <Event state_changed[L]: entity_id=sensor.test_vehicle_2_12v_battery_voltage, old_state=None, new_state=<state sensor.test_vehicle_2_12v_battery_voltage=12.0; unit_of_measurement=V, friendly_name=test_vehicle_2 12V Battery Voltage, icon=mdi:car-battery @ 2020-12-06T18:52:09.558075+00:00>>
INFO     homeassistant.helpers.entity_registry:entity_registry.py:271 Registered new sensor.subaru entity: sensor.test_vehicle_2_tire_pressure_fl
DEBUG    homeassistant.core:core.py:712 Bus:Handling <Event entity_registry_updated[L]: action=create, entity_id=sensor.test_vehicle_2_tire_pressure_fl>
DEBUG    homeassistant.core:core.py:712 Bus:Handling <Event state_changed[L]: entity_id=sensor.test_vehicle_2_tire_pressure_fl, old_state=None, new_state=<state sensor.test_vehicle_2_tire_pressure_fl=37.0; unit_of_measurement=psi, friendly_name=test_vehicle_2 Tire Pressure FL, icon=mdi:gauge @ 2020-12-06T18:52:09.559232+00:00>>
INFO     homeassistant.helpers.entity_registry:entity_registry.py:271 Registered new sensor.subaru entity: sensor.test_vehicle_2_tire_pressure_fr
DEBUG    homeassistant.core:core.py:712 Bus:Handling <Event entity_registry_updated[L]: action=create, entity_id=sensor.test_vehicle_2_tire_pressure_fr>
DEBUG    homeassistant.core:core.py:712 Bus:Handling <Event state_changed[L]: entity_id=sensor.test_vehicle_2_tire_pressure_fr, old_state=None, new_state=<state sensor.test_vehicle_2_tire_pressure_fr=37.0; unit_of_measurement=psi, friendly_name=test_vehicle_2 Tire Pressure FR, icon=mdi:gauge @ 2020-12-06T18:52:09.560188+00:00>>
INFO     homeassistant.helpers.entity_registry:entity_registry.py:271 Registered new sensor.subaru entity: sensor.test_vehicle_2_tire_pressure_rl
DEBUG    homeassistant.core:core.py:712 Bus:Handling <Event entity_registry_updated[L]: action=create, entity_id=sensor.test_vehicle_2_tire_pressure_rl>
DEBUG    homeassistant.core:core.py:712 Bus:Handling <Event state_changed[L]: entity_id=sensor.test_vehicle_2_tire_pressure_rl, old_state=None, new_state=<state sensor.test_vehicle_2_tire_pressure_rl=35.5; unit_of_measurement=psi, friendly_name=test_vehicle_2 Tire Pressure RL, icon=mdi:gauge @ 2020-12-06T18:52:09.561125+00:00>>
INFO     homeassistant.helpers.entity_registry:entity_registry.py:271 Registered new sensor.subaru entity: sensor.test_vehicle_2_tire_pressure_rr
DEBUG    homeassistant.core:core.py:712 Bus:Handling <Event entity_registry_updated[L]: action=create, entity_id=sensor.test_vehicle_2_tire_pressure_rr>
DEBUG    homeassistant.core:core.py:712 Bus:Handling <Event state_changed[L]: entity_id=sensor.test_vehicle_2_tire_pressure_rr, old_state=None, new_state=<state sensor.test_vehicle_2_tire_pressure_rr=34.1; unit_of_measurement=psi, friendly_name=test_vehicle_2 Tire Pressure RR, icon=mdi:gauge @ 2020-12-06T18:52:09.562018+00:00>>
INFO     homeassistant.helpers.entity_registry:entity_registry.py:271 Registered new sensor.subaru entity: sensor.test_vehicle_2_ev_range
DEBUG    homeassistant.core:core.py:712 Bus:Handling <Event entity_registry_updated[L]: action=create, entity_id=sensor.test_vehicle_2_ev_range>
DEBUG    homeassistant.core:core.py:712 Bus:Handling <Event state_changed[L]: entity_id=sensor.test_vehicle_2_ev_range, old_state=None, new_state=<state sensor.test_vehicle_2_ev_range=17; unit_of_measurement=mi, friendly_name=test_vehicle_2 EV Range, icon=mdi:ev-station @ 2020-12-06T18:52:09.562943+00:00>>
INFO     homeassistant.helpers.entity_registry:entity_registry.py:271 Registered new sensor.subaru entity: sensor.test_vehicle_2_ev_battery_level
DEBUG    homeassistant.core:core.py:712 Bus:Handling <Event entity_registry_updated[L]: action=create, entity_id=sensor.test_vehicle_2_ev_battery_level>
DEBUG    homeassistant.core:core.py:712 Bus:Handling <Event state_changed[L]: entity_id=sensor.test_vehicle_2_ev_battery_level, old_state=None, new_state=<state sensor.test_vehicle_2_ev_battery_level=100; unit_of_measurement=%, friendly_name=test_vehicle_2 EV Battery Level, icon=mdi:battery @ 2020-12-06T18:52:09.563812+00:00>>
INFO     homeassistant.helpers.entity_registry:entity_registry.py:271 Registered new sensor.subaru entity: sensor.test_vehicle_2_ev_time_to_full_charge
DEBUG    homeassistant.core:core.py:712 Bus:Handling <Event entity_registry_updated[L]: action=create, entity_id=sensor.test_vehicle_2_ev_time_to_full_charge>
DEBUG    homeassistant.core:core.py:712 Bus:Handling <Event state_changed[L]: entity_id=sensor.test_vehicle_2_ev_time_to_full_charge, old_state=None, new_state=<state sensor.test_vehicle_2_ev_time_to_full_charge=unknown; unit_of_measurement=min, friendly_name=test_vehicle_2 EV Time to Full Charge, icon=mdi:car-electric @ 2020-12-06T18:52:09.564656+00:00>>
INFO     homeassistant.helpers.entity_registry:entity_registry.py:271 Registered new lock.subaru entity: lock.test_vehicle_2_door_lock
DEBUG    homeassistant.core:core.py:712 Bus:Handling <Event entity_registry_updated[L]: action=create, entity_id=lock.test_vehicle_2_door_lock>
DEBUG    homeassistant.core:core.py:712 Bus:Handling <Event state_changed[L]: entity_id=lock.test_vehicle_2_door_lock, old_state=None, new_state=<state lock.test_vehicle_2_door_lock=unknown; friendly_name=test_vehicle_2 Door Lock @ 2020-12-06T18:52:09.565481+00:00>>
INFO     homeassistant.setup:setup.py:232 Setup of domain zone took 0.0 seconds
DEBUG    homeassistant.core:core.py:712 Bus:Handling <Event component_loaded[L]: component=zone>
INFO     homeassistant.helpers.entity_registry:entity_registry.py:271 Registered new binary_sensor.subaru entity: binary_sensor.test_vehicle_2_ignition
DEBUG    homeassistant.core:core.py:712 Bus:Handling <Event entity_registry_updated[L]: action=create, entity_id=binary_sensor.test_vehicle_2_ignition>
DEBUG    homeassistant.core:core.py:712 Bus:Handling <Event state_changed[L]: entity_id=binary_sensor.test_vehicle_2_ignition, old_state=None, new_state=<state binary_sensor.test_vehicle_2_ignition=off; friendly_name=test_vehicle_2 Ignition, icon=mdi:engine-off, device_class=power @ 2020-12-06T18:52:09.567147+00:00>>
INFO     homeassistant.setup:setup.py:183 Setting up device_tracker
DEBUG    homeassistant.core:core.py:712 Bus:Handling <Event service_registered[L]: domain=device_tracker, service=see>
INFO     homeassistant.setup:setup.py:232 Setup of domain device_tracker took 0.0 seconds
DEBUG    homeassistant.core:core.py:712 Bus:Handling <Event component_loaded[L]: component=device_tracker>
INFO     homeassistant.components.device_tracker:entity_platform.py:185 Setting up device_tracker.subaru
INFO     homeassistant.helpers.entity_registry:entity_registry.py:271 Registered new device_tracker.subaru entity: device_tracker.test_vehicle_2_location
DEBUG    homeassistant.core:core.py:712 Bus:Handling <Event entity_registry_updated[L]: action=create, entity_id=device_tracker.test_vehicle_2_location>
DEBUG    homeassistant.core:core.py:712 Bus:Handling <Event state_changed[L]: entity_id=device_tracker.test_vehicle_2_location, old_state=None, new_state=<state device_tracker.test_vehicle_2_location=not_home; source_type=gps, latitude=40.0, longitude=-100.0, gps_accuracy=0, friendly_name=test_vehicle_2 Location @ 2020-12-06T18:52:09.571153+00:00>>
PASSED                                                                   [ 65%]
------------------------------ live log teardown -------------------------------
DEBUG    homeassistant.core:core.py:712 Bus:Handling <Event homeassistant_stop[L]>
DEBUG    homeassistant.core:core.py:712 Bus:Handling <Event homeassistant_final_write[L]>
INFO     pytest_homeassistant_custom_component.common:common.py:931 Writing data to core.device_registry: {'version': 1, 'key': 'core.device_registry', 'data': {'devices': [{'config_entries': [1], 'connections': [], 'identifiers': [('subaru', 'JF2ABCDE6L0000002')], 'manufacturer': 'subaru', 'model': None, 'name': 'test_vehicle_2', 'sw_version': None, 'entry_type': None, 'id': '81a92ff21cfe4e7b5c0b5e68b0167a82', 'via_device_id': None, 'area_id': None, 'name_by_user': None}], 'deleted_devices': []}}
INFO     pytest_homeassistant_custom_component.common:common.py:931 Writing data to core.entity_registry: {'version': 1, 'key': 'core.entity_registry', 'data': {'entities': [{'entity_id': 'binary_sensor.test_vehicle_2_trunk', 'config_entry_id': 1, 'device_id': '81a92ff21cfe4e7b5c0b5e68b0167a82', 'area_id': None, 'unique_id': 'subaru_jf2abcde6l0000002_trunk', 'platform': 'subaru', 'name': None, 'icon': None, 'disabled_by': None, 'capabilities': None, 'supported_features': 0, 'device_class': 'door', 'unit_of_measurement': None, 'original_name': 'test_vehicle_2 Trunk', 'original_icon': 'mdi:door-closed'}, {'entity_id': 'binary_sensor.test_vehicle_2_hood', 'config_entry_id': 1, 'device_id': '81a92ff21cfe4e7b5c0b5e68b0167a82', 'area_id': None, 'unique_id': 'subaru_jf2abcde6l0000002_hood', 'platform': 'subaru', 'name': None, 'icon': None, 'disabled_by': None, 'capabilities': None, 'supported_features': 0, 'device_class': 'door', 'unit_of_measurement': None, 'original_name': 'test_vehicle_2 Hood', 'original_icon': 'mdi:door-closed'}, {'entity_id': 'binary_sensor.test_vehicle_2_front_left_door', 'config_entry_id': 1, 'device_id': '81a92ff21cfe4e7b5c0b5e68b0167a82', 'area_id': None, 'unique_id': 'subaru_jf2abcde6l0000002_front_left_door', 'platform': 'subaru', 'name': None, 'icon': None, 'disabled_by': None, 'capabilities': None, 'supported_features': 0, 'device_class': 'door', 'unit_of_measurement': None, 'original_name': 'test_vehicle_2 Front Left Door', 'original_icon': 'mdi:door-closed'}, {'entity_id': 'binary_sensor.test_vehicle_2_front_right_door', 'config_entry_id': 1, 'device_id': '81a92ff21cfe4e7b5c0b5e68b0167a82', 'area_id': None, 'unique_id': 'subaru_jf2abcde6l0000002_front_right_door', 'platform': 'subaru', 'name': None, 'icon': None, 'disabled_by': None, 'capabilities': None, 'supported_features': 0, 'device_class': 'door', 'unit_of_measurement': None, 'original_name': 'test_vehicle_2 Front Right Door', 'original_icon': 'mdi:door-closed'}, {'entity_id': 'binary_sensor.test_vehicle_2_rear_left_door', 'config_entry_id': 1, 'device_id': '81a92ff21cfe4e7b5c0b5e68b0167a82', 'area_id': None, 'unique_id': 'subaru_jf2abcde6l0000002_rear_left_door', 'platform': 'subaru', 'name': None, 'icon': None, 'disabled_by': None, 'capabilities': None, 'supported_features': 0, 'device_class': 'door', 'unit_of_measurement': None, 'original_name': 'test_vehicle_2 Rear Left Door', 'original_icon': 'mdi:door-closed'}, {'entity_id': 'binary_sensor.test_vehicle_2_rear_right_door', 'config_entry_id': 1, 'device_id': '81a92ff21cfe4e7b5c0b5e68b0167a82', 'area_id': None, 'unique_id': 'subaru_jf2abcde6l0000002_rear_right_door', 'platform': 'subaru', 'name': None, 'icon': None, 'disabled_by': None, 'capabilities': None, 'supported_features': 0, 'device_class': 'door', 'unit_of_measurement': None, 'original_name': 'test_vehicle_2 Rear Right Door', 'original_icon': 'mdi:door-closed'}, {'entity_id': 'binary_sensor.test_vehicle_2_ev_charge_port', 'config_entry_id': 1, 'device_id': '81a92ff21cfe4e7b5c0b5e68b0167a82', 'area_id': None, 'unique_id': 'subaru_jf2abcde6l0000002_ev_charge_port', 'platform': 'subaru', 'name': None, 'icon': None, 'disabled_by': None, 'capabilities': None, 'supported_features': 0, 'device_class': 'plug', 'unit_of_measurement': None, 'original_name': 'test_vehicle_2 EV Charge Port', 'original_icon': 'mdi:power-plug'}, {'entity_id': 'binary_sensor.test_vehicle_2_ev_battery_charging', 'config_entry_id': 1, 'device_id': '81a92ff21cfe4e7b5c0b5e68b0167a82', 'area_id': None, 'unique_id': 'subaru_jf2abcde6l0000002_ev_battery_charging', 'platform': 'subaru', 'name': None, 'icon': None, 'disabled_by': None, 'capabilities': None, 'supported_features': 0, 'device_class': 'battery_charging', 'unit_of_measurement': None, 'original_name': 'test_vehicle_2 EV Battery Charging', 'original_icon': 'mdi:car'}, {'entity_id': 'sensor.test_vehicle_2_odometer', 'config_entry_id': 1, 'device_id': '81a92ff21cfe4e7b5c0b5e68b0167a82', 'area_id': None, 'unique_id': 'subaru_jf2abcde6l0000002_odometer', 'platform': 'subaru', 'name': None, 'icon': None, 'disabled_by': None, 'capabilities': None, 'supported_features': 0, 'device_class': None, 'unit_of_measurement': 'mi', 'original_name': 'test_vehicle_2 Odometer', 'original_icon': 'mdi:road-variant'}, {'entity_id': 'sensor.test_vehicle_2_avg_fuel_consumption', 'config_entry_id': 1, 'device_id': '81a92ff21cfe4e7b5c0b5e68b0167a82', 'area_id': None, 'unique_id': 'subaru_jf2abcde6l0000002_avg_fuel_consumption', 'platform': 'subaru', 'name': None, 'icon': None, 'disabled_by': None, 'capabilities': None, 'supported_features': 0, 'device_class': None, 'unit_of_measurement': 'mi/gal', 'original_name': 'test_vehicle_2 Avg Fuel Consumption', 'original_icon': 'mdi:leaf'}, {'entity_id': 'sensor.test_vehicle_2_range', 'config_entry_id': 1, 'device_id': '81a92ff21cfe4e7b5c0b5e68b0167a82', 'area_id': None, 'unique_id': 'subaru_jf2abcde6l0000002_range', 'platform': 'subaru', 'name': None, 'icon': None, 'disabled_by': None, 'capabilities': None, 'supported_features': 0, 'device_class': None, 'unit_of_measurement': 'mi', 'original_name': 'test_vehicle_2 Range', 'original_icon': 'mdi:gas-station'}, {'entity_id': 'sensor.test_vehicle_2_external_temp', 'config_entry_id': 1, 'device_id': '81a92ff21cfe4e7b5c0b5e68b0167a82', 'area_id': None, 'unique_id': 'subaru_jf2abcde6l0000002_external_temp', 'platform': 'subaru', 'name': None, 'icon': None, 'disabled_by': None, 'capabilities': None, 'supported_features': 0, 'device_class': None, 'unit_of_measurement': '°F', 'original_name': 'test_vehicle_2 External Temp', 'original_icon': 'mdi:thermometer'}, {'entity_id': 'sensor.test_vehicle_2_12v_battery_voltage', 'config_entry_id': 1, 'device_id': '81a92ff21cfe4e7b5c0b5e68b0167a82', 'area_id': None, 'unique_id': 'subaru_jf2abcde6l0000002_12v_battery_voltage', 'platform': 'subaru', 'name': None, 'icon': None, 'disabled_by': None, 'capabilities': None, 'supported_features': 0, 'device_class': None, 'unit_of_measurement': 'V', 'original_name': 'test_vehicle_2 12V Battery Voltage', 'original_icon': 'mdi:car-battery'}, {'entity_id': 'sensor.test_vehicle_2_tire_pressure_fl', 'config_entry_id': 1, 'device_id': '81a92ff21cfe4e7b5c0b5e68b0167a82', 'area_id': None, 'unique_id': 'subaru_jf2abcde6l0000002_tire_pressure_fl', 'platform': 'subaru', 'name': None, 'icon': None, 'disabled_by': None, 'capabilities': None, 'supported_features': 0, 'device_class': None, 'unit_of_measurement': 'psi', 'original_name': 'test_vehicle_2 Tire Pressure FL', 'original_icon': 'mdi:gauge'}, {'entity_id': 'sensor.test_vehicle_2_tire_pressure_fr', 'config_entry_id': 1, 'device_id': '81a92ff21cfe4e7b5c0b5e68b0167a82', 'area_id': None, 'unique_id': 'subaru_jf2abcde6l0000002_tire_pressure_fr', 'platform': 'subaru', 'name': None, 'icon': None, 'disabled_by': None, 'capabilities': None, 'supported_features': 0, 'device_class': None, 'unit_of_measurement': 'psi', 'original_name': 'test_vehicle_2 Tire Pressure FR', 'original_icon': 'mdi:gauge'}, {'entity_id': 'sensor.test_vehicle_2_tire_pressure_rl', 'config_entry_id': 1, 'device_id': '81a92ff21cfe4e7b5c0b5e68b0167a82', 'area_id': None, 'unique_id': 'subaru_jf2abcde6l0000002_tire_pressure_rl', 'platform': 'subaru', 'name': None, 'icon': None, 'disabled_by': None, 'capabilities': None, 'supported_features': 0, 'device_class': None, 'unit_of_measurement': 'psi', 'original_name': 'test_vehicle_2 Tire Pressure RL', 'original_icon': 'mdi:gauge'}, {'entity_id': 'sensor.test_vehicle_2_tire_pressure_rr', 'config_entry_id': 1, 'device_id': '81a92ff21cfe4e7b5c0b5e68b0167a82', 'area_id': None, 'unique_id': 'subaru_jf2abcde6l0000002_tire_pressure_rr', 'platform': 'subaru', 'name': None, 'icon': None, 'disabled_by': None, 'capabilities': None, 'supported_features': 0, 'device_class': None, 'unit_of_measurement': 'psi', 'original_name': 'test_vehicle_2 Tire Pressure RR', 'original_icon': 'mdi:gauge'}, {'entity_id': 'sensor.test_vehicle_2_ev_range', 'config_entry_id': 1, 'device_id': '81a92ff21cfe4e7b5c0b5e68b0167a82', 'area_id': None, 'unique_id': 'subaru_jf2abcde6l0000002_ev_range', 'platform': 'subaru', 'name': None, 'icon': None, 'disabled_by': None, 'capabilities': None, 'supported_features': 0, 'device_class': None, 'unit_of_measurement': 'mi', 'original_name': 'test_vehicle_2 EV Range', 'original_icon': 'mdi:ev-station'}, {'entity_id': 'sensor.test_vehicle_2_ev_battery_level', 'config_entry_id': 1, 'device_id': '81a92ff21cfe4e7b5c0b5e68b0167a82', 'area_id': None, 'unique_id': 'subaru_jf2abcde6l0000002_ev_battery_level', 'platform': 'subaru', 'name': None, 'icon': None, 'disabled_by': None, 'capabilities': None, 'supported_features': 0, 'device_class': None, 'unit_of_measurement': '%', 'original_name': 'test_vehicle_2 EV Battery Level', 'original_icon': 'mdi:battery-unknown'}, {'entity_id': 'sensor.test_vehicle_2_ev_time_to_full_charge', 'config_entry_id': 1, 'device_id': '81a92ff21cfe4e7b5c0b5e68b0167a82', 'area_id': None, 'unique_id': 'subaru_jf2abcde6l0000002_ev_time_to_full_charge', 'platform': 'subaru', 'name': None, 'icon': None, 'disabled_by': None, 'capabilities': None, 'supported_features': 0, 'device_class': None, 'unit_of_measurement': 'min', 'original_name': 'test_vehicle_2 EV Time to Full Charge', 'original_icon': 'mdi:car-electric'}, {'entity_id': 'lock.test_vehicle_2_door_lock', 'config_entry_id': 1, 'device_id': '81a92ff21cfe4e7b5c0b5e68b0167a82', 'area_id': None, 'unique_id': 'subaru_jf2abcde6l0000002_door_lock', 'platform': 'subaru', 'name': None, 'icon': None, 'disabled_by': None, 'capabilities': None, 'supported_features': 0, 'device_class': None, 'unit_of_measurement': None, 'original_name': 'test_vehicle_2 Door Lock', 'original_icon': None}, {'entity_id': 'binary_sensor.test_vehicle_2_ignition', 'config_entry_id': 1, 'device_id': '81a92ff21cfe4e7b5c0b5e68b0167a82', 'area_id': None, 'unique_id': 'subaru_jf2abcde6l0000002_ignition', 'platform': 'subaru', 'name': None, 'icon': None, 'disabled_by': None, 'capabilities': None, 'supported_features': 0, 'device_class': 'power', 'unit_of_measurement': None, 'original_name': 'test_vehicle_2 Ignition', 'original_icon': 'mdi:engine-off'}, {'entity_id': 'device_tracker.test_vehicle_2_location', 'config_entry_id': 1, 'device_id': '81a92ff21cfe4e7b5c0b5e68b0167a82', 'area_id': None, 'unique_id': 'subaru_jf2abcde6l0000002_location', 'platform': 'subaru', 'name': None, 'icon': None, 'disabled_by': None, 'capabilities': None, 'supported_features': 0, 'device_class': None, 'unit_of_measurement': None, 'original_name': 'test_vehicle_2 Location', 'original_icon': None}]}}
DEBUG    homeassistant.core:core.py:712 Bus:Handling <Event homeassistant_close[L]>

tests/test_lock.py::test_lock[pyloop] 
-------------------------------- live log setup --------------------------------
DEBUG    asyncio:selector_events.py:59 Using selector: KqueueSelector
-------------------------------- live log call ---------------------------------
INFO     homeassistant.loader:loader.py:292 Loaded subaru from custom_components.subaru
WARNING  homeassistant.loader:loader.py:465 You are using a custom integration for subaru which has not been tested by Home Assistant. This component might cause stability problems, be sure to disable it if you experience issues with Home Assistant.
INFO     homeassistant.setup:setup.py:183 Setting up subaru
INFO     homeassistant.setup:setup.py:232 Setup of domain subaru took 0.0 seconds
DEBUG    homeassistant.core:core.py:712 Bus:Handling <Event component_loaded[L]: component=subaru>
DEBUG    custom_components.subaru:update_coordinator.py:184 Finished fetching subaru_data data in 0.002 seconds
DEBUG    homeassistant.core:core.py:712 Bus:Handling <Event service_registered[L]: domain=subaru, service=fetch>
DEBUG    homeassistant.core:core.py:712 Bus:Handling <Event service_registered[L]: domain=subaru, service=horn>
DEBUG    homeassistant.core:core.py:712 Bus:Handling <Event service_registered[L]: domain=subaru, service=lights>
DEBUG    homeassistant.core:core.py:712 Bus:Handling <Event service_registered[L]: domain=subaru, service=lock>
DEBUG    homeassistant.core:core.py:712 Bus:Handling <Event service_registered[L]: domain=subaru, service=unlock>
DEBUG    homeassistant.core:core.py:712 Bus:Handling <Event service_registered[L]: domain=subaru, service=update>
DEBUG    homeassistant.core:core.py:712 Bus:Handling <Event service_registered[L]: domain=subaru, service=remote_start>
DEBUG    homeassistant.core:core.py:712 Bus:Handling <Event service_registered[L]: domain=subaru, service=remote_stop>
DEBUG    homeassistant.core:core.py:712 Bus:Handling <Event service_registered[L]: domain=subaru, service=charge_start>
INFO     homeassistant.loader:loader.py:292 Loaded sensor from homeassistant.components.sensor
INFO     homeassistant.loader:loader.py:292 Loaded binary_sensor from homeassistant.components.binary_sensor
INFO     homeassistant.loader:loader.py:292 Loaded device_tracker from homeassistant.components.device_tracker
INFO     homeassistant.loader:loader.py:292 Loaded lock from homeassistant.components.lock
INFO     homeassistant.setup:setup.py:183 Setting up sensor
INFO     homeassistant.setup:setup.py:232 Setup of domain sensor took 0.0 seconds
DEBUG    homeassistant.core:core.py:712 Bus:Handling <Event component_loaded[L]: component=sensor>
INFO     homeassistant.setup:setup.py:183 Setting up binary_sensor
INFO     homeassistant.setup:setup.py:232 Setup of domain binary_sensor took 0.0 seconds
INFO     homeassistant.setup:setup.py:183 Setting up lock
DEBUG    homeassistant.core:core.py:712 Bus:Handling <Event service_registered[L]: domain=lock, service=unlock>
INFO     homeassistant.loader:loader.py:292 Loaded zone from homeassistant.components.zone
DEBUG    homeassistant.core:core.py:712 Bus:Handling <Event service_registered[L]: domain=lock, service=lock>
DEBUG    homeassistant.core:core.py:712 Bus:Handling <Event service_registered[L]: domain=lock, service=open>
INFO     homeassistant.setup:setup.py:232 Setup of domain lock took 0.0 seconds
INFO     homeassistant.components.sensor:entity_platform.py:185 Setting up sensor.subaru
DEBUG    homeassistant.core:core.py:712 Bus:Handling <Event component_loaded[L]: component=binary_sensor>
DEBUG    homeassistant.core:core.py:712 Bus:Handling <Event component_loaded[L]: component=lock>
INFO     homeassistant.components.binary_sensor:entity_platform.py:185 Setting up binary_sensor.subaru
DEBUG    homeassistant.setup:setup.py:96 Dependency device_tracker will wait for dependencies ['zone']
INFO     homeassistant.components.lock:entity_platform.py:185 Setting up lock.subaru
INFO     homeassistant.setup:setup.py:183 Setting up zone
DEBUG    homeassistant.core:core.py:712 Bus:Handling <Event service_registered[L]: domain=zone, service=reload>
DEBUG    homeassistant.core:core.py:712 Bus:Handling <Event state_changed[L]: entity_id=zone.home, old_state=None, new_state=<state zone.home=zoning; latitude=32.87336, longitude=-117.22743, radius=100, passive=False, editable=True, friendly_name=test home, icon=mdi:home @ 2020-12-06T18:52:09.653903+00:00>>
DEBUG    custom_components.subaru:update_coordinator.py:184 Finished fetching subaru_data data in 0.000 seconds
DEBUG    homeassistant.core:core.py:712 Bus:Handling <Event device_registry_updated[L]: action=create, device_id=a2b4109cb4e0d7bbb9df9b48e97c3687>
INFO     homeassistant.helpers.entity_registry:entity_registry.py:271 Registered new sensor.subaru entity: sensor.test_vehicle_2_avg_fuel_consumption
DEBUG    homeassistant.core:core.py:712 Bus:Handling <Event entity_registry_updated[L]: action=create, entity_id=sensor.test_vehicle_2_avg_fuel_consumption>
DEBUG    homeassistant.core:core.py:712 Bus:Handling <Event state_changed[L]: entity_id=sensor.test_vehicle_2_avg_fuel_consumption, old_state=None, new_state=<state sensor.test_vehicle_2_avg_fuel_consumption=102.3; unit_of_measurement=mi/gal, friendly_name=test_vehicle_2 Avg Fuel Consumption, icon=mdi:leaf @ 2020-12-06T18:52:09.656077+00:00>>
INFO     homeassistant.helpers.entity_registry:entity_registry.py:271 Registered new sensor.subaru entity: sensor.test_vehicle_2_range
DEBUG    homeassistant.core:core.py:712 Bus:Handling <Event entity_registry_updated[L]: action=create, entity_id=sensor.test_vehicle_2_range>
DEBUG    homeassistant.core:core.py:712 Bus:Handling <Event state_changed[L]: entity_id=sensor.test_vehicle_2_range, old_state=None, new_state=<state sensor.test_vehicle_2_range=439.3; unit_of_measurement=mi, friendly_name=test_vehicle_2 Range, icon=mdi:gas-station @ 2020-12-06T18:52:09.657166+00:00>>
INFO     homeassistant.helpers.entity_registry:entity_registry.py:271 Registered new sensor.subaru entity: sensor.test_vehicle_2_external_temp
DEBUG    homeassistant.core:core.py:712 Bus:Handling <Event entity_registry_updated[L]: action=create, entity_id=sensor.test_vehicle_2_external_temp>
DEBUG    homeassistant.core:core.py:712 Bus:Handling <Event state_changed[L]: entity_id=sensor.test_vehicle_2_external_temp, old_state=None, new_state=<state sensor.test_vehicle_2_external_temp=70.7; unit_of_measurement=°F, friendly_name=test_vehicle_2 External Temp, icon=mdi:thermometer @ 2020-12-06T18:52:09.658210+00:00>>
INFO     homeassistant.helpers.entity_registry:entity_registry.py:271 Registered new sensor.subaru entity: sensor.test_vehicle_2_12v_battery_voltage
DEBUG    homeassistant.core:core.py:712 Bus:Handling <Event entity_registry_updated[L]: action=create, entity_id=sensor.test_vehicle_2_12v_battery_voltage>
DEBUG    homeassistant.core:core.py:712 Bus:Handling <Event state_changed[L]: entity_id=sensor.test_vehicle_2_12v_battery_voltage, old_state=None, new_state=<state sensor.test_vehicle_2_12v_battery_voltage=12.0; unit_of_measurement=V, friendly_name=test_vehicle_2 12V Battery Voltage, icon=mdi:car-battery @ 2020-12-06T18:52:09.659271+00:00>>
INFO     homeassistant.helpers.entity_registry:entity_registry.py:271 Registered new sensor.subaru entity: sensor.test_vehicle_2_tire_pressure_fl
DEBUG    homeassistant.core:core.py:712 Bus:Handling <Event entity_registry_updated[L]: action=create, entity_id=sensor.test_vehicle_2_tire_pressure_fl>
DEBUG    homeassistant.core:core.py:712 Bus:Handling <Event state_changed[L]: entity_id=sensor.test_vehicle_2_tire_pressure_fl, old_state=None, new_state=<state sensor.test_vehicle_2_tire_pressure_fl=37.0; unit_of_measurement=psi, friendly_name=test_vehicle_2 Tire Pressure FL, icon=mdi:gauge @ 2020-12-06T18:52:09.660333+00:00>>
INFO     homeassistant.helpers.entity_registry:entity_registry.py:271 Registered new sensor.subaru entity: sensor.test_vehicle_2_tire_pressure_fr
DEBUG    homeassistant.core:core.py:712 Bus:Handling <Event entity_registry_updated[L]: action=create, entity_id=sensor.test_vehicle_2_tire_pressure_fr>
DEBUG    homeassistant.core:core.py:712 Bus:Handling <Event state_changed[L]: entity_id=sensor.test_vehicle_2_tire_pressure_fr, old_state=None, new_state=<state sensor.test_vehicle_2_tire_pressure_fr=37.0; unit_of_measurement=psi, friendly_name=test_vehicle_2 Tire Pressure FR, icon=mdi:gauge @ 2020-12-06T18:52:09.661463+00:00>>
INFO     homeassistant.helpers.entity_registry:entity_registry.py:271 Registered new sensor.subaru entity: sensor.test_vehicle_2_tire_pressure_rl
DEBUG    homeassistant.core:core.py:712 Bus:Handling <Event entity_registry_updated[L]: action=create, entity_id=sensor.test_vehicle_2_tire_pressure_rl>
DEBUG    homeassistant.core:core.py:712 Bus:Handling <Event state_changed[L]: entity_id=sensor.test_vehicle_2_tire_pressure_rl, old_state=None, new_state=<state sensor.test_vehicle_2_tire_pressure_rl=35.5; unit_of_measurement=psi, friendly_name=test_vehicle_2 Tire Pressure RL, icon=mdi:gauge @ 2020-12-06T18:52:09.662595+00:00>>
INFO     homeassistant.helpers.entity_registry:entity_registry.py:271 Registered new sensor.subaru entity: sensor.test_vehicle_2_tire_pressure_rr
DEBUG    homeassistant.core:core.py:712 Bus:Handling <Event entity_registry_updated[L]: action=create, entity_id=sensor.test_vehicle_2_tire_pressure_rr>
DEBUG    homeassistant.core:core.py:712 Bus:Handling <Event state_changed[L]: entity_id=sensor.test_vehicle_2_tire_pressure_rr, old_state=None, new_state=<state sensor.test_vehicle_2_tire_pressure_rr=34.1; unit_of_measurement=psi, friendly_name=test_vehicle_2 Tire Pressure RR, icon=mdi:gauge @ 2020-12-06T18:52:09.663632+00:00>>
INFO     homeassistant.helpers.entity_registry:entity_registry.py:271 Registered new sensor.subaru entity: sensor.test_vehicle_2_ev_range
DEBUG    homeassistant.core:core.py:712 Bus:Handling <Event entity_registry_updated[L]: action=create, entity_id=sensor.test_vehicle_2_ev_range>
DEBUG    homeassistant.core:core.py:712 Bus:Handling <Event state_changed[L]: entity_id=sensor.test_vehicle_2_ev_range, old_state=None, new_state=<state sensor.test_vehicle_2_ev_range=17; unit_of_measurement=mi, friendly_name=test_vehicle_2 EV Range, icon=mdi:ev-station @ 2020-12-06T18:52:09.664648+00:00>>
INFO     homeassistant.helpers.entity_registry:entity_registry.py:271 Registered new sensor.subaru entity: sensor.test_vehicle_2_ev_battery_level
DEBUG    homeassistant.core:core.py:712 Bus:Handling <Event entity_registry_updated[L]: action=create, entity_id=sensor.test_vehicle_2_ev_battery_level>
DEBUG    homeassistant.core:core.py:712 Bus:Handling <Event state_changed[L]: entity_id=sensor.test_vehicle_2_ev_battery_level, old_state=None, new_state=<state sensor.test_vehicle_2_ev_battery_level=100; unit_of_measurement=%, friendly_name=test_vehicle_2 EV Battery Level, icon=mdi:battery @ 2020-12-06T18:52:09.665654+00:00>>
INFO     homeassistant.helpers.entity_registry:entity_registry.py:271 Registered new sensor.subaru entity: sensor.test_vehicle_2_ev_time_to_full_charge
DEBUG    homeassistant.core:core.py:712 Bus:Handling <Event entity_registry_updated[L]: action=create, entity_id=sensor.test_vehicle_2_ev_time_to_full_charge>
DEBUG    homeassistant.core:core.py:712 Bus:Handling <Event state_changed[L]: entity_id=sensor.test_vehicle_2_ev_time_to_full_charge, old_state=None, new_state=<state sensor.test_vehicle_2_ev_time_to_full_charge=unknown; unit_of_measurement=min, friendly_name=test_vehicle_2 EV Time to Full Charge, icon=mdi:car-electric @ 2020-12-06T18:52:09.666723+00:00>>
INFO     homeassistant.helpers.entity_registry:entity_registry.py:271 Registered new binary_sensor.subaru entity: binary_sensor.test_vehicle_2_ignition
DEBUG    homeassistant.core:core.py:712 Bus:Handling <Event entity_registry_updated[L]: action=create, entity_id=binary_sensor.test_vehicle_2_ignition>
DEBUG    homeassistant.core:core.py:712 Bus:Handling <Event state_changed[L]: entity_id=binary_sensor.test_vehicle_2_ignition, old_state=None, new_state=<state binary_sensor.test_vehicle_2_ignition=off; friendly_name=test_vehicle_2 Ignition, icon=mdi:engine-off, device_class=power @ 2020-12-06T18:52:09.667752+00:00>>
INFO     homeassistant.helpers.entity_registry:entity_registry.py:271 Registered new binary_sensor.subaru entity: binary_sensor.test_vehicle_2_trunk
DEBUG    homeassistant.core:core.py:712 Bus:Handling <Event entity_registry_updated[L]: action=create, entity_id=binary_sensor.test_vehicle_2_trunk>
DEBUG    homeassistant.core:core.py:712 Bus:Handling <Event state_changed[L]: entity_id=binary_sensor.test_vehicle_2_trunk, old_state=None, new_state=<state binary_sensor.test_vehicle_2_trunk=off; friendly_name=test_vehicle_2 Trunk, icon=mdi:door-closed, device_class=door @ 2020-12-06T18:52:09.668752+00:00>>
INFO     homeassistant.helpers.entity_registry:entity_registry.py:271 Registered new binary_sensor.subaru entity: binary_sensor.test_vehicle_2_hood
DEBUG    homeassistant.core:core.py:712 Bus:Handling <Event entity_registry_updated[L]: action=create, entity_id=binary_sensor.test_vehicle_2_hood>
DEBUG    homeassistant.core:core.py:712 Bus:Handling <Event state_changed[L]: entity_id=binary_sensor.test_vehicle_2_hood, old_state=None, new_state=<state binary_sensor.test_vehicle_2_hood=off; friendly_name=test_vehicle_2 Hood, icon=mdi:door-closed, device_class=door @ 2020-12-06T18:52:09.669710+00:00>>
INFO     homeassistant.helpers.entity_registry:entity_registry.py:271 Registered new binary_sensor.subaru entity: binary_sensor.test_vehicle_2_front_left_door
DEBUG    homeassistant.core:core.py:712 Bus:Handling <Event entity_registry_updated[L]: action=create, entity_id=binary_sensor.test_vehicle_2_front_left_door>
DEBUG    homeassistant.core:core.py:712 Bus:Handling <Event state_changed[L]: entity_id=binary_sensor.test_vehicle_2_front_left_door, old_state=None, new_state=<state binary_sensor.test_vehicle_2_front_left_door=off; friendly_name=test_vehicle_2 Front Left Door, icon=mdi:door-closed, device_class=door @ 2020-12-06T18:52:09.670634+00:00>>
INFO     homeassistant.helpers.entity_registry:entity_registry.py:271 Registered new binary_sensor.subaru entity: binary_sensor.test_vehicle_2_front_right_door
DEBUG    homeassistant.core:core.py:712 Bus:Handling <Event entity_registry_updated[L]: action=create, entity_id=binary_sensor.test_vehicle_2_front_right_door>
DEBUG    homeassistant.core:core.py:712 Bus:Handling <Event state_changed[L]: entity_id=binary_sensor.test_vehicle_2_front_right_door, old_state=None, new_state=<state binary_sensor.test_vehicle_2_front_right_door=off; friendly_name=test_vehicle_2 Front Right Door, icon=mdi:door-closed, device_class=door @ 2020-12-06T18:52:09.671536+00:00>>
INFO     homeassistant.helpers.entity_registry:entity_registry.py:271 Registered new binary_sensor.subaru entity: binary_sensor.test_vehicle_2_rear_left_door
DEBUG    homeassistant.core:core.py:712 Bus:Handling <Event entity_registry_updated[L]: action=create, entity_id=binary_sensor.test_vehicle_2_rear_left_door>
DEBUG    homeassistant.core:core.py:712 Bus:Handling <Event state_changed[L]: entity_id=binary_sensor.test_vehicle_2_rear_left_door, old_state=None, new_state=<state binary_sensor.test_vehicle_2_rear_left_door=off; friendly_name=test_vehicle_2 Rear Left Door, icon=mdi:door-closed, device_class=door @ 2020-12-06T18:52:09.672481+00:00>>
INFO     homeassistant.helpers.entity_registry:entity_registry.py:271 Registered new binary_sensor.subaru entity: binary_sensor.test_vehicle_2_rear_right_door
DEBUG    homeassistant.core:core.py:712 Bus:Handling <Event entity_registry_updated[L]: action=create, entity_id=binary_sensor.test_vehicle_2_rear_right_door>
DEBUG    homeassistant.core:core.py:712 Bus:Handling <Event state_changed[L]: entity_id=binary_sensor.test_vehicle_2_rear_right_door, old_state=None, new_state=<state binary_sensor.test_vehicle_2_rear_right_door=off; friendly_name=test_vehicle_2 Rear Right Door, icon=mdi:door-closed, device_class=door @ 2020-12-06T18:52:09.673583+00:00>>
INFO     homeassistant.helpers.entity_registry:entity_registry.py:271 Registered new binary_sensor.subaru entity: binary_sensor.test_vehicle_2_ev_charge_port
DEBUG    homeassistant.core:core.py:712 Bus:Handling <Event entity_registry_updated[L]: action=create, entity_id=binary_sensor.test_vehicle_2_ev_charge_port>
DEBUG    homeassistant.core:core.py:712 Bus:Handling <Event state_changed[L]: entity_id=binary_sensor.test_vehicle_2_ev_charge_port, old_state=None, new_state=<state binary_sensor.test_vehicle_2_ev_charge_port=on; friendly_name=test_vehicle_2 EV Charge Port, icon=mdi:power-plug, device_class=plug @ 2020-12-06T18:52:09.674433+00:00>>
INFO     homeassistant.helpers.entity_registry:entity_registry.py:271 Registered new binary_sensor.subaru entity: binary_sensor.test_vehicle_2_ev_battery_charging
DEBUG    homeassistant.core:core.py:712 Bus:Handling <Event entity_registry_updated[L]: action=create, entity_id=binary_sensor.test_vehicle_2_ev_battery_charging>
DEBUG    homeassistant.core:core.py:712 Bus:Handling <Event state_changed[L]: entity_id=binary_sensor.test_vehicle_2_ev_battery_charging, old_state=None, new_state=<state binary_sensor.test_vehicle_2_ev_battery_charging=off; friendly_name=test_vehicle_2 EV Battery Charging, icon=mdi:car, device_class=battery_charging @ 2020-12-06T18:52:09.675282+00:00>>
INFO     homeassistant.helpers.entity_registry:entity_registry.py:271 Registered new lock.subaru entity: lock.test_vehicle_2_door_lock
DEBUG    homeassistant.core:core.py:712 Bus:Handling <Event entity_registry_updated[L]: action=create, entity_id=lock.test_vehicle_2_door_lock>
DEBUG    homeassistant.core:core.py:712 Bus:Handling <Event state_changed[L]: entity_id=lock.test_vehicle_2_door_lock, old_state=None, new_state=<state lock.test_vehicle_2_door_lock=unknown; friendly_name=test_vehicle_2 Door Lock @ 2020-12-06T18:52:09.676118+00:00>>
INFO     homeassistant.setup:setup.py:232 Setup of domain zone took 0.0 seconds
DEBUG    homeassistant.core:core.py:712 Bus:Handling <Event component_loaded[L]: component=zone>
INFO     homeassistant.helpers.entity_registry:entity_registry.py:271 Registered new sensor.subaru entity: sensor.test_vehicle_2_odometer
DEBUG    homeassistant.core:core.py:712 Bus:Handling <Event entity_registry_updated[L]: action=create, entity_id=sensor.test_vehicle_2_odometer>
DEBUG    homeassistant.core:core.py:712 Bus:Handling <Event state_changed[L]: entity_id=sensor.test_vehicle_2_odometer, old_state=None, new_state=<state sensor.test_vehicle_2_odometer=766.8; unit_of_measurement=mi, friendly_name=test_vehicle_2 Odometer, icon=mdi:road-variant @ 2020-12-06T18:52:09.677878+00:00>>
INFO     homeassistant.setup:setup.py:183 Setting up device_tracker
DEBUG    homeassistant.core:core.py:712 Bus:Handling <Event service_registered[L]: domain=device_tracker, service=see>
INFO     homeassistant.setup:setup.py:232 Setup of domain device_tracker took 0.0 seconds
DEBUG    homeassistant.core:core.py:712 Bus:Handling <Event component_loaded[L]: component=device_tracker>
INFO     homeassistant.components.device_tracker:entity_platform.py:185 Setting up device_tracker.subaru
INFO     homeassistant.helpers.entity_registry:entity_registry.py:271 Registered new device_tracker.subaru entity: device_tracker.test_vehicle_2_location
DEBUG    homeassistant.core:core.py:712 Bus:Handling <Event entity_registry_updated[L]: action=create, entity_id=device_tracker.test_vehicle_2_location>
DEBUG    homeassistant.core:core.py:712 Bus:Handling <Event state_changed[L]: entity_id=device_tracker.test_vehicle_2_location, old_state=None, new_state=<state device_tracker.test_vehicle_2_location=not_home; source_type=gps, latitude=40.0, longitude=-100.0, gps_accuracy=0, friendly_name=test_vehicle_2 Location @ 2020-12-06T18:52:09.681743+00:00>>
DEBUG    homeassistant.core:core.py:712 Bus:Handling <Event call_service[L]: domain=lock, service=lock, service_data=entity_id=lock.test_vehicle_2_door_lock>
DEBUG    custom_components.subaru.lock:lock.py:46 Locking doors for: JF2ABCDE6L0000002
PASSED                                                                   [ 68%]
------------------------------ live log teardown -------------------------------
DEBUG    homeassistant.core:core.py:712 Bus:Handling <Event homeassistant_stop[L]>
DEBUG    homeassistant.core:core.py:712 Bus:Handling <Event homeassistant_final_write[L]>
INFO     pytest_homeassistant_custom_component.common:common.py:931 Writing data to core.device_registry: {'version': 1, 'key': 'core.device_registry', 'data': {'devices': [{'config_entries': [1], 'connections': [], 'identifiers': [('subaru', 'JF2ABCDE6L0000002')], 'manufacturer': 'subaru', 'model': None, 'name': 'test_vehicle_2', 'sw_version': None, 'entry_type': None, 'id': 'a2b4109cb4e0d7bbb9df9b48e97c3687', 'via_device_id': None, 'area_id': None, 'name_by_user': None}], 'deleted_devices': []}}
INFO     pytest_homeassistant_custom_component.common:common.py:931 Writing data to core.entity_registry: {'version': 1, 'key': 'core.entity_registry', 'data': {'entities': [{'entity_id': 'sensor.test_vehicle_2_avg_fuel_consumption', 'config_entry_id': 1, 'device_id': 'a2b4109cb4e0d7bbb9df9b48e97c3687', 'area_id': None, 'unique_id': 'subaru_jf2abcde6l0000002_avg_fuel_consumption', 'platform': 'subaru', 'name': None, 'icon': None, 'disabled_by': None, 'capabilities': None, 'supported_features': 0, 'device_class': None, 'unit_of_measurement': 'mi/gal', 'original_name': 'test_vehicle_2 Avg Fuel Consumption', 'original_icon': 'mdi:leaf'}, {'entity_id': 'sensor.test_vehicle_2_range', 'config_entry_id': 1, 'device_id': 'a2b4109cb4e0d7bbb9df9b48e97c3687', 'area_id': None, 'unique_id': 'subaru_jf2abcde6l0000002_range', 'platform': 'subaru', 'name': None, 'icon': None, 'disabled_by': None, 'capabilities': None, 'supported_features': 0, 'device_class': None, 'unit_of_measurement': 'mi', 'original_name': 'test_vehicle_2 Range', 'original_icon': 'mdi:gas-station'}, {'entity_id': 'sensor.test_vehicle_2_external_temp', 'config_entry_id': 1, 'device_id': 'a2b4109cb4e0d7bbb9df9b48e97c3687', 'area_id': None, 'unique_id': 'subaru_jf2abcde6l0000002_external_temp', 'platform': 'subaru', 'name': None, 'icon': None, 'disabled_by': None, 'capabilities': None, 'supported_features': 0, 'device_class': None, 'unit_of_measurement': '°F', 'original_name': 'test_vehicle_2 External Temp', 'original_icon': 'mdi:thermometer'}, {'entity_id': 'sensor.test_vehicle_2_12v_battery_voltage', 'config_entry_id': 1, 'device_id': 'a2b4109cb4e0d7bbb9df9b48e97c3687', 'area_id': None, 'unique_id': 'subaru_jf2abcde6l0000002_12v_battery_voltage', 'platform': 'subaru', 'name': None, 'icon': None, 'disabled_by': None, 'capabilities': None, 'supported_features': 0, 'device_class': None, 'unit_of_measurement': 'V', 'original_name': 'test_vehicle_2 12V Battery Voltage', 'original_icon': 'mdi:car-battery'}, {'entity_id': 'sensor.test_vehicle_2_tire_pressure_fl', 'config_entry_id': 1, 'device_id': 'a2b4109cb4e0d7bbb9df9b48e97c3687', 'area_id': None, 'unique_id': 'subaru_jf2abcde6l0000002_tire_pressure_fl', 'platform': 'subaru', 'name': None, 'icon': None, 'disabled_by': None, 'capabilities': None, 'supported_features': 0, 'device_class': None, 'unit_of_measurement': 'psi', 'original_name': 'test_vehicle_2 Tire Pressure FL', 'original_icon': 'mdi:gauge'}, {'entity_id': 'sensor.test_vehicle_2_tire_pressure_fr', 'config_entry_id': 1, 'device_id': 'a2b4109cb4e0d7bbb9df9b48e97c3687', 'area_id': None, 'unique_id': 'subaru_jf2abcde6l0000002_tire_pressure_fr', 'platform': 'subaru', 'name': None, 'icon': None, 'disabled_by': None, 'capabilities': None, 'supported_features': 0, 'device_class': None, 'unit_of_measurement': 'psi', 'original_name': 'test_vehicle_2 Tire Pressure FR', 'original_icon': 'mdi:gauge'}, {'entity_id': 'sensor.test_vehicle_2_tire_pressure_rl', 'config_entry_id': 1, 'device_id': 'a2b4109cb4e0d7bbb9df9b48e97c3687', 'area_id': None, 'unique_id': 'subaru_jf2abcde6l0000002_tire_pressure_rl', 'platform': 'subaru', 'name': None, 'icon': None, 'disabled_by': None, 'capabilities': None, 'supported_features': 0, 'device_class': None, 'unit_of_measurement': 'psi', 'original_name': 'test_vehicle_2 Tire Pressure RL', 'original_icon': 'mdi:gauge'}, {'entity_id': 'sensor.test_vehicle_2_tire_pressure_rr', 'config_entry_id': 1, 'device_id': 'a2b4109cb4e0d7bbb9df9b48e97c3687', 'area_id': None, 'unique_id': 'subaru_jf2abcde6l0000002_tire_pressure_rr', 'platform': 'subaru', 'name': None, 'icon': None, 'disabled_by': None, 'capabilities': None, 'supported_features': 0, 'device_class': None, 'unit_of_measurement': 'psi', 'original_name': 'test_vehicle_2 Tire Pressure RR', 'original_icon': 'mdi:gauge'}, {'entity_id': 'sensor.test_vehicle_2_ev_range', 'config_entry_id': 1, 'device_id': 'a2b4109cb4e0d7bbb9df9b48e97c3687', 'area_id': None, 'unique_id': 'subaru_jf2abcde6l0000002_ev_range', 'platform': 'subaru', 'name': None, 'icon': None, 'disabled_by': None, 'capabilities': None, 'supported_features': 0, 'device_class': None, 'unit_of_measurement': 'mi', 'original_name': 'test_vehicle_2 EV Range', 'original_icon': 'mdi:ev-station'}, {'entity_id': 'sensor.test_vehicle_2_ev_battery_level', 'config_entry_id': 1, 'device_id': 'a2b4109cb4e0d7bbb9df9b48e97c3687', 'area_id': None, 'unique_id': 'subaru_jf2abcde6l0000002_ev_battery_level', 'platform': 'subaru', 'name': None, 'icon': None, 'disabled_by': None, 'capabilities': None, 'supported_features': 0, 'device_class': None, 'unit_of_measurement': '%', 'original_name': 'test_vehicle_2 EV Battery Level', 'original_icon': 'mdi:battery-unknown'}, {'entity_id': 'sensor.test_vehicle_2_ev_time_to_full_charge', 'config_entry_id': 1, 'device_id': 'a2b4109cb4e0d7bbb9df9b48e97c3687', 'area_id': None, 'unique_id': 'subaru_jf2abcde6l0000002_ev_time_to_full_charge', 'platform': 'subaru', 'name': None, 'icon': None, 'disabled_by': None, 'capabilities': None, 'supported_features': 0, 'device_class': None, 'unit_of_measurement': 'min', 'original_name': 'test_vehicle_2 EV Time to Full Charge', 'original_icon': 'mdi:car-electric'}, {'entity_id': 'binary_sensor.test_vehicle_2_ignition', 'config_entry_id': 1, 'device_id': 'a2b4109cb4e0d7bbb9df9b48e97c3687', 'area_id': None, 'unique_id': 'subaru_jf2abcde6l0000002_ignition', 'platform': 'subaru', 'name': None, 'icon': None, 'disabled_by': None, 'capabilities': None, 'supported_features': 0, 'device_class': 'power', 'unit_of_measurement': None, 'original_name': 'test_vehicle_2 Ignition', 'original_icon': 'mdi:engine-off'}, {'entity_id': 'binary_sensor.test_vehicle_2_trunk', 'config_entry_id': 1, 'device_id': 'a2b4109cb4e0d7bbb9df9b48e97c3687', 'area_id': None, 'unique_id': 'subaru_jf2abcde6l0000002_trunk', 'platform': 'subaru', 'name': None, 'icon': None, 'disabled_by': None, 'capabilities': None, 'supported_features': 0, 'device_class': 'door', 'unit_of_measurement': None, 'original_name': 'test_vehicle_2 Trunk', 'original_icon': 'mdi:door-closed'}, {'entity_id': 'binary_sensor.test_vehicle_2_hood', 'config_entry_id': 1, 'device_id': 'a2b4109cb4e0d7bbb9df9b48e97c3687', 'area_id': None, 'unique_id': 'subaru_jf2abcde6l0000002_hood', 'platform': 'subaru', 'name': None, 'icon': None, 'disabled_by': None, 'capabilities': None, 'supported_features': 0, 'device_class': 'door', 'unit_of_measurement': None, 'original_name': 'test_vehicle_2 Hood', 'original_icon': 'mdi:door-closed'}, {'entity_id': 'binary_sensor.test_vehicle_2_front_left_door', 'config_entry_id': 1, 'device_id': 'a2b4109cb4e0d7bbb9df9b48e97c3687', 'area_id': None, 'unique_id': 'subaru_jf2abcde6l0000002_front_left_door', 'platform': 'subaru', 'name': None, 'icon': None, 'disabled_by': None, 'capabilities': None, 'supported_features': 0, 'device_class': 'door', 'unit_of_measurement': None, 'original_name': 'test_vehicle_2 Front Left Door', 'original_icon': 'mdi:door-closed'}, {'entity_id': 'binary_sensor.test_vehicle_2_front_right_door', 'config_entry_id': 1, 'device_id': 'a2b4109cb4e0d7bbb9df9b48e97c3687', 'area_id': None, 'unique_id': 'subaru_jf2abcde6l0000002_front_right_door', 'platform': 'subaru', 'name': None, 'icon': None, 'disabled_by': None, 'capabilities': None, 'supported_features': 0, 'device_class': 'door', 'unit_of_measurement': None, 'original_name': 'test_vehicle_2 Front Right Door', 'original_icon': 'mdi:door-closed'}, {'entity_id': 'binary_sensor.test_vehicle_2_rear_left_door', 'config_entry_id': 1, 'device_id': 'a2b4109cb4e0d7bbb9df9b48e97c3687', 'area_id': None, 'unique_id': 'subaru_jf2abcde6l0000002_rear_left_door', 'platform': 'subaru', 'name': None, 'icon': None, 'disabled_by': None, 'capabilities': None, 'supported_features': 0, 'device_class': 'door', 'unit_of_measurement': None, 'original_name': 'test_vehicle_2 Rear Left Door', 'original_icon': 'mdi:door-closed'}, {'entity_id': 'binary_sensor.test_vehicle_2_rear_right_door', 'config_entry_id': 1, 'device_id': 'a2b4109cb4e0d7bbb9df9b48e97c3687', 'area_id': None, 'unique_id': 'subaru_jf2abcde6l0000002_rear_right_door', 'platform': 'subaru', 'name': None, 'icon': None, 'disabled_by': None, 'capabilities': None, 'supported_features': 0, 'device_class': 'door', 'unit_of_measurement': None, 'original_name': 'test_vehicle_2 Rear Right Door', 'original_icon': 'mdi:door-closed'}, {'entity_id': 'binary_sensor.test_vehicle_2_ev_charge_port', 'config_entry_id': 1, 'device_id': 'a2b4109cb4e0d7bbb9df9b48e97c3687', 'area_id': None, 'unique_id': 'subaru_jf2abcde6l0000002_ev_charge_port', 'platform': 'subaru', 'name': None, 'icon': None, 'disabled_by': None, 'capabilities': None, 'supported_features': 0, 'device_class': 'plug', 'unit_of_measurement': None, 'original_name': 'test_vehicle_2 EV Charge Port', 'original_icon': 'mdi:power-plug'}, {'entity_id': 'binary_sensor.test_vehicle_2_ev_battery_charging', 'config_entry_id': 1, 'device_id': 'a2b4109cb4e0d7bbb9df9b48e97c3687', 'area_id': None, 'unique_id': 'subaru_jf2abcde6l0000002_ev_battery_charging', 'platform': 'subaru', 'name': None, 'icon': None, 'disabled_by': None, 'capabilities': None, 'supported_features': 0, 'device_class': 'battery_charging', 'unit_of_measurement': None, 'original_name': 'test_vehicle_2 EV Battery Charging', 'original_icon': 'mdi:car'}, {'entity_id': 'lock.test_vehicle_2_door_lock', 'config_entry_id': 1, 'device_id': 'a2b4109cb4e0d7bbb9df9b48e97c3687', 'area_id': None, 'unique_id': 'subaru_jf2abcde6l0000002_door_lock', 'platform': 'subaru', 'name': None, 'icon': None, 'disabled_by': None, 'capabilities': None, 'supported_features': 0, 'device_class': None, 'unit_of_measurement': None, 'original_name': 'test_vehicle_2 Door Lock', 'original_icon': None}, {'entity_id': 'sensor.test_vehicle_2_odometer', 'config_entry_id': 1, 'device_id': 'a2b4109cb4e0d7bbb9df9b48e97c3687', 'area_id': None, 'unique_id': 'subaru_jf2abcde6l0000002_odometer', 'platform': 'subaru', 'name': None, 'icon': None, 'disabled_by': None, 'capabilities': None, 'supported_features': 0, 'device_class': None, 'unit_of_measurement': 'mi', 'original_name': 'test_vehicle_2 Odometer', 'original_icon': 'mdi:road-variant'}, {'entity_id': 'device_tracker.test_vehicle_2_location', 'config_entry_id': 1, 'device_id': 'a2b4109cb4e0d7bbb9df9b48e97c3687', 'area_id': None, 'unique_id': 'subaru_jf2abcde6l0000002_location', 'platform': 'subaru', 'name': None, 'icon': None, 'disabled_by': None, 'capabilities': None, 'supported_features': 0, 'device_class': None, 'unit_of_measurement': None, 'original_name': 'test_vehicle_2 Location', 'original_icon': None}]}}
DEBUG    homeassistant.core:core.py:712 Bus:Handling <Event homeassistant_close[L]>

tests/test_lock.py::test_unlock[pyloop] 
-------------------------------- live log setup --------------------------------
DEBUG    asyncio:selector_events.py:59 Using selector: KqueueSelector
-------------------------------- live log call ---------------------------------
INFO     homeassistant.loader:loader.py:292 Loaded subaru from custom_components.subaru
WARNING  homeassistant.loader:loader.py:465 You are using a custom integration for subaru which has not been tested by Home Assistant. This component might cause stability problems, be sure to disable it if you experience issues with Home Assistant.
INFO     homeassistant.setup:setup.py:183 Setting up subaru
INFO     homeassistant.setup:setup.py:232 Setup of domain subaru took 0.0 seconds
DEBUG    homeassistant.core:core.py:712 Bus:Handling <Event component_loaded[L]: component=subaru>
DEBUG    custom_components.subaru:update_coordinator.py:184 Finished fetching subaru_data data in 0.003 seconds
DEBUG    homeassistant.core:core.py:712 Bus:Handling <Event service_registered[L]: domain=subaru, service=fetch>
DEBUG    homeassistant.core:core.py:712 Bus:Handling <Event service_registered[L]: domain=subaru, service=horn>
DEBUG    homeassistant.core:core.py:712 Bus:Handling <Event service_registered[L]: domain=subaru, service=lights>
DEBUG    homeassistant.core:core.py:712 Bus:Handling <Event service_registered[L]: domain=subaru, service=lock>
DEBUG    homeassistant.core:core.py:712 Bus:Handling <Event service_registered[L]: domain=subaru, service=unlock>
DEBUG    homeassistant.core:core.py:712 Bus:Handling <Event service_registered[L]: domain=subaru, service=update>
DEBUG    homeassistant.core:core.py:712 Bus:Handling <Event service_registered[L]: domain=subaru, service=remote_start>
DEBUG    homeassistant.core:core.py:712 Bus:Handling <Event service_registered[L]: domain=subaru, service=remote_stop>
DEBUG    homeassistant.core:core.py:712 Bus:Handling <Event service_registered[L]: domain=subaru, service=charge_start>
INFO     homeassistant.loader:loader.py:292 Loaded binary_sensor from homeassistant.components.binary_sensor
INFO     homeassistant.loader:loader.py:292 Loaded device_tracker from homeassistant.components.device_tracker
INFO     homeassistant.loader:loader.py:292 Loaded sensor from homeassistant.components.sensor
INFO     homeassistant.loader:loader.py:292 Loaded lock from homeassistant.components.lock
INFO     homeassistant.setup:setup.py:183 Setting up binary_sensor
INFO     homeassistant.setup:setup.py:232 Setup of domain binary_sensor took 0.0 seconds
DEBUG    homeassistant.core:core.py:712 Bus:Handling <Event component_loaded[L]: component=binary_sensor>
INFO     homeassistant.setup:setup.py:183 Setting up sensor
INFO     homeassistant.loader:loader.py:292 Loaded zone from homeassistant.components.zone
INFO     homeassistant.setup:setup.py:232 Setup of domain sensor took 0.0 seconds
INFO     homeassistant.setup:setup.py:183 Setting up lock
DEBUG    homeassistant.core:core.py:712 Bus:Handling <Event service_registered[L]: domain=lock, service=unlock>
DEBUG    homeassistant.core:core.py:712 Bus:Handling <Event service_registered[L]: domain=lock, service=lock>
DEBUG    homeassistant.core:core.py:712 Bus:Handling <Event service_registered[L]: domain=lock, service=open>
INFO     homeassistant.setup:setup.py:232 Setup of domain lock took 0.0 seconds
INFO     homeassistant.components.binary_sensor:entity_platform.py:185 Setting up binary_sensor.subaru
DEBUG    homeassistant.core:core.py:712 Bus:Handling <Event component_loaded[L]: component=sensor>
DEBUG    homeassistant.core:core.py:712 Bus:Handling <Event component_loaded[L]: component=lock>
DEBUG    homeassistant.setup:setup.py:96 Dependency device_tracker will wait for dependencies ['zone']
INFO     homeassistant.components.sensor:entity_platform.py:185 Setting up sensor.subaru
INFO     homeassistant.components.lock:entity_platform.py:185 Setting up lock.subaru
INFO     homeassistant.setup:setup.py:183 Setting up zone
DEBUG    homeassistant.core:core.py:712 Bus:Handling <Event service_registered[L]: domain=zone, service=reload>
DEBUG    homeassistant.core:core.py:712 Bus:Handling <Event state_changed[L]: entity_id=zone.home, old_state=None, new_state=<state zone.home=zoning; latitude=32.87336, longitude=-117.22743, radius=100, passive=False, editable=True, friendly_name=test home, icon=mdi:home @ 2020-12-06T18:52:09.774542+00:00>>
DEBUG    custom_components.subaru:update_coordinator.py:184 Finished fetching subaru_data data in 0.000 seconds
DEBUG    homeassistant.core:core.py:712 Bus:Handling <Event device_registry_updated[L]: action=create, device_id=c3f525450c727bdd1871037dba9fc450>
INFO     homeassistant.helpers.entity_registry:entity_registry.py:271 Registered new binary_sensor.subaru entity: binary_sensor.test_vehicle_2_trunk
DEBUG    homeassistant.core:core.py:712 Bus:Handling <Event entity_registry_updated[L]: action=create, entity_id=binary_sensor.test_vehicle_2_trunk>
DEBUG    homeassistant.core:core.py:712 Bus:Handling <Event state_changed[L]: entity_id=binary_sensor.test_vehicle_2_trunk, old_state=None, new_state=<state binary_sensor.test_vehicle_2_trunk=off; friendly_name=test_vehicle_2 Trunk, icon=mdi:door-closed, device_class=door @ 2020-12-06T18:52:09.776926+00:00>>
INFO     homeassistant.helpers.entity_registry:entity_registry.py:271 Registered new binary_sensor.subaru entity: binary_sensor.test_vehicle_2_hood
DEBUG    homeassistant.core:core.py:712 Bus:Handling <Event entity_registry_updated[L]: action=create, entity_id=binary_sensor.test_vehicle_2_hood>
DEBUG    homeassistant.core:core.py:712 Bus:Handling <Event state_changed[L]: entity_id=binary_sensor.test_vehicle_2_hood, old_state=None, new_state=<state binary_sensor.test_vehicle_2_hood=off; friendly_name=test_vehicle_2 Hood, icon=mdi:door-closed, device_class=door @ 2020-12-06T18:52:09.778160+00:00>>
INFO     homeassistant.helpers.entity_registry:entity_registry.py:271 Registered new binary_sensor.subaru entity: binary_sensor.test_vehicle_2_front_left_door
DEBUG    homeassistant.core:core.py:712 Bus:Handling <Event entity_registry_updated[L]: action=create, entity_id=binary_sensor.test_vehicle_2_front_left_door>
DEBUG    homeassistant.core:core.py:712 Bus:Handling <Event state_changed[L]: entity_id=binary_sensor.test_vehicle_2_front_left_door, old_state=None, new_state=<state binary_sensor.test_vehicle_2_front_left_door=off; friendly_name=test_vehicle_2 Front Left Door, icon=mdi:door-closed, device_class=door @ 2020-12-06T18:52:09.779258+00:00>>
INFO     homeassistant.helpers.entity_registry:entity_registry.py:271 Registered new binary_sensor.subaru entity: binary_sensor.test_vehicle_2_front_right_door
DEBUG    homeassistant.core:core.py:712 Bus:Handling <Event entity_registry_updated[L]: action=create, entity_id=binary_sensor.test_vehicle_2_front_right_door>
DEBUG    homeassistant.core:core.py:712 Bus:Handling <Event state_changed[L]: entity_id=binary_sensor.test_vehicle_2_front_right_door, old_state=None, new_state=<state binary_sensor.test_vehicle_2_front_right_door=off; friendly_name=test_vehicle_2 Front Right Door, icon=mdi:door-closed, device_class=door @ 2020-12-06T18:52:09.780353+00:00>>
INFO     homeassistant.helpers.entity_registry:entity_registry.py:271 Registered new binary_sensor.subaru entity: binary_sensor.test_vehicle_2_rear_left_door
DEBUG    homeassistant.core:core.py:712 Bus:Handling <Event entity_registry_updated[L]: action=create, entity_id=binary_sensor.test_vehicle_2_rear_left_door>
DEBUG    homeassistant.core:core.py:712 Bus:Handling <Event state_changed[L]: entity_id=binary_sensor.test_vehicle_2_rear_left_door, old_state=None, new_state=<state binary_sensor.test_vehicle_2_rear_left_door=off; friendly_name=test_vehicle_2 Rear Left Door, icon=mdi:door-closed, device_class=door @ 2020-12-06T18:52:09.781451+00:00>>
INFO     homeassistant.helpers.entity_registry:entity_registry.py:271 Registered new binary_sensor.subaru entity: binary_sensor.test_vehicle_2_rear_right_door
DEBUG    homeassistant.core:core.py:712 Bus:Handling <Event entity_registry_updated[L]: action=create, entity_id=binary_sensor.test_vehicle_2_rear_right_door>
DEBUG    homeassistant.core:core.py:712 Bus:Handling <Event state_changed[L]: entity_id=binary_sensor.test_vehicle_2_rear_right_door, old_state=None, new_state=<state binary_sensor.test_vehicle_2_rear_right_door=off; friendly_name=test_vehicle_2 Rear Right Door, icon=mdi:door-closed, device_class=door @ 2020-12-06T18:52:09.782548+00:00>>
INFO     homeassistant.helpers.entity_registry:entity_registry.py:271 Registered new binary_sensor.subaru entity: binary_sensor.test_vehicle_2_ev_charge_port
DEBUG    homeassistant.core:core.py:712 Bus:Handling <Event entity_registry_updated[L]: action=create, entity_id=binary_sensor.test_vehicle_2_ev_charge_port>
DEBUG    homeassistant.core:core.py:712 Bus:Handling <Event state_changed[L]: entity_id=binary_sensor.test_vehicle_2_ev_charge_port, old_state=None, new_state=<state binary_sensor.test_vehicle_2_ev_charge_port=on; friendly_name=test_vehicle_2 EV Charge Port, icon=mdi:power-plug, device_class=plug @ 2020-12-06T18:52:09.783611+00:00>>
INFO     homeassistant.helpers.entity_registry:entity_registry.py:271 Registered new binary_sensor.subaru entity: binary_sensor.test_vehicle_2_ev_battery_charging
DEBUG    homeassistant.core:core.py:712 Bus:Handling <Event entity_registry_updated[L]: action=create, entity_id=binary_sensor.test_vehicle_2_ev_battery_charging>
DEBUG    homeassistant.core:core.py:712 Bus:Handling <Event state_changed[L]: entity_id=binary_sensor.test_vehicle_2_ev_battery_charging, old_state=None, new_state=<state binary_sensor.test_vehicle_2_ev_battery_charging=off; friendly_name=test_vehicle_2 EV Battery Charging, icon=mdi:car, device_class=battery_charging @ 2020-12-06T18:52:09.784680+00:00>>
INFO     homeassistant.helpers.entity_registry:entity_registry.py:271 Registered new sensor.subaru entity: sensor.test_vehicle_2_odometer
DEBUG    homeassistant.core:core.py:712 Bus:Handling <Event entity_registry_updated[L]: action=create, entity_id=sensor.test_vehicle_2_odometer>
DEBUG    homeassistant.core:core.py:712 Bus:Handling <Event state_changed[L]: entity_id=sensor.test_vehicle_2_odometer, old_state=None, new_state=<state sensor.test_vehicle_2_odometer=766.8; unit_of_measurement=mi, friendly_name=test_vehicle_2 Odometer, icon=mdi:road-variant @ 2020-12-06T18:52:09.785808+00:00>>
INFO     homeassistant.helpers.entity_registry:entity_registry.py:271 Registered new sensor.subaru entity: sensor.test_vehicle_2_avg_fuel_consumption
DEBUG    homeassistant.core:core.py:712 Bus:Handling <Event entity_registry_updated[L]: action=create, entity_id=sensor.test_vehicle_2_avg_fuel_consumption>
DEBUG    homeassistant.core:core.py:712 Bus:Handling <Event state_changed[L]: entity_id=sensor.test_vehicle_2_avg_fuel_consumption, old_state=None, new_state=<state sensor.test_vehicle_2_avg_fuel_consumption=102.3; unit_of_measurement=mi/gal, friendly_name=test_vehicle_2 Avg Fuel Consumption, icon=mdi:leaf @ 2020-12-06T18:52:09.787042+00:00>>
INFO     homeassistant.helpers.entity_registry:entity_registry.py:271 Registered new sensor.subaru entity: sensor.test_vehicle_2_range
DEBUG    homeassistant.core:core.py:712 Bus:Handling <Event entity_registry_updated[L]: action=create, entity_id=sensor.test_vehicle_2_range>
DEBUG    homeassistant.core:core.py:712 Bus:Handling <Event state_changed[L]: entity_id=sensor.test_vehicle_2_range, old_state=None, new_state=<state sensor.test_vehicle_2_range=439.3; unit_of_measurement=mi, friendly_name=test_vehicle_2 Range, icon=mdi:gas-station @ 2020-12-06T18:52:09.788316+00:00>>
INFO     homeassistant.helpers.entity_registry:entity_registry.py:271 Registered new sensor.subaru entity: sensor.test_vehicle_2_external_temp
DEBUG    homeassistant.core:core.py:712 Bus:Handling <Event entity_registry_updated[L]: action=create, entity_id=sensor.test_vehicle_2_external_temp>
DEBUG    homeassistant.core:core.py:712 Bus:Handling <Event state_changed[L]: entity_id=sensor.test_vehicle_2_external_temp, old_state=None, new_state=<state sensor.test_vehicle_2_external_temp=70.7; unit_of_measurement=°F, friendly_name=test_vehicle_2 External Temp, icon=mdi:thermometer @ 2020-12-06T18:52:09.789463+00:00>>
INFO     homeassistant.helpers.entity_registry:entity_registry.py:271 Registered new sensor.subaru entity: sensor.test_vehicle_2_12v_battery_voltage
DEBUG    homeassistant.core:core.py:712 Bus:Handling <Event entity_registry_updated[L]: action=create, entity_id=sensor.test_vehicle_2_12v_battery_voltage>
DEBUG    homeassistant.core:core.py:712 Bus:Handling <Event state_changed[L]: entity_id=sensor.test_vehicle_2_12v_battery_voltage, old_state=None, new_state=<state sensor.test_vehicle_2_12v_battery_voltage=12.0; unit_of_measurement=V, friendly_name=test_vehicle_2 12V Battery Voltage, icon=mdi:car-battery @ 2020-12-06T18:52:09.790672+00:00>>
INFO     homeassistant.helpers.entity_registry:entity_registry.py:271 Registered new sensor.subaru entity: sensor.test_vehicle_2_tire_pressure_fl
DEBUG    homeassistant.core:core.py:712 Bus:Handling <Event entity_registry_updated[L]: action=create, entity_id=sensor.test_vehicle_2_tire_pressure_fl>
DEBUG    homeassistant.core:core.py:712 Bus:Handling <Event state_changed[L]: entity_id=sensor.test_vehicle_2_tire_pressure_fl, old_state=None, new_state=<state sensor.test_vehicle_2_tire_pressure_fl=37.0; unit_of_measurement=psi, friendly_name=test_vehicle_2 Tire Pressure FL, icon=mdi:gauge @ 2020-12-06T18:52:09.791798+00:00>>
INFO     homeassistant.helpers.entity_registry:entity_registry.py:271 Registered new sensor.subaru entity: sensor.test_vehicle_2_tire_pressure_fr
DEBUG    homeassistant.core:core.py:712 Bus:Handling <Event entity_registry_updated[L]: action=create, entity_id=sensor.test_vehicle_2_tire_pressure_fr>
DEBUG    homeassistant.core:core.py:712 Bus:Handling <Event state_changed[L]: entity_id=sensor.test_vehicle_2_tire_pressure_fr, old_state=None, new_state=<state sensor.test_vehicle_2_tire_pressure_fr=37.0; unit_of_measurement=psi, friendly_name=test_vehicle_2 Tire Pressure FR, icon=mdi:gauge @ 2020-12-06T18:52:09.793014+00:00>>
INFO     homeassistant.helpers.entity_registry:entity_registry.py:271 Registered new sensor.subaru entity: sensor.test_vehicle_2_tire_pressure_rl
DEBUG    homeassistant.core:core.py:712 Bus:Handling <Event entity_registry_updated[L]: action=create, entity_id=sensor.test_vehicle_2_tire_pressure_rl>
DEBUG    homeassistant.core:core.py:712 Bus:Handling <Event state_changed[L]: entity_id=sensor.test_vehicle_2_tire_pressure_rl, old_state=None, new_state=<state sensor.test_vehicle_2_tire_pressure_rl=35.5; unit_of_measurement=psi, friendly_name=test_vehicle_2 Tire Pressure RL, icon=mdi:gauge @ 2020-12-06T18:52:09.794074+00:00>>
INFO     homeassistant.helpers.entity_registry:entity_registry.py:271 Registered new sensor.subaru entity: sensor.test_vehicle_2_tire_pressure_rr
DEBUG    homeassistant.core:core.py:712 Bus:Handling <Event entity_registry_updated[L]: action=create, entity_id=sensor.test_vehicle_2_tire_pressure_rr>
DEBUG    homeassistant.core:core.py:712 Bus:Handling <Event state_changed[L]: entity_id=sensor.test_vehicle_2_tire_pressure_rr, old_state=None, new_state=<state sensor.test_vehicle_2_tire_pressure_rr=34.1; unit_of_measurement=psi, friendly_name=test_vehicle_2 Tire Pressure RR, icon=mdi:gauge @ 2020-12-06T18:52:09.795123+00:00>>
INFO     homeassistant.helpers.entity_registry:entity_registry.py:271 Registered new sensor.subaru entity: sensor.test_vehicle_2_ev_range
DEBUG    homeassistant.core:core.py:712 Bus:Handling <Event entity_registry_updated[L]: action=create, entity_id=sensor.test_vehicle_2_ev_range>
DEBUG    homeassistant.core:core.py:712 Bus:Handling <Event state_changed[L]: entity_id=sensor.test_vehicle_2_ev_range, old_state=None, new_state=<state sensor.test_vehicle_2_ev_range=17; unit_of_measurement=mi, friendly_name=test_vehicle_2 EV Range, icon=mdi:ev-station @ 2020-12-06T18:52:09.796178+00:00>>
INFO     homeassistant.helpers.entity_registry:entity_registry.py:271 Registered new sensor.subaru entity: sensor.test_vehicle_2_ev_battery_level
DEBUG    homeassistant.core:core.py:712 Bus:Handling <Event entity_registry_updated[L]: action=create, entity_id=sensor.test_vehicle_2_ev_battery_level>
DEBUG    homeassistant.core:core.py:712 Bus:Handling <Event state_changed[L]: entity_id=sensor.test_vehicle_2_ev_battery_level, old_state=None, new_state=<state sensor.test_vehicle_2_ev_battery_level=100; unit_of_measurement=%, friendly_name=test_vehicle_2 EV Battery Level, icon=mdi:battery @ 2020-12-06T18:52:09.797260+00:00>>
INFO     homeassistant.helpers.entity_registry:entity_registry.py:271 Registered new sensor.subaru entity: sensor.test_vehicle_2_ev_time_to_full_charge
DEBUG    homeassistant.core:core.py:712 Bus:Handling <Event entity_registry_updated[L]: action=create, entity_id=sensor.test_vehicle_2_ev_time_to_full_charge>
DEBUG    homeassistant.core:core.py:712 Bus:Handling <Event state_changed[L]: entity_id=sensor.test_vehicle_2_ev_time_to_full_charge, old_state=None, new_state=<state sensor.test_vehicle_2_ev_time_to_full_charge=unknown; unit_of_measurement=min, friendly_name=test_vehicle_2 EV Time to Full Charge, icon=mdi:car-electric @ 2020-12-06T18:52:09.798295+00:00>>
INFO     homeassistant.helpers.entity_registry:entity_registry.py:271 Registered new lock.subaru entity: lock.test_vehicle_2_door_lock
DEBUG    homeassistant.core:core.py:712 Bus:Handling <Event entity_registry_updated[L]: action=create, entity_id=lock.test_vehicle_2_door_lock>
DEBUG    homeassistant.core:core.py:712 Bus:Handling <Event state_changed[L]: entity_id=lock.test_vehicle_2_door_lock, old_state=None, new_state=<state lock.test_vehicle_2_door_lock=unknown; friendly_name=test_vehicle_2 Door Lock @ 2020-12-06T18:52:09.799295+00:00>>
INFO     homeassistant.setup:setup.py:232 Setup of domain zone took 0.0 seconds
DEBUG    homeassistant.core:core.py:712 Bus:Handling <Event component_loaded[L]: component=zone>
INFO     homeassistant.helpers.entity_registry:entity_registry.py:271 Registered new binary_sensor.subaru entity: binary_sensor.test_vehicle_2_ignition
DEBUG    homeassistant.core:core.py:712 Bus:Handling <Event entity_registry_updated[L]: action=create, entity_id=binary_sensor.test_vehicle_2_ignition>
DEBUG    homeassistant.core:core.py:712 Bus:Handling <Event state_changed[L]: entity_id=binary_sensor.test_vehicle_2_ignition, old_state=None, new_state=<state binary_sensor.test_vehicle_2_ignition=off; friendly_name=test_vehicle_2 Ignition, icon=mdi:engine-off, device_class=power @ 2020-12-06T18:52:09.801395+00:00>>
INFO     homeassistant.setup:setup.py:183 Setting up device_tracker
DEBUG    homeassistant.core:core.py:712 Bus:Handling <Event service_registered[L]: domain=device_tracker, service=see>
INFO     homeassistant.setup:setup.py:232 Setup of domain device_tracker took 0.0 seconds
DEBUG    homeassistant.core:core.py:712 Bus:Handling <Event component_loaded[L]: component=device_tracker>
INFO     homeassistant.components.device_tracker:entity_platform.py:185 Setting up device_tracker.subaru
INFO     homeassistant.helpers.entity_registry:entity_registry.py:271 Registered new device_tracker.subaru entity: device_tracker.test_vehicle_2_location
DEBUG    homeassistant.core:core.py:712 Bus:Handling <Event entity_registry_updated[L]: action=create, entity_id=device_tracker.test_vehicle_2_location>
DEBUG    homeassistant.core:core.py:712 Bus:Handling <Event state_changed[L]: entity_id=device_tracker.test_vehicle_2_location, old_state=None, new_state=<state device_tracker.test_vehicle_2_location=not_home; source_type=gps, latitude=40.0, longitude=-100.0, gps_accuracy=0, friendly_name=test_vehicle_2 Location @ 2020-12-06T18:52:09.805465+00:00>>
DEBUG    homeassistant.core:core.py:712 Bus:Handling <Event call_service[L]: domain=lock, service=unlock, service_data=entity_id=lock.test_vehicle_2_door_lock>
DEBUG    custom_components.subaru.lock:lock.py:51 Unlocking doors for: JF2ABCDE6L0000002
PASSED                                                                   [ 72%]
------------------------------ live log teardown -------------------------------
DEBUG    homeassistant.core:core.py:712 Bus:Handling <Event homeassistant_stop[L]>
DEBUG    homeassistant.core:core.py:712 Bus:Handling <Event homeassistant_final_write[L]>
INFO     pytest_homeassistant_custom_component.common:common.py:931 Writing data to core.device_registry: {'version': 1, 'key': 'core.device_registry', 'data': {'devices': [{'config_entries': [1], 'connections': [], 'identifiers': [('subaru', 'JF2ABCDE6L0000002')], 'manufacturer': 'subaru', 'model': None, 'name': 'test_vehicle_2', 'sw_version': None, 'entry_type': None, 'id': 'c3f525450c727bdd1871037dba9fc450', 'via_device_id': None, 'area_id': None, 'name_by_user': None}], 'deleted_devices': []}}
INFO     pytest_homeassistant_custom_component.common:common.py:931 Writing data to core.entity_registry: {'version': 1, 'key': 'core.entity_registry', 'data': {'entities': [{'entity_id': 'binary_sensor.test_vehicle_2_trunk', 'config_entry_id': 1, 'device_id': 'c3f525450c727bdd1871037dba9fc450', 'area_id': None, 'unique_id': 'subaru_jf2abcde6l0000002_trunk', 'platform': 'subaru', 'name': None, 'icon': None, 'disabled_by': None, 'capabilities': None, 'supported_features': 0, 'device_class': 'door', 'unit_of_measurement': None, 'original_name': 'test_vehicle_2 Trunk', 'original_icon': 'mdi:door-closed'}, {'entity_id': 'binary_sensor.test_vehicle_2_hood', 'config_entry_id': 1, 'device_id': 'c3f525450c727bdd1871037dba9fc450', 'area_id': None, 'unique_id': 'subaru_jf2abcde6l0000002_hood', 'platform': 'subaru', 'name': None, 'icon': None, 'disabled_by': None, 'capabilities': None, 'supported_features': 0, 'device_class': 'door', 'unit_of_measurement': None, 'original_name': 'test_vehicle_2 Hood', 'original_icon': 'mdi:door-closed'}, {'entity_id': 'binary_sensor.test_vehicle_2_front_left_door', 'config_entry_id': 1, 'device_id': 'c3f525450c727bdd1871037dba9fc450', 'area_id': None, 'unique_id': 'subaru_jf2abcde6l0000002_front_left_door', 'platform': 'subaru', 'name': None, 'icon': None, 'disabled_by': None, 'capabilities': None, 'supported_features': 0, 'device_class': 'door', 'unit_of_measurement': None, 'original_name': 'test_vehicle_2 Front Left Door', 'original_icon': 'mdi:door-closed'}, {'entity_id': 'binary_sensor.test_vehicle_2_front_right_door', 'config_entry_id': 1, 'device_id': 'c3f525450c727bdd1871037dba9fc450', 'area_id': None, 'unique_id': 'subaru_jf2abcde6l0000002_front_right_door', 'platform': 'subaru', 'name': None, 'icon': None, 'disabled_by': None, 'capabilities': None, 'supported_features': 0, 'device_class': 'door', 'unit_of_measurement': None, 'original_name': 'test_vehicle_2 Front Right Door', 'original_icon': 'mdi:door-closed'}, {'entity_id': 'binary_sensor.test_vehicle_2_rear_left_door', 'config_entry_id': 1, 'device_id': 'c3f525450c727bdd1871037dba9fc450', 'area_id': None, 'unique_id': 'subaru_jf2abcde6l0000002_rear_left_door', 'platform': 'subaru', 'name': None, 'icon': None, 'disabled_by': None, 'capabilities': None, 'supported_features': 0, 'device_class': 'door', 'unit_of_measurement': None, 'original_name': 'test_vehicle_2 Rear Left Door', 'original_icon': 'mdi:door-closed'}, {'entity_id': 'binary_sensor.test_vehicle_2_rear_right_door', 'config_entry_id': 1, 'device_id': 'c3f525450c727bdd1871037dba9fc450', 'area_id': None, 'unique_id': 'subaru_jf2abcde6l0000002_rear_right_door', 'platform': 'subaru', 'name': None, 'icon': None, 'disabled_by': None, 'capabilities': None, 'supported_features': 0, 'device_class': 'door', 'unit_of_measurement': None, 'original_name': 'test_vehicle_2 Rear Right Door', 'original_icon': 'mdi:door-closed'}, {'entity_id': 'binary_sensor.test_vehicle_2_ev_charge_port', 'config_entry_id': 1, 'device_id': 'c3f525450c727bdd1871037dba9fc450', 'area_id': None, 'unique_id': 'subaru_jf2abcde6l0000002_ev_charge_port', 'platform': 'subaru', 'name': None, 'icon': None, 'disabled_by': None, 'capabilities': None, 'supported_features': 0, 'device_class': 'plug', 'unit_of_measurement': None, 'original_name': 'test_vehicle_2 EV Charge Port', 'original_icon': 'mdi:power-plug'}, {'entity_id': 'binary_sensor.test_vehicle_2_ev_battery_charging', 'config_entry_id': 1, 'device_id': 'c3f525450c727bdd1871037dba9fc450', 'area_id': None, 'unique_id': 'subaru_jf2abcde6l0000002_ev_battery_charging', 'platform': 'subaru', 'name': None, 'icon': None, 'disabled_by': None, 'capabilities': None, 'supported_features': 0, 'device_class': 'battery_charging', 'unit_of_measurement': None, 'original_name': 'test_vehicle_2 EV Battery Charging', 'original_icon': 'mdi:car'}, {'entity_id': 'sensor.test_vehicle_2_odometer', 'config_entry_id': 1, 'device_id': 'c3f525450c727bdd1871037dba9fc450', 'area_id': None, 'unique_id': 'subaru_jf2abcde6l0000002_odometer', 'platform': 'subaru', 'name': None, 'icon': None, 'disabled_by': None, 'capabilities': None, 'supported_features': 0, 'device_class': None, 'unit_of_measurement': 'mi', 'original_name': 'test_vehicle_2 Odometer', 'original_icon': 'mdi:road-variant'}, {'entity_id': 'sensor.test_vehicle_2_avg_fuel_consumption', 'config_entry_id': 1, 'device_id': 'c3f525450c727bdd1871037dba9fc450', 'area_id': None, 'unique_id': 'subaru_jf2abcde6l0000002_avg_fuel_consumption', 'platform': 'subaru', 'name': None, 'icon': None, 'disabled_by': None, 'capabilities': None, 'supported_features': 0, 'device_class': None, 'unit_of_measurement': 'mi/gal', 'original_name': 'test_vehicle_2 Avg Fuel Consumption', 'original_icon': 'mdi:leaf'}, {'entity_id': 'sensor.test_vehicle_2_range', 'config_entry_id': 1, 'device_id': 'c3f525450c727bdd1871037dba9fc450', 'area_id': None, 'unique_id': 'subaru_jf2abcde6l0000002_range', 'platform': 'subaru', 'name': None, 'icon': None, 'disabled_by': None, 'capabilities': None, 'supported_features': 0, 'device_class': None, 'unit_of_measurement': 'mi', 'original_name': 'test_vehicle_2 Range', 'original_icon': 'mdi:gas-station'}, {'entity_id': 'sensor.test_vehicle_2_external_temp', 'config_entry_id': 1, 'device_id': 'c3f525450c727bdd1871037dba9fc450', 'area_id': None, 'unique_id': 'subaru_jf2abcde6l0000002_external_temp', 'platform': 'subaru', 'name': None, 'icon': None, 'disabled_by': None, 'capabilities': None, 'supported_features': 0, 'device_class': None, 'unit_of_measurement': '°F', 'original_name': 'test_vehicle_2 External Temp', 'original_icon': 'mdi:thermometer'}, {'entity_id': 'sensor.test_vehicle_2_12v_battery_voltage', 'config_entry_id': 1, 'device_id': 'c3f525450c727bdd1871037dba9fc450', 'area_id': None, 'unique_id': 'subaru_jf2abcde6l0000002_12v_battery_voltage', 'platform': 'subaru', 'name': None, 'icon': None, 'disabled_by': None, 'capabilities': None, 'supported_features': 0, 'device_class': None, 'unit_of_measurement': 'V', 'original_name': 'test_vehicle_2 12V Battery Voltage', 'original_icon': 'mdi:car-battery'}, {'entity_id': 'sensor.test_vehicle_2_tire_pressure_fl', 'config_entry_id': 1, 'device_id': 'c3f525450c727bdd1871037dba9fc450', 'area_id': None, 'unique_id': 'subaru_jf2abcde6l0000002_tire_pressure_fl', 'platform': 'subaru', 'name': None, 'icon': None, 'disabled_by': None, 'capabilities': None, 'supported_features': 0, 'device_class': None, 'unit_of_measurement': 'psi', 'original_name': 'test_vehicle_2 Tire Pressure FL', 'original_icon': 'mdi:gauge'}, {'entity_id': 'sensor.test_vehicle_2_tire_pressure_fr', 'config_entry_id': 1, 'device_id': 'c3f525450c727bdd1871037dba9fc450', 'area_id': None, 'unique_id': 'subaru_jf2abcde6l0000002_tire_pressure_fr', 'platform': 'subaru', 'name': None, 'icon': None, 'disabled_by': None, 'capabilities': None, 'supported_features': 0, 'device_class': None, 'unit_of_measurement': 'psi', 'original_name': 'test_vehicle_2 Tire Pressure FR', 'original_icon': 'mdi:gauge'}, {'entity_id': 'sensor.test_vehicle_2_tire_pressure_rl', 'config_entry_id': 1, 'device_id': 'c3f525450c727bdd1871037dba9fc450', 'area_id': None, 'unique_id': 'subaru_jf2abcde6l0000002_tire_pressure_rl', 'platform': 'subaru', 'name': None, 'icon': None, 'disabled_by': None, 'capabilities': None, 'supported_features': 0, 'device_class': None, 'unit_of_measurement': 'psi', 'original_name': 'test_vehicle_2 Tire Pressure RL', 'original_icon': 'mdi:gauge'}, {'entity_id': 'sensor.test_vehicle_2_tire_pressure_rr', 'config_entry_id': 1, 'device_id': 'c3f525450c727bdd1871037dba9fc450', 'area_id': None, 'unique_id': 'subaru_jf2abcde6l0000002_tire_pressure_rr', 'platform': 'subaru', 'name': None, 'icon': None, 'disabled_by': None, 'capabilities': None, 'supported_features': 0, 'device_class': None, 'unit_of_measurement': 'psi', 'original_name': 'test_vehicle_2 Tire Pressure RR', 'original_icon': 'mdi:gauge'}, {'entity_id': 'sensor.test_vehicle_2_ev_range', 'config_entry_id': 1, 'device_id': 'c3f525450c727bdd1871037dba9fc450', 'area_id': None, 'unique_id': 'subaru_jf2abcde6l0000002_ev_range', 'platform': 'subaru', 'name': None, 'icon': None, 'disabled_by': None, 'capabilities': None, 'supported_features': 0, 'device_class': None, 'unit_of_measurement': 'mi', 'original_name': 'test_vehicle_2 EV Range', 'original_icon': 'mdi:ev-station'}, {'entity_id': 'sensor.test_vehicle_2_ev_battery_level', 'config_entry_id': 1, 'device_id': 'c3f525450c727bdd1871037dba9fc450', 'area_id': None, 'unique_id': 'subaru_jf2abcde6l0000002_ev_battery_level', 'platform': 'subaru', 'name': None, 'icon': None, 'disabled_by': None, 'capabilities': None, 'supported_features': 0, 'device_class': None, 'unit_of_measurement': '%', 'original_name': 'test_vehicle_2 EV Battery Level', 'original_icon': 'mdi:battery-unknown'}, {'entity_id': 'sensor.test_vehicle_2_ev_time_to_full_charge', 'config_entry_id': 1, 'device_id': 'c3f525450c727bdd1871037dba9fc450', 'area_id': None, 'unique_id': 'subaru_jf2abcde6l0000002_ev_time_to_full_charge', 'platform': 'subaru', 'name': None, 'icon': None, 'disabled_by': None, 'capabilities': None, 'supported_features': 0, 'device_class': None, 'unit_of_measurement': 'min', 'original_name': 'test_vehicle_2 EV Time to Full Charge', 'original_icon': 'mdi:car-electric'}, {'entity_id': 'lock.test_vehicle_2_door_lock', 'config_entry_id': 1, 'device_id': 'c3f525450c727bdd1871037dba9fc450', 'area_id': None, 'unique_id': 'subaru_jf2abcde6l0000002_door_lock', 'platform': 'subaru', 'name': None, 'icon': None, 'disabled_by': None, 'capabilities': None, 'supported_features': 0, 'device_class': None, 'unit_of_measurement': None, 'original_name': 'test_vehicle_2 Door Lock', 'original_icon': None}, {'entity_id': 'binary_sensor.test_vehicle_2_ignition', 'config_entry_id': 1, 'device_id': 'c3f525450c727bdd1871037dba9fc450', 'area_id': None, 'unique_id': 'subaru_jf2abcde6l0000002_ignition', 'platform': 'subaru', 'name': None, 'icon': None, 'disabled_by': None, 'capabilities': None, 'supported_features': 0, 'device_class': 'power', 'unit_of_measurement': None, 'original_name': 'test_vehicle_2 Ignition', 'original_icon': 'mdi:engine-off'}, {'entity_id': 'device_tracker.test_vehicle_2_location', 'config_entry_id': 1, 'device_id': 'c3f525450c727bdd1871037dba9fc450', 'area_id': None, 'unique_id': 'subaru_jf2abcde6l0000002_location', 'platform': 'subaru', 'name': None, 'icon': None, 'disabled_by': None, 'capabilities': None, 'supported_features': 0, 'device_class': None, 'unit_of_measurement': None, 'original_name': 'test_vehicle_2 Location', 'original_icon': None}]}}
DEBUG    homeassistant.core:core.py:712 Bus:Handling <Event homeassistant_close[L]>

tests/test_sensor.py::test_sensors_ev_imperial[pyloop] 
-------------------------------- live log setup --------------------------------
DEBUG    asyncio:selector_events.py:59 Using selector: KqueueSelector
-------------------------------- live log call ---------------------------------
INFO     homeassistant.loader:loader.py:292 Loaded subaru from custom_components.subaru
WARNING  homeassistant.loader:loader.py:465 You are using a custom integration for subaru which has not been tested by Home Assistant. This component might cause stability problems, be sure to disable it if you experience issues with Home Assistant.
INFO     homeassistant.setup:setup.py:183 Setting up subaru
INFO     homeassistant.setup:setup.py:232 Setup of domain subaru took 0.0 seconds
DEBUG    homeassistant.core:core.py:712 Bus:Handling <Event component_loaded[L]: component=subaru>
DEBUG    custom_components.subaru:update_coordinator.py:184 Finished fetching subaru_data data in 0.002 seconds
DEBUG    homeassistant.core:core.py:712 Bus:Handling <Event service_registered[L]: domain=subaru, service=fetch>
DEBUG    homeassistant.core:core.py:712 Bus:Handling <Event service_registered[L]: domain=subaru, service=horn>
DEBUG    homeassistant.core:core.py:712 Bus:Handling <Event service_registered[L]: domain=subaru, service=lights>
DEBUG    homeassistant.core:core.py:712 Bus:Handling <Event service_registered[L]: domain=subaru, service=lock>
DEBUG    homeassistant.core:core.py:712 Bus:Handling <Event service_registered[L]: domain=subaru, service=unlock>
DEBUG    homeassistant.core:core.py:712 Bus:Handling <Event service_registered[L]: domain=subaru, service=update>
DEBUG    homeassistant.core:core.py:712 Bus:Handling <Event service_registered[L]: domain=subaru, service=remote_start>
DEBUG    homeassistant.core:core.py:712 Bus:Handling <Event service_registered[L]: domain=subaru, service=remote_stop>
DEBUG    homeassistant.core:core.py:712 Bus:Handling <Event service_registered[L]: domain=subaru, service=charge_start>
INFO     homeassistant.loader:loader.py:292 Loaded binary_sensor from homeassistant.components.binary_sensor
INFO     homeassistant.loader:loader.py:292 Loaded device_tracker from homeassistant.components.device_tracker
INFO     homeassistant.loader:loader.py:292 Loaded lock from homeassistant.components.lock
INFO     homeassistant.setup:setup.py:183 Setting up binary_sensor
INFO     homeassistant.loader:loader.py:292 Loaded sensor from homeassistant.components.sensor
INFO     homeassistant.setup:setup.py:232 Setup of domain binary_sensor took 0.0 seconds
DEBUG    homeassistant.core:core.py:712 Bus:Handling <Event component_loaded[L]: component=binary_sensor>
INFO     homeassistant.setup:setup.py:183 Setting up lock
INFO     homeassistant.loader:loader.py:292 Loaded zone from homeassistant.components.zone
DEBUG    homeassistant.core:core.py:712 Bus:Handling <Event service_registered[L]: domain=lock, service=unlock>
DEBUG    homeassistant.core:core.py:712 Bus:Handling <Event service_registered[L]: domain=lock, service=lock>
DEBUG    homeassistant.core:core.py:712 Bus:Handling <Event service_registered[L]: domain=lock, service=open>
INFO     homeassistant.setup:setup.py:232 Setup of domain lock took 0.0 seconds
INFO     homeassistant.setup:setup.py:183 Setting up sensor
INFO     homeassistant.setup:setup.py:232 Setup of domain sensor took 0.0 seconds
INFO     homeassistant.components.binary_sensor:entity_platform.py:185 Setting up binary_sensor.subaru
DEBUG    homeassistant.core:core.py:712 Bus:Handling <Event component_loaded[L]: component=lock>
DEBUG    homeassistant.core:core.py:712 Bus:Handling <Event component_loaded[L]: component=sensor>
DEBUG    homeassistant.setup:setup.py:96 Dependency device_tracker will wait for dependencies ['zone']
INFO     homeassistant.components.lock:entity_platform.py:185 Setting up lock.subaru
INFO     homeassistant.components.sensor:entity_platform.py:185 Setting up sensor.subaru
INFO     homeassistant.setup:setup.py:183 Setting up zone
DEBUG    homeassistant.core:core.py:712 Bus:Handling <Event service_registered[L]: domain=zone, service=reload>
DEBUG    homeassistant.core:core.py:712 Bus:Handling <Event state_changed[L]: entity_id=zone.home, old_state=None, new_state=<state zone.home=zoning; latitude=32.87336, longitude=-117.22743, radius=100, passive=False, editable=True, friendly_name=test home, icon=mdi:home @ 2020-12-06T18:52:09.894386+00:00>>
DEBUG    custom_components.subaru:update_coordinator.py:184 Finished fetching subaru_data data in 0.000 seconds
DEBUG    homeassistant.core:core.py:712 Bus:Handling <Event device_registry_updated[L]: action=create, device_id=7dfedfc2a01a292540a945dd1959d874>
INFO     homeassistant.helpers.entity_registry:entity_registry.py:271 Registered new binary_sensor.subaru entity: binary_sensor.test_vehicle_2_trunk
DEBUG    homeassistant.core:core.py:712 Bus:Handling <Event entity_registry_updated[L]: action=create, entity_id=binary_sensor.test_vehicle_2_trunk>
DEBUG    homeassistant.core:core.py:712 Bus:Handling <Event state_changed[L]: entity_id=binary_sensor.test_vehicle_2_trunk, old_state=None, new_state=<state binary_sensor.test_vehicle_2_trunk=off; friendly_name=test_vehicle_2 Trunk, icon=mdi:door-closed, device_class=door @ 2020-12-06T18:52:09.896620+00:00>>
INFO     homeassistant.helpers.entity_registry:entity_registry.py:271 Registered new binary_sensor.subaru entity: binary_sensor.test_vehicle_2_hood
DEBUG    homeassistant.core:core.py:712 Bus:Handling <Event entity_registry_updated[L]: action=create, entity_id=binary_sensor.test_vehicle_2_hood>
DEBUG    homeassistant.core:core.py:712 Bus:Handling <Event state_changed[L]: entity_id=binary_sensor.test_vehicle_2_hood, old_state=None, new_state=<state binary_sensor.test_vehicle_2_hood=off; friendly_name=test_vehicle_2 Hood, icon=mdi:door-closed, device_class=door @ 2020-12-06T18:52:09.897692+00:00>>
INFO     homeassistant.helpers.entity_registry:entity_registry.py:271 Registered new binary_sensor.subaru entity: binary_sensor.test_vehicle_2_front_left_door
DEBUG    homeassistant.core:core.py:712 Bus:Handling <Event entity_registry_updated[L]: action=create, entity_id=binary_sensor.test_vehicle_2_front_left_door>
DEBUG    homeassistant.core:core.py:712 Bus:Handling <Event state_changed[L]: entity_id=binary_sensor.test_vehicle_2_front_left_door, old_state=None, new_state=<state binary_sensor.test_vehicle_2_front_left_door=off; friendly_name=test_vehicle_2 Front Left Door, icon=mdi:door-closed, device_class=door @ 2020-12-06T18:52:09.898748+00:00>>
INFO     homeassistant.helpers.entity_registry:entity_registry.py:271 Registered new binary_sensor.subaru entity: binary_sensor.test_vehicle_2_front_right_door
DEBUG    homeassistant.core:core.py:712 Bus:Handling <Event entity_registry_updated[L]: action=create, entity_id=binary_sensor.test_vehicle_2_front_right_door>
DEBUG    homeassistant.core:core.py:712 Bus:Handling <Event state_changed[L]: entity_id=binary_sensor.test_vehicle_2_front_right_door, old_state=None, new_state=<state binary_sensor.test_vehicle_2_front_right_door=off; friendly_name=test_vehicle_2 Front Right Door, icon=mdi:door-closed, device_class=door @ 2020-12-06T18:52:09.899799+00:00>>
INFO     homeassistant.helpers.entity_registry:entity_registry.py:271 Registered new binary_sensor.subaru entity: binary_sensor.test_vehicle_2_rear_left_door
DEBUG    homeassistant.core:core.py:712 Bus:Handling <Event entity_registry_updated[L]: action=create, entity_id=binary_sensor.test_vehicle_2_rear_left_door>
DEBUG    homeassistant.core:core.py:712 Bus:Handling <Event state_changed[L]: entity_id=binary_sensor.test_vehicle_2_rear_left_door, old_state=None, new_state=<state binary_sensor.test_vehicle_2_rear_left_door=off; friendly_name=test_vehicle_2 Rear Left Door, icon=mdi:door-closed, device_class=door @ 2020-12-06T18:52:09.900824+00:00>>
INFO     homeassistant.helpers.entity_registry:entity_registry.py:271 Registered new binary_sensor.subaru entity: binary_sensor.test_vehicle_2_rear_right_door
DEBUG    homeassistant.core:core.py:712 Bus:Handling <Event entity_registry_updated[L]: action=create, entity_id=binary_sensor.test_vehicle_2_rear_right_door>
DEBUG    homeassistant.core:core.py:712 Bus:Handling <Event state_changed[L]: entity_id=binary_sensor.test_vehicle_2_rear_right_door, old_state=None, new_state=<state binary_sensor.test_vehicle_2_rear_right_door=off; friendly_name=test_vehicle_2 Rear Right Door, icon=mdi:door-closed, device_class=door @ 2020-12-06T18:52:09.901850+00:00>>
INFO     homeassistant.helpers.entity_registry:entity_registry.py:271 Registered new binary_sensor.subaru entity: binary_sensor.test_vehicle_2_ev_charge_port
DEBUG    homeassistant.core:core.py:712 Bus:Handling <Event entity_registry_updated[L]: action=create, entity_id=binary_sensor.test_vehicle_2_ev_charge_port>
DEBUG    homeassistant.core:core.py:712 Bus:Handling <Event state_changed[L]: entity_id=binary_sensor.test_vehicle_2_ev_charge_port, old_state=None, new_state=<state binary_sensor.test_vehicle_2_ev_charge_port=on; friendly_name=test_vehicle_2 EV Charge Port, icon=mdi:power-plug, device_class=plug @ 2020-12-06T18:52:09.902992+00:00>>
INFO     homeassistant.helpers.entity_registry:entity_registry.py:271 Registered new binary_sensor.subaru entity: binary_sensor.test_vehicle_2_ev_battery_charging
DEBUG    homeassistant.core:core.py:712 Bus:Handling <Event entity_registry_updated[L]: action=create, entity_id=binary_sensor.test_vehicle_2_ev_battery_charging>
DEBUG    homeassistant.core:core.py:712 Bus:Handling <Event state_changed[L]: entity_id=binary_sensor.test_vehicle_2_ev_battery_charging, old_state=None, new_state=<state binary_sensor.test_vehicle_2_ev_battery_charging=off; friendly_name=test_vehicle_2 EV Battery Charging, icon=mdi:car, device_class=battery_charging @ 2020-12-06T18:52:09.904017+00:00>>
INFO     homeassistant.helpers.entity_registry:entity_registry.py:271 Registered new lock.subaru entity: lock.test_vehicle_2_door_lock
DEBUG    homeassistant.core:core.py:712 Bus:Handling <Event entity_registry_updated[L]: action=create, entity_id=lock.test_vehicle_2_door_lock>
DEBUG    homeassistant.core:core.py:712 Bus:Handling <Event state_changed[L]: entity_id=lock.test_vehicle_2_door_lock, old_state=None, new_state=<state lock.test_vehicle_2_door_lock=unknown; friendly_name=test_vehicle_2 Door Lock @ 2020-12-06T18:52:09.905097+00:00>>
INFO     homeassistant.helpers.entity_registry:entity_registry.py:271 Registered new sensor.subaru entity: sensor.test_vehicle_2_odometer
DEBUG    homeassistant.core:core.py:712 Bus:Handling <Event entity_registry_updated[L]: action=create, entity_id=sensor.test_vehicle_2_odometer>
DEBUG    homeassistant.core:core.py:712 Bus:Handling <Event state_changed[L]: entity_id=sensor.test_vehicle_2_odometer, old_state=None, new_state=<state sensor.test_vehicle_2_odometer=766.8; unit_of_measurement=mi, friendly_name=test_vehicle_2 Odometer, icon=mdi:road-variant @ 2020-12-06T18:52:09.906103+00:00>>
INFO     homeassistant.helpers.entity_registry:entity_registry.py:271 Registered new sensor.subaru entity: sensor.test_vehicle_2_avg_fuel_consumption
DEBUG    homeassistant.core:core.py:712 Bus:Handling <Event entity_registry_updated[L]: action=create, entity_id=sensor.test_vehicle_2_avg_fuel_consumption>
DEBUG    homeassistant.core:core.py:712 Bus:Handling <Event state_changed[L]: entity_id=sensor.test_vehicle_2_avg_fuel_consumption, old_state=None, new_state=<state sensor.test_vehicle_2_avg_fuel_consumption=102.3; unit_of_measurement=mi/gal, friendly_name=test_vehicle_2 Avg Fuel Consumption, icon=mdi:leaf @ 2020-12-06T18:52:09.907290+00:00>>
INFO     homeassistant.helpers.entity_registry:entity_registry.py:271 Registered new sensor.subaru entity: sensor.test_vehicle_2_range
DEBUG    homeassistant.core:core.py:712 Bus:Handling <Event entity_registry_updated[L]: action=create, entity_id=sensor.test_vehicle_2_range>
DEBUG    homeassistant.core:core.py:712 Bus:Handling <Event state_changed[L]: entity_id=sensor.test_vehicle_2_range, old_state=None, new_state=<state sensor.test_vehicle_2_range=439.3; unit_of_measurement=mi, friendly_name=test_vehicle_2 Range, icon=mdi:gas-station @ 2020-12-06T18:52:09.908289+00:00>>
INFO     homeassistant.helpers.entity_registry:entity_registry.py:271 Registered new sensor.subaru entity: sensor.test_vehicle_2_external_temp
DEBUG    homeassistant.core:core.py:712 Bus:Handling <Event entity_registry_updated[L]: action=create, entity_id=sensor.test_vehicle_2_external_temp>
DEBUG    homeassistant.core:core.py:712 Bus:Handling <Event state_changed[L]: entity_id=sensor.test_vehicle_2_external_temp, old_state=None, new_state=<state sensor.test_vehicle_2_external_temp=70.7; unit_of_measurement=°F, friendly_name=test_vehicle_2 External Temp, icon=mdi:thermometer @ 2020-12-06T18:52:09.909293+00:00>>
INFO     homeassistant.helpers.entity_registry:entity_registry.py:271 Registered new sensor.subaru entity: sensor.test_vehicle_2_12v_battery_voltage
DEBUG    homeassistant.core:core.py:712 Bus:Handling <Event entity_registry_updated[L]: action=create, entity_id=sensor.test_vehicle_2_12v_battery_voltage>
DEBUG    homeassistant.core:core.py:712 Bus:Handling <Event state_changed[L]: entity_id=sensor.test_vehicle_2_12v_battery_voltage, old_state=None, new_state=<state sensor.test_vehicle_2_12v_battery_voltage=12.0; unit_of_measurement=V, friendly_name=test_vehicle_2 12V Battery Voltage, icon=mdi:car-battery @ 2020-12-06T18:52:09.910310+00:00>>
INFO     homeassistant.helpers.entity_registry:entity_registry.py:271 Registered new sensor.subaru entity: sensor.test_vehicle_2_tire_pressure_fl
DEBUG    homeassistant.core:core.py:712 Bus:Handling <Event entity_registry_updated[L]: action=create, entity_id=sensor.test_vehicle_2_tire_pressure_fl>
DEBUG    homeassistant.core:core.py:712 Bus:Handling <Event state_changed[L]: entity_id=sensor.test_vehicle_2_tire_pressure_fl, old_state=None, new_state=<state sensor.test_vehicle_2_tire_pressure_fl=37.0; unit_of_measurement=psi, friendly_name=test_vehicle_2 Tire Pressure FL, icon=mdi:gauge @ 2020-12-06T18:52:09.911321+00:00>>
INFO     homeassistant.helpers.entity_registry:entity_registry.py:271 Registered new sensor.subaru entity: sensor.test_vehicle_2_tire_pressure_fr
DEBUG    homeassistant.core:core.py:712 Bus:Handling <Event entity_registry_updated[L]: action=create, entity_id=sensor.test_vehicle_2_tire_pressure_fr>
DEBUG    homeassistant.core:core.py:712 Bus:Handling <Event state_changed[L]: entity_id=sensor.test_vehicle_2_tire_pressure_fr, old_state=None, new_state=<state sensor.test_vehicle_2_tire_pressure_fr=37.0; unit_of_measurement=psi, friendly_name=test_vehicle_2 Tire Pressure FR, icon=mdi:gauge @ 2020-12-06T18:52:09.912351+00:00>>
INFO     homeassistant.helpers.entity_registry:entity_registry.py:271 Registered new sensor.subaru entity: sensor.test_vehicle_2_tire_pressure_rl
DEBUG    homeassistant.core:core.py:712 Bus:Handling <Event entity_registry_updated[L]: action=create, entity_id=sensor.test_vehicle_2_tire_pressure_rl>
DEBUG    homeassistant.core:core.py:712 Bus:Handling <Event state_changed[L]: entity_id=sensor.test_vehicle_2_tire_pressure_rl, old_state=None, new_state=<state sensor.test_vehicle_2_tire_pressure_rl=35.5; unit_of_measurement=psi, friendly_name=test_vehicle_2 Tire Pressure RL, icon=mdi:gauge @ 2020-12-06T18:52:09.913366+00:00>>
INFO     homeassistant.helpers.entity_registry:entity_registry.py:271 Registered new sensor.subaru entity: sensor.test_vehicle_2_tire_pressure_rr
DEBUG    homeassistant.core:core.py:712 Bus:Handling <Event entity_registry_updated[L]: action=create, entity_id=sensor.test_vehicle_2_tire_pressure_rr>
DEBUG    homeassistant.core:core.py:712 Bus:Handling <Event state_changed[L]: entity_id=sensor.test_vehicle_2_tire_pressure_rr, old_state=None, new_state=<state sensor.test_vehicle_2_tire_pressure_rr=34.1; unit_of_measurement=psi, friendly_name=test_vehicle_2 Tire Pressure RR, icon=mdi:gauge @ 2020-12-06T18:52:09.914373+00:00>>
INFO     homeassistant.helpers.entity_registry:entity_registry.py:271 Registered new sensor.subaru entity: sensor.test_vehicle_2_ev_range
DEBUG    homeassistant.core:core.py:712 Bus:Handling <Event entity_registry_updated[L]: action=create, entity_id=sensor.test_vehicle_2_ev_range>
DEBUG    homeassistant.core:core.py:712 Bus:Handling <Event state_changed[L]: entity_id=sensor.test_vehicle_2_ev_range, old_state=None, new_state=<state sensor.test_vehicle_2_ev_range=17; unit_of_measurement=mi, friendly_name=test_vehicle_2 EV Range, icon=mdi:ev-station @ 2020-12-06T18:52:09.915370+00:00>>
INFO     homeassistant.helpers.entity_registry:entity_registry.py:271 Registered new sensor.subaru entity: sensor.test_vehicle_2_ev_battery_level
DEBUG    homeassistant.core:core.py:712 Bus:Handling <Event entity_registry_updated[L]: action=create, entity_id=sensor.test_vehicle_2_ev_battery_level>
DEBUG    homeassistant.core:core.py:712 Bus:Handling <Event state_changed[L]: entity_id=sensor.test_vehicle_2_ev_battery_level, old_state=None, new_state=<state sensor.test_vehicle_2_ev_battery_level=100; unit_of_measurement=%, friendly_name=test_vehicle_2 EV Battery Level, icon=mdi:battery @ 2020-12-06T18:52:09.916384+00:00>>
INFO     homeassistant.helpers.entity_registry:entity_registry.py:271 Registered new sensor.subaru entity: sensor.test_vehicle_2_ev_time_to_full_charge
DEBUG    homeassistant.core:core.py:712 Bus:Handling <Event entity_registry_updated[L]: action=create, entity_id=sensor.test_vehicle_2_ev_time_to_full_charge>
DEBUG    homeassistant.core:core.py:712 Bus:Handling <Event state_changed[L]: entity_id=sensor.test_vehicle_2_ev_time_to_full_charge, old_state=None, new_state=<state sensor.test_vehicle_2_ev_time_to_full_charge=unknown; unit_of_measurement=min, friendly_name=test_vehicle_2 EV Time to Full Charge, icon=mdi:car-electric @ 2020-12-06T18:52:09.917431+00:00>>
INFO     homeassistant.setup:setup.py:232 Setup of domain zone took 0.0 seconds
DEBUG    homeassistant.core:core.py:712 Bus:Handling <Event component_loaded[L]: component=zone>
INFO     homeassistant.helpers.entity_registry:entity_registry.py:271 Registered new binary_sensor.subaru entity: binary_sensor.test_vehicle_2_ignition
DEBUG    homeassistant.core:core.py:712 Bus:Handling <Event entity_registry_updated[L]: action=create, entity_id=binary_sensor.test_vehicle_2_ignition>
DEBUG    homeassistant.core:core.py:712 Bus:Handling <Event state_changed[L]: entity_id=binary_sensor.test_vehicle_2_ignition, old_state=None, new_state=<state binary_sensor.test_vehicle_2_ignition=off; friendly_name=test_vehicle_2 Ignition, icon=mdi:engine-off, device_class=power @ 2020-12-06T18:52:09.919411+00:00>>
INFO     homeassistant.setup:setup.py:183 Setting up device_tracker
DEBUG    homeassistant.core:core.py:712 Bus:Handling <Event service_registered[L]: domain=device_tracker, service=see>
INFO     homeassistant.setup:setup.py:232 Setup of domain device_tracker took 0.0 seconds
DEBUG    homeassistant.core:core.py:712 Bus:Handling <Event component_loaded[L]: component=device_tracker>
INFO     homeassistant.components.device_tracker:entity_platform.py:185 Setting up device_tracker.subaru
INFO     homeassistant.helpers.entity_registry:entity_registry.py:271 Registered new device_tracker.subaru entity: device_tracker.test_vehicle_2_location
DEBUG    homeassistant.core:core.py:712 Bus:Handling <Event entity_registry_updated[L]: action=create, entity_id=device_tracker.test_vehicle_2_location>
DEBUG    homeassistant.core:core.py:712 Bus:Handling <Event state_changed[L]: entity_id=device_tracker.test_vehicle_2_location, old_state=None, new_state=<state device_tracker.test_vehicle_2_location=not_home; source_type=gps, latitude=40.0, longitude=-100.0, gps_accuracy=0, friendly_name=test_vehicle_2 Location @ 2020-12-06T18:52:09.923159+00:00>>
PASSED                                                                   [ 75%]
------------------------------ live log teardown -------------------------------
DEBUG    homeassistant.core:core.py:712 Bus:Handling <Event homeassistant_stop[L]>
DEBUG    homeassistant.core:core.py:712 Bus:Handling <Event homeassistant_final_write[L]>
INFO     pytest_homeassistant_custom_component.common:common.py:931 Writing data to core.device_registry: {'version': 1, 'key': 'core.device_registry', 'data': {'devices': [{'config_entries': [1], 'connections': [], 'identifiers': [('subaru', 'JF2ABCDE6L0000002')], 'manufacturer': 'subaru', 'model': None, 'name': 'test_vehicle_2', 'sw_version': None, 'entry_type': None, 'id': '7dfedfc2a01a292540a945dd1959d874', 'via_device_id': None, 'area_id': None, 'name_by_user': None}], 'deleted_devices': []}}
INFO     pytest_homeassistant_custom_component.common:common.py:931 Writing data to core.entity_registry: {'version': 1, 'key': 'core.entity_registry', 'data': {'entities': [{'entity_id': 'binary_sensor.test_vehicle_2_trunk', 'config_entry_id': 1, 'device_id': '7dfedfc2a01a292540a945dd1959d874', 'area_id': None, 'unique_id': 'subaru_jf2abcde6l0000002_trunk', 'platform': 'subaru', 'name': None, 'icon': None, 'disabled_by': None, 'capabilities': None, 'supported_features': 0, 'device_class': 'door', 'unit_of_measurement': None, 'original_name': 'test_vehicle_2 Trunk', 'original_icon': 'mdi:door-closed'}, {'entity_id': 'binary_sensor.test_vehicle_2_hood', 'config_entry_id': 1, 'device_id': '7dfedfc2a01a292540a945dd1959d874', 'area_id': None, 'unique_id': 'subaru_jf2abcde6l0000002_hood', 'platform': 'subaru', 'name': None, 'icon': None, 'disabled_by': None, 'capabilities': None, 'supported_features': 0, 'device_class': 'door', 'unit_of_measurement': None, 'original_name': 'test_vehicle_2 Hood', 'original_icon': 'mdi:door-closed'}, {'entity_id': 'binary_sensor.test_vehicle_2_front_left_door', 'config_entry_id': 1, 'device_id': '7dfedfc2a01a292540a945dd1959d874', 'area_id': None, 'unique_id': 'subaru_jf2abcde6l0000002_front_left_door', 'platform': 'subaru', 'name': None, 'icon': None, 'disabled_by': None, 'capabilities': None, 'supported_features': 0, 'device_class': 'door', 'unit_of_measurement': None, 'original_name': 'test_vehicle_2 Front Left Door', 'original_icon': 'mdi:door-closed'}, {'entity_id': 'binary_sensor.test_vehicle_2_front_right_door', 'config_entry_id': 1, 'device_id': '7dfedfc2a01a292540a945dd1959d874', 'area_id': None, 'unique_id': 'subaru_jf2abcde6l0000002_front_right_door', 'platform': 'subaru', 'name': None, 'icon': None, 'disabled_by': None, 'capabilities': None, 'supported_features': 0, 'device_class': 'door', 'unit_of_measurement': None, 'original_name': 'test_vehicle_2 Front Right Door', 'original_icon': 'mdi:door-closed'}, {'entity_id': 'binary_sensor.test_vehicle_2_rear_left_door', 'config_entry_id': 1, 'device_id': '7dfedfc2a01a292540a945dd1959d874', 'area_id': None, 'unique_id': 'subaru_jf2abcde6l0000002_rear_left_door', 'platform': 'subaru', 'name': None, 'icon': None, 'disabled_by': None, 'capabilities': None, 'supported_features': 0, 'device_class': 'door', 'unit_of_measurement': None, 'original_name': 'test_vehicle_2 Rear Left Door', 'original_icon': 'mdi:door-closed'}, {'entity_id': 'binary_sensor.test_vehicle_2_rear_right_door', 'config_entry_id': 1, 'device_id': '7dfedfc2a01a292540a945dd1959d874', 'area_id': None, 'unique_id': 'subaru_jf2abcde6l0000002_rear_right_door', 'platform': 'subaru', 'name': None, 'icon': None, 'disabled_by': None, 'capabilities': None, 'supported_features': 0, 'device_class': 'door', 'unit_of_measurement': None, 'original_name': 'test_vehicle_2 Rear Right Door', 'original_icon': 'mdi:door-closed'}, {'entity_id': 'binary_sensor.test_vehicle_2_ev_charge_port', 'config_entry_id': 1, 'device_id': '7dfedfc2a01a292540a945dd1959d874', 'area_id': None, 'unique_id': 'subaru_jf2abcde6l0000002_ev_charge_port', 'platform': 'subaru', 'name': None, 'icon': None, 'disabled_by': None, 'capabilities': None, 'supported_features': 0, 'device_class': 'plug', 'unit_of_measurement': None, 'original_name': 'test_vehicle_2 EV Charge Port', 'original_icon': 'mdi:power-plug'}, {'entity_id': 'binary_sensor.test_vehicle_2_ev_battery_charging', 'config_entry_id': 1, 'device_id': '7dfedfc2a01a292540a945dd1959d874', 'area_id': None, 'unique_id': 'subaru_jf2abcde6l0000002_ev_battery_charging', 'platform': 'subaru', 'name': None, 'icon': None, 'disabled_by': None, 'capabilities': None, 'supported_features': 0, 'device_class': 'battery_charging', 'unit_of_measurement': None, 'original_name': 'test_vehicle_2 EV Battery Charging', 'original_icon': 'mdi:car'}, {'entity_id': 'lock.test_vehicle_2_door_lock', 'config_entry_id': 1, 'device_id': '7dfedfc2a01a292540a945dd1959d874', 'area_id': None, 'unique_id': 'subaru_jf2abcde6l0000002_door_lock', 'platform': 'subaru', 'name': None, 'icon': None, 'disabled_by': None, 'capabilities': None, 'supported_features': 0, 'device_class': None, 'unit_of_measurement': None, 'original_name': 'test_vehicle_2 Door Lock', 'original_icon': None}, {'entity_id': 'sensor.test_vehicle_2_odometer', 'config_entry_id': 1, 'device_id': '7dfedfc2a01a292540a945dd1959d874', 'area_id': None, 'unique_id': 'subaru_jf2abcde6l0000002_odometer', 'platform': 'subaru', 'name': None, 'icon': None, 'disabled_by': None, 'capabilities': None, 'supported_features': 0, 'device_class': None, 'unit_of_measurement': 'mi', 'original_name': 'test_vehicle_2 Odometer', 'original_icon': 'mdi:road-variant'}, {'entity_id': 'sensor.test_vehicle_2_avg_fuel_consumption', 'config_entry_id': 1, 'device_id': '7dfedfc2a01a292540a945dd1959d874', 'area_id': None, 'unique_id': 'subaru_jf2abcde6l0000002_avg_fuel_consumption', 'platform': 'subaru', 'name': None, 'icon': None, 'disabled_by': None, 'capabilities': None, 'supported_features': 0, 'device_class': None, 'unit_of_measurement': 'mi/gal', 'original_name': 'test_vehicle_2 Avg Fuel Consumption', 'original_icon': 'mdi:leaf'}, {'entity_id': 'sensor.test_vehicle_2_range', 'config_entry_id': 1, 'device_id': '7dfedfc2a01a292540a945dd1959d874', 'area_id': None, 'unique_id': 'subaru_jf2abcde6l0000002_range', 'platform': 'subaru', 'name': None, 'icon': None, 'disabled_by': None, 'capabilities': None, 'supported_features': 0, 'device_class': None, 'unit_of_measurement': 'mi', 'original_name': 'test_vehicle_2 Range', 'original_icon': 'mdi:gas-station'}, {'entity_id': 'sensor.test_vehicle_2_external_temp', 'config_entry_id': 1, 'device_id': '7dfedfc2a01a292540a945dd1959d874', 'area_id': None, 'unique_id': 'subaru_jf2abcde6l0000002_external_temp', 'platform': 'subaru', 'name': None, 'icon': None, 'disabled_by': None, 'capabilities': None, 'supported_features': 0, 'device_class': None, 'unit_of_measurement': '°F', 'original_name': 'test_vehicle_2 External Temp', 'original_icon': 'mdi:thermometer'}, {'entity_id': 'sensor.test_vehicle_2_12v_battery_voltage', 'config_entry_id': 1, 'device_id': '7dfedfc2a01a292540a945dd1959d874', 'area_id': None, 'unique_id': 'subaru_jf2abcde6l0000002_12v_battery_voltage', 'platform': 'subaru', 'name': None, 'icon': None, 'disabled_by': None, 'capabilities': None, 'supported_features': 0, 'device_class': None, 'unit_of_measurement': 'V', 'original_name': 'test_vehicle_2 12V Battery Voltage', 'original_icon': 'mdi:car-battery'}, {'entity_id': 'sensor.test_vehicle_2_tire_pressure_fl', 'config_entry_id': 1, 'device_id': '7dfedfc2a01a292540a945dd1959d874', 'area_id': None, 'unique_id': 'subaru_jf2abcde6l0000002_tire_pressure_fl', 'platform': 'subaru', 'name': None, 'icon': None, 'disabled_by': None, 'capabilities': None, 'supported_features': 0, 'device_class': None, 'unit_of_measurement': 'psi', 'original_name': 'test_vehicle_2 Tire Pressure FL', 'original_icon': 'mdi:gauge'}, {'entity_id': 'sensor.test_vehicle_2_tire_pressure_fr', 'config_entry_id': 1, 'device_id': '7dfedfc2a01a292540a945dd1959d874', 'area_id': None, 'unique_id': 'subaru_jf2abcde6l0000002_tire_pressure_fr', 'platform': 'subaru', 'name': None, 'icon': None, 'disabled_by': None, 'capabilities': None, 'supported_features': 0, 'device_class': None, 'unit_of_measurement': 'psi', 'original_name': 'test_vehicle_2 Tire Pressure FR', 'original_icon': 'mdi:gauge'}, {'entity_id': 'sensor.test_vehicle_2_tire_pressure_rl', 'config_entry_id': 1, 'device_id': '7dfedfc2a01a292540a945dd1959d874', 'area_id': None, 'unique_id': 'subaru_jf2abcde6l0000002_tire_pressure_rl', 'platform': 'subaru', 'name': None, 'icon': None, 'disabled_by': None, 'capabilities': None, 'supported_features': 0, 'device_class': None, 'unit_of_measurement': 'psi', 'original_name': 'test_vehicle_2 Tire Pressure RL', 'original_icon': 'mdi:gauge'}, {'entity_id': 'sensor.test_vehicle_2_tire_pressure_rr', 'config_entry_id': 1, 'device_id': '7dfedfc2a01a292540a945dd1959d874', 'area_id': None, 'unique_id': 'subaru_jf2abcde6l0000002_tire_pressure_rr', 'platform': 'subaru', 'name': None, 'icon': None, 'disabled_by': None, 'capabilities': None, 'supported_features': 0, 'device_class': None, 'unit_of_measurement': 'psi', 'original_name': 'test_vehicle_2 Tire Pressure RR', 'original_icon': 'mdi:gauge'}, {'entity_id': 'sensor.test_vehicle_2_ev_range', 'config_entry_id': 1, 'device_id': '7dfedfc2a01a292540a945dd1959d874', 'area_id': None, 'unique_id': 'subaru_jf2abcde6l0000002_ev_range', 'platform': 'subaru', 'name': None, 'icon': None, 'disabled_by': None, 'capabilities': None, 'supported_features': 0, 'device_class': None, 'unit_of_measurement': 'mi', 'original_name': 'test_vehicle_2 EV Range', 'original_icon': 'mdi:ev-station'}, {'entity_id': 'sensor.test_vehicle_2_ev_battery_level', 'config_entry_id': 1, 'device_id': '7dfedfc2a01a292540a945dd1959d874', 'area_id': None, 'unique_id': 'subaru_jf2abcde6l0000002_ev_battery_level', 'platform': 'subaru', 'name': None, 'icon': None, 'disabled_by': None, 'capabilities': None, 'supported_features': 0, 'device_class': None, 'unit_of_measurement': '%', 'original_name': 'test_vehicle_2 EV Battery Level', 'original_icon': 'mdi:battery-unknown'}, {'entity_id': 'sensor.test_vehicle_2_ev_time_to_full_charge', 'config_entry_id': 1, 'device_id': '7dfedfc2a01a292540a945dd1959d874', 'area_id': None, 'unique_id': 'subaru_jf2abcde6l0000002_ev_time_to_full_charge', 'platform': 'subaru', 'name': None, 'icon': None, 'disabled_by': None, 'capabilities': None, 'supported_features': 0, 'device_class': None, 'unit_of_measurement': 'min', 'original_name': 'test_vehicle_2 EV Time to Full Charge', 'original_icon': 'mdi:car-electric'}, {'entity_id': 'binary_sensor.test_vehicle_2_ignition', 'config_entry_id': 1, 'device_id': '7dfedfc2a01a292540a945dd1959d874', 'area_id': None, 'unique_id': 'subaru_jf2abcde6l0000002_ignition', 'platform': 'subaru', 'name': None, 'icon': None, 'disabled_by': None, 'capabilities': None, 'supported_features': 0, 'device_class': 'power', 'unit_of_measurement': None, 'original_name': 'test_vehicle_2 Ignition', 'original_icon': 'mdi:engine-off'}, {'entity_id': 'device_tracker.test_vehicle_2_location', 'config_entry_id': 1, 'device_id': '7dfedfc2a01a292540a945dd1959d874', 'area_id': None, 'unique_id': 'subaru_jf2abcde6l0000002_location', 'platform': 'subaru', 'name': None, 'icon': None, 'disabled_by': None, 'capabilities': None, 'supported_features': 0, 'device_class': None, 'unit_of_measurement': None, 'original_name': 'test_vehicle_2 Location', 'original_icon': None}]}}
DEBUG    homeassistant.core:core.py:712 Bus:Handling <Event homeassistant_close[L]>

tests/test_sensor.py::test_sensors_ev_metric[pyloop] 
-------------------------------- live log setup --------------------------------
DEBUG    asyncio:selector_events.py:59 Using selector: KqueueSelector
-------------------------------- live log call ---------------------------------
INFO     homeassistant.loader:loader.py:292 Loaded subaru from custom_components.subaru
WARNING  homeassistant.loader:loader.py:465 You are using a custom integration for subaru which has not been tested by Home Assistant. This component might cause stability problems, be sure to disable it if you experience issues with Home Assistant.
INFO     homeassistant.setup:setup.py:183 Setting up subaru
INFO     homeassistant.setup:setup.py:232 Setup of domain subaru took 0.0 seconds
DEBUG    homeassistant.core:core.py:712 Bus:Handling <Event component_loaded[L]: component=subaru>
DEBUG    custom_components.subaru:update_coordinator.py:184 Finished fetching subaru_data data in 0.002 seconds
DEBUG    homeassistant.core:core.py:712 Bus:Handling <Event service_registered[L]: domain=subaru, service=fetch>
DEBUG    homeassistant.core:core.py:712 Bus:Handling <Event service_registered[L]: domain=subaru, service=horn>
DEBUG    homeassistant.core:core.py:712 Bus:Handling <Event service_registered[L]: domain=subaru, service=lights>
DEBUG    homeassistant.core:core.py:712 Bus:Handling <Event service_registered[L]: domain=subaru, service=lock>
DEBUG    homeassistant.core:core.py:712 Bus:Handling <Event service_registered[L]: domain=subaru, service=unlock>
DEBUG    homeassistant.core:core.py:712 Bus:Handling <Event service_registered[L]: domain=subaru, service=update>
DEBUG    homeassistant.core:core.py:712 Bus:Handling <Event service_registered[L]: domain=subaru, service=remote_start>
DEBUG    homeassistant.core:core.py:712 Bus:Handling <Event service_registered[L]: domain=subaru, service=remote_stop>
DEBUG    homeassistant.core:core.py:712 Bus:Handling <Event service_registered[L]: domain=subaru, service=charge_start>
INFO     homeassistant.loader:loader.py:292 Loaded lock from homeassistant.components.lock
INFO     homeassistant.loader:loader.py:292 Loaded binary_sensor from homeassistant.components.binary_sensor
INFO     homeassistant.loader:loader.py:292 Loaded sensor from homeassistant.components.sensor
INFO     homeassistant.loader:loader.py:292 Loaded device_tracker from homeassistant.components.device_tracker
INFO     homeassistant.setup:setup.py:183 Setting up lock
DEBUG    homeassistant.core:core.py:712 Bus:Handling <Event service_registered[L]: domain=lock, service=unlock>
DEBUG    homeassistant.core:core.py:712 Bus:Handling <Event service_registered[L]: domain=lock, service=lock>
DEBUG    homeassistant.core:core.py:712 Bus:Handling <Event service_registered[L]: domain=lock, service=open>
INFO     homeassistant.setup:setup.py:232 Setup of domain lock took 0.0 seconds
INFO     homeassistant.setup:setup.py:183 Setting up binary_sensor
INFO     homeassistant.setup:setup.py:232 Setup of domain binary_sensor took 0.0 seconds
INFO     homeassistant.setup:setup.py:183 Setting up sensor
INFO     homeassistant.setup:setup.py:232 Setup of domain sensor took 0.0 seconds
DEBUG    homeassistant.core:core.py:712 Bus:Handling <Event component_loaded[L]: component=lock>
DEBUG    homeassistant.core:core.py:712 Bus:Handling <Event component_loaded[L]: component=binary_sensor>
DEBUG    homeassistant.core:core.py:712 Bus:Handling <Event component_loaded[L]: component=sensor>
INFO     homeassistant.components.lock:entity_platform.py:185 Setting up lock.subaru
INFO     homeassistant.components.binary_sensor:entity_platform.py:185 Setting up binary_sensor.subaru
INFO     homeassistant.loader:loader.py:292 Loaded zone from homeassistant.components.zone
INFO     homeassistant.components.sensor:entity_platform.py:185 Setting up sensor.subaru
DEBUG    homeassistant.setup:setup.py:96 Dependency device_tracker will wait for dependencies ['zone']
INFO     homeassistant.setup:setup.py:183 Setting up zone
DEBUG    homeassistant.core:core.py:712 Bus:Handling <Event service_registered[L]: domain=zone, service=reload>
DEBUG    homeassistant.core:core.py:712 Bus:Handling <Event state_changed[L]: entity_id=zone.home, old_state=None, new_state=<state zone.home=zoning; latitude=32.87336, longitude=-117.22743, radius=100, passive=False, editable=True, friendly_name=test home, icon=mdi:home @ 2020-12-06T18:52:10.006503+00:00>>
DEBUG    custom_components.subaru:update_coordinator.py:184 Finished fetching subaru_data data in 0.000 seconds
DEBUG    homeassistant.core:core.py:712 Bus:Handling <Event device_registry_updated[L]: action=create, device_id=3a7a23f701754a2f091a10a65a976271>
INFO     homeassistant.helpers.entity_registry:entity_registry.py:271 Registered new binary_sensor.subaru entity: binary_sensor.test_vehicle_2_ignition
DEBUG    homeassistant.core:core.py:712 Bus:Handling <Event entity_registry_updated[L]: action=create, entity_id=binary_sensor.test_vehicle_2_ignition>
DEBUG    homeassistant.core:core.py:712 Bus:Handling <Event state_changed[L]: entity_id=binary_sensor.test_vehicle_2_ignition, old_state=None, new_state=<state binary_sensor.test_vehicle_2_ignition=off; friendly_name=test_vehicle_2 Ignition, icon=mdi:engine-off, device_class=power @ 2020-12-06T18:52:10.008527+00:00>>
INFO     homeassistant.helpers.entity_registry:entity_registry.py:271 Registered new binary_sensor.subaru entity: binary_sensor.test_vehicle_2_trunk
DEBUG    homeassistant.core:core.py:712 Bus:Handling <Event entity_registry_updated[L]: action=create, entity_id=binary_sensor.test_vehicle_2_trunk>
DEBUG    homeassistant.core:core.py:712 Bus:Handling <Event state_changed[L]: entity_id=binary_sensor.test_vehicle_2_trunk, old_state=None, new_state=<state binary_sensor.test_vehicle_2_trunk=off; friendly_name=test_vehicle_2 Trunk, icon=mdi:door-closed, device_class=door @ 2020-12-06T18:52:10.009561+00:00>>
INFO     homeassistant.helpers.entity_registry:entity_registry.py:271 Registered new binary_sensor.subaru entity: binary_sensor.test_vehicle_2_hood
DEBUG    homeassistant.core:core.py:712 Bus:Handling <Event entity_registry_updated[L]: action=create, entity_id=binary_sensor.test_vehicle_2_hood>
DEBUG    homeassistant.core:core.py:712 Bus:Handling <Event state_changed[L]: entity_id=binary_sensor.test_vehicle_2_hood, old_state=None, new_state=<state binary_sensor.test_vehicle_2_hood=off; friendly_name=test_vehicle_2 Hood, icon=mdi:door-closed, device_class=door @ 2020-12-06T18:52:10.010561+00:00>>
INFO     homeassistant.helpers.entity_registry:entity_registry.py:271 Registered new binary_sensor.subaru entity: binary_sensor.test_vehicle_2_front_left_door
DEBUG    homeassistant.core:core.py:712 Bus:Handling <Event entity_registry_updated[L]: action=create, entity_id=binary_sensor.test_vehicle_2_front_left_door>
DEBUG    homeassistant.core:core.py:712 Bus:Handling <Event state_changed[L]: entity_id=binary_sensor.test_vehicle_2_front_left_door, old_state=None, new_state=<state binary_sensor.test_vehicle_2_front_left_door=off; friendly_name=test_vehicle_2 Front Left Door, icon=mdi:door-closed, device_class=door @ 2020-12-06T18:52:10.011668+00:00>>
INFO     homeassistant.helpers.entity_registry:entity_registry.py:271 Registered new binary_sensor.subaru entity: binary_sensor.test_vehicle_2_front_right_door
DEBUG    homeassistant.core:core.py:712 Bus:Handling <Event entity_registry_updated[L]: action=create, entity_id=binary_sensor.test_vehicle_2_front_right_door>
DEBUG    homeassistant.core:core.py:712 Bus:Handling <Event state_changed[L]: entity_id=binary_sensor.test_vehicle_2_front_right_door, old_state=None, new_state=<state binary_sensor.test_vehicle_2_front_right_door=off; friendly_name=test_vehicle_2 Front Right Door, icon=mdi:door-closed, device_class=door @ 2020-12-06T18:52:10.012701+00:00>>
INFO     homeassistant.helpers.entity_registry:entity_registry.py:271 Registered new binary_sensor.subaru entity: binary_sensor.test_vehicle_2_rear_left_door
DEBUG    homeassistant.core:core.py:712 Bus:Handling <Event entity_registry_updated[L]: action=create, entity_id=binary_sensor.test_vehicle_2_rear_left_door>
DEBUG    homeassistant.core:core.py:712 Bus:Handling <Event state_changed[L]: entity_id=binary_sensor.test_vehicle_2_rear_left_door, old_state=None, new_state=<state binary_sensor.test_vehicle_2_rear_left_door=off; friendly_name=test_vehicle_2 Rear Left Door, icon=mdi:door-closed, device_class=door @ 2020-12-06T18:52:10.013704+00:00>>
INFO     homeassistant.helpers.entity_registry:entity_registry.py:271 Registered new binary_sensor.subaru entity: binary_sensor.test_vehicle_2_rear_right_door
DEBUG    homeassistant.core:core.py:712 Bus:Handling <Event entity_registry_updated[L]: action=create, entity_id=binary_sensor.test_vehicle_2_rear_right_door>
DEBUG    homeassistant.core:core.py:712 Bus:Handling <Event state_changed[L]: entity_id=binary_sensor.test_vehicle_2_rear_right_door, old_state=None, new_state=<state binary_sensor.test_vehicle_2_rear_right_door=off; friendly_name=test_vehicle_2 Rear Right Door, icon=mdi:door-closed, device_class=door @ 2020-12-06T18:52:10.014705+00:00>>
INFO     homeassistant.helpers.entity_registry:entity_registry.py:271 Registered new binary_sensor.subaru entity: binary_sensor.test_vehicle_2_ev_charge_port
DEBUG    homeassistant.core:core.py:712 Bus:Handling <Event entity_registry_updated[L]: action=create, entity_id=binary_sensor.test_vehicle_2_ev_charge_port>
DEBUG    homeassistant.core:core.py:712 Bus:Handling <Event state_changed[L]: entity_id=binary_sensor.test_vehicle_2_ev_charge_port, old_state=None, new_state=<state binary_sensor.test_vehicle_2_ev_charge_port=on; friendly_name=test_vehicle_2 EV Charge Port, icon=mdi:power-plug, device_class=plug @ 2020-12-06T18:52:10.015774+00:00>>
INFO     homeassistant.helpers.entity_registry:entity_registry.py:271 Registered new binary_sensor.subaru entity: binary_sensor.test_vehicle_2_ev_battery_charging
DEBUG    homeassistant.core:core.py:712 Bus:Handling <Event entity_registry_updated[L]: action=create, entity_id=binary_sensor.test_vehicle_2_ev_battery_charging>
DEBUG    homeassistant.core:core.py:712 Bus:Handling <Event state_changed[L]: entity_id=binary_sensor.test_vehicle_2_ev_battery_charging, old_state=None, new_state=<state binary_sensor.test_vehicle_2_ev_battery_charging=off; friendly_name=test_vehicle_2 EV Battery Charging, icon=mdi:car, device_class=battery_charging @ 2020-12-06T18:52:10.016814+00:00>>
INFO     homeassistant.helpers.entity_registry:entity_registry.py:271 Registered new sensor.subaru entity: sensor.test_vehicle_2_odometer
DEBUG    homeassistant.core:core.py:712 Bus:Handling <Event entity_registry_updated[L]: action=create, entity_id=sensor.test_vehicle_2_odometer>
DEBUG    homeassistant.core:core.py:712 Bus:Handling <Event state_changed[L]: entity_id=sensor.test_vehicle_2_odometer, old_state=None, new_state=<state sensor.test_vehicle_2_odometer=1234; unit_of_measurement=km, friendly_name=test_vehicle_2 Odometer, icon=mdi:road-variant @ 2020-12-06T18:52:10.017821+00:00>>
INFO     homeassistant.helpers.entity_registry:entity_registry.py:271 Registered new sensor.subaru entity: sensor.test_vehicle_2_avg_fuel_consumption
DEBUG    homeassistant.core:core.py:712 Bus:Handling <Event entity_registry_updated[L]: action=create, entity_id=sensor.test_vehicle_2_avg_fuel_consumption>
DEBUG    homeassistant.core:core.py:712 Bus:Handling <Event state_changed[L]: entity_id=sensor.test_vehicle_2_avg_fuel_consumption, old_state=None, new_state=<state sensor.test_vehicle_2_avg_fuel_consumption=2.3; unit_of_measurement=L/100km, friendly_name=test_vehicle_2 Avg Fuel Consumption, icon=mdi:leaf @ 2020-12-06T18:52:10.018837+00:00>>
INFO     homeassistant.helpers.entity_registry:entity_registry.py:271 Registered new sensor.subaru entity: sensor.test_vehicle_2_range
DEBUG    homeassistant.core:core.py:712 Bus:Handling <Event entity_registry_updated[L]: action=create, entity_id=sensor.test_vehicle_2_range>
DEBUG    homeassistant.core:core.py:712 Bus:Handling <Event state_changed[L]: entity_id=sensor.test_vehicle_2_range, old_state=None, new_state=<state sensor.test_vehicle_2_range=707; unit_of_measurement=km, friendly_name=test_vehicle_2 Range, icon=mdi:gas-station @ 2020-12-06T18:52:10.019816+00:00>>
INFO     homeassistant.helpers.entity_registry:entity_registry.py:271 Registered new sensor.subaru entity: sensor.test_vehicle_2_external_temp
DEBUG    homeassistant.core:core.py:712 Bus:Handling <Event entity_registry_updated[L]: action=create, entity_id=sensor.test_vehicle_2_external_temp>
DEBUG    homeassistant.core:core.py:712 Bus:Handling <Event state_changed[L]: entity_id=sensor.test_vehicle_2_external_temp, old_state=None, new_state=<state sensor.test_vehicle_2_external_temp=21.5; unit_of_measurement=°C, friendly_name=test_vehicle_2 External Temp, icon=mdi:thermometer @ 2020-12-06T18:52:10.020815+00:00>>
INFO     homeassistant.helpers.entity_registry:entity_registry.py:271 Registered new sensor.subaru entity: sensor.test_vehicle_2_12v_battery_voltage
DEBUG    homeassistant.core:core.py:712 Bus:Handling <Event entity_registry_updated[L]: action=create, entity_id=sensor.test_vehicle_2_12v_battery_voltage>
DEBUG    homeassistant.core:core.py:712 Bus:Handling <Event state_changed[L]: entity_id=sensor.test_vehicle_2_12v_battery_voltage, old_state=None, new_state=<state sensor.test_vehicle_2_12v_battery_voltage=12.0; unit_of_measurement=V, friendly_name=test_vehicle_2 12V Battery Voltage, icon=mdi:car-battery @ 2020-12-06T18:52:10.021828+00:00>>
INFO     homeassistant.helpers.entity_registry:entity_registry.py:271 Registered new sensor.subaru entity: sensor.test_vehicle_2_tire_pressure_fl
DEBUG    homeassistant.core:core.py:712 Bus:Handling <Event entity_registry_updated[L]: action=create, entity_id=sensor.test_vehicle_2_tire_pressure_fl>
DEBUG    homeassistant.core:core.py:712 Bus:Handling <Event state_changed[L]: entity_id=sensor.test_vehicle_2_tire_pressure_fl, old_state=None, new_state=<state sensor.test_vehicle_2_tire_pressure_fl=2550; unit_of_measurement=hPa, friendly_name=test_vehicle_2 Tire Pressure FL, icon=mdi:gauge @ 2020-12-06T18:52:10.022821+00:00>>
INFO     homeassistant.helpers.entity_registry:entity_registry.py:271 Registered new sensor.subaru entity: sensor.test_vehicle_2_tire_pressure_fr
DEBUG    homeassistant.core:core.py:712 Bus:Handling <Event entity_registry_updated[L]: action=create, entity_id=sensor.test_vehicle_2_tire_pressure_fr>
DEBUG    homeassistant.core:core.py:712 Bus:Handling <Event state_changed[L]: entity_id=sensor.test_vehicle_2_tire_pressure_fr, old_state=None, new_state=<state sensor.test_vehicle_2_tire_pressure_fr=2550; unit_of_measurement=hPa, friendly_name=test_vehicle_2 Tire Pressure FR, icon=mdi:gauge @ 2020-12-06T18:52:10.023801+00:00>>
INFO     homeassistant.helpers.entity_registry:entity_registry.py:271 Registered new sensor.subaru entity: sensor.test_vehicle_2_tire_pressure_rl
DEBUG    homeassistant.core:core.py:712 Bus:Handling <Event entity_registry_updated[L]: action=create, entity_id=sensor.test_vehicle_2_tire_pressure_rl>
DEBUG    homeassistant.core:core.py:712 Bus:Handling <Event state_changed[L]: entity_id=sensor.test_vehicle_2_tire_pressure_rl, old_state=None, new_state=<state sensor.test_vehicle_2_tire_pressure_rl=2450; unit_of_measurement=hPa, friendly_name=test_vehicle_2 Tire Pressure RL, icon=mdi:gauge @ 2020-12-06T18:52:10.024748+00:00>>
INFO     homeassistant.helpers.entity_registry:entity_registry.py:271 Registered new sensor.subaru entity: sensor.test_vehicle_2_tire_pressure_rr
DEBUG    homeassistant.core:core.py:712 Bus:Handling <Event entity_registry_updated[L]: action=create, entity_id=sensor.test_vehicle_2_tire_pressure_rr>
DEBUG    homeassistant.core:core.py:712 Bus:Handling <Event state_changed[L]: entity_id=sensor.test_vehicle_2_tire_pressure_rr, old_state=None, new_state=<state sensor.test_vehicle_2_tire_pressure_rr=2350; unit_of_measurement=hPa, friendly_name=test_vehicle_2 Tire Pressure RR, icon=mdi:gauge @ 2020-12-06T18:52:10.025669+00:00>>
INFO     homeassistant.helpers.entity_registry:entity_registry.py:271 Registered new sensor.subaru entity: sensor.test_vehicle_2_ev_range
DEBUG    homeassistant.core:core.py:712 Bus:Handling <Event entity_registry_updated[L]: action=create, entity_id=sensor.test_vehicle_2_ev_range>
DEBUG    homeassistant.core:core.py:712 Bus:Handling <Event state_changed[L]: entity_id=sensor.test_vehicle_2_ev_range, old_state=None, new_state=<state sensor.test_vehicle_2_ev_range=27.4; unit_of_measurement=km, friendly_name=test_vehicle_2 EV Range, icon=mdi:ev-station @ 2020-12-06T18:52:10.026624+00:00>>
INFO     homeassistant.helpers.entity_registry:entity_registry.py:271 Registered new sensor.subaru entity: sensor.test_vehicle_2_ev_battery_level
DEBUG    homeassistant.core:core.py:712 Bus:Handling <Event entity_registry_updated[L]: action=create, entity_id=sensor.test_vehicle_2_ev_battery_level>
DEBUG    homeassistant.core:core.py:712 Bus:Handling <Event state_changed[L]: entity_id=sensor.test_vehicle_2_ev_battery_level, old_state=None, new_state=<state sensor.test_vehicle_2_ev_battery_level=100; unit_of_measurement=%, friendly_name=test_vehicle_2 EV Battery Level, icon=mdi:battery @ 2020-12-06T18:52:10.027508+00:00>>
INFO     homeassistant.helpers.entity_registry:entity_registry.py:271 Registered new sensor.subaru entity: sensor.test_vehicle_2_ev_time_to_full_charge
DEBUG    homeassistant.core:core.py:712 Bus:Handling <Event entity_registry_updated[L]: action=create, entity_id=sensor.test_vehicle_2_ev_time_to_full_charge>
DEBUG    homeassistant.core:core.py:712 Bus:Handling <Event state_changed[L]: entity_id=sensor.test_vehicle_2_ev_time_to_full_charge, old_state=None, new_state=<state sensor.test_vehicle_2_ev_time_to_full_charge=unknown; unit_of_measurement=min, friendly_name=test_vehicle_2 EV Time to Full Charge, icon=mdi:car-electric @ 2020-12-06T18:52:10.028418+00:00>>
ERROR    homeassistant.components.sensor:entity_platform.py:490 Platform subaru does not generate unique IDs. ID subaru_jf2abcde6l0000002_avg_fuel_consumption already exists - ignoring sensor.test_vehicle_2_avg_fuel_consumption
ERROR    homeassistant.components.sensor:entity_platform.py:490 Platform subaru does not generate unique IDs. ID subaru_jf2abcde6l0000002_range already exists - ignoring sensor.test_vehicle_2_range
ERROR    homeassistant.components.sensor:entity_platform.py:490 Platform subaru does not generate unique IDs. ID subaru_jf2abcde6l0000002_external_temp already exists - ignoring sensor.test_vehicle_2_external_temp
ERROR    homeassistant.components.sensor:entity_platform.py:490 Platform subaru does not generate unique IDs. ID subaru_jf2abcde6l0000002_12v_battery_voltage already exists - ignoring sensor.test_vehicle_2_12v_battery_voltage
ERROR    homeassistant.components.sensor:entity_platform.py:490 Platform subaru does not generate unique IDs. ID subaru_jf2abcde6l0000002_tire_pressure_fl already exists - ignoring sensor.test_vehicle_2_tire_pressure_fl
ERROR    homeassistant.components.sensor:entity_platform.py:490 Platform subaru does not generate unique IDs. ID subaru_jf2abcde6l0000002_tire_pressure_fr already exists - ignoring sensor.test_vehicle_2_tire_pressure_fr
ERROR    homeassistant.components.sensor:entity_platform.py:490 Platform subaru does not generate unique IDs. ID subaru_jf2abcde6l0000002_tire_pressure_rl already exists - ignoring sensor.test_vehicle_2_tire_pressure_rl
ERROR    homeassistant.components.sensor:entity_platform.py:490 Platform subaru does not generate unique IDs. ID subaru_jf2abcde6l0000002_tire_pressure_rr already exists - ignoring sensor.test_vehicle_2_tire_pressure_rr
ERROR    homeassistant.components.sensor:entity_platform.py:490 Platform subaru does not generate unique IDs. ID subaru_jf2abcde6l0000002_odometer already exists - ignoring sensor.test_vehicle_2_odometer
INFO     homeassistant.setup:setup.py:232 Setup of domain zone took 0.0 seconds
DEBUG    homeassistant.core:core.py:712 Bus:Handling <Event component_loaded[L]: component=zone>
INFO     homeassistant.helpers.entity_registry:entity_registry.py:271 Registered new lock.subaru entity: lock.test_vehicle_2_door_lock
DEBUG    homeassistant.core:core.py:712 Bus:Handling <Event entity_registry_updated[L]: action=create, entity_id=lock.test_vehicle_2_door_lock>
DEBUG    homeassistant.core:core.py:712 Bus:Handling <Event state_changed[L]: entity_id=lock.test_vehicle_2_door_lock, old_state=None, new_state=<state lock.test_vehicle_2_door_lock=unknown; friendly_name=test_vehicle_2 Door Lock @ 2020-12-06T18:52:10.033822+00:00>>
INFO     homeassistant.setup:setup.py:183 Setting up device_tracker
DEBUG    homeassistant.core:core.py:712 Bus:Handling <Event service_registered[L]: domain=device_tracker, service=see>
INFO     homeassistant.setup:setup.py:232 Setup of domain device_tracker took 0.0 seconds
DEBUG    homeassistant.core:core.py:712 Bus:Handling <Event component_loaded[L]: component=device_tracker>
INFO     homeassistant.components.device_tracker:entity_platform.py:185 Setting up device_tracker.subaru
INFO     homeassistant.helpers.entity_registry:entity_registry.py:271 Registered new device_tracker.subaru entity: device_tracker.test_vehicle_2_location
DEBUG    homeassistant.core:core.py:712 Bus:Handling <Event entity_registry_updated[L]: action=create, entity_id=device_tracker.test_vehicle_2_location>
DEBUG    homeassistant.core:core.py:712 Bus:Handling <Event state_changed[L]: entity_id=device_tracker.test_vehicle_2_location, old_state=None, new_state=<state device_tracker.test_vehicle_2_location=not_home; source_type=gps, latitude=40.0, longitude=-100.0, gps_accuracy=0, friendly_name=test_vehicle_2 Location @ 2020-12-06T18:52:10.037814+00:00>>
PASSED                                                                   [ 79%]
------------------------------ live log teardown -------------------------------
DEBUG    homeassistant.core:core.py:712 Bus:Handling <Event homeassistant_stop[L]>
DEBUG    homeassistant.core:core.py:712 Bus:Handling <Event homeassistant_final_write[L]>
INFO     pytest_homeassistant_custom_component.common:common.py:931 Writing data to core.device_registry: {'version': 1, 'key': 'core.device_registry', 'data': {'devices': [{'config_entries': [1], 'connections': [], 'identifiers': [('subaru', 'JF2ABCDE6L0000002')], 'manufacturer': 'subaru', 'model': None, 'name': 'test_vehicle_2', 'sw_version': None, 'entry_type': None, 'id': '3a7a23f701754a2f091a10a65a976271', 'via_device_id': None, 'area_id': None, 'name_by_user': None}], 'deleted_devices': []}}
INFO     pytest_homeassistant_custom_component.common:common.py:931 Writing data to core.entity_registry: {'version': 1, 'key': 'core.entity_registry', 'data': {'entities': [{'entity_id': 'binary_sensor.test_vehicle_2_ignition', 'config_entry_id': 1, 'device_id': '3a7a23f701754a2f091a10a65a976271', 'area_id': None, 'unique_id': 'subaru_jf2abcde6l0000002_ignition', 'platform': 'subaru', 'name': None, 'icon': None, 'disabled_by': None, 'capabilities': None, 'supported_features': 0, 'device_class': 'power', 'unit_of_measurement': None, 'original_name': 'test_vehicle_2 Ignition', 'original_icon': 'mdi:engine-off'}, {'entity_id': 'binary_sensor.test_vehicle_2_trunk', 'config_entry_id': 1, 'device_id': '3a7a23f701754a2f091a10a65a976271', 'area_id': None, 'unique_id': 'subaru_jf2abcde6l0000002_trunk', 'platform': 'subaru', 'name': None, 'icon': None, 'disabled_by': None, 'capabilities': None, 'supported_features': 0, 'device_class': 'door', 'unit_of_measurement': None, 'original_name': 'test_vehicle_2 Trunk', 'original_icon': 'mdi:door-closed'}, {'entity_id': 'binary_sensor.test_vehicle_2_hood', 'config_entry_id': 1, 'device_id': '3a7a23f701754a2f091a10a65a976271', 'area_id': None, 'unique_id': 'subaru_jf2abcde6l0000002_hood', 'platform': 'subaru', 'name': None, 'icon': None, 'disabled_by': None, 'capabilities': None, 'supported_features': 0, 'device_class': 'door', 'unit_of_measurement': None, 'original_name': 'test_vehicle_2 Hood', 'original_icon': 'mdi:door-closed'}, {'entity_id': 'binary_sensor.test_vehicle_2_front_left_door', 'config_entry_id': 1, 'device_id': '3a7a23f701754a2f091a10a65a976271', 'area_id': None, 'unique_id': 'subaru_jf2abcde6l0000002_front_left_door', 'platform': 'subaru', 'name': None, 'icon': None, 'disabled_by': None, 'capabilities': None, 'supported_features': 0, 'device_class': 'door', 'unit_of_measurement': None, 'original_name': 'test_vehicle_2 Front Left Door', 'original_icon': 'mdi:door-closed'}, {'entity_id': 'binary_sensor.test_vehicle_2_front_right_door', 'config_entry_id': 1, 'device_id': '3a7a23f701754a2f091a10a65a976271', 'area_id': None, 'unique_id': 'subaru_jf2abcde6l0000002_front_right_door', 'platform': 'subaru', 'name': None, 'icon': None, 'disabled_by': None, 'capabilities': None, 'supported_features': 0, 'device_class': 'door', 'unit_of_measurement': None, 'original_name': 'test_vehicle_2 Front Right Door', 'original_icon': 'mdi:door-closed'}, {'entity_id': 'binary_sensor.test_vehicle_2_rear_left_door', 'config_entry_id': 1, 'device_id': '3a7a23f701754a2f091a10a65a976271', 'area_id': None, 'unique_id': 'subaru_jf2abcde6l0000002_rear_left_door', 'platform': 'subaru', 'name': None, 'icon': None, 'disabled_by': None, 'capabilities': None, 'supported_features': 0, 'device_class': 'door', 'unit_of_measurement': None, 'original_name': 'test_vehicle_2 Rear Left Door', 'original_icon': 'mdi:door-closed'}, {'entity_id': 'binary_sensor.test_vehicle_2_rear_right_door', 'config_entry_id': 1, 'device_id': '3a7a23f701754a2f091a10a65a976271', 'area_id': None, 'unique_id': 'subaru_jf2abcde6l0000002_rear_right_door', 'platform': 'subaru', 'name': None, 'icon': None, 'disabled_by': None, 'capabilities': None, 'supported_features': 0, 'device_class': 'door', 'unit_of_measurement': None, 'original_name': 'test_vehicle_2 Rear Right Door', 'original_icon': 'mdi:door-closed'}, {'entity_id': 'binary_sensor.test_vehicle_2_ev_charge_port', 'config_entry_id': 1, 'device_id': '3a7a23f701754a2f091a10a65a976271', 'area_id': None, 'unique_id': 'subaru_jf2abcde6l0000002_ev_charge_port', 'platform': 'subaru', 'name': None, 'icon': None, 'disabled_by': None, 'capabilities': None, 'supported_features': 0, 'device_class': 'plug', 'unit_of_measurement': None, 'original_name': 'test_vehicle_2 EV Charge Port', 'original_icon': 'mdi:power-plug'}, {'entity_id': 'binary_sensor.test_vehicle_2_ev_battery_charging', 'config_entry_id': 1, 'device_id': '3a7a23f701754a2f091a10a65a976271', 'area_id': None, 'unique_id': 'subaru_jf2abcde6l0000002_ev_battery_charging', 'platform': 'subaru', 'name': None, 'icon': None, 'disabled_by': None, 'capabilities': None, 'supported_features': 0, 'device_class': 'battery_charging', 'unit_of_measurement': None, 'original_name': 'test_vehicle_2 EV Battery Charging', 'original_icon': 'mdi:car'}, {'entity_id': 'sensor.test_vehicle_2_odometer', 'config_entry_id': 1, 'device_id': '3a7a23f701754a2f091a10a65a976271', 'area_id': None, 'unique_id': 'subaru_jf2abcde6l0000002_odometer', 'platform': 'subaru', 'name': None, 'icon': None, 'disabled_by': None, 'capabilities': None, 'supported_features': 0, 'device_class': None, 'unit_of_measurement': 'km', 'original_name': 'test_vehicle_2 Odometer', 'original_icon': 'mdi:road-variant'}, {'entity_id': 'sensor.test_vehicle_2_avg_fuel_consumption', 'config_entry_id': 1, 'device_id': '3a7a23f701754a2f091a10a65a976271', 'area_id': None, 'unique_id': 'subaru_jf2abcde6l0000002_avg_fuel_consumption', 'platform': 'subaru', 'name': None, 'icon': None, 'disabled_by': None, 'capabilities': None, 'supported_features': 0, 'device_class': None, 'unit_of_measurement': 'L/100km', 'original_name': 'test_vehicle_2 Avg Fuel Consumption', 'original_icon': 'mdi:leaf'}, {'entity_id': 'sensor.test_vehicle_2_range', 'config_entry_id': 1, 'device_id': '3a7a23f701754a2f091a10a65a976271', 'area_id': None, 'unique_id': 'subaru_jf2abcde6l0000002_range', 'platform': 'subaru', 'name': None, 'icon': None, 'disabled_by': None, 'capabilities': None, 'supported_features': 0, 'device_class': None, 'unit_of_measurement': 'km', 'original_name': 'test_vehicle_2 Range', 'original_icon': 'mdi:gas-station'}, {'entity_id': 'sensor.test_vehicle_2_external_temp', 'config_entry_id': 1, 'device_id': '3a7a23f701754a2f091a10a65a976271', 'area_id': None, 'unique_id': 'subaru_jf2abcde6l0000002_external_temp', 'platform': 'subaru', 'name': None, 'icon': None, 'disabled_by': None, 'capabilities': None, 'supported_features': 0, 'device_class': None, 'unit_of_measurement': '°C', 'original_name': 'test_vehicle_2 External Temp', 'original_icon': 'mdi:thermometer'}, {'entity_id': 'sensor.test_vehicle_2_12v_battery_voltage', 'config_entry_id': 1, 'device_id': '3a7a23f701754a2f091a10a65a976271', 'area_id': None, 'unique_id': 'subaru_jf2abcde6l0000002_12v_battery_voltage', 'platform': 'subaru', 'name': None, 'icon': None, 'disabled_by': None, 'capabilities': None, 'supported_features': 0, 'device_class': None, 'unit_of_measurement': 'V', 'original_name': 'test_vehicle_2 12V Battery Voltage', 'original_icon': 'mdi:car-battery'}, {'entity_id': 'sensor.test_vehicle_2_tire_pressure_fl', 'config_entry_id': 1, 'device_id': '3a7a23f701754a2f091a10a65a976271', 'area_id': None, 'unique_id': 'subaru_jf2abcde6l0000002_tire_pressure_fl', 'platform': 'subaru', 'name': None, 'icon': None, 'disabled_by': None, 'capabilities': None, 'supported_features': 0, 'device_class': None, 'unit_of_measurement': 'hPa', 'original_name': 'test_vehicle_2 Tire Pressure FL', 'original_icon': 'mdi:gauge'}, {'entity_id': 'sensor.test_vehicle_2_tire_pressure_fr', 'config_entry_id': 1, 'device_id': '3a7a23f701754a2f091a10a65a976271', 'area_id': None, 'unique_id': 'subaru_jf2abcde6l0000002_tire_pressure_fr', 'platform': 'subaru', 'name': None, 'icon': None, 'disabled_by': None, 'capabilities': None, 'supported_features': 0, 'device_class': None, 'unit_of_measurement': 'hPa', 'original_name': 'test_vehicle_2 Tire Pressure FR', 'original_icon': 'mdi:gauge'}, {'entity_id': 'sensor.test_vehicle_2_tire_pressure_rl', 'config_entry_id': 1, 'device_id': '3a7a23f701754a2f091a10a65a976271', 'area_id': None, 'unique_id': 'subaru_jf2abcde6l0000002_tire_pressure_rl', 'platform': 'subaru', 'name': None, 'icon': None, 'disabled_by': None, 'capabilities': None, 'supported_features': 0, 'device_class': None, 'unit_of_measurement': 'hPa', 'original_name': 'test_vehicle_2 Tire Pressure RL', 'original_icon': 'mdi:gauge'}, {'entity_id': 'sensor.test_vehicle_2_tire_pressure_rr', 'config_entry_id': 1, 'device_id': '3a7a23f701754a2f091a10a65a976271', 'area_id': None, 'unique_id': 'subaru_jf2abcde6l0000002_tire_pressure_rr', 'platform': 'subaru', 'name': None, 'icon': None, 'disabled_by': None, 'capabilities': None, 'supported_features': 0, 'device_class': None, 'unit_of_measurement': 'hPa', 'original_name': 'test_vehicle_2 Tire Pressure RR', 'original_icon': 'mdi:gauge'}, {'entity_id': 'sensor.test_vehicle_2_ev_range', 'config_entry_id': 1, 'device_id': '3a7a23f701754a2f091a10a65a976271', 'area_id': None, 'unique_id': 'subaru_jf2abcde6l0000002_ev_range', 'platform': 'subaru', 'name': None, 'icon': None, 'disabled_by': None, 'capabilities': None, 'supported_features': 0, 'device_class': None, 'unit_of_measurement': 'km', 'original_name': 'test_vehicle_2 EV Range', 'original_icon': 'mdi:ev-station'}, {'entity_id': 'sensor.test_vehicle_2_ev_battery_level', 'config_entry_id': 1, 'device_id': '3a7a23f701754a2f091a10a65a976271', 'area_id': None, 'unique_id': 'subaru_jf2abcde6l0000002_ev_battery_level', 'platform': 'subaru', 'name': None, 'icon': None, 'disabled_by': None, 'capabilities': None, 'supported_features': 0, 'device_class': None, 'unit_of_measurement': '%', 'original_name': 'test_vehicle_2 EV Battery Level', 'original_icon': 'mdi:battery-unknown'}, {'entity_id': 'sensor.test_vehicle_2_ev_time_to_full_charge', 'config_entry_id': 1, 'device_id': '3a7a23f701754a2f091a10a65a976271', 'area_id': None, 'unique_id': 'subaru_jf2abcde6l0000002_ev_time_to_full_charge', 'platform': 'subaru', 'name': None, 'icon': None, 'disabled_by': None, 'capabilities': None, 'supported_features': 0, 'device_class': None, 'unit_of_measurement': 'min', 'original_name': 'test_vehicle_2 EV Time to Full Charge', 'original_icon': 'mdi:car-electric'}, {'entity_id': 'lock.test_vehicle_2_door_lock', 'config_entry_id': 1, 'device_id': '3a7a23f701754a2f091a10a65a976271', 'area_id': None, 'unique_id': 'subaru_jf2abcde6l0000002_door_lock', 'platform': 'subaru', 'name': None, 'icon': None, 'disabled_by': None, 'capabilities': None, 'supported_features': 0, 'device_class': None, 'unit_of_measurement': None, 'original_name': 'test_vehicle_2 Door Lock', 'original_icon': None}, {'entity_id': 'device_tracker.test_vehicle_2_location', 'config_entry_id': 1, 'device_id': '3a7a23f701754a2f091a10a65a976271', 'area_id': None, 'unique_id': 'subaru_jf2abcde6l0000002_location', 'platform': 'subaru', 'name': None, 'icon': None, 'disabled_by': None, 'capabilities': None, 'supported_features': 0, 'device_class': None, 'unit_of_measurement': None, 'original_name': 'test_vehicle_2 Location', 'original_icon': None}]}}
DEBUG    homeassistant.core:core.py:712 Bus:Handling <Event homeassistant_close[L]>

tests/test_services.py::test_remote_service_horn[pyloop] 
-------------------------------- live log setup --------------------------------
DEBUG    asyncio:selector_events.py:59 Using selector: KqueueSelector
-------------------------------- live log call ---------------------------------
INFO     homeassistant.loader:loader.py:292 Loaded subaru from custom_components.subaru
WARNING  homeassistant.loader:loader.py:465 You are using a custom integration for subaru which has not been tested by Home Assistant. This component might cause stability problems, be sure to disable it if you experience issues with Home Assistant.
INFO     homeassistant.setup:setup.py:183 Setting up subaru
INFO     homeassistant.setup:setup.py:232 Setup of domain subaru took 0.0 seconds
DEBUG    homeassistant.core:core.py:712 Bus:Handling <Event component_loaded[L]: component=subaru>
DEBUG    custom_components.subaru:update_coordinator.py:184 Finished fetching subaru_data data in 0.002 seconds
DEBUG    homeassistant.core:core.py:712 Bus:Handling <Event service_registered[L]: domain=subaru, service=fetch>
DEBUG    homeassistant.core:core.py:712 Bus:Handling <Event service_registered[L]: domain=subaru, service=horn>
DEBUG    homeassistant.core:core.py:712 Bus:Handling <Event service_registered[L]: domain=subaru, service=lights>
DEBUG    homeassistant.core:core.py:712 Bus:Handling <Event service_registered[L]: domain=subaru, service=lock>
DEBUG    homeassistant.core:core.py:712 Bus:Handling <Event service_registered[L]: domain=subaru, service=unlock>
DEBUG    homeassistant.core:core.py:712 Bus:Handling <Event service_registered[L]: domain=subaru, service=update>
DEBUG    homeassistant.core:core.py:712 Bus:Handling <Event service_registered[L]: domain=subaru, service=remote_start>
DEBUG    homeassistant.core:core.py:712 Bus:Handling <Event service_registered[L]: domain=subaru, service=remote_stop>
DEBUG    homeassistant.core:core.py:712 Bus:Handling <Event service_registered[L]: domain=subaru, service=charge_start>
INFO     homeassistant.loader:loader.py:292 Loaded binary_sensor from homeassistant.components.binary_sensor
INFO     homeassistant.setup:setup.py:183 Setting up binary_sensor
INFO     homeassistant.loader:loader.py:292 Loaded sensor from homeassistant.components.sensor
INFO     homeassistant.loader:loader.py:292 Loaded device_tracker from homeassistant.components.device_tracker
INFO     homeassistant.setup:setup.py:232 Setup of domain binary_sensor took 0.0 seconds
INFO     homeassistant.loader:loader.py:292 Loaded lock from homeassistant.components.lock
DEBUG    homeassistant.core:core.py:712 Bus:Handling <Event component_loaded[L]: component=binary_sensor>
INFO     homeassistant.setup:setup.py:183 Setting up sensor
INFO     homeassistant.setup:setup.py:232 Setup of domain sensor took 0.0 seconds
INFO     homeassistant.components.binary_sensor:entity_platform.py:185 Setting up binary_sensor.subaru
DEBUG    homeassistant.core:core.py:712 Bus:Handling <Event component_loaded[L]: component=sensor>
INFO     homeassistant.loader:loader.py:292 Loaded zone from homeassistant.components.zone
INFO     homeassistant.setup:setup.py:183 Setting up lock
DEBUG    homeassistant.core:core.py:712 Bus:Handling <Event service_registered[L]: domain=lock, service=unlock>
DEBUG    homeassistant.core:core.py:712 Bus:Handling <Event service_registered[L]: domain=lock, service=lock>
DEBUG    homeassistant.core:core.py:712 Bus:Handling <Event service_registered[L]: domain=lock, service=open>
INFO     homeassistant.setup:setup.py:232 Setup of domain lock took 0.0 seconds
INFO     homeassistant.components.sensor:entity_platform.py:185 Setting up sensor.subaru
DEBUG    homeassistant.core:core.py:712 Bus:Handling <Event component_loaded[L]: component=lock>
DEBUG    homeassistant.setup:setup.py:96 Dependency device_tracker will wait for dependencies ['zone']
INFO     homeassistant.components.lock:entity_platform.py:185 Setting up lock.subaru
INFO     homeassistant.setup:setup.py:183 Setting up zone
DEBUG    homeassistant.core:core.py:712 Bus:Handling <Event service_registered[L]: domain=zone, service=reload>
DEBUG    homeassistant.core:core.py:712 Bus:Handling <Event state_changed[L]: entity_id=zone.home, old_state=None, new_state=<state zone.home=zoning; latitude=32.87336, longitude=-117.22743, radius=100, passive=False, editable=True, friendly_name=test home, icon=mdi:home @ 2020-12-06T18:52:10.122979+00:00>>
DEBUG    custom_components.subaru:update_coordinator.py:184 Finished fetching subaru_data data in 0.000 seconds
DEBUG    homeassistant.core:core.py:712 Bus:Handling <Event device_registry_updated[L]: action=create, device_id=12391940571943b4cbc013a7ffe930c6>
INFO     homeassistant.helpers.entity_registry:entity_registry.py:271 Registered new binary_sensor.subaru entity: binary_sensor.test_vehicle_2_trunk
DEBUG    homeassistant.core:core.py:712 Bus:Handling <Event entity_registry_updated[L]: action=create, entity_id=binary_sensor.test_vehicle_2_trunk>
DEBUG    homeassistant.core:core.py:712 Bus:Handling <Event state_changed[L]: entity_id=binary_sensor.test_vehicle_2_trunk, old_state=None, new_state=<state binary_sensor.test_vehicle_2_trunk=off; friendly_name=test_vehicle_2 Trunk, icon=mdi:door-closed, device_class=door @ 2020-12-06T18:52:10.125186+00:00>>
INFO     homeassistant.helpers.entity_registry:entity_registry.py:271 Registered new binary_sensor.subaru entity: binary_sensor.test_vehicle_2_hood
DEBUG    homeassistant.core:core.py:712 Bus:Handling <Event entity_registry_updated[L]: action=create, entity_id=binary_sensor.test_vehicle_2_hood>
DEBUG    homeassistant.core:core.py:712 Bus:Handling <Event state_changed[L]: entity_id=binary_sensor.test_vehicle_2_hood, old_state=None, new_state=<state binary_sensor.test_vehicle_2_hood=off; friendly_name=test_vehicle_2 Hood, icon=mdi:door-closed, device_class=door @ 2020-12-06T18:52:10.126230+00:00>>
INFO     homeassistant.helpers.entity_registry:entity_registry.py:271 Registered new binary_sensor.subaru entity: binary_sensor.test_vehicle_2_front_left_door
DEBUG    homeassistant.core:core.py:712 Bus:Handling <Event entity_registry_updated[L]: action=create, entity_id=binary_sensor.test_vehicle_2_front_left_door>
DEBUG    homeassistant.core:core.py:712 Bus:Handling <Event state_changed[L]: entity_id=binary_sensor.test_vehicle_2_front_left_door, old_state=None, new_state=<state binary_sensor.test_vehicle_2_front_left_door=off; friendly_name=test_vehicle_2 Front Left Door, icon=mdi:door-closed, device_class=door @ 2020-12-06T18:52:10.127323+00:00>>
INFO     homeassistant.helpers.entity_registry:entity_registry.py:271 Registered new binary_sensor.subaru entity: binary_sensor.test_vehicle_2_front_right_door
DEBUG    homeassistant.core:core.py:712 Bus:Handling <Event entity_registry_updated[L]: action=create, entity_id=binary_sensor.test_vehicle_2_front_right_door>
DEBUG    homeassistant.core:core.py:712 Bus:Handling <Event state_changed[L]: entity_id=binary_sensor.test_vehicle_2_front_right_door, old_state=None, new_state=<state binary_sensor.test_vehicle_2_front_right_door=off; friendly_name=test_vehicle_2 Front Right Door, icon=mdi:door-closed, device_class=door @ 2020-12-06T18:52:10.128349+00:00>>
INFO     homeassistant.helpers.entity_registry:entity_registry.py:271 Registered new binary_sensor.subaru entity: binary_sensor.test_vehicle_2_rear_left_door
DEBUG    homeassistant.core:core.py:712 Bus:Handling <Event entity_registry_updated[L]: action=create, entity_id=binary_sensor.test_vehicle_2_rear_left_door>
DEBUG    homeassistant.core:core.py:712 Bus:Handling <Event state_changed[L]: entity_id=binary_sensor.test_vehicle_2_rear_left_door, old_state=None, new_state=<state binary_sensor.test_vehicle_2_rear_left_door=off; friendly_name=test_vehicle_2 Rear Left Door, icon=mdi:door-closed, device_class=door @ 2020-12-06T18:52:10.129368+00:00>>
INFO     homeassistant.helpers.entity_registry:entity_registry.py:271 Registered new binary_sensor.subaru entity: binary_sensor.test_vehicle_2_rear_right_door
DEBUG    homeassistant.core:core.py:712 Bus:Handling <Event entity_registry_updated[L]: action=create, entity_id=binary_sensor.test_vehicle_2_rear_right_door>
DEBUG    homeassistant.core:core.py:712 Bus:Handling <Event state_changed[L]: entity_id=binary_sensor.test_vehicle_2_rear_right_door, old_state=None, new_state=<state binary_sensor.test_vehicle_2_rear_right_door=off; friendly_name=test_vehicle_2 Rear Right Door, icon=mdi:door-closed, device_class=door @ 2020-12-06T18:52:10.130397+00:00>>
INFO     homeassistant.helpers.entity_registry:entity_registry.py:271 Registered new binary_sensor.subaru entity: binary_sensor.test_vehicle_2_ev_charge_port
DEBUG    homeassistant.core:core.py:712 Bus:Handling <Event entity_registry_updated[L]: action=create, entity_id=binary_sensor.test_vehicle_2_ev_charge_port>
DEBUG    homeassistant.core:core.py:712 Bus:Handling <Event state_changed[L]: entity_id=binary_sensor.test_vehicle_2_ev_charge_port, old_state=None, new_state=<state binary_sensor.test_vehicle_2_ev_charge_port=on; friendly_name=test_vehicle_2 EV Charge Port, icon=mdi:power-plug, device_class=plug @ 2020-12-06T18:52:10.131391+00:00>>
INFO     homeassistant.helpers.entity_registry:entity_registry.py:271 Registered new binary_sensor.subaru entity: binary_sensor.test_vehicle_2_ev_battery_charging
DEBUG    homeassistant.core:core.py:712 Bus:Handling <Event entity_registry_updated[L]: action=create, entity_id=binary_sensor.test_vehicle_2_ev_battery_charging>
DEBUG    homeassistant.core:core.py:712 Bus:Handling <Event state_changed[L]: entity_id=binary_sensor.test_vehicle_2_ev_battery_charging, old_state=None, new_state=<state binary_sensor.test_vehicle_2_ev_battery_charging=off; friendly_name=test_vehicle_2 EV Battery Charging, icon=mdi:car, device_class=battery_charging @ 2020-12-06T18:52:10.132398+00:00>>
INFO     homeassistant.helpers.entity_registry:entity_registry.py:271 Registered new lock.subaru entity: lock.test_vehicle_2_door_lock
DEBUG    homeassistant.core:core.py:712 Bus:Handling <Event entity_registry_updated[L]: action=create, entity_id=lock.test_vehicle_2_door_lock>
DEBUG    homeassistant.core:core.py:712 Bus:Handling <Event state_changed[L]: entity_id=lock.test_vehicle_2_door_lock, old_state=None, new_state=<state lock.test_vehicle_2_door_lock=unknown; friendly_name=test_vehicle_2 Door Lock @ 2020-12-06T18:52:10.133427+00:00>>
INFO     homeassistant.helpers.entity_registry:entity_registry.py:271 Registered new sensor.subaru entity: sensor.test_vehicle_2_odometer
DEBUG    homeassistant.core:core.py:712 Bus:Handling <Event entity_registry_updated[L]: action=create, entity_id=sensor.test_vehicle_2_odometer>
DEBUG    homeassistant.core:core.py:712 Bus:Handling <Event state_changed[L]: entity_id=sensor.test_vehicle_2_odometer, old_state=None, new_state=<state sensor.test_vehicle_2_odometer=1234; unit_of_measurement=km, friendly_name=test_vehicle_2 Odometer, icon=mdi:road-variant @ 2020-12-06T18:52:10.134409+00:00>>
INFO     homeassistant.helpers.entity_registry:entity_registry.py:271 Registered new sensor.subaru entity: sensor.test_vehicle_2_avg_fuel_consumption
DEBUG    homeassistant.core:core.py:712 Bus:Handling <Event entity_registry_updated[L]: action=create, entity_id=sensor.test_vehicle_2_avg_fuel_consumption>
DEBUG    homeassistant.core:core.py:712 Bus:Handling <Event state_changed[L]: entity_id=sensor.test_vehicle_2_avg_fuel_consumption, old_state=None, new_state=<state sensor.test_vehicle_2_avg_fuel_consumption=2.3; unit_of_measurement=L/100km, friendly_name=test_vehicle_2 Avg Fuel Consumption, icon=mdi:leaf @ 2020-12-06T18:52:10.135524+00:00>>
INFO     homeassistant.helpers.entity_registry:entity_registry.py:271 Registered new sensor.subaru entity: sensor.test_vehicle_2_range
DEBUG    homeassistant.core:core.py:712 Bus:Handling <Event entity_registry_updated[L]: action=create, entity_id=sensor.test_vehicle_2_range>
DEBUG    homeassistant.core:core.py:712 Bus:Handling <Event state_changed[L]: entity_id=sensor.test_vehicle_2_range, old_state=None, new_state=<state sensor.test_vehicle_2_range=707; unit_of_measurement=km, friendly_name=test_vehicle_2 Range, icon=mdi:gas-station @ 2020-12-06T18:52:10.136598+00:00>>
INFO     homeassistant.helpers.entity_registry:entity_registry.py:271 Registered new sensor.subaru entity: sensor.test_vehicle_2_external_temp
DEBUG    homeassistant.core:core.py:712 Bus:Handling <Event entity_registry_updated[L]: action=create, entity_id=sensor.test_vehicle_2_external_temp>
DEBUG    homeassistant.core:core.py:712 Bus:Handling <Event state_changed[L]: entity_id=sensor.test_vehicle_2_external_temp, old_state=None, new_state=<state sensor.test_vehicle_2_external_temp=21.5; unit_of_measurement=°C, friendly_name=test_vehicle_2 External Temp, icon=mdi:thermometer @ 2020-12-06T18:52:10.137689+00:00>>
INFO     homeassistant.helpers.entity_registry:entity_registry.py:271 Registered new sensor.subaru entity: sensor.test_vehicle_2_12v_battery_voltage
DEBUG    homeassistant.core:core.py:712 Bus:Handling <Event entity_registry_updated[L]: action=create, entity_id=sensor.test_vehicle_2_12v_battery_voltage>
DEBUG    homeassistant.core:core.py:712 Bus:Handling <Event state_changed[L]: entity_id=sensor.test_vehicle_2_12v_battery_voltage, old_state=None, new_state=<state sensor.test_vehicle_2_12v_battery_voltage=12.0; unit_of_measurement=V, friendly_name=test_vehicle_2 12V Battery Voltage, icon=mdi:car-battery @ 2020-12-06T18:52:10.138715+00:00>>
INFO     homeassistant.helpers.entity_registry:entity_registry.py:271 Registered new sensor.subaru entity: sensor.test_vehicle_2_tire_pressure_fl
DEBUG    homeassistant.core:core.py:712 Bus:Handling <Event entity_registry_updated[L]: action=create, entity_id=sensor.test_vehicle_2_tire_pressure_fl>
DEBUG    homeassistant.core:core.py:712 Bus:Handling <Event state_changed[L]: entity_id=sensor.test_vehicle_2_tire_pressure_fl, old_state=None, new_state=<state sensor.test_vehicle_2_tire_pressure_fl=2550; unit_of_measurement=hPa, friendly_name=test_vehicle_2 Tire Pressure FL, icon=mdi:gauge @ 2020-12-06T18:52:10.139720+00:00>>
INFO     homeassistant.helpers.entity_registry:entity_registry.py:271 Registered new sensor.subaru entity: sensor.test_vehicle_2_tire_pressure_fr
DEBUG    homeassistant.core:core.py:712 Bus:Handling <Event entity_registry_updated[L]: action=create, entity_id=sensor.test_vehicle_2_tire_pressure_fr>
DEBUG    homeassistant.core:core.py:712 Bus:Handling <Event state_changed[L]: entity_id=sensor.test_vehicle_2_tire_pressure_fr, old_state=None, new_state=<state sensor.test_vehicle_2_tire_pressure_fr=2550; unit_of_measurement=hPa, friendly_name=test_vehicle_2 Tire Pressure FR, icon=mdi:gauge @ 2020-12-06T18:52:10.140737+00:00>>
INFO     homeassistant.helpers.entity_registry:entity_registry.py:271 Registered new sensor.subaru entity: sensor.test_vehicle_2_tire_pressure_rl
DEBUG    homeassistant.core:core.py:712 Bus:Handling <Event entity_registry_updated[L]: action=create, entity_id=sensor.test_vehicle_2_tire_pressure_rl>
DEBUG    homeassistant.core:core.py:712 Bus:Handling <Event state_changed[L]: entity_id=sensor.test_vehicle_2_tire_pressure_rl, old_state=None, new_state=<state sensor.test_vehicle_2_tire_pressure_rl=2450; unit_of_measurement=hPa, friendly_name=test_vehicle_2 Tire Pressure RL, icon=mdi:gauge @ 2020-12-06T18:52:10.141729+00:00>>
INFO     homeassistant.helpers.entity_registry:entity_registry.py:271 Registered new sensor.subaru entity: sensor.test_vehicle_2_tire_pressure_rr
DEBUG    homeassistant.core:core.py:712 Bus:Handling <Event entity_registry_updated[L]: action=create, entity_id=sensor.test_vehicle_2_tire_pressure_rr>
DEBUG    homeassistant.core:core.py:712 Bus:Handling <Event state_changed[L]: entity_id=sensor.test_vehicle_2_tire_pressure_rr, old_state=None, new_state=<state sensor.test_vehicle_2_tire_pressure_rr=2350; unit_of_measurement=hPa, friendly_name=test_vehicle_2 Tire Pressure RR, icon=mdi:gauge @ 2020-12-06T18:52:10.142683+00:00>>
INFO     homeassistant.helpers.entity_registry:entity_registry.py:271 Registered new sensor.subaru entity: sensor.test_vehicle_2_ev_range
DEBUG    homeassistant.core:core.py:712 Bus:Handling <Event entity_registry_updated[L]: action=create, entity_id=sensor.test_vehicle_2_ev_range>
DEBUG    homeassistant.core:core.py:712 Bus:Handling <Event state_changed[L]: entity_id=sensor.test_vehicle_2_ev_range, old_state=None, new_state=<state sensor.test_vehicle_2_ev_range=27.4; unit_of_measurement=km, friendly_name=test_vehicle_2 EV Range, icon=mdi:ev-station @ 2020-12-06T18:52:10.143612+00:00>>
INFO     homeassistant.helpers.entity_registry:entity_registry.py:271 Registered new sensor.subaru entity: sensor.test_vehicle_2_ev_battery_level
DEBUG    homeassistant.core:core.py:712 Bus:Handling <Event entity_registry_updated[L]: action=create, entity_id=sensor.test_vehicle_2_ev_battery_level>
DEBUG    homeassistant.core:core.py:712 Bus:Handling <Event state_changed[L]: entity_id=sensor.test_vehicle_2_ev_battery_level, old_state=None, new_state=<state sensor.test_vehicle_2_ev_battery_level=100; unit_of_measurement=%, friendly_name=test_vehicle_2 EV Battery Level, icon=mdi:battery @ 2020-12-06T18:52:10.144523+00:00>>
INFO     homeassistant.helpers.entity_registry:entity_registry.py:271 Registered new sensor.subaru entity: sensor.test_vehicle_2_ev_time_to_full_charge
DEBUG    homeassistant.core:core.py:712 Bus:Handling <Event entity_registry_updated[L]: action=create, entity_id=sensor.test_vehicle_2_ev_time_to_full_charge>
DEBUG    homeassistant.core:core.py:712 Bus:Handling <Event state_changed[L]: entity_id=sensor.test_vehicle_2_ev_time_to_full_charge, old_state=None, new_state=<state sensor.test_vehicle_2_ev_time_to_full_charge=unknown; unit_of_measurement=min, friendly_name=test_vehicle_2 EV Time to Full Charge, icon=mdi:car-electric @ 2020-12-06T18:52:10.145420+00:00>>
ERROR    homeassistant.components.sensor:entity_platform.py:490 Platform subaru does not generate unique IDs. ID subaru_jf2abcde6l0000002_avg_fuel_consumption already exists - ignoring sensor.test_vehicle_2_avg_fuel_consumption
ERROR    homeassistant.components.sensor:entity_platform.py:490 Platform subaru does not generate unique IDs. ID subaru_jf2abcde6l0000002_range already exists - ignoring sensor.test_vehicle_2_range
ERROR    homeassistant.components.sensor:entity_platform.py:490 Platform subaru does not generate unique IDs. ID subaru_jf2abcde6l0000002_external_temp already exists - ignoring sensor.test_vehicle_2_external_temp
ERROR    homeassistant.components.sensor:entity_platform.py:490 Platform subaru does not generate unique IDs. ID subaru_jf2abcde6l0000002_12v_battery_voltage already exists - ignoring sensor.test_vehicle_2_12v_battery_voltage
ERROR    homeassistant.components.sensor:entity_platform.py:490 Platform subaru does not generate unique IDs. ID subaru_jf2abcde6l0000002_tire_pressure_fl already exists - ignoring sensor.test_vehicle_2_tire_pressure_fl
ERROR    homeassistant.components.sensor:entity_platform.py:490 Platform subaru does not generate unique IDs. ID subaru_jf2abcde6l0000002_tire_pressure_fr already exists - ignoring sensor.test_vehicle_2_tire_pressure_fr
ERROR    homeassistant.components.sensor:entity_platform.py:490 Platform subaru does not generate unique IDs. ID subaru_jf2abcde6l0000002_tire_pressure_rl already exists - ignoring sensor.test_vehicle_2_tire_pressure_rl
ERROR    homeassistant.components.sensor:entity_platform.py:490 Platform subaru does not generate unique IDs. ID subaru_jf2abcde6l0000002_tire_pressure_rr already exists - ignoring sensor.test_vehicle_2_tire_pressure_rr
ERROR    homeassistant.components.sensor:entity_platform.py:490 Platform subaru does not generate unique IDs. ID subaru_jf2abcde6l0000002_odometer already exists - ignoring sensor.test_vehicle_2_odometer
ERROR    homeassistant.components.sensor:entity_platform.py:490 Platform subaru does not generate unique IDs. ID subaru_jf2abcde6l0000002_avg_fuel_consumption already exists - ignoring sensor.test_vehicle_2_avg_fuel_consumption
ERROR    homeassistant.components.sensor:entity_platform.py:490 Platform subaru does not generate unique IDs. ID subaru_jf2abcde6l0000002_range already exists - ignoring sensor.test_vehicle_2_range
ERROR    homeassistant.components.sensor:entity_platform.py:490 Platform subaru does not generate unique IDs. ID subaru_jf2abcde6l0000002_external_temp already exists - ignoring sensor.test_vehicle_2_external_temp
ERROR    homeassistant.components.sensor:entity_platform.py:490 Platform subaru does not generate unique IDs. ID subaru_jf2abcde6l0000002_12v_battery_voltage already exists - ignoring sensor.test_vehicle_2_12v_battery_voltage
ERROR    homeassistant.components.sensor:entity_platform.py:490 Platform subaru does not generate unique IDs. ID subaru_jf2abcde6l0000002_tire_pressure_fl already exists - ignoring sensor.test_vehicle_2_tire_pressure_fl
ERROR    homeassistant.components.sensor:entity_platform.py:490 Platform subaru does not generate unique IDs. ID subaru_jf2abcde6l0000002_tire_pressure_fr already exists - ignoring sensor.test_vehicle_2_tire_pressure_fr
ERROR    homeassistant.components.sensor:entity_platform.py:490 Platform subaru does not generate unique IDs. ID subaru_jf2abcde6l0000002_tire_pressure_rl already exists - ignoring sensor.test_vehicle_2_tire_pressure_rl
ERROR    homeassistant.components.sensor:entity_platform.py:490 Platform subaru does not generate unique IDs. ID subaru_jf2abcde6l0000002_tire_pressure_rr already exists - ignoring sensor.test_vehicle_2_tire_pressure_rr
ERROR    homeassistant.components.sensor:entity_platform.py:490 Platform subaru does not generate unique IDs. ID subaru_jf2abcde6l0000002_odometer already exists - ignoring sensor.test_vehicle_2_odometer
INFO     homeassistant.setup:setup.py:232 Setup of domain zone took 0.0 seconds
DEBUG    homeassistant.core:core.py:712 Bus:Handling <Event component_loaded[L]: component=zone>
INFO     homeassistant.helpers.entity_registry:entity_registry.py:271 Registered new binary_sensor.subaru entity: binary_sensor.test_vehicle_2_ignition
DEBUG    homeassistant.core:core.py:712 Bus:Handling <Event entity_registry_updated[L]: action=create, entity_id=binary_sensor.test_vehicle_2_ignition>
DEBUG    homeassistant.core:core.py:712 Bus:Handling <Event state_changed[L]: entity_id=binary_sensor.test_vehicle_2_ignition, old_state=None, new_state=<state binary_sensor.test_vehicle_2_ignition=off; friendly_name=test_vehicle_2 Ignition, icon=mdi:engine-off, device_class=power @ 2020-12-06T18:52:10.154104+00:00>>
INFO     homeassistant.setup:setup.py:183 Setting up device_tracker
DEBUG    homeassistant.core:core.py:712 Bus:Handling <Event service_registered[L]: domain=device_tracker, service=see>
INFO     homeassistant.setup:setup.py:232 Setup of domain device_tracker took 0.0 seconds
DEBUG    homeassistant.core:core.py:712 Bus:Handling <Event component_loaded[L]: component=device_tracker>
INFO     homeassistant.components.device_tracker:entity_platform.py:185 Setting up device_tracker.subaru
INFO     homeassistant.helpers.entity_registry:entity_registry.py:271 Registered new device_tracker.subaru entity: device_tracker.test_vehicle_2_location
DEBUG    homeassistant.core:core.py:712 Bus:Handling <Event entity_registry_updated[L]: action=create, entity_id=device_tracker.test_vehicle_2_location>
DEBUG    homeassistant.core:core.py:712 Bus:Handling <Event state_changed[L]: entity_id=device_tracker.test_vehicle_2_location, old_state=None, new_state=<state device_tracker.test_vehicle_2_location=not_home; source_type=gps, latitude=40.0, longitude=-100.0, gps_accuracy=0, friendly_name=test_vehicle_2 Location @ 2020-12-06T18:52:10.157659+00:00>>
DEBUG    homeassistant.core:core.py:712 Bus:Handling <Event call_service[L]: domain=subaru, service=horn, service_data=vin=JF2ABCDE6L0000002>
DEBUG    custom_components.subaru:__init__.py:160 calling horn
ERROR    homeassistant:runner.py:115 Error doing job: Task exception was never retrieved
Traceback (most recent call last):
  File "/Users/gg/.local/share/virtualenvs/homeassistant-subaru--Q4ZrcF8/lib/python3.8/site-packages/homeassistant/core.py", line 1401, in async_call
    raise ServiceNotFound(domain, service) from None
homeassistant.exceptions.ServiceNotFound: Unable to find service persistent_notification/create
ERROR    homeassistant:runner.py:115 Error doing job: Task exception was never retrieved
Traceback (most recent call last):
  File "/Users/gg/.local/share/virtualenvs/homeassistant-subaru--Q4ZrcF8/lib/python3.8/site-packages/homeassistant/core.py", line 1401, in async_call
    raise ServiceNotFound(domain, service) from None
homeassistant.exceptions.ServiceNotFound: Unable to find service persistent_notification/dismiss
ERROR    homeassistant:runner.py:115 Error doing job: Task exception was never retrieved
Traceback (most recent call last):
  File "/Users/gg/.local/share/virtualenvs/homeassistant-subaru--Q4ZrcF8/lib/python3.8/site-packages/homeassistant/core.py", line 1401, in async_call
    raise ServiceNotFound(domain, service) from None
homeassistant.exceptions.ServiceNotFound: Unable to find service persistent_notification/create
PASSED                                                                   [ 82%]
------------------------------ live log teardown -------------------------------
DEBUG    homeassistant.core:core.py:712 Bus:Handling <Event homeassistant_stop[L]>
DEBUG    homeassistant.core:core.py:712 Bus:Handling <Event homeassistant_final_write[L]>
INFO     pytest_homeassistant_custom_component.common:common.py:931 Writing data to core.device_registry: {'version': 1, 'key': 'core.device_registry', 'data': {'devices': [{'config_entries': [1], 'connections': [], 'identifiers': [('subaru', 'JF2ABCDE6L0000002')], 'manufacturer': 'subaru', 'model': None, 'name': 'test_vehicle_2', 'sw_version': None, 'entry_type': None, 'id': '12391940571943b4cbc013a7ffe930c6', 'via_device_id': None, 'area_id': None, 'name_by_user': None}], 'deleted_devices': []}}
INFO     pytest_homeassistant_custom_component.common:common.py:931 Writing data to core.entity_registry: {'version': 1, 'key': 'core.entity_registry', 'data': {'entities': [{'entity_id': 'binary_sensor.test_vehicle_2_trunk', 'config_entry_id': 1, 'device_id': '12391940571943b4cbc013a7ffe930c6', 'area_id': None, 'unique_id': 'subaru_jf2abcde6l0000002_trunk', 'platform': 'subaru', 'name': None, 'icon': None, 'disabled_by': None, 'capabilities': None, 'supported_features': 0, 'device_class': 'door', 'unit_of_measurement': None, 'original_name': 'test_vehicle_2 Trunk', 'original_icon': 'mdi:door-closed'}, {'entity_id': 'binary_sensor.test_vehicle_2_hood', 'config_entry_id': 1, 'device_id': '12391940571943b4cbc013a7ffe930c6', 'area_id': None, 'unique_id': 'subaru_jf2abcde6l0000002_hood', 'platform': 'subaru', 'name': None, 'icon': None, 'disabled_by': None, 'capabilities': None, 'supported_features': 0, 'device_class': 'door', 'unit_of_measurement': None, 'original_name': 'test_vehicle_2 Hood', 'original_icon': 'mdi:door-closed'}, {'entity_id': 'binary_sensor.test_vehicle_2_front_left_door', 'config_entry_id': 1, 'device_id': '12391940571943b4cbc013a7ffe930c6', 'area_id': None, 'unique_id': 'subaru_jf2abcde6l0000002_front_left_door', 'platform': 'subaru', 'name': None, 'icon': None, 'disabled_by': None, 'capabilities': None, 'supported_features': 0, 'device_class': 'door', 'unit_of_measurement': None, 'original_name': 'test_vehicle_2 Front Left Door', 'original_icon': 'mdi:door-closed'}, {'entity_id': 'binary_sensor.test_vehicle_2_front_right_door', 'config_entry_id': 1, 'device_id': '12391940571943b4cbc013a7ffe930c6', 'area_id': None, 'unique_id': 'subaru_jf2abcde6l0000002_front_right_door', 'platform': 'subaru', 'name': None, 'icon': None, 'disabled_by': None, 'capabilities': None, 'supported_features': 0, 'device_class': 'door', 'unit_of_measurement': None, 'original_name': 'test_vehicle_2 Front Right Door', 'original_icon': 'mdi:door-closed'}, {'entity_id': 'binary_sensor.test_vehicle_2_rear_left_door', 'config_entry_id': 1, 'device_id': '12391940571943b4cbc013a7ffe930c6', 'area_id': None, 'unique_id': 'subaru_jf2abcde6l0000002_rear_left_door', 'platform': 'subaru', 'name': None, 'icon': None, 'disabled_by': None, 'capabilities': None, 'supported_features': 0, 'device_class': 'door', 'unit_of_measurement': None, 'original_name': 'test_vehicle_2 Rear Left Door', 'original_icon': 'mdi:door-closed'}, {'entity_id': 'binary_sensor.test_vehicle_2_rear_right_door', 'config_entry_id': 1, 'device_id': '12391940571943b4cbc013a7ffe930c6', 'area_id': None, 'unique_id': 'subaru_jf2abcde6l0000002_rear_right_door', 'platform': 'subaru', 'name': None, 'icon': None, 'disabled_by': None, 'capabilities': None, 'supported_features': 0, 'device_class': 'door', 'unit_of_measurement': None, 'original_name': 'test_vehicle_2 Rear Right Door', 'original_icon': 'mdi:door-closed'}, {'entity_id': 'binary_sensor.test_vehicle_2_ev_charge_port', 'config_entry_id': 1, 'device_id': '12391940571943b4cbc013a7ffe930c6', 'area_id': None, 'unique_id': 'subaru_jf2abcde6l0000002_ev_charge_port', 'platform': 'subaru', 'name': None, 'icon': None, 'disabled_by': None, 'capabilities': None, 'supported_features': 0, 'device_class': 'plug', 'unit_of_measurement': None, 'original_name': 'test_vehicle_2 EV Charge Port', 'original_icon': 'mdi:power-plug'}, {'entity_id': 'binary_sensor.test_vehicle_2_ev_battery_charging', 'config_entry_id': 1, 'device_id': '12391940571943b4cbc013a7ffe930c6', 'area_id': None, 'unique_id': 'subaru_jf2abcde6l0000002_ev_battery_charging', 'platform': 'subaru', 'name': None, 'icon': None, 'disabled_by': None, 'capabilities': None, 'supported_features': 0, 'device_class': 'battery_charging', 'unit_of_measurement': None, 'original_name': 'test_vehicle_2 EV Battery Charging', 'original_icon': 'mdi:car'}, {'entity_id': 'lock.test_vehicle_2_door_lock', 'config_entry_id': 1, 'device_id': '12391940571943b4cbc013a7ffe930c6', 'area_id': None, 'unique_id': 'subaru_jf2abcde6l0000002_door_lock', 'platform': 'subaru', 'name': None, 'icon': None, 'disabled_by': None, 'capabilities': None, 'supported_features': 0, 'device_class': None, 'unit_of_measurement': None, 'original_name': 'test_vehicle_2 Door Lock', 'original_icon': None}, {'entity_id': 'sensor.test_vehicle_2_odometer', 'config_entry_id': 1, 'device_id': '12391940571943b4cbc013a7ffe930c6', 'area_id': None, 'unique_id': 'subaru_jf2abcde6l0000002_odometer', 'platform': 'subaru', 'name': None, 'icon': None, 'disabled_by': None, 'capabilities': None, 'supported_features': 0, 'device_class': None, 'unit_of_measurement': 'km', 'original_name': 'test_vehicle_2 Odometer', 'original_icon': 'mdi:road-variant'}, {'entity_id': 'sensor.test_vehicle_2_avg_fuel_consumption', 'config_entry_id': 1, 'device_id': '12391940571943b4cbc013a7ffe930c6', 'area_id': None, 'unique_id': 'subaru_jf2abcde6l0000002_avg_fuel_consumption', 'platform': 'subaru', 'name': None, 'icon': None, 'disabled_by': None, 'capabilities': None, 'supported_features': 0, 'device_class': None, 'unit_of_measurement': 'L/100km', 'original_name': 'test_vehicle_2 Avg Fuel Consumption', 'original_icon': 'mdi:leaf'}, {'entity_id': 'sensor.test_vehicle_2_range', 'config_entry_id': 1, 'device_id': '12391940571943b4cbc013a7ffe930c6', 'area_id': None, 'unique_id': 'subaru_jf2abcde6l0000002_range', 'platform': 'subaru', 'name': None, 'icon': None, 'disabled_by': None, 'capabilities': None, 'supported_features': 0, 'device_class': None, 'unit_of_measurement': 'km', 'original_name': 'test_vehicle_2 Range', 'original_icon': 'mdi:gas-station'}, {'entity_id': 'sensor.test_vehicle_2_external_temp', 'config_entry_id': 1, 'device_id': '12391940571943b4cbc013a7ffe930c6', 'area_id': None, 'unique_id': 'subaru_jf2abcde6l0000002_external_temp', 'platform': 'subaru', 'name': None, 'icon': None, 'disabled_by': None, 'capabilities': None, 'supported_features': 0, 'device_class': None, 'unit_of_measurement': '°C', 'original_name': 'test_vehicle_2 External Temp', 'original_icon': 'mdi:thermometer'}, {'entity_id': 'sensor.test_vehicle_2_12v_battery_voltage', 'config_entry_id': 1, 'device_id': '12391940571943b4cbc013a7ffe930c6', 'area_id': None, 'unique_id': 'subaru_jf2abcde6l0000002_12v_battery_voltage', 'platform': 'subaru', 'name': None, 'icon': None, 'disabled_by': None, 'capabilities': None, 'supported_features': 0, 'device_class': None, 'unit_of_measurement': 'V', 'original_name': 'test_vehicle_2 12V Battery Voltage', 'original_icon': 'mdi:car-battery'}, {'entity_id': 'sensor.test_vehicle_2_tire_pressure_fl', 'config_entry_id': 1, 'device_id': '12391940571943b4cbc013a7ffe930c6', 'area_id': None, 'unique_id': 'subaru_jf2abcde6l0000002_tire_pressure_fl', 'platform': 'subaru', 'name': None, 'icon': None, 'disabled_by': None, 'capabilities': None, 'supported_features': 0, 'device_class': None, 'unit_of_measurement': 'hPa', 'original_name': 'test_vehicle_2 Tire Pressure FL', 'original_icon': 'mdi:gauge'}, {'entity_id': 'sensor.test_vehicle_2_tire_pressure_fr', 'config_entry_id': 1, 'device_id': '12391940571943b4cbc013a7ffe930c6', 'area_id': None, 'unique_id': 'subaru_jf2abcde6l0000002_tire_pressure_fr', 'platform': 'subaru', 'name': None, 'icon': None, 'disabled_by': None, 'capabilities': None, 'supported_features': 0, 'device_class': None, 'unit_of_measurement': 'hPa', 'original_name': 'test_vehicle_2 Tire Pressure FR', 'original_icon': 'mdi:gauge'}, {'entity_id': 'sensor.test_vehicle_2_tire_pressure_rl', 'config_entry_id': 1, 'device_id': '12391940571943b4cbc013a7ffe930c6', 'area_id': None, 'unique_id': 'subaru_jf2abcde6l0000002_tire_pressure_rl', 'platform': 'subaru', 'name': None, 'icon': None, 'disabled_by': None, 'capabilities': None, 'supported_features': 0, 'device_class': None, 'unit_of_measurement': 'hPa', 'original_name': 'test_vehicle_2 Tire Pressure RL', 'original_icon': 'mdi:gauge'}, {'entity_id': 'sensor.test_vehicle_2_tire_pressure_rr', 'config_entry_id': 1, 'device_id': '12391940571943b4cbc013a7ffe930c6', 'area_id': None, 'unique_id': 'subaru_jf2abcde6l0000002_tire_pressure_rr', 'platform': 'subaru', 'name': None, 'icon': None, 'disabled_by': None, 'capabilities': None, 'supported_features': 0, 'device_class': None, 'unit_of_measurement': 'hPa', 'original_name': 'test_vehicle_2 Tire Pressure RR', 'original_icon': 'mdi:gauge'}, {'entity_id': 'sensor.test_vehicle_2_ev_range', 'config_entry_id': 1, 'device_id': '12391940571943b4cbc013a7ffe930c6', 'area_id': None, 'unique_id': 'subaru_jf2abcde6l0000002_ev_range', 'platform': 'subaru', 'name': None, 'icon': None, 'disabled_by': None, 'capabilities': None, 'supported_features': 0, 'device_class': None, 'unit_of_measurement': 'km', 'original_name': 'test_vehicle_2 EV Range', 'original_icon': 'mdi:ev-station'}, {'entity_id': 'sensor.test_vehicle_2_ev_battery_level', 'config_entry_id': 1, 'device_id': '12391940571943b4cbc013a7ffe930c6', 'area_id': None, 'unique_id': 'subaru_jf2abcde6l0000002_ev_battery_level', 'platform': 'subaru', 'name': None, 'icon': None, 'disabled_by': None, 'capabilities': None, 'supported_features': 0, 'device_class': None, 'unit_of_measurement': '%', 'original_name': 'test_vehicle_2 EV Battery Level', 'original_icon': 'mdi:battery-unknown'}, {'entity_id': 'sensor.test_vehicle_2_ev_time_to_full_charge', 'config_entry_id': 1, 'device_id': '12391940571943b4cbc013a7ffe930c6', 'area_id': None, 'unique_id': 'subaru_jf2abcde6l0000002_ev_time_to_full_charge', 'platform': 'subaru', 'name': None, 'icon': None, 'disabled_by': None, 'capabilities': None, 'supported_features': 0, 'device_class': None, 'unit_of_measurement': 'min', 'original_name': 'test_vehicle_2 EV Time to Full Charge', 'original_icon': 'mdi:car-electric'}, {'entity_id': 'binary_sensor.test_vehicle_2_ignition', 'config_entry_id': 1, 'device_id': '12391940571943b4cbc013a7ffe930c6', 'area_id': None, 'unique_id': 'subaru_jf2abcde6l0000002_ignition', 'platform': 'subaru', 'name': None, 'icon': None, 'disabled_by': None, 'capabilities': None, 'supported_features': 0, 'device_class': 'power', 'unit_of_measurement': None, 'original_name': 'test_vehicle_2 Ignition', 'original_icon': 'mdi:engine-off'}, {'entity_id': 'device_tracker.test_vehicle_2_location', 'config_entry_id': 1, 'device_id': '12391940571943b4cbc013a7ffe930c6', 'area_id': None, 'unique_id': 'subaru_jf2abcde6l0000002_location', 'platform': 'subaru', 'name': None, 'icon': None, 'disabled_by': None, 'capabilities': None, 'supported_features': 0, 'device_class': None, 'unit_of_measurement': None, 'original_name': 'test_vehicle_2 Location', 'original_icon': None}]}}
DEBUG    homeassistant.core:core.py:712 Bus:Handling <Event homeassistant_close[L]>

tests/test_services.py::test_remote_service_fetch[pyloop] 
-------------------------------- live log setup --------------------------------
DEBUG    asyncio:selector_events.py:59 Using selector: KqueueSelector
-------------------------------- live log call ---------------------------------
INFO     homeassistant.loader:loader.py:292 Loaded subaru from custom_components.subaru
WARNING  homeassistant.loader:loader.py:465 You are using a custom integration for subaru which has not been tested by Home Assistant. This component might cause stability problems, be sure to disable it if you experience issues with Home Assistant.
INFO     homeassistant.setup:setup.py:183 Setting up subaru
INFO     homeassistant.setup:setup.py:232 Setup of domain subaru took 0.0 seconds
DEBUG    homeassistant.core:core.py:712 Bus:Handling <Event component_loaded[L]: component=subaru>
DEBUG    custom_components.subaru:update_coordinator.py:184 Finished fetching subaru_data data in 0.002 seconds
DEBUG    homeassistant.core:core.py:712 Bus:Handling <Event service_registered[L]: domain=subaru, service=fetch>
DEBUG    homeassistant.core:core.py:712 Bus:Handling <Event service_registered[L]: domain=subaru, service=horn>
DEBUG    homeassistant.core:core.py:712 Bus:Handling <Event service_registered[L]: domain=subaru, service=lights>
DEBUG    homeassistant.core:core.py:712 Bus:Handling <Event service_registered[L]: domain=subaru, service=lock>
DEBUG    homeassistant.core:core.py:712 Bus:Handling <Event service_registered[L]: domain=subaru, service=unlock>
DEBUG    homeassistant.core:core.py:712 Bus:Handling <Event service_registered[L]: domain=subaru, service=update>
DEBUG    homeassistant.core:core.py:712 Bus:Handling <Event service_registered[L]: domain=subaru, service=remote_start>
DEBUG    homeassistant.core:core.py:712 Bus:Handling <Event service_registered[L]: domain=subaru, service=remote_stop>
DEBUG    homeassistant.core:core.py:712 Bus:Handling <Event service_registered[L]: domain=subaru, service=charge_start>
INFO     homeassistant.loader:loader.py:292 Loaded sensor from homeassistant.components.sensor
INFO     homeassistant.loader:loader.py:292 Loaded binary_sensor from homeassistant.components.binary_sensor
INFO     homeassistant.loader:loader.py:292 Loaded device_tracker from homeassistant.components.device_tracker
INFO     homeassistant.loader:loader.py:292 Loaded lock from homeassistant.components.lock
INFO     homeassistant.setup:setup.py:183 Setting up sensor
INFO     homeassistant.setup:setup.py:232 Setup of domain sensor took 0.0 seconds
DEBUG    homeassistant.core:core.py:712 Bus:Handling <Event component_loaded[L]: component=sensor>
INFO     homeassistant.setup:setup.py:183 Setting up binary_sensor
INFO     homeassistant.setup:setup.py:232 Setup of domain binary_sensor took 0.0 seconds
INFO     homeassistant.setup:setup.py:183 Setting up lock
DEBUG    homeassistant.core:core.py:712 Bus:Handling <Event service_registered[L]: domain=lock, service=unlock>
INFO     homeassistant.loader:loader.py:292 Loaded zone from homeassistant.components.zone
DEBUG    homeassistant.core:core.py:712 Bus:Handling <Event service_registered[L]: domain=lock, service=lock>
DEBUG    homeassistant.core:core.py:712 Bus:Handling <Event service_registered[L]: domain=lock, service=open>
INFO     homeassistant.setup:setup.py:232 Setup of domain lock took 0.0 seconds
INFO     homeassistant.components.sensor:entity_platform.py:185 Setting up sensor.subaru
DEBUG    homeassistant.core:core.py:712 Bus:Handling <Event component_loaded[L]: component=binary_sensor>
DEBUG    homeassistant.core:core.py:712 Bus:Handling <Event component_loaded[L]: component=lock>
INFO     homeassistant.components.binary_sensor:entity_platform.py:185 Setting up binary_sensor.subaru
DEBUG    homeassistant.setup:setup.py:96 Dependency device_tracker will wait for dependencies ['zone']
INFO     homeassistant.components.lock:entity_platform.py:185 Setting up lock.subaru
INFO     homeassistant.setup:setup.py:183 Setting up zone
DEBUG    homeassistant.core:core.py:712 Bus:Handling <Event service_registered[L]: domain=zone, service=reload>
DEBUG    homeassistant.core:core.py:712 Bus:Handling <Event state_changed[L]: entity_id=zone.home, old_state=None, new_state=<state zone.home=zoning; latitude=32.87336, longitude=-117.22743, radius=100, passive=False, editable=True, friendly_name=test home, icon=mdi:home @ 2020-12-06T18:52:10.244366+00:00>>
DEBUG    custom_components.subaru:update_coordinator.py:184 Finished fetching subaru_data data in 0.000 seconds
DEBUG    homeassistant.core:core.py:712 Bus:Handling <Event device_registry_updated[L]: action=create, device_id=2b3dbb74e7f3bf08b4e13843fe725a39>
INFO     homeassistant.helpers.entity_registry:entity_registry.py:271 Registered new sensor.subaru entity: sensor.test_vehicle_2_avg_fuel_consumption
DEBUG    homeassistant.core:core.py:712 Bus:Handling <Event entity_registry_updated[L]: action=create, entity_id=sensor.test_vehicle_2_avg_fuel_consumption>
DEBUG    homeassistant.core:core.py:712 Bus:Handling <Event state_changed[L]: entity_id=sensor.test_vehicle_2_avg_fuel_consumption, old_state=None, new_state=<state sensor.test_vehicle_2_avg_fuel_consumption=2.3; unit_of_measurement=L/100km, friendly_name=test_vehicle_2 Avg Fuel Consumption, icon=mdi:leaf @ 2020-12-06T18:52:10.246564+00:00>>
INFO     homeassistant.helpers.entity_registry:entity_registry.py:271 Registered new sensor.subaru entity: sensor.test_vehicle_2_range
DEBUG    homeassistant.core:core.py:712 Bus:Handling <Event entity_registry_updated[L]: action=create, entity_id=sensor.test_vehicle_2_range>
DEBUG    homeassistant.core:core.py:712 Bus:Handling <Event state_changed[L]: entity_id=sensor.test_vehicle_2_range, old_state=None, new_state=<state sensor.test_vehicle_2_range=707; unit_of_measurement=km, friendly_name=test_vehicle_2 Range, icon=mdi:gas-station @ 2020-12-06T18:52:10.247629+00:00>>
INFO     homeassistant.helpers.entity_registry:entity_registry.py:271 Registered new sensor.subaru entity: sensor.test_vehicle_2_external_temp
DEBUG    homeassistant.core:core.py:712 Bus:Handling <Event entity_registry_updated[L]: action=create, entity_id=sensor.test_vehicle_2_external_temp>
DEBUG    homeassistant.core:core.py:712 Bus:Handling <Event state_changed[L]: entity_id=sensor.test_vehicle_2_external_temp, old_state=None, new_state=<state sensor.test_vehicle_2_external_temp=21.5; unit_of_measurement=°C, friendly_name=test_vehicle_2 External Temp, icon=mdi:thermometer @ 2020-12-06T18:52:10.248723+00:00>>
INFO     homeassistant.helpers.entity_registry:entity_registry.py:271 Registered new sensor.subaru entity: sensor.test_vehicle_2_12v_battery_voltage
DEBUG    homeassistant.core:core.py:712 Bus:Handling <Event entity_registry_updated[L]: action=create, entity_id=sensor.test_vehicle_2_12v_battery_voltage>
DEBUG    homeassistant.core:core.py:712 Bus:Handling <Event state_changed[L]: entity_id=sensor.test_vehicle_2_12v_battery_voltage, old_state=None, new_state=<state sensor.test_vehicle_2_12v_battery_voltage=12.0; unit_of_measurement=V, friendly_name=test_vehicle_2 12V Battery Voltage, icon=mdi:car-battery @ 2020-12-06T18:52:10.249760+00:00>>
INFO     homeassistant.helpers.entity_registry:entity_registry.py:271 Registered new sensor.subaru entity: sensor.test_vehicle_2_tire_pressure_fl
DEBUG    homeassistant.core:core.py:712 Bus:Handling <Event entity_registry_updated[L]: action=create, entity_id=sensor.test_vehicle_2_tire_pressure_fl>
DEBUG    homeassistant.core:core.py:712 Bus:Handling <Event state_changed[L]: entity_id=sensor.test_vehicle_2_tire_pressure_fl, old_state=None, new_state=<state sensor.test_vehicle_2_tire_pressure_fl=2550; unit_of_measurement=hPa, friendly_name=test_vehicle_2 Tire Pressure FL, icon=mdi:gauge @ 2020-12-06T18:52:10.250801+00:00>>
INFO     homeassistant.helpers.entity_registry:entity_registry.py:271 Registered new sensor.subaru entity: sensor.test_vehicle_2_tire_pressure_fr
DEBUG    homeassistant.core:core.py:712 Bus:Handling <Event entity_registry_updated[L]: action=create, entity_id=sensor.test_vehicle_2_tire_pressure_fr>
DEBUG    homeassistant.core:core.py:712 Bus:Handling <Event state_changed[L]: entity_id=sensor.test_vehicle_2_tire_pressure_fr, old_state=None, new_state=<state sensor.test_vehicle_2_tire_pressure_fr=2550; unit_of_measurement=hPa, friendly_name=test_vehicle_2 Tire Pressure FR, icon=mdi:gauge @ 2020-12-06T18:52:10.251823+00:00>>
INFO     homeassistant.helpers.entity_registry:entity_registry.py:271 Registered new sensor.subaru entity: sensor.test_vehicle_2_tire_pressure_rl
DEBUG    homeassistant.core:core.py:712 Bus:Handling <Event entity_registry_updated[L]: action=create, entity_id=sensor.test_vehicle_2_tire_pressure_rl>
DEBUG    homeassistant.core:core.py:712 Bus:Handling <Event state_changed[L]: entity_id=sensor.test_vehicle_2_tire_pressure_rl, old_state=None, new_state=<state sensor.test_vehicle_2_tire_pressure_rl=2450; unit_of_measurement=hPa, friendly_name=test_vehicle_2 Tire Pressure RL, icon=mdi:gauge @ 2020-12-06T18:52:10.252850+00:00>>
INFO     homeassistant.helpers.entity_registry:entity_registry.py:271 Registered new sensor.subaru entity: sensor.test_vehicle_2_tire_pressure_rr
DEBUG    homeassistant.core:core.py:712 Bus:Handling <Event entity_registry_updated[L]: action=create, entity_id=sensor.test_vehicle_2_tire_pressure_rr>
DEBUG    homeassistant.core:core.py:712 Bus:Handling <Event state_changed[L]: entity_id=sensor.test_vehicle_2_tire_pressure_rr, old_state=None, new_state=<state sensor.test_vehicle_2_tire_pressure_rr=2350; unit_of_measurement=hPa, friendly_name=test_vehicle_2 Tire Pressure RR, icon=mdi:gauge @ 2020-12-06T18:52:10.253858+00:00>>
INFO     homeassistant.helpers.entity_registry:entity_registry.py:271 Registered new sensor.subaru entity: sensor.test_vehicle_2_ev_range
DEBUG    homeassistant.core:core.py:712 Bus:Handling <Event entity_registry_updated[L]: action=create, entity_id=sensor.test_vehicle_2_ev_range>
DEBUG    homeassistant.core:core.py:712 Bus:Handling <Event state_changed[L]: entity_id=sensor.test_vehicle_2_ev_range, old_state=None, new_state=<state sensor.test_vehicle_2_ev_range=27.4; unit_of_measurement=km, friendly_name=test_vehicle_2 EV Range, icon=mdi:ev-station @ 2020-12-06T18:52:10.254877+00:00>>
INFO     homeassistant.helpers.entity_registry:entity_registry.py:271 Registered new sensor.subaru entity: sensor.test_vehicle_2_ev_battery_level
DEBUG    homeassistant.core:core.py:712 Bus:Handling <Event entity_registry_updated[L]: action=create, entity_id=sensor.test_vehicle_2_ev_battery_level>
DEBUG    homeassistant.core:core.py:712 Bus:Handling <Event state_changed[L]: entity_id=sensor.test_vehicle_2_ev_battery_level, old_state=None, new_state=<state sensor.test_vehicle_2_ev_battery_level=100; unit_of_measurement=%, friendly_name=test_vehicle_2 EV Battery Level, icon=mdi:battery @ 2020-12-06T18:52:10.255840+00:00>>
INFO     homeassistant.helpers.entity_registry:entity_registry.py:271 Registered new sensor.subaru entity: sensor.test_vehicle_2_ev_time_to_full_charge
DEBUG    homeassistant.core:core.py:712 Bus:Handling <Event entity_registry_updated[L]: action=create, entity_id=sensor.test_vehicle_2_ev_time_to_full_charge>
DEBUG    homeassistant.core:core.py:712 Bus:Handling <Event state_changed[L]: entity_id=sensor.test_vehicle_2_ev_time_to_full_charge, old_state=None, new_state=<state sensor.test_vehicle_2_ev_time_to_full_charge=unknown; unit_of_measurement=min, friendly_name=test_vehicle_2 EV Time to Full Charge, icon=mdi:car-electric @ 2020-12-06T18:52:10.256816+00:00>>
ERROR    homeassistant.components.sensor:entity_platform.py:490 Platform subaru does not generate unique IDs. ID subaru_jf2abcde6l0000002_avg_fuel_consumption already exists - ignoring sensor.test_vehicle_2_avg_fuel_consumption
ERROR    homeassistant.components.sensor:entity_platform.py:490 Platform subaru does not generate unique IDs. ID subaru_jf2abcde6l0000002_range already exists - ignoring sensor.test_vehicle_2_range
ERROR    homeassistant.components.sensor:entity_platform.py:490 Platform subaru does not generate unique IDs. ID subaru_jf2abcde6l0000002_external_temp already exists - ignoring sensor.test_vehicle_2_external_temp
ERROR    homeassistant.components.sensor:entity_platform.py:490 Platform subaru does not generate unique IDs. ID subaru_jf2abcde6l0000002_12v_battery_voltage already exists - ignoring sensor.test_vehicle_2_12v_battery_voltage
ERROR    homeassistant.components.sensor:entity_platform.py:490 Platform subaru does not generate unique IDs. ID subaru_jf2abcde6l0000002_tire_pressure_fl already exists - ignoring sensor.test_vehicle_2_tire_pressure_fl
ERROR    homeassistant.components.sensor:entity_platform.py:490 Platform subaru does not generate unique IDs. ID subaru_jf2abcde6l0000002_tire_pressure_fr already exists - ignoring sensor.test_vehicle_2_tire_pressure_fr
ERROR    homeassistant.components.sensor:entity_platform.py:490 Platform subaru does not generate unique IDs. ID subaru_jf2abcde6l0000002_tire_pressure_rl already exists - ignoring sensor.test_vehicle_2_tire_pressure_rl
ERROR    homeassistant.components.sensor:entity_platform.py:490 Platform subaru does not generate unique IDs. ID subaru_jf2abcde6l0000002_tire_pressure_rr already exists - ignoring sensor.test_vehicle_2_tire_pressure_rr
INFO     homeassistant.helpers.entity_registry:entity_registry.py:271 Registered new sensor.subaru entity: sensor.test_vehicle_2_odometer
DEBUG    homeassistant.core:core.py:712 Bus:Handling <Event entity_registry_updated[L]: action=create, entity_id=sensor.test_vehicle_2_odometer>
DEBUG    homeassistant.core:core.py:712 Bus:Handling <Event state_changed[L]: entity_id=sensor.test_vehicle_2_odometer, old_state=None, new_state=<state sensor.test_vehicle_2_odometer=1234; unit_of_measurement=km, friendly_name=test_vehicle_2 Odometer, icon=mdi:road-variant @ 2020-12-06T18:52:10.260356+00:00>>
ERROR    homeassistant.components.sensor:entity_platform.py:490 Platform subaru does not generate unique IDs. ID subaru_jf2abcde6l0000002_avg_fuel_consumption already exists - ignoring sensor.test_vehicle_2_avg_fuel_consumption
ERROR    homeassistant.components.sensor:entity_platform.py:490 Platform subaru does not generate unique IDs. ID subaru_jf2abcde6l0000002_range already exists - ignoring sensor.test_vehicle_2_range
ERROR    homeassistant.components.sensor:entity_platform.py:490 Platform subaru does not generate unique IDs. ID subaru_jf2abcde6l0000002_external_temp already exists - ignoring sensor.test_vehicle_2_external_temp
ERROR    homeassistant.components.sensor:entity_platform.py:490 Platform subaru does not generate unique IDs. ID subaru_jf2abcde6l0000002_12v_battery_voltage already exists - ignoring sensor.test_vehicle_2_12v_battery_voltage
ERROR    homeassistant.components.sensor:entity_platform.py:490 Platform subaru does not generate unique IDs. ID subaru_jf2abcde6l0000002_tire_pressure_fl already exists - ignoring sensor.test_vehicle_2_tire_pressure_fl
ERROR    homeassistant.components.sensor:entity_platform.py:490 Platform subaru does not generate unique IDs. ID subaru_jf2abcde6l0000002_tire_pressure_fr already exists - ignoring sensor.test_vehicle_2_tire_pressure_fr
ERROR    homeassistant.components.sensor:entity_platform.py:490 Platform subaru does not generate unique IDs. ID subaru_jf2abcde6l0000002_tire_pressure_rl already exists - ignoring sensor.test_vehicle_2_tire_pressure_rl
ERROR    homeassistant.components.sensor:entity_platform.py:490 Platform subaru does not generate unique IDs. ID subaru_jf2abcde6l0000002_tire_pressure_rr already exists - ignoring sensor.test_vehicle_2_tire_pressure_rr
ERROR    homeassistant.components.sensor:entity_platform.py:490 Platform subaru does not generate unique IDs. ID subaru_jf2abcde6l0000002_odometer already exists - ignoring sensor.test_vehicle_2_odometer
INFO     homeassistant.helpers.entity_registry:entity_registry.py:271 Registered new binary_sensor.subaru entity: binary_sensor.test_vehicle_2_ignition
DEBUG    homeassistant.core:core.py:712 Bus:Handling <Event entity_registry_updated[L]: action=create, entity_id=binary_sensor.test_vehicle_2_ignition>
DEBUG    homeassistant.core:core.py:712 Bus:Handling <Event state_changed[L]: entity_id=binary_sensor.test_vehicle_2_ignition, old_state=None, new_state=<state binary_sensor.test_vehicle_2_ignition=off; friendly_name=test_vehicle_2 Ignition, icon=mdi:engine-off, device_class=power @ 2020-12-06T18:52:10.264689+00:00>>
INFO     homeassistant.helpers.entity_registry:entity_registry.py:271 Registered new binary_sensor.subaru entity: binary_sensor.test_vehicle_2_trunk
DEBUG    homeassistant.core:core.py:712 Bus:Handling <Event entity_registry_updated[L]: action=create, entity_id=binary_sensor.test_vehicle_2_trunk>
DEBUG    homeassistant.core:core.py:712 Bus:Handling <Event state_changed[L]: entity_id=binary_sensor.test_vehicle_2_trunk, old_state=None, new_state=<state binary_sensor.test_vehicle_2_trunk=off; friendly_name=test_vehicle_2 Trunk, icon=mdi:door-closed, device_class=door @ 2020-12-06T18:52:10.265515+00:00>>
INFO     homeassistant.helpers.entity_registry:entity_registry.py:271 Registered new binary_sensor.subaru entity: binary_sensor.test_vehicle_2_hood
DEBUG    homeassistant.core:core.py:712 Bus:Handling <Event entity_registry_updated[L]: action=create, entity_id=binary_sensor.test_vehicle_2_hood>
DEBUG    homeassistant.core:core.py:712 Bus:Handling <Event state_changed[L]: entity_id=binary_sensor.test_vehicle_2_hood, old_state=None, new_state=<state binary_sensor.test_vehicle_2_hood=off; friendly_name=test_vehicle_2 Hood, icon=mdi:door-closed, device_class=door @ 2020-12-06T18:52:10.266330+00:00>>
INFO     homeassistant.helpers.entity_registry:entity_registry.py:271 Registered new binary_sensor.subaru entity: binary_sensor.test_vehicle_2_front_left_door
DEBUG    homeassistant.core:core.py:712 Bus:Handling <Event entity_registry_updated[L]: action=create, entity_id=binary_sensor.test_vehicle_2_front_left_door>
DEBUG    homeassistant.core:core.py:712 Bus:Handling <Event state_changed[L]: entity_id=binary_sensor.test_vehicle_2_front_left_door, old_state=None, new_state=<state binary_sensor.test_vehicle_2_front_left_door=off; friendly_name=test_vehicle_2 Front Left Door, icon=mdi:door-closed, device_class=door @ 2020-12-06T18:52:10.267305+00:00>>
INFO     homeassistant.helpers.entity_registry:entity_registry.py:271 Registered new binary_sensor.subaru entity: binary_sensor.test_vehicle_2_front_right_door
DEBUG    homeassistant.core:core.py:712 Bus:Handling <Event entity_registry_updated[L]: action=create, entity_id=binary_sensor.test_vehicle_2_front_right_door>
DEBUG    homeassistant.core:core.py:712 Bus:Handling <Event state_changed[L]: entity_id=binary_sensor.test_vehicle_2_front_right_door, old_state=None, new_state=<state binary_sensor.test_vehicle_2_front_right_door=off; friendly_name=test_vehicle_2 Front Right Door, icon=mdi:door-closed, device_class=door @ 2020-12-06T18:52:10.268322+00:00>>
INFO     homeassistant.helpers.entity_registry:entity_registry.py:271 Registered new binary_sensor.subaru entity: binary_sensor.test_vehicle_2_rear_left_door
DEBUG    homeassistant.core:core.py:712 Bus:Handling <Event entity_registry_updated[L]: action=create, entity_id=binary_sensor.test_vehicle_2_rear_left_door>
DEBUG    homeassistant.core:core.py:712 Bus:Handling <Event state_changed[L]: entity_id=binary_sensor.test_vehicle_2_rear_left_door, old_state=None, new_state=<state binary_sensor.test_vehicle_2_rear_left_door=off; friendly_name=test_vehicle_2 Rear Left Door, icon=mdi:door-closed, device_class=door @ 2020-12-06T18:52:10.269641+00:00>>
INFO     homeassistant.helpers.entity_registry:entity_registry.py:271 Registered new binary_sensor.subaru entity: binary_sensor.test_vehicle_2_rear_right_door
DEBUG    homeassistant.core:core.py:712 Bus:Handling <Event entity_registry_updated[L]: action=create, entity_id=binary_sensor.test_vehicle_2_rear_right_door>
DEBUG    homeassistant.core:core.py:712 Bus:Handling <Event state_changed[L]: entity_id=binary_sensor.test_vehicle_2_rear_right_door, old_state=None, new_state=<state binary_sensor.test_vehicle_2_rear_right_door=off; friendly_name=test_vehicle_2 Rear Right Door, icon=mdi:door-closed, device_class=door @ 2020-12-06T18:52:10.270483+00:00>>
INFO     homeassistant.helpers.entity_registry:entity_registry.py:271 Registered new binary_sensor.subaru entity: binary_sensor.test_vehicle_2_ev_charge_port
DEBUG    homeassistant.core:core.py:712 Bus:Handling <Event entity_registry_updated[L]: action=create, entity_id=binary_sensor.test_vehicle_2_ev_charge_port>
DEBUG    homeassistant.core:core.py:712 Bus:Handling <Event state_changed[L]: entity_id=binary_sensor.test_vehicle_2_ev_charge_port, old_state=None, new_state=<state binary_sensor.test_vehicle_2_ev_charge_port=on; friendly_name=test_vehicle_2 EV Charge Port, icon=mdi:power-plug, device_class=plug @ 2020-12-06T18:52:10.271453+00:00>>
INFO     homeassistant.helpers.entity_registry:entity_registry.py:271 Registered new binary_sensor.subaru entity: binary_sensor.test_vehicle_2_ev_battery_charging
DEBUG    homeassistant.core:core.py:712 Bus:Handling <Event entity_registry_updated[L]: action=create, entity_id=binary_sensor.test_vehicle_2_ev_battery_charging>
DEBUG    homeassistant.core:core.py:712 Bus:Handling <Event state_changed[L]: entity_id=binary_sensor.test_vehicle_2_ev_battery_charging, old_state=None, new_state=<state binary_sensor.test_vehicle_2_ev_battery_charging=off; friendly_name=test_vehicle_2 EV Battery Charging, icon=mdi:car, device_class=battery_charging @ 2020-12-06T18:52:10.272290+00:00>>
INFO     homeassistant.helpers.entity_registry:entity_registry.py:271 Registered new lock.subaru entity: lock.test_vehicle_2_door_lock
DEBUG    homeassistant.core:core.py:712 Bus:Handling <Event entity_registry_updated[L]: action=create, entity_id=lock.test_vehicle_2_door_lock>
DEBUG    homeassistant.core:core.py:712 Bus:Handling <Event state_changed[L]: entity_id=lock.test_vehicle_2_door_lock, old_state=None, new_state=<state lock.test_vehicle_2_door_lock=unknown; friendly_name=test_vehicle_2 Door Lock @ 2020-12-06T18:52:10.273124+00:00>>
INFO     homeassistant.setup:setup.py:232 Setup of domain zone took 0.0 seconds
DEBUG    homeassistant.core:core.py:712 Bus:Handling <Event component_loaded[L]: component=zone>
ERROR    homeassistant.components.sensor:entity_platform.py:490 Platform subaru does not generate unique IDs. ID subaru_jf2abcde6l0000002_odometer already exists - ignoring sensor.test_vehicle_2_odometer
INFO     homeassistant.setup:setup.py:183 Setting up device_tracker
DEBUG    homeassistant.core:core.py:712 Bus:Handling <Event service_registered[L]: domain=device_tracker, service=see>
INFO     homeassistant.setup:setup.py:232 Setup of domain device_tracker took 0.0 seconds
DEBUG    homeassistant.core:core.py:712 Bus:Handling <Event component_loaded[L]: component=device_tracker>
INFO     homeassistant.components.device_tracker:entity_platform.py:185 Setting up device_tracker.subaru
INFO     homeassistant.helpers.entity_registry:entity_registry.py:271 Registered new device_tracker.subaru entity: device_tracker.test_vehicle_2_location
DEBUG    homeassistant.core:core.py:712 Bus:Handling <Event entity_registry_updated[L]: action=create, entity_id=device_tracker.test_vehicle_2_location>
DEBUG    homeassistant.core:core.py:712 Bus:Handling <Event state_changed[L]: entity_id=device_tracker.test_vehicle_2_location, old_state=None, new_state=<state device_tracker.test_vehicle_2_location=not_home; source_type=gps, latitude=40.0, longitude=-100.0, gps_accuracy=0, friendly_name=test_vehicle_2 Location @ 2020-12-06T18:52:10.277922+00:00>>
DEBUG    homeassistant.core:core.py:712 Bus:Handling <Event call_service[L]: domain=subaru, service=fetch, service_data=vin=JF2ABCDE6L0000002>
DEBUG    custom_components.subaru:update_coordinator.py:184 Finished fetching subaru_data data in 0.001 seconds
DEBUG    homeassistant.core:core.py:712 Bus:Handling <Event state_changed[L]: entity_id=device_tracker.test_vehicle_2_location, old_state=<state device_tracker.test_vehicle_2_location=not_home; source_type=gps, latitude=40.0, longitude=-100.0, gps_accuracy=0, friendly_name=test_vehicle_2 Location @ 2020-12-06T18:52:10.277922+00:00>, new_state=<state device_tracker.test_vehicle_2_location=not_home; source_type=gps, latitude=40.0, longitude=-100.0, gps_accuracy=0, friendly_name=test_vehicle_2 Location @ 2020-12-06T18:52:10.282288+00:00>>
PASSED                                                                   [ 86%]
------------------------------ live log teardown -------------------------------
DEBUG    homeassistant.core:core.py:712 Bus:Handling <Event homeassistant_stop[L]>
DEBUG    homeassistant.core:core.py:712 Bus:Handling <Event homeassistant_final_write[L]>
INFO     pytest_homeassistant_custom_component.common:common.py:931 Writing data to core.device_registry: {'version': 1, 'key': 'core.device_registry', 'data': {'devices': [{'config_entries': [1], 'connections': [], 'identifiers': [('subaru', 'JF2ABCDE6L0000002')], 'manufacturer': 'subaru', 'model': None, 'name': 'test_vehicle_2', 'sw_version': None, 'entry_type': None, 'id': '2b3dbb74e7f3bf08b4e13843fe725a39', 'via_device_id': None, 'area_id': None, 'name_by_user': None}], 'deleted_devices': []}}
INFO     pytest_homeassistant_custom_component.common:common.py:931 Writing data to core.entity_registry: {'version': 1, 'key': 'core.entity_registry', 'data': {'entities': [{'entity_id': 'sensor.test_vehicle_2_avg_fuel_consumption', 'config_entry_id': 1, 'device_id': '2b3dbb74e7f3bf08b4e13843fe725a39', 'area_id': None, 'unique_id': 'subaru_jf2abcde6l0000002_avg_fuel_consumption', 'platform': 'subaru', 'name': None, 'icon': None, 'disabled_by': None, 'capabilities': None, 'supported_features': 0, 'device_class': None, 'unit_of_measurement': 'L/100km', 'original_name': 'test_vehicle_2 Avg Fuel Consumption', 'original_icon': 'mdi:leaf'}, {'entity_id': 'sensor.test_vehicle_2_range', 'config_entry_id': 1, 'device_id': '2b3dbb74e7f3bf08b4e13843fe725a39', 'area_id': None, 'unique_id': 'subaru_jf2abcde6l0000002_range', 'platform': 'subaru', 'name': None, 'icon': None, 'disabled_by': None, 'capabilities': None, 'supported_features': 0, 'device_class': None, 'unit_of_measurement': 'km', 'original_name': 'test_vehicle_2 Range', 'original_icon': 'mdi:gas-station'}, {'entity_id': 'sensor.test_vehicle_2_external_temp', 'config_entry_id': 1, 'device_id': '2b3dbb74e7f3bf08b4e13843fe725a39', 'area_id': None, 'unique_id': 'subaru_jf2abcde6l0000002_external_temp', 'platform': 'subaru', 'name': None, 'icon': None, 'disabled_by': None, 'capabilities': None, 'supported_features': 0, 'device_class': None, 'unit_of_measurement': '°C', 'original_name': 'test_vehicle_2 External Temp', 'original_icon': 'mdi:thermometer'}, {'entity_id': 'sensor.test_vehicle_2_12v_battery_voltage', 'config_entry_id': 1, 'device_id': '2b3dbb74e7f3bf08b4e13843fe725a39', 'area_id': None, 'unique_id': 'subaru_jf2abcde6l0000002_12v_battery_voltage', 'platform': 'subaru', 'name': None, 'icon': None, 'disabled_by': None, 'capabilities': None, 'supported_features': 0, 'device_class': None, 'unit_of_measurement': 'V', 'original_name': 'test_vehicle_2 12V Battery Voltage', 'original_icon': 'mdi:car-battery'}, {'entity_id': 'sensor.test_vehicle_2_tire_pressure_fl', 'config_entry_id': 1, 'device_id': '2b3dbb74e7f3bf08b4e13843fe725a39', 'area_id': None, 'unique_id': 'subaru_jf2abcde6l0000002_tire_pressure_fl', 'platform': 'subaru', 'name': None, 'icon': None, 'disabled_by': None, 'capabilities': None, 'supported_features': 0, 'device_class': None, 'unit_of_measurement': 'hPa', 'original_name': 'test_vehicle_2 Tire Pressure FL', 'original_icon': 'mdi:gauge'}, {'entity_id': 'sensor.test_vehicle_2_tire_pressure_fr', 'config_entry_id': 1, 'device_id': '2b3dbb74e7f3bf08b4e13843fe725a39', 'area_id': None, 'unique_id': 'subaru_jf2abcde6l0000002_tire_pressure_fr', 'platform': 'subaru', 'name': None, 'icon': None, 'disabled_by': None, 'capabilities': None, 'supported_features': 0, 'device_class': None, 'unit_of_measurement': 'hPa', 'original_name': 'test_vehicle_2 Tire Pressure FR', 'original_icon': 'mdi:gauge'}, {'entity_id': 'sensor.test_vehicle_2_tire_pressure_rl', 'config_entry_id': 1, 'device_id': '2b3dbb74e7f3bf08b4e13843fe725a39', 'area_id': None, 'unique_id': 'subaru_jf2abcde6l0000002_tire_pressure_rl', 'platform': 'subaru', 'name': None, 'icon': None, 'disabled_by': None, 'capabilities': None, 'supported_features': 0, 'device_class': None, 'unit_of_measurement': 'hPa', 'original_name': 'test_vehicle_2 Tire Pressure RL', 'original_icon': 'mdi:gauge'}, {'entity_id': 'sensor.test_vehicle_2_tire_pressure_rr', 'config_entry_id': 1, 'device_id': '2b3dbb74e7f3bf08b4e13843fe725a39', 'area_id': None, 'unique_id': 'subaru_jf2abcde6l0000002_tire_pressure_rr', 'platform': 'subaru', 'name': None, 'icon': None, 'disabled_by': None, 'capabilities': None, 'supported_features': 0, 'device_class': None, 'unit_of_measurement': 'hPa', 'original_name': 'test_vehicle_2 Tire Pressure RR', 'original_icon': 'mdi:gauge'}, {'entity_id': 'sensor.test_vehicle_2_ev_range', 'config_entry_id': 1, 'device_id': '2b3dbb74e7f3bf08b4e13843fe725a39', 'area_id': None, 'unique_id': 'subaru_jf2abcde6l0000002_ev_range', 'platform': 'subaru', 'name': None, 'icon': None, 'disabled_by': None, 'capabilities': None, 'supported_features': 0, 'device_class': None, 'unit_of_measurement': 'km', 'original_name': 'test_vehicle_2 EV Range', 'original_icon': 'mdi:ev-station'}, {'entity_id': 'sensor.test_vehicle_2_ev_battery_level', 'config_entry_id': 1, 'device_id': '2b3dbb74e7f3bf08b4e13843fe725a39', 'area_id': None, 'unique_id': 'subaru_jf2abcde6l0000002_ev_battery_level', 'platform': 'subaru', 'name': None, 'icon': None, 'disabled_by': None, 'capabilities': None, 'supported_features': 0, 'device_class': None, 'unit_of_measurement': '%', 'original_name': 'test_vehicle_2 EV Battery Level', 'original_icon': 'mdi:battery-unknown'}, {'entity_id': 'sensor.test_vehicle_2_ev_time_to_full_charge', 'config_entry_id': 1, 'device_id': '2b3dbb74e7f3bf08b4e13843fe725a39', 'area_id': None, 'unique_id': 'subaru_jf2abcde6l0000002_ev_time_to_full_charge', 'platform': 'subaru', 'name': None, 'icon': None, 'disabled_by': None, 'capabilities': None, 'supported_features': 0, 'device_class': None, 'unit_of_measurement': 'min', 'original_name': 'test_vehicle_2 EV Time to Full Charge', 'original_icon': 'mdi:car-electric'}, {'entity_id': 'sensor.test_vehicle_2_odometer', 'config_entry_id': 1, 'device_id': '2b3dbb74e7f3bf08b4e13843fe725a39', 'area_id': None, 'unique_id': 'subaru_jf2abcde6l0000002_odometer', 'platform': 'subaru', 'name': None, 'icon': None, 'disabled_by': None, 'capabilities': None, 'supported_features': 0, 'device_class': None, 'unit_of_measurement': 'km', 'original_name': 'test_vehicle_2 Odometer', 'original_icon': 'mdi:road-variant'}, {'entity_id': 'binary_sensor.test_vehicle_2_ignition', 'config_entry_id': 1, 'device_id': '2b3dbb74e7f3bf08b4e13843fe725a39', 'area_id': None, 'unique_id': 'subaru_jf2abcde6l0000002_ignition', 'platform': 'subaru', 'name': None, 'icon': None, 'disabled_by': None, 'capabilities': None, 'supported_features': 0, 'device_class': 'power', 'unit_of_measurement': None, 'original_name': 'test_vehicle_2 Ignition', 'original_icon': 'mdi:engine-off'}, {'entity_id': 'binary_sensor.test_vehicle_2_trunk', 'config_entry_id': 1, 'device_id': '2b3dbb74e7f3bf08b4e13843fe725a39', 'area_id': None, 'unique_id': 'subaru_jf2abcde6l0000002_trunk', 'platform': 'subaru', 'name': None, 'icon': None, 'disabled_by': None, 'capabilities': None, 'supported_features': 0, 'device_class': 'door', 'unit_of_measurement': None, 'original_name': 'test_vehicle_2 Trunk', 'original_icon': 'mdi:door-closed'}, {'entity_id': 'binary_sensor.test_vehicle_2_hood', 'config_entry_id': 1, 'device_id': '2b3dbb74e7f3bf08b4e13843fe725a39', 'area_id': None, 'unique_id': 'subaru_jf2abcde6l0000002_hood', 'platform': 'subaru', 'name': None, 'icon': None, 'disabled_by': None, 'capabilities': None, 'supported_features': 0, 'device_class': 'door', 'unit_of_measurement': None, 'original_name': 'test_vehicle_2 Hood', 'original_icon': 'mdi:door-closed'}, {'entity_id': 'binary_sensor.test_vehicle_2_front_left_door', 'config_entry_id': 1, 'device_id': '2b3dbb74e7f3bf08b4e13843fe725a39', 'area_id': None, 'unique_id': 'subaru_jf2abcde6l0000002_front_left_door', 'platform': 'subaru', 'name': None, 'icon': None, 'disabled_by': None, 'capabilities': None, 'supported_features': 0, 'device_class': 'door', 'unit_of_measurement': None, 'original_name': 'test_vehicle_2 Front Left Door', 'original_icon': 'mdi:door-closed'}, {'entity_id': 'binary_sensor.test_vehicle_2_front_right_door', 'config_entry_id': 1, 'device_id': '2b3dbb74e7f3bf08b4e13843fe725a39', 'area_id': None, 'unique_id': 'subaru_jf2abcde6l0000002_front_right_door', 'platform': 'subaru', 'name': None, 'icon': None, 'disabled_by': None, 'capabilities': None, 'supported_features': 0, 'device_class': 'door', 'unit_of_measurement': None, 'original_name': 'test_vehicle_2 Front Right Door', 'original_icon': 'mdi:door-closed'}, {'entity_id': 'binary_sensor.test_vehicle_2_rear_left_door', 'config_entry_id': 1, 'device_id': '2b3dbb74e7f3bf08b4e13843fe725a39', 'area_id': None, 'unique_id': 'subaru_jf2abcde6l0000002_rear_left_door', 'platform': 'subaru', 'name': None, 'icon': None, 'disabled_by': None, 'capabilities': None, 'supported_features': 0, 'device_class': 'door', 'unit_of_measurement': None, 'original_name': 'test_vehicle_2 Rear Left Door', 'original_icon': 'mdi:door-closed'}, {'entity_id': 'binary_sensor.test_vehicle_2_rear_right_door', 'config_entry_id': 1, 'device_id': '2b3dbb74e7f3bf08b4e13843fe725a39', 'area_id': None, 'unique_id': 'subaru_jf2abcde6l0000002_rear_right_door', 'platform': 'subaru', 'name': None, 'icon': None, 'disabled_by': None, 'capabilities': None, 'supported_features': 0, 'device_class': 'door', 'unit_of_measurement': None, 'original_name': 'test_vehicle_2 Rear Right Door', 'original_icon': 'mdi:door-closed'}, {'entity_id': 'binary_sensor.test_vehicle_2_ev_charge_port', 'config_entry_id': 1, 'device_id': '2b3dbb74e7f3bf08b4e13843fe725a39', 'area_id': None, 'unique_id': 'subaru_jf2abcde6l0000002_ev_charge_port', 'platform': 'subaru', 'name': None, 'icon': None, 'disabled_by': None, 'capabilities': None, 'supported_features': 0, 'device_class': 'plug', 'unit_of_measurement': None, 'original_name': 'test_vehicle_2 EV Charge Port', 'original_icon': 'mdi:power-plug'}, {'entity_id': 'binary_sensor.test_vehicle_2_ev_battery_charging', 'config_entry_id': 1, 'device_id': '2b3dbb74e7f3bf08b4e13843fe725a39', 'area_id': None, 'unique_id': 'subaru_jf2abcde6l0000002_ev_battery_charging', 'platform': 'subaru', 'name': None, 'icon': None, 'disabled_by': None, 'capabilities': None, 'supported_features': 0, 'device_class': 'battery_charging', 'unit_of_measurement': None, 'original_name': 'test_vehicle_2 EV Battery Charging', 'original_icon': 'mdi:car'}, {'entity_id': 'lock.test_vehicle_2_door_lock', 'config_entry_id': 1, 'device_id': '2b3dbb74e7f3bf08b4e13843fe725a39', 'area_id': None, 'unique_id': 'subaru_jf2abcde6l0000002_door_lock', 'platform': 'subaru', 'name': None, 'icon': None, 'disabled_by': None, 'capabilities': None, 'supported_features': 0, 'device_class': None, 'unit_of_measurement': None, 'original_name': 'test_vehicle_2 Door Lock', 'original_icon': None}, {'entity_id': 'device_tracker.test_vehicle_2_location', 'config_entry_id': 1, 'device_id': '2b3dbb74e7f3bf08b4e13843fe725a39', 'area_id': None, 'unique_id': 'subaru_jf2abcde6l0000002_location', 'platform': 'subaru', 'name': None, 'icon': None, 'disabled_by': None, 'capabilities': None, 'supported_features': 0, 'device_class': None, 'unit_of_measurement': None, 'original_name': 'test_vehicle_2 Location', 'original_icon': None}]}}
DEBUG    homeassistant.core:core.py:712 Bus:Handling <Event homeassistant_close[L]>

tests/test_services.py::test_remote_service_update[pyloop] 
-------------------------------- live log setup --------------------------------
DEBUG    asyncio:selector_events.py:59 Using selector: KqueueSelector
-------------------------------- live log call ---------------------------------
INFO     homeassistant.loader:loader.py:292 Loaded subaru from custom_components.subaru
WARNING  homeassistant.loader:loader.py:465 You are using a custom integration for subaru which has not been tested by Home Assistant. This component might cause stability problems, be sure to disable it if you experience issues with Home Assistant.
INFO     homeassistant.setup:setup.py:183 Setting up subaru
INFO     homeassistant.setup:setup.py:232 Setup of domain subaru took 0.0 seconds
DEBUG    homeassistant.core:core.py:712 Bus:Handling <Event component_loaded[L]: component=subaru>
DEBUG    custom_components.subaru:update_coordinator.py:184 Finished fetching subaru_data data in 0.002 seconds
DEBUG    homeassistant.core:core.py:712 Bus:Handling <Event service_registered[L]: domain=subaru, service=fetch>
DEBUG    homeassistant.core:core.py:712 Bus:Handling <Event service_registered[L]: domain=subaru, service=horn>
DEBUG    homeassistant.core:core.py:712 Bus:Handling <Event service_registered[L]: domain=subaru, service=lights>
DEBUG    homeassistant.core:core.py:712 Bus:Handling <Event service_registered[L]: domain=subaru, service=lock>
DEBUG    homeassistant.core:core.py:712 Bus:Handling <Event service_registered[L]: domain=subaru, service=unlock>
DEBUG    homeassistant.core:core.py:712 Bus:Handling <Event service_registered[L]: domain=subaru, service=update>
DEBUG    homeassistant.core:core.py:712 Bus:Handling <Event service_registered[L]: domain=subaru, service=remote_start>
DEBUG    homeassistant.core:core.py:712 Bus:Handling <Event service_registered[L]: domain=subaru, service=remote_stop>
DEBUG    homeassistant.core:core.py:712 Bus:Handling <Event service_registered[L]: domain=subaru, service=charge_start>
INFO     homeassistant.loader:loader.py:292 Loaded lock from homeassistant.components.lock
INFO     homeassistant.loader:loader.py:292 Loaded binary_sensor from homeassistant.components.binary_sensor
INFO     homeassistant.loader:loader.py:292 Loaded device_tracker from homeassistant.components.device_tracker
INFO     homeassistant.setup:setup.py:183 Setting up lock
INFO     homeassistant.loader:loader.py:292 Loaded sensor from homeassistant.components.sensor
DEBUG    homeassistant.core:core.py:712 Bus:Handling <Event service_registered[L]: domain=lock, service=unlock>
DEBUG    homeassistant.core:core.py:712 Bus:Handling <Event service_registered[L]: domain=lock, service=lock>
DEBUG    homeassistant.core:core.py:712 Bus:Handling <Event service_registered[L]: domain=lock, service=open>
INFO     homeassistant.setup:setup.py:232 Setup of domain lock took 0.0 seconds
DEBUG    homeassistant.core:core.py:712 Bus:Handling <Event component_loaded[L]: component=lock>
INFO     homeassistant.setup:setup.py:183 Setting up binary_sensor
INFO     homeassistant.setup:setup.py:232 Setup of domain binary_sensor took 0.0 seconds
INFO     homeassistant.setup:setup.py:183 Setting up sensor
INFO     homeassistant.setup:setup.py:232 Setup of domain sensor took 0.0 seconds
INFO     homeassistant.components.lock:entity_platform.py:185 Setting up lock.subaru
DEBUG    homeassistant.core:core.py:712 Bus:Handling <Event component_loaded[L]: component=binary_sensor>
DEBUG    homeassistant.core:core.py:712 Bus:Handling <Event component_loaded[L]: component=sensor>
INFO     homeassistant.loader:loader.py:292 Loaded zone from homeassistant.components.zone
INFO     homeassistant.components.binary_sensor:entity_platform.py:185 Setting up binary_sensor.subaru
INFO     homeassistant.components.sensor:entity_platform.py:185 Setting up sensor.subaru
DEBUG    homeassistant.setup:setup.py:96 Dependency device_tracker will wait for dependencies ['zone']
INFO     homeassistant.setup:setup.py:183 Setting up zone
DEBUG    homeassistant.core:core.py:712 Bus:Handling <Event service_registered[L]: domain=zone, service=reload>
DEBUG    homeassistant.core:core.py:712 Bus:Handling <Event state_changed[L]: entity_id=zone.home, old_state=None, new_state=<state zone.home=zoning; latitude=32.87336, longitude=-117.22743, radius=100, passive=False, editable=True, friendly_name=test home, icon=mdi:home @ 2020-12-06T18:52:10.367939+00:00>>
DEBUG    custom_components.subaru:update_coordinator.py:184 Finished fetching subaru_data data in 0.000 seconds
DEBUG    homeassistant.core:core.py:712 Bus:Handling <Event device_registry_updated[L]: action=create, device_id=a124977e7095c509b8e249ade185084e>
INFO     homeassistant.helpers.entity_registry:entity_registry.py:271 Registered new binary_sensor.subaru entity: binary_sensor.test_vehicle_2_ignition
DEBUG    homeassistant.core:core.py:712 Bus:Handling <Event entity_registry_updated[L]: action=create, entity_id=binary_sensor.test_vehicle_2_ignition>
DEBUG    homeassistant.core:core.py:712 Bus:Handling <Event state_changed[L]: entity_id=binary_sensor.test_vehicle_2_ignition, old_state=None, new_state=<state binary_sensor.test_vehicle_2_ignition=off; friendly_name=test_vehicle_2 Ignition, icon=mdi:engine-off, device_class=power @ 2020-12-06T18:52:10.370106+00:00>>
INFO     homeassistant.helpers.entity_registry:entity_registry.py:271 Registered new binary_sensor.subaru entity: binary_sensor.test_vehicle_2_trunk
DEBUG    homeassistant.core:core.py:712 Bus:Handling <Event entity_registry_updated[L]: action=create, entity_id=binary_sensor.test_vehicle_2_trunk>
DEBUG    homeassistant.core:core.py:712 Bus:Handling <Event state_changed[L]: entity_id=binary_sensor.test_vehicle_2_trunk, old_state=None, new_state=<state binary_sensor.test_vehicle_2_trunk=off; friendly_name=test_vehicle_2 Trunk, icon=mdi:door-closed, device_class=door @ 2020-12-06T18:52:10.371171+00:00>>
INFO     homeassistant.helpers.entity_registry:entity_registry.py:271 Registered new binary_sensor.subaru entity: binary_sensor.test_vehicle_2_hood
DEBUG    homeassistant.core:core.py:712 Bus:Handling <Event entity_registry_updated[L]: action=create, entity_id=binary_sensor.test_vehicle_2_hood>
DEBUG    homeassistant.core:core.py:712 Bus:Handling <Event state_changed[L]: entity_id=binary_sensor.test_vehicle_2_hood, old_state=None, new_state=<state binary_sensor.test_vehicle_2_hood=off; friendly_name=test_vehicle_2 Hood, icon=mdi:door-closed, device_class=door @ 2020-12-06T18:52:10.372245+00:00>>
INFO     homeassistant.helpers.entity_registry:entity_registry.py:271 Registered new binary_sensor.subaru entity: binary_sensor.test_vehicle_2_front_left_door
DEBUG    homeassistant.core:core.py:712 Bus:Handling <Event entity_registry_updated[L]: action=create, entity_id=binary_sensor.test_vehicle_2_front_left_door>
DEBUG    homeassistant.core:core.py:712 Bus:Handling <Event state_changed[L]: entity_id=binary_sensor.test_vehicle_2_front_left_door, old_state=None, new_state=<state binary_sensor.test_vehicle_2_front_left_door=off; friendly_name=test_vehicle_2 Front Left Door, icon=mdi:door-closed, device_class=door @ 2020-12-06T18:52:10.373258+00:00>>
INFO     homeassistant.helpers.entity_registry:entity_registry.py:271 Registered new binary_sensor.subaru entity: binary_sensor.test_vehicle_2_front_right_door
DEBUG    homeassistant.core:core.py:712 Bus:Handling <Event entity_registry_updated[L]: action=create, entity_id=binary_sensor.test_vehicle_2_front_right_door>
DEBUG    homeassistant.core:core.py:712 Bus:Handling <Event state_changed[L]: entity_id=binary_sensor.test_vehicle_2_front_right_door, old_state=None, new_state=<state binary_sensor.test_vehicle_2_front_right_door=off; friendly_name=test_vehicle_2 Front Right Door, icon=mdi:door-closed, device_class=door @ 2020-12-06T18:52:10.374271+00:00>>
INFO     homeassistant.helpers.entity_registry:entity_registry.py:271 Registered new binary_sensor.subaru entity: binary_sensor.test_vehicle_2_rear_left_door
DEBUG    homeassistant.core:core.py:712 Bus:Handling <Event entity_registry_updated[L]: action=create, entity_id=binary_sensor.test_vehicle_2_rear_left_door>
DEBUG    homeassistant.core:core.py:712 Bus:Handling <Event state_changed[L]: entity_id=binary_sensor.test_vehicle_2_rear_left_door, old_state=None, new_state=<state binary_sensor.test_vehicle_2_rear_left_door=off; friendly_name=test_vehicle_2 Rear Left Door, icon=mdi:door-closed, device_class=door @ 2020-12-06T18:52:10.375290+00:00>>
INFO     homeassistant.helpers.entity_registry:entity_registry.py:271 Registered new binary_sensor.subaru entity: binary_sensor.test_vehicle_2_rear_right_door
DEBUG    homeassistant.core:core.py:712 Bus:Handling <Event entity_registry_updated[L]: action=create, entity_id=binary_sensor.test_vehicle_2_rear_right_door>
DEBUG    homeassistant.core:core.py:712 Bus:Handling <Event state_changed[L]: entity_id=binary_sensor.test_vehicle_2_rear_right_door, old_state=None, new_state=<state binary_sensor.test_vehicle_2_rear_right_door=off; friendly_name=test_vehicle_2 Rear Right Door, icon=mdi:door-closed, device_class=door @ 2020-12-06T18:52:10.376304+00:00>>
INFO     homeassistant.helpers.entity_registry:entity_registry.py:271 Registered new binary_sensor.subaru entity: binary_sensor.test_vehicle_2_ev_charge_port
DEBUG    homeassistant.core:core.py:712 Bus:Handling <Event entity_registry_updated[L]: action=create, entity_id=binary_sensor.test_vehicle_2_ev_charge_port>
DEBUG    homeassistant.core:core.py:712 Bus:Handling <Event state_changed[L]: entity_id=binary_sensor.test_vehicle_2_ev_charge_port, old_state=None, new_state=<state binary_sensor.test_vehicle_2_ev_charge_port=on; friendly_name=test_vehicle_2 EV Charge Port, icon=mdi:power-plug, device_class=plug @ 2020-12-06T18:52:10.377311+00:00>>
INFO     homeassistant.helpers.entity_registry:entity_registry.py:271 Registered new binary_sensor.subaru entity: binary_sensor.test_vehicle_2_ev_battery_charging
DEBUG    homeassistant.core:core.py:712 Bus:Handling <Event entity_registry_updated[L]: action=create, entity_id=binary_sensor.test_vehicle_2_ev_battery_charging>
DEBUG    homeassistant.core:core.py:712 Bus:Handling <Event state_changed[L]: entity_id=binary_sensor.test_vehicle_2_ev_battery_charging, old_state=None, new_state=<state binary_sensor.test_vehicle_2_ev_battery_charging=off; friendly_name=test_vehicle_2 EV Battery Charging, icon=mdi:car, device_class=battery_charging @ 2020-12-06T18:52:10.378351+00:00>>
INFO     homeassistant.helpers.entity_registry:entity_registry.py:271 Registered new sensor.subaru entity: sensor.test_vehicle_2_odometer
DEBUG    homeassistant.core:core.py:712 Bus:Handling <Event entity_registry_updated[L]: action=create, entity_id=sensor.test_vehicle_2_odometer>
DEBUG    homeassistant.core:core.py:712 Bus:Handling <Event state_changed[L]: entity_id=sensor.test_vehicle_2_odometer, old_state=None, new_state=<state sensor.test_vehicle_2_odometer=1234; unit_of_measurement=km, friendly_name=test_vehicle_2 Odometer, icon=mdi:road-variant @ 2020-12-06T18:52:10.379372+00:00>>
INFO     homeassistant.helpers.entity_registry:entity_registry.py:271 Registered new sensor.subaru entity: sensor.test_vehicle_2_avg_fuel_consumption
DEBUG    homeassistant.core:core.py:712 Bus:Handling <Event entity_registry_updated[L]: action=create, entity_id=sensor.test_vehicle_2_avg_fuel_consumption>
DEBUG    homeassistant.core:core.py:712 Bus:Handling <Event state_changed[L]: entity_id=sensor.test_vehicle_2_avg_fuel_consumption, old_state=None, new_state=<state sensor.test_vehicle_2_avg_fuel_consumption=2.3; unit_of_measurement=L/100km, friendly_name=test_vehicle_2 Avg Fuel Consumption, icon=mdi:leaf @ 2020-12-06T18:52:10.380404+00:00>>
INFO     homeassistant.helpers.entity_registry:entity_registry.py:271 Registered new sensor.subaru entity: sensor.test_vehicle_2_range
DEBUG    homeassistant.core:core.py:712 Bus:Handling <Event entity_registry_updated[L]: action=create, entity_id=sensor.test_vehicle_2_range>
DEBUG    homeassistant.core:core.py:712 Bus:Handling <Event state_changed[L]: entity_id=sensor.test_vehicle_2_range, old_state=None, new_state=<state sensor.test_vehicle_2_range=707; unit_of_measurement=km, friendly_name=test_vehicle_2 Range, icon=mdi:gas-station @ 2020-12-06T18:52:10.381407+00:00>>
INFO     homeassistant.helpers.entity_registry:entity_registry.py:271 Registered new sensor.subaru entity: sensor.test_vehicle_2_external_temp
DEBUG    homeassistant.core:core.py:712 Bus:Handling <Event entity_registry_updated[L]: action=create, entity_id=sensor.test_vehicle_2_external_temp>
DEBUG    homeassistant.core:core.py:712 Bus:Handling <Event state_changed[L]: entity_id=sensor.test_vehicle_2_external_temp, old_state=None, new_state=<state sensor.test_vehicle_2_external_temp=21.5; unit_of_measurement=°C, friendly_name=test_vehicle_2 External Temp, icon=mdi:thermometer @ 2020-12-06T18:52:10.382491+00:00>>
INFO     homeassistant.helpers.entity_registry:entity_registry.py:271 Registered new sensor.subaru entity: sensor.test_vehicle_2_12v_battery_voltage
DEBUG    homeassistant.core:core.py:712 Bus:Handling <Event entity_registry_updated[L]: action=create, entity_id=sensor.test_vehicle_2_12v_battery_voltage>
DEBUG    homeassistant.core:core.py:712 Bus:Handling <Event state_changed[L]: entity_id=sensor.test_vehicle_2_12v_battery_voltage, old_state=None, new_state=<state sensor.test_vehicle_2_12v_battery_voltage=12.0; unit_of_measurement=V, friendly_name=test_vehicle_2 12V Battery Voltage, icon=mdi:car-battery @ 2020-12-06T18:52:10.383517+00:00>>
INFO     homeassistant.helpers.entity_registry:entity_registry.py:271 Registered new sensor.subaru entity: sensor.test_vehicle_2_tire_pressure_fl
DEBUG    homeassistant.core:core.py:712 Bus:Handling <Event entity_registry_updated[L]: action=create, entity_id=sensor.test_vehicle_2_tire_pressure_fl>
DEBUG    homeassistant.core:core.py:712 Bus:Handling <Event state_changed[L]: entity_id=sensor.test_vehicle_2_tire_pressure_fl, old_state=None, new_state=<state sensor.test_vehicle_2_tire_pressure_fl=2550; unit_of_measurement=hPa, friendly_name=test_vehicle_2 Tire Pressure FL, icon=mdi:gauge @ 2020-12-06T18:52:10.384505+00:00>>
INFO     homeassistant.helpers.entity_registry:entity_registry.py:271 Registered new sensor.subaru entity: sensor.test_vehicle_2_tire_pressure_fr
DEBUG    homeassistant.core:core.py:712 Bus:Handling <Event entity_registry_updated[L]: action=create, entity_id=sensor.test_vehicle_2_tire_pressure_fr>
DEBUG    homeassistant.core:core.py:712 Bus:Handling <Event state_changed[L]: entity_id=sensor.test_vehicle_2_tire_pressure_fr, old_state=None, new_state=<state sensor.test_vehicle_2_tire_pressure_fr=2550; unit_of_measurement=hPa, friendly_name=test_vehicle_2 Tire Pressure FR, icon=mdi:gauge @ 2020-12-06T18:52:10.385497+00:00>>
INFO     homeassistant.helpers.entity_registry:entity_registry.py:271 Registered new sensor.subaru entity: sensor.test_vehicle_2_tire_pressure_rl
DEBUG    homeassistant.core:core.py:712 Bus:Handling <Event entity_registry_updated[L]: action=create, entity_id=sensor.test_vehicle_2_tire_pressure_rl>
DEBUG    homeassistant.core:core.py:712 Bus:Handling <Event state_changed[L]: entity_id=sensor.test_vehicle_2_tire_pressure_rl, old_state=None, new_state=<state sensor.test_vehicle_2_tire_pressure_rl=2450; unit_of_measurement=hPa, friendly_name=test_vehicle_2 Tire Pressure RL, icon=mdi:gauge @ 2020-12-06T18:52:10.386572+00:00>>
INFO     homeassistant.helpers.entity_registry:entity_registry.py:271 Registered new sensor.subaru entity: sensor.test_vehicle_2_tire_pressure_rr
DEBUG    homeassistant.core:core.py:712 Bus:Handling <Event entity_registry_updated[L]: action=create, entity_id=sensor.test_vehicle_2_tire_pressure_rr>
DEBUG    homeassistant.core:core.py:712 Bus:Handling <Event state_changed[L]: entity_id=sensor.test_vehicle_2_tire_pressure_rr, old_state=None, new_state=<state sensor.test_vehicle_2_tire_pressure_rr=2350; unit_of_measurement=hPa, friendly_name=test_vehicle_2 Tire Pressure RR, icon=mdi:gauge @ 2020-12-06T18:52:10.387550+00:00>>
INFO     homeassistant.helpers.entity_registry:entity_registry.py:271 Registered new sensor.subaru entity: sensor.test_vehicle_2_ev_range
DEBUG    homeassistant.core:core.py:712 Bus:Handling <Event entity_registry_updated[L]: action=create, entity_id=sensor.test_vehicle_2_ev_range>
DEBUG    homeassistant.core:core.py:712 Bus:Handling <Event state_changed[L]: entity_id=sensor.test_vehicle_2_ev_range, old_state=None, new_state=<state sensor.test_vehicle_2_ev_range=27.4; unit_of_measurement=km, friendly_name=test_vehicle_2 EV Range, icon=mdi:ev-station @ 2020-12-06T18:52:10.388479+00:00>>
INFO     homeassistant.helpers.entity_registry:entity_registry.py:271 Registered new sensor.subaru entity: sensor.test_vehicle_2_ev_battery_level
DEBUG    homeassistant.core:core.py:712 Bus:Handling <Event entity_registry_updated[L]: action=create, entity_id=sensor.test_vehicle_2_ev_battery_level>
DEBUG    homeassistant.core:core.py:712 Bus:Handling <Event state_changed[L]: entity_id=sensor.test_vehicle_2_ev_battery_level, old_state=None, new_state=<state sensor.test_vehicle_2_ev_battery_level=100; unit_of_measurement=%, friendly_name=test_vehicle_2 EV Battery Level, icon=mdi:battery @ 2020-12-06T18:52:10.389419+00:00>>
INFO     homeassistant.helpers.entity_registry:entity_registry.py:271 Registered new sensor.subaru entity: sensor.test_vehicle_2_ev_time_to_full_charge
DEBUG    homeassistant.core:core.py:712 Bus:Handling <Event entity_registry_updated[L]: action=create, entity_id=sensor.test_vehicle_2_ev_time_to_full_charge>
DEBUG    homeassistant.core:core.py:712 Bus:Handling <Event state_changed[L]: entity_id=sensor.test_vehicle_2_ev_time_to_full_charge, old_state=None, new_state=<state sensor.test_vehicle_2_ev_time_to_full_charge=unknown; unit_of_measurement=min, friendly_name=test_vehicle_2 EV Time to Full Charge, icon=mdi:car-electric @ 2020-12-06T18:52:10.390378+00:00>>
ERROR    homeassistant.components.sensor:entity_platform.py:490 Platform subaru does not generate unique IDs. ID subaru_jf2abcde6l0000002_avg_fuel_consumption already exists - ignoring sensor.test_vehicle_2_avg_fuel_consumption
ERROR    homeassistant.components.sensor:entity_platform.py:490 Platform subaru does not generate unique IDs. ID subaru_jf2abcde6l0000002_range already exists - ignoring sensor.test_vehicle_2_range
ERROR    homeassistant.components.sensor:entity_platform.py:490 Platform subaru does not generate unique IDs. ID subaru_jf2abcde6l0000002_external_temp already exists - ignoring sensor.test_vehicle_2_external_temp
ERROR    homeassistant.components.sensor:entity_platform.py:490 Platform subaru does not generate unique IDs. ID subaru_jf2abcde6l0000002_12v_battery_voltage already exists - ignoring sensor.test_vehicle_2_12v_battery_voltage
ERROR    homeassistant.components.sensor:entity_platform.py:490 Platform subaru does not generate unique IDs. ID subaru_jf2abcde6l0000002_tire_pressure_fl already exists - ignoring sensor.test_vehicle_2_tire_pressure_fl
ERROR    homeassistant.components.sensor:entity_platform.py:490 Platform subaru does not generate unique IDs. ID subaru_jf2abcde6l0000002_tire_pressure_fr already exists - ignoring sensor.test_vehicle_2_tire_pressure_fr
ERROR    homeassistant.components.sensor:entity_platform.py:490 Platform subaru does not generate unique IDs. ID subaru_jf2abcde6l0000002_tire_pressure_rl already exists - ignoring sensor.test_vehicle_2_tire_pressure_rl
ERROR    homeassistant.components.sensor:entity_platform.py:490 Platform subaru does not generate unique IDs. ID subaru_jf2abcde6l0000002_tire_pressure_rr already exists - ignoring sensor.test_vehicle_2_tire_pressure_rr
ERROR    homeassistant.components.sensor:entity_platform.py:490 Platform subaru does not generate unique IDs. ID subaru_jf2abcde6l0000002_odometer already exists - ignoring sensor.test_vehicle_2_odometer
ERROR    homeassistant.components.sensor:entity_platform.py:490 Platform subaru does not generate unique IDs. ID subaru_jf2abcde6l0000002_avg_fuel_consumption already exists - ignoring sensor.test_vehicle_2_avg_fuel_consumption
ERROR    homeassistant.components.sensor:entity_platform.py:490 Platform subaru does not generate unique IDs. ID subaru_jf2abcde6l0000002_range already exists - ignoring sensor.test_vehicle_2_range
ERROR    homeassistant.components.sensor:entity_platform.py:490 Platform subaru does not generate unique IDs. ID subaru_jf2abcde6l0000002_external_temp already exists - ignoring sensor.test_vehicle_2_external_temp
ERROR    homeassistant.components.sensor:entity_platform.py:490 Platform subaru does not generate unique IDs. ID subaru_jf2abcde6l0000002_12v_battery_voltage already exists - ignoring sensor.test_vehicle_2_12v_battery_voltage
ERROR    homeassistant.components.sensor:entity_platform.py:490 Platform subaru does not generate unique IDs. ID subaru_jf2abcde6l0000002_tire_pressure_fl already exists - ignoring sensor.test_vehicle_2_tire_pressure_fl
ERROR    homeassistant.components.sensor:entity_platform.py:490 Platform subaru does not generate unique IDs. ID subaru_jf2abcde6l0000002_tire_pressure_fr already exists - ignoring sensor.test_vehicle_2_tire_pressure_fr
ERROR    homeassistant.components.sensor:entity_platform.py:490 Platform subaru does not generate unique IDs. ID subaru_jf2abcde6l0000002_tire_pressure_rl already exists - ignoring sensor.test_vehicle_2_tire_pressure_rl
ERROR    homeassistant.components.sensor:entity_platform.py:490 Platform subaru does not generate unique IDs. ID subaru_jf2abcde6l0000002_tire_pressure_rr already exists - ignoring sensor.test_vehicle_2_tire_pressure_rr
ERROR    homeassistant.components.sensor:entity_platform.py:490 Platform subaru does not generate unique IDs. ID subaru_jf2abcde6l0000002_odometer already exists - ignoring sensor.test_vehicle_2_odometer
INFO     homeassistant.setup:setup.py:232 Setup of domain zone took 0.0 seconds
DEBUG    homeassistant.core:core.py:712 Bus:Handling <Event component_loaded[L]: component=zone>
INFO     homeassistant.helpers.entity_registry:entity_registry.py:271 Registered new lock.subaru entity: lock.test_vehicle_2_door_lock
DEBUG    homeassistant.core:core.py:712 Bus:Handling <Event entity_registry_updated[L]: action=create, entity_id=lock.test_vehicle_2_door_lock>
DEBUG    homeassistant.core:core.py:712 Bus:Handling <Event state_changed[L]: entity_id=lock.test_vehicle_2_door_lock, old_state=None, new_state=<state lock.test_vehicle_2_door_lock=unknown; friendly_name=test_vehicle_2 Door Lock @ 2020-12-06T18:52:10.398616+00:00>>
INFO     homeassistant.setup:setup.py:183 Setting up device_tracker
DEBUG    homeassistant.core:core.py:712 Bus:Handling <Event service_registered[L]: domain=device_tracker, service=see>
INFO     homeassistant.setup:setup.py:232 Setup of domain device_tracker took 0.0 seconds
DEBUG    homeassistant.core:core.py:712 Bus:Handling <Event component_loaded[L]: component=device_tracker>
INFO     homeassistant.components.device_tracker:entity_platform.py:185 Setting up device_tracker.subaru
INFO     homeassistant.helpers.entity_registry:entity_registry.py:271 Registered new device_tracker.subaru entity: device_tracker.test_vehicle_2_location
DEBUG    homeassistant.core:core.py:712 Bus:Handling <Event entity_registry_updated[L]: action=create, entity_id=device_tracker.test_vehicle_2_location>
DEBUG    homeassistant.core:core.py:712 Bus:Handling <Event state_changed[L]: entity_id=device_tracker.test_vehicle_2_location, old_state=None, new_state=<state device_tracker.test_vehicle_2_location=not_home; source_type=gps, latitude=40.0, longitude=-100.0, gps_accuracy=0, friendly_name=test_vehicle_2 Location @ 2020-12-06T18:52:10.402027+00:00>>
DEBUG    homeassistant.core:core.py:712 Bus:Handling <Event call_service[L]: domain=subaru, service=update, service_data=vin=JF2ABCDE6L0000002>
DEBUG    custom_components.subaru:__init__.py:160 calling update
DEBUG    custom_components.subaru:update_coordinator.py:184 Finished fetching subaru_data data in 0.001 seconds
DEBUG    homeassistant.core:core.py:712 Bus:Handling <Event state_changed[L]: entity_id=device_tracker.test_vehicle_2_location, old_state=<state device_tracker.test_vehicle_2_location=not_home; source_type=gps, latitude=40.0, longitude=-100.0, gps_accuracy=0, friendly_name=test_vehicle_2 Location @ 2020-12-06T18:52:10.402027+00:00>, new_state=<state device_tracker.test_vehicle_2_location=not_home; source_type=gps, latitude=40.0, longitude=-100.0, gps_accuracy=0, friendly_name=test_vehicle_2 Location @ 2020-12-06T18:52:10.407968+00:00>>
ERROR    homeassistant:runner.py:115 Error doing job: Task exception was never retrieved
Traceback (most recent call last):
  File "/Users/gg/.local/share/virtualenvs/homeassistant-subaru--Q4ZrcF8/lib/python3.8/site-packages/homeassistant/core.py", line 1401, in async_call
    raise ServiceNotFound(domain, service) from None
homeassistant.exceptions.ServiceNotFound: Unable to find service persistent_notification/create
ERROR    homeassistant:runner.py:115 Error doing job: Task exception was never retrieved
Traceback (most recent call last):
  File "/Users/gg/.local/share/virtualenvs/homeassistant-subaru--Q4ZrcF8/lib/python3.8/site-packages/homeassistant/core.py", line 1401, in async_call
    raise ServiceNotFound(domain, service) from None
homeassistant.exceptions.ServiceNotFound: Unable to find service persistent_notification/dismiss
ERROR    homeassistant:runner.py:115 Error doing job: Task exception was never retrieved
Traceback (most recent call last):
  File "/Users/gg/.local/share/virtualenvs/homeassistant-subaru--Q4ZrcF8/lib/python3.8/site-packages/homeassistant/core.py", line 1401, in async_call
    raise ServiceNotFound(domain, service) from None
homeassistant.exceptions.ServiceNotFound: Unable to find service persistent_notification/create
PASSED                                                                   [ 89%]
------------------------------ live log teardown -------------------------------
DEBUG    homeassistant.core:core.py:712 Bus:Handling <Event homeassistant_stop[L]>
DEBUG    homeassistant.core:core.py:712 Bus:Handling <Event homeassistant_final_write[L]>
INFO     pytest_homeassistant_custom_component.common:common.py:931 Writing data to core.device_registry: {'version': 1, 'key': 'core.device_registry', 'data': {'devices': [{'config_entries': [1], 'connections': [], 'identifiers': [('subaru', 'JF2ABCDE6L0000002')], 'manufacturer': 'subaru', 'model': None, 'name': 'test_vehicle_2', 'sw_version': None, 'entry_type': None, 'id': 'a124977e7095c509b8e249ade185084e', 'via_device_id': None, 'area_id': None, 'name_by_user': None}], 'deleted_devices': []}}
INFO     pytest_homeassistant_custom_component.common:common.py:931 Writing data to core.entity_registry: {'version': 1, 'key': 'core.entity_registry', 'data': {'entities': [{'entity_id': 'binary_sensor.test_vehicle_2_ignition', 'config_entry_id': 1, 'device_id': 'a124977e7095c509b8e249ade185084e', 'area_id': None, 'unique_id': 'subaru_jf2abcde6l0000002_ignition', 'platform': 'subaru', 'name': None, 'icon': None, 'disabled_by': None, 'capabilities': None, 'supported_features': 0, 'device_class': 'power', 'unit_of_measurement': None, 'original_name': 'test_vehicle_2 Ignition', 'original_icon': 'mdi:engine-off'}, {'entity_id': 'binary_sensor.test_vehicle_2_trunk', 'config_entry_id': 1, 'device_id': 'a124977e7095c509b8e249ade185084e', 'area_id': None, 'unique_id': 'subaru_jf2abcde6l0000002_trunk', 'platform': 'subaru', 'name': None, 'icon': None, 'disabled_by': None, 'capabilities': None, 'supported_features': 0, 'device_class': 'door', 'unit_of_measurement': None, 'original_name': 'test_vehicle_2 Trunk', 'original_icon': 'mdi:door-closed'}, {'entity_id': 'binary_sensor.test_vehicle_2_hood', 'config_entry_id': 1, 'device_id': 'a124977e7095c509b8e249ade185084e', 'area_id': None, 'unique_id': 'subaru_jf2abcde6l0000002_hood', 'platform': 'subaru', 'name': None, 'icon': None, 'disabled_by': None, 'capabilities': None, 'supported_features': 0, 'device_class': 'door', 'unit_of_measurement': None, 'original_name': 'test_vehicle_2 Hood', 'original_icon': 'mdi:door-closed'}, {'entity_id': 'binary_sensor.test_vehicle_2_front_left_door', 'config_entry_id': 1, 'device_id': 'a124977e7095c509b8e249ade185084e', 'area_id': None, 'unique_id': 'subaru_jf2abcde6l0000002_front_left_door', 'platform': 'subaru', 'name': None, 'icon': None, 'disabled_by': None, 'capabilities': None, 'supported_features': 0, 'device_class': 'door', 'unit_of_measurement': None, 'original_name': 'test_vehicle_2 Front Left Door', 'original_icon': 'mdi:door-closed'}, {'entity_id': 'binary_sensor.test_vehicle_2_front_right_door', 'config_entry_id': 1, 'device_id': 'a124977e7095c509b8e249ade185084e', 'area_id': None, 'unique_id': 'subaru_jf2abcde6l0000002_front_right_door', 'platform': 'subaru', 'name': None, 'icon': None, 'disabled_by': None, 'capabilities': None, 'supported_features': 0, 'device_class': 'door', 'unit_of_measurement': None, 'original_name': 'test_vehicle_2 Front Right Door', 'original_icon': 'mdi:door-closed'}, {'entity_id': 'binary_sensor.test_vehicle_2_rear_left_door', 'config_entry_id': 1, 'device_id': 'a124977e7095c509b8e249ade185084e', 'area_id': None, 'unique_id': 'subaru_jf2abcde6l0000002_rear_left_door', 'platform': 'subaru', 'name': None, 'icon': None, 'disabled_by': None, 'capabilities': None, 'supported_features': 0, 'device_class': 'door', 'unit_of_measurement': None, 'original_name': 'test_vehicle_2 Rear Left Door', 'original_icon': 'mdi:door-closed'}, {'entity_id': 'binary_sensor.test_vehicle_2_rear_right_door', 'config_entry_id': 1, 'device_id': 'a124977e7095c509b8e249ade185084e', 'area_id': None, 'unique_id': 'subaru_jf2abcde6l0000002_rear_right_door', 'platform': 'subaru', 'name': None, 'icon': None, 'disabled_by': None, 'capabilities': None, 'supported_features': 0, 'device_class': 'door', 'unit_of_measurement': None, 'original_name': 'test_vehicle_2 Rear Right Door', 'original_icon': 'mdi:door-closed'}, {'entity_id': 'binary_sensor.test_vehicle_2_ev_charge_port', 'config_entry_id': 1, 'device_id': 'a124977e7095c509b8e249ade185084e', 'area_id': None, 'unique_id': 'subaru_jf2abcde6l0000002_ev_charge_port', 'platform': 'subaru', 'name': None, 'icon': None, 'disabled_by': None, 'capabilities': None, 'supported_features': 0, 'device_class': 'plug', 'unit_of_measurement': None, 'original_name': 'test_vehicle_2 EV Charge Port', 'original_icon': 'mdi:power-plug'}, {'entity_id': 'binary_sensor.test_vehicle_2_ev_battery_charging', 'config_entry_id': 1, 'device_id': 'a124977e7095c509b8e249ade185084e', 'area_id': None, 'unique_id': 'subaru_jf2abcde6l0000002_ev_battery_charging', 'platform': 'subaru', 'name': None, 'icon': None, 'disabled_by': None, 'capabilities': None, 'supported_features': 0, 'device_class': 'battery_charging', 'unit_of_measurement': None, 'original_name': 'test_vehicle_2 EV Battery Charging', 'original_icon': 'mdi:car'}, {'entity_id': 'sensor.test_vehicle_2_odometer', 'config_entry_id': 1, 'device_id': 'a124977e7095c509b8e249ade185084e', 'area_id': None, 'unique_id': 'subaru_jf2abcde6l0000002_odometer', 'platform': 'subaru', 'name': None, 'icon': None, 'disabled_by': None, 'capabilities': None, 'supported_features': 0, 'device_class': None, 'unit_of_measurement': 'km', 'original_name': 'test_vehicle_2 Odometer', 'original_icon': 'mdi:road-variant'}, {'entity_id': 'sensor.test_vehicle_2_avg_fuel_consumption', 'config_entry_id': 1, 'device_id': 'a124977e7095c509b8e249ade185084e', 'area_id': None, 'unique_id': 'subaru_jf2abcde6l0000002_avg_fuel_consumption', 'platform': 'subaru', 'name': None, 'icon': None, 'disabled_by': None, 'capabilities': None, 'supported_features': 0, 'device_class': None, 'unit_of_measurement': 'L/100km', 'original_name': 'test_vehicle_2 Avg Fuel Consumption', 'original_icon': 'mdi:leaf'}, {'entity_id': 'sensor.test_vehicle_2_range', 'config_entry_id': 1, 'device_id': 'a124977e7095c509b8e249ade185084e', 'area_id': None, 'unique_id': 'subaru_jf2abcde6l0000002_range', 'platform': 'subaru', 'name': None, 'icon': None, 'disabled_by': None, 'capabilities': None, 'supported_features': 0, 'device_class': None, 'unit_of_measurement': 'km', 'original_name': 'test_vehicle_2 Range', 'original_icon': 'mdi:gas-station'}, {'entity_id': 'sensor.test_vehicle_2_external_temp', 'config_entry_id': 1, 'device_id': 'a124977e7095c509b8e249ade185084e', 'area_id': None, 'unique_id': 'subaru_jf2abcde6l0000002_external_temp', 'platform': 'subaru', 'name': None, 'icon': None, 'disabled_by': None, 'capabilities': None, 'supported_features': 0, 'device_class': None, 'unit_of_measurement': '°C', 'original_name': 'test_vehicle_2 External Temp', 'original_icon': 'mdi:thermometer'}, {'entity_id': 'sensor.test_vehicle_2_12v_battery_voltage', 'config_entry_id': 1, 'device_id': 'a124977e7095c509b8e249ade185084e', 'area_id': None, 'unique_id': 'subaru_jf2abcde6l0000002_12v_battery_voltage', 'platform': 'subaru', 'name': None, 'icon': None, 'disabled_by': None, 'capabilities': None, 'supported_features': 0, 'device_class': None, 'unit_of_measurement': 'V', 'original_name': 'test_vehicle_2 12V Battery Voltage', 'original_icon': 'mdi:car-battery'}, {'entity_id': 'sensor.test_vehicle_2_tire_pressure_fl', 'config_entry_id': 1, 'device_id': 'a124977e7095c509b8e249ade185084e', 'area_id': None, 'unique_id': 'subaru_jf2abcde6l0000002_tire_pressure_fl', 'platform': 'subaru', 'name': None, 'icon': None, 'disabled_by': None, 'capabilities': None, 'supported_features': 0, 'device_class': None, 'unit_of_measurement': 'hPa', 'original_name': 'test_vehicle_2 Tire Pressure FL', 'original_icon': 'mdi:gauge'}, {'entity_id': 'sensor.test_vehicle_2_tire_pressure_fr', 'config_entry_id': 1, 'device_id': 'a124977e7095c509b8e249ade185084e', 'area_id': None, 'unique_id': 'subaru_jf2abcde6l0000002_tire_pressure_fr', 'platform': 'subaru', 'name': None, 'icon': None, 'disabled_by': None, 'capabilities': None, 'supported_features': 0, 'device_class': None, 'unit_of_measurement': 'hPa', 'original_name': 'test_vehicle_2 Tire Pressure FR', 'original_icon': 'mdi:gauge'}, {'entity_id': 'sensor.test_vehicle_2_tire_pressure_rl', 'config_entry_id': 1, 'device_id': 'a124977e7095c509b8e249ade185084e', 'area_id': None, 'unique_id': 'subaru_jf2abcde6l0000002_tire_pressure_rl', 'platform': 'subaru', 'name': None, 'icon': None, 'disabled_by': None, 'capabilities': None, 'supported_features': 0, 'device_class': None, 'unit_of_measurement': 'hPa', 'original_name': 'test_vehicle_2 Tire Pressure RL', 'original_icon': 'mdi:gauge'}, {'entity_id': 'sensor.test_vehicle_2_tire_pressure_rr', 'config_entry_id': 1, 'device_id': 'a124977e7095c509b8e249ade185084e', 'area_id': None, 'unique_id': 'subaru_jf2abcde6l0000002_tire_pressure_rr', 'platform': 'subaru', 'name': None, 'icon': None, 'disabled_by': None, 'capabilities': None, 'supported_features': 0, 'device_class': None, 'unit_of_measurement': 'hPa', 'original_name': 'test_vehicle_2 Tire Pressure RR', 'original_icon': 'mdi:gauge'}, {'entity_id': 'sensor.test_vehicle_2_ev_range', 'config_entry_id': 1, 'device_id': 'a124977e7095c509b8e249ade185084e', 'area_id': None, 'unique_id': 'subaru_jf2abcde6l0000002_ev_range', 'platform': 'subaru', 'name': None, 'icon': None, 'disabled_by': None, 'capabilities': None, 'supported_features': 0, 'device_class': None, 'unit_of_measurement': 'km', 'original_name': 'test_vehicle_2 EV Range', 'original_icon': 'mdi:ev-station'}, {'entity_id': 'sensor.test_vehicle_2_ev_battery_level', 'config_entry_id': 1, 'device_id': 'a124977e7095c509b8e249ade185084e', 'area_id': None, 'unique_id': 'subaru_jf2abcde6l0000002_ev_battery_level', 'platform': 'subaru', 'name': None, 'icon': None, 'disabled_by': None, 'capabilities': None, 'supported_features': 0, 'device_class': None, 'unit_of_measurement': '%', 'original_name': 'test_vehicle_2 EV Battery Level', 'original_icon': 'mdi:battery-unknown'}, {'entity_id': 'sensor.test_vehicle_2_ev_time_to_full_charge', 'config_entry_id': 1, 'device_id': 'a124977e7095c509b8e249ade185084e', 'area_id': None, 'unique_id': 'subaru_jf2abcde6l0000002_ev_time_to_full_charge', 'platform': 'subaru', 'name': None, 'icon': None, 'disabled_by': None, 'capabilities': None, 'supported_features': 0, 'device_class': None, 'unit_of_measurement': 'min', 'original_name': 'test_vehicle_2 EV Time to Full Charge', 'original_icon': 'mdi:car-electric'}, {'entity_id': 'lock.test_vehicle_2_door_lock', 'config_entry_id': 1, 'device_id': 'a124977e7095c509b8e249ade185084e', 'area_id': None, 'unique_id': 'subaru_jf2abcde6l0000002_door_lock', 'platform': 'subaru', 'name': None, 'icon': None, 'disabled_by': None, 'capabilities': None, 'supported_features': 0, 'device_class': None, 'unit_of_measurement': None, 'original_name': 'test_vehicle_2 Door Lock', 'original_icon': None}, {'entity_id': 'device_tracker.test_vehicle_2_location', 'config_entry_id': 1, 'device_id': 'a124977e7095c509b8e249ade185084e', 'area_id': None, 'unique_id': 'subaru_jf2abcde6l0000002_location', 'platform': 'subaru', 'name': None, 'icon': None, 'disabled_by': None, 'capabilities': None, 'supported_features': 0, 'device_class': None, 'unit_of_measurement': None, 'original_name': 'test_vehicle_2 Location', 'original_icon': None}]}}
DEBUG    homeassistant.core:core.py:712 Bus:Handling <Event homeassistant_close[L]>

tests/test_services.py::test_remote_service_invalid_vin[pyloop] 
-------------------------------- live log setup --------------------------------
DEBUG    asyncio:selector_events.py:59 Using selector: KqueueSelector
-------------------------------- live log call ---------------------------------
INFO     homeassistant.loader:loader.py:292 Loaded subaru from custom_components.subaru
WARNING  homeassistant.loader:loader.py:465 You are using a custom integration for subaru which has not been tested by Home Assistant. This component might cause stability problems, be sure to disable it if you experience issues with Home Assistant.
INFO     homeassistant.setup:setup.py:183 Setting up subaru
INFO     homeassistant.setup:setup.py:232 Setup of domain subaru took 0.0 seconds
DEBUG    homeassistant.core:core.py:712 Bus:Handling <Event component_loaded[L]: component=subaru>
DEBUG    custom_components.subaru:update_coordinator.py:184 Finished fetching subaru_data data in 0.002 seconds
DEBUG    homeassistant.core:core.py:712 Bus:Handling <Event service_registered[L]: domain=subaru, service=fetch>
DEBUG    homeassistant.core:core.py:712 Bus:Handling <Event service_registered[L]: domain=subaru, service=horn>
DEBUG    homeassistant.core:core.py:712 Bus:Handling <Event service_registered[L]: domain=subaru, service=lights>
DEBUG    homeassistant.core:core.py:712 Bus:Handling <Event service_registered[L]: domain=subaru, service=lock>
DEBUG    homeassistant.core:core.py:712 Bus:Handling <Event service_registered[L]: domain=subaru, service=unlock>
DEBUG    homeassistant.core:core.py:712 Bus:Handling <Event service_registered[L]: domain=subaru, service=update>
DEBUG    homeassistant.core:core.py:712 Bus:Handling <Event service_registered[L]: domain=subaru, service=remote_start>
DEBUG    homeassistant.core:core.py:712 Bus:Handling <Event service_registered[L]: domain=subaru, service=remote_stop>
DEBUG    homeassistant.core:core.py:712 Bus:Handling <Event service_registered[L]: domain=subaru, service=charge_start>
INFO     homeassistant.loader:loader.py:292 Loaded device_tracker from homeassistant.components.device_tracker
INFO     homeassistant.loader:loader.py:292 Loaded lock from homeassistant.components.lock
INFO     homeassistant.loader:loader.py:292 Loaded binary_sensor from homeassistant.components.binary_sensor
INFO     homeassistant.loader:loader.py:292 Loaded sensor from homeassistant.components.sensor
INFO     homeassistant.setup:setup.py:183 Setting up lock
INFO     homeassistant.loader:loader.py:292 Loaded zone from homeassistant.components.zone
DEBUG    homeassistant.core:core.py:712 Bus:Handling <Event service_registered[L]: domain=lock, service=unlock>
DEBUG    homeassistant.core:core.py:712 Bus:Handling <Event service_registered[L]: domain=lock, service=lock>
DEBUG    homeassistant.core:core.py:712 Bus:Handling <Event service_registered[L]: domain=lock, service=open>
INFO     homeassistant.setup:setup.py:232 Setup of domain lock took 0.0 seconds
DEBUG    homeassistant.core:core.py:712 Bus:Handling <Event component_loaded[L]: component=lock>
INFO     homeassistant.setup:setup.py:183 Setting up binary_sensor
INFO     homeassistant.setup:setup.py:232 Setup of domain binary_sensor took 0.0 seconds
INFO     homeassistant.setup:setup.py:183 Setting up sensor
INFO     homeassistant.setup:setup.py:232 Setup of domain sensor took 0.0 seconds
DEBUG    homeassistant.setup:setup.py:96 Dependency device_tracker will wait for dependencies ['zone']
INFO     homeassistant.components.lock:entity_platform.py:185 Setting up lock.subaru
DEBUG    homeassistant.core:core.py:712 Bus:Handling <Event component_loaded[L]: component=binary_sensor>
DEBUG    homeassistant.core:core.py:712 Bus:Handling <Event component_loaded[L]: component=sensor>
INFO     homeassistant.components.binary_sensor:entity_platform.py:185 Setting up binary_sensor.subaru
INFO     homeassistant.components.sensor:entity_platform.py:185 Setting up sensor.subaru
INFO     homeassistant.setup:setup.py:183 Setting up zone
DEBUG    homeassistant.core:core.py:712 Bus:Handling <Event service_registered[L]: domain=zone, service=reload>
DEBUG    homeassistant.core:core.py:712 Bus:Handling <Event state_changed[L]: entity_id=zone.home, old_state=None, new_state=<state zone.home=zoning; latitude=32.87336, longitude=-117.22743, radius=100, passive=False, editable=True, friendly_name=test home, icon=mdi:home @ 2020-12-06T18:52:10.487897+00:00>>
DEBUG    custom_components.subaru:update_coordinator.py:184 Finished fetching subaru_data data in 0.000 seconds
DEBUG    homeassistant.core:core.py:712 Bus:Handling <Event device_registry_updated[L]: action=create, device_id=7496e04f9c701f61a6732c527bf8695a>
INFO     homeassistant.helpers.entity_registry:entity_registry.py:271 Registered new binary_sensor.subaru entity: binary_sensor.test_vehicle_2_ignition
DEBUG    homeassistant.core:core.py:712 Bus:Handling <Event entity_registry_updated[L]: action=create, entity_id=binary_sensor.test_vehicle_2_ignition>
DEBUG    homeassistant.core:core.py:712 Bus:Handling <Event state_changed[L]: entity_id=binary_sensor.test_vehicle_2_ignition, old_state=None, new_state=<state binary_sensor.test_vehicle_2_ignition=off; friendly_name=test_vehicle_2 Ignition, icon=mdi:engine-off, device_class=power @ 2020-12-06T18:52:10.490190+00:00>>
INFO     homeassistant.helpers.entity_registry:entity_registry.py:271 Registered new binary_sensor.subaru entity: binary_sensor.test_vehicle_2_trunk
DEBUG    homeassistant.core:core.py:712 Bus:Handling <Event entity_registry_updated[L]: action=create, entity_id=binary_sensor.test_vehicle_2_trunk>
DEBUG    homeassistant.core:core.py:712 Bus:Handling <Event state_changed[L]: entity_id=binary_sensor.test_vehicle_2_trunk, old_state=None, new_state=<state binary_sensor.test_vehicle_2_trunk=off; friendly_name=test_vehicle_2 Trunk, icon=mdi:door-closed, device_class=door @ 2020-12-06T18:52:10.491242+00:00>>
INFO     homeassistant.helpers.entity_registry:entity_registry.py:271 Registered new binary_sensor.subaru entity: binary_sensor.test_vehicle_2_hood
DEBUG    homeassistant.core:core.py:712 Bus:Handling <Event entity_registry_updated[L]: action=create, entity_id=binary_sensor.test_vehicle_2_hood>
DEBUG    homeassistant.core:core.py:712 Bus:Handling <Event state_changed[L]: entity_id=binary_sensor.test_vehicle_2_hood, old_state=None, new_state=<state binary_sensor.test_vehicle_2_hood=off; friendly_name=test_vehicle_2 Hood, icon=mdi:door-closed, device_class=door @ 2020-12-06T18:52:10.492342+00:00>>
INFO     homeassistant.helpers.entity_registry:entity_registry.py:271 Registered new binary_sensor.subaru entity: binary_sensor.test_vehicle_2_front_left_door
DEBUG    homeassistant.core:core.py:712 Bus:Handling <Event entity_registry_updated[L]: action=create, entity_id=binary_sensor.test_vehicle_2_front_left_door>
DEBUG    homeassistant.core:core.py:712 Bus:Handling <Event state_changed[L]: entity_id=binary_sensor.test_vehicle_2_front_left_door, old_state=None, new_state=<state binary_sensor.test_vehicle_2_front_left_door=off; friendly_name=test_vehicle_2 Front Left Door, icon=mdi:door-closed, device_class=door @ 2020-12-06T18:52:10.493391+00:00>>
INFO     homeassistant.helpers.entity_registry:entity_registry.py:271 Registered new binary_sensor.subaru entity: binary_sensor.test_vehicle_2_front_right_door
DEBUG    homeassistant.core:core.py:712 Bus:Handling <Event entity_registry_updated[L]: action=create, entity_id=binary_sensor.test_vehicle_2_front_right_door>
DEBUG    homeassistant.core:core.py:712 Bus:Handling <Event state_changed[L]: entity_id=binary_sensor.test_vehicle_2_front_right_door, old_state=None, new_state=<state binary_sensor.test_vehicle_2_front_right_door=off; friendly_name=test_vehicle_2 Front Right Door, icon=mdi:door-closed, device_class=door @ 2020-12-06T18:52:10.494431+00:00>>
INFO     homeassistant.helpers.entity_registry:entity_registry.py:271 Registered new binary_sensor.subaru entity: binary_sensor.test_vehicle_2_rear_left_door
DEBUG    homeassistant.core:core.py:712 Bus:Handling <Event entity_registry_updated[L]: action=create, entity_id=binary_sensor.test_vehicle_2_rear_left_door>
DEBUG    homeassistant.core:core.py:712 Bus:Handling <Event state_changed[L]: entity_id=binary_sensor.test_vehicle_2_rear_left_door, old_state=None, new_state=<state binary_sensor.test_vehicle_2_rear_left_door=off; friendly_name=test_vehicle_2 Rear Left Door, icon=mdi:door-closed, device_class=door @ 2020-12-06T18:52:10.495473+00:00>>
INFO     homeassistant.helpers.entity_registry:entity_registry.py:271 Registered new binary_sensor.subaru entity: binary_sensor.test_vehicle_2_rear_right_door
DEBUG    homeassistant.core:core.py:712 Bus:Handling <Event entity_registry_updated[L]: action=create, entity_id=binary_sensor.test_vehicle_2_rear_right_door>
DEBUG    homeassistant.core:core.py:712 Bus:Handling <Event state_changed[L]: entity_id=binary_sensor.test_vehicle_2_rear_right_door, old_state=None, new_state=<state binary_sensor.test_vehicle_2_rear_right_door=off; friendly_name=test_vehicle_2 Rear Right Door, icon=mdi:door-closed, device_class=door @ 2020-12-06T18:52:10.496484+00:00>>
INFO     homeassistant.helpers.entity_registry:entity_registry.py:271 Registered new binary_sensor.subaru entity: binary_sensor.test_vehicle_2_ev_charge_port
DEBUG    homeassistant.core:core.py:712 Bus:Handling <Event entity_registry_updated[L]: action=create, entity_id=binary_sensor.test_vehicle_2_ev_charge_port>
DEBUG    homeassistant.core:core.py:712 Bus:Handling <Event state_changed[L]: entity_id=binary_sensor.test_vehicle_2_ev_charge_port, old_state=None, new_state=<state binary_sensor.test_vehicle_2_ev_charge_port=on; friendly_name=test_vehicle_2 EV Charge Port, icon=mdi:power-plug, device_class=plug @ 2020-12-06T18:52:10.497494+00:00>>
INFO     homeassistant.helpers.entity_registry:entity_registry.py:271 Registered new binary_sensor.subaru entity: binary_sensor.test_vehicle_2_ev_battery_charging
DEBUG    homeassistant.core:core.py:712 Bus:Handling <Event entity_registry_updated[L]: action=create, entity_id=binary_sensor.test_vehicle_2_ev_battery_charging>
DEBUG    homeassistant.core:core.py:712 Bus:Handling <Event state_changed[L]: entity_id=binary_sensor.test_vehicle_2_ev_battery_charging, old_state=None, new_state=<state binary_sensor.test_vehicle_2_ev_battery_charging=off; friendly_name=test_vehicle_2 EV Battery Charging, icon=mdi:car, device_class=battery_charging @ 2020-12-06T18:52:10.498534+00:00>>
INFO     homeassistant.helpers.entity_registry:entity_registry.py:271 Registered new sensor.subaru entity: sensor.test_vehicle_2_odometer
DEBUG    homeassistant.core:core.py:712 Bus:Handling <Event entity_registry_updated[L]: action=create, entity_id=sensor.test_vehicle_2_odometer>
DEBUG    homeassistant.core:core.py:712 Bus:Handling <Event state_changed[L]: entity_id=sensor.test_vehicle_2_odometer, old_state=None, new_state=<state sensor.test_vehicle_2_odometer=1234; unit_of_measurement=km, friendly_name=test_vehicle_2 Odometer, icon=mdi:road-variant @ 2020-12-06T18:52:10.499567+00:00>>
INFO     homeassistant.helpers.entity_registry:entity_registry.py:271 Registered new sensor.subaru entity: sensor.test_vehicle_2_avg_fuel_consumption
DEBUG    homeassistant.core:core.py:712 Bus:Handling <Event entity_registry_updated[L]: action=create, entity_id=sensor.test_vehicle_2_avg_fuel_consumption>
DEBUG    homeassistant.core:core.py:712 Bus:Handling <Event state_changed[L]: entity_id=sensor.test_vehicle_2_avg_fuel_consumption, old_state=None, new_state=<state sensor.test_vehicle_2_avg_fuel_consumption=2.3; unit_of_measurement=L/100km, friendly_name=test_vehicle_2 Avg Fuel Consumption, icon=mdi:leaf @ 2020-12-06T18:52:10.500593+00:00>>
INFO     homeassistant.helpers.entity_registry:entity_registry.py:271 Registered new sensor.subaru entity: sensor.test_vehicle_2_range
DEBUG    homeassistant.core:core.py:712 Bus:Handling <Event entity_registry_updated[L]: action=create, entity_id=sensor.test_vehicle_2_range>
DEBUG    homeassistant.core:core.py:712 Bus:Handling <Event state_changed[L]: entity_id=sensor.test_vehicle_2_range, old_state=None, new_state=<state sensor.test_vehicle_2_range=707; unit_of_measurement=km, friendly_name=test_vehicle_2 Range, icon=mdi:gas-station @ 2020-12-06T18:52:10.501608+00:00>>
INFO     homeassistant.helpers.entity_registry:entity_registry.py:271 Registered new sensor.subaru entity: sensor.test_vehicle_2_external_temp
DEBUG    homeassistant.core:core.py:712 Bus:Handling <Event entity_registry_updated[L]: action=create, entity_id=sensor.test_vehicle_2_external_temp>
DEBUG    homeassistant.core:core.py:712 Bus:Handling <Event state_changed[L]: entity_id=sensor.test_vehicle_2_external_temp, old_state=None, new_state=<state sensor.test_vehicle_2_external_temp=21.5; unit_of_measurement=°C, friendly_name=test_vehicle_2 External Temp, icon=mdi:thermometer @ 2020-12-06T18:52:10.502694+00:00>>
INFO     homeassistant.helpers.entity_registry:entity_registry.py:271 Registered new sensor.subaru entity: sensor.test_vehicle_2_12v_battery_voltage
DEBUG    homeassistant.core:core.py:712 Bus:Handling <Event entity_registry_updated[L]: action=create, entity_id=sensor.test_vehicle_2_12v_battery_voltage>
DEBUG    homeassistant.core:core.py:712 Bus:Handling <Event state_changed[L]: entity_id=sensor.test_vehicle_2_12v_battery_voltage, old_state=None, new_state=<state sensor.test_vehicle_2_12v_battery_voltage=12.0; unit_of_measurement=V, friendly_name=test_vehicle_2 12V Battery Voltage, icon=mdi:car-battery @ 2020-12-06T18:52:10.503722+00:00>>
INFO     homeassistant.helpers.entity_registry:entity_registry.py:271 Registered new sensor.subaru entity: sensor.test_vehicle_2_tire_pressure_fl
DEBUG    homeassistant.core:core.py:712 Bus:Handling <Event entity_registry_updated[L]: action=create, entity_id=sensor.test_vehicle_2_tire_pressure_fl>
DEBUG    homeassistant.core:core.py:712 Bus:Handling <Event state_changed[L]: entity_id=sensor.test_vehicle_2_tire_pressure_fl, old_state=None, new_state=<state sensor.test_vehicle_2_tire_pressure_fl=2550; unit_of_measurement=hPa, friendly_name=test_vehicle_2 Tire Pressure FL, icon=mdi:gauge @ 2020-12-06T18:52:10.504738+00:00>>
INFO     homeassistant.helpers.entity_registry:entity_registry.py:271 Registered new sensor.subaru entity: sensor.test_vehicle_2_tire_pressure_fr
DEBUG    homeassistant.core:core.py:712 Bus:Handling <Event entity_registry_updated[L]: action=create, entity_id=sensor.test_vehicle_2_tire_pressure_fr>
DEBUG    homeassistant.core:core.py:712 Bus:Handling <Event state_changed[L]: entity_id=sensor.test_vehicle_2_tire_pressure_fr, old_state=None, new_state=<state sensor.test_vehicle_2_tire_pressure_fr=2550; unit_of_measurement=hPa, friendly_name=test_vehicle_2 Tire Pressure FR, icon=mdi:gauge @ 2020-12-06T18:52:10.505780+00:00>>
INFO     homeassistant.helpers.entity_registry:entity_registry.py:271 Registered new sensor.subaru entity: sensor.test_vehicle_2_tire_pressure_rl
DEBUG    homeassistant.core:core.py:712 Bus:Handling <Event entity_registry_updated[L]: action=create, entity_id=sensor.test_vehicle_2_tire_pressure_rl>
DEBUG    homeassistant.core:core.py:712 Bus:Handling <Event state_changed[L]: entity_id=sensor.test_vehicle_2_tire_pressure_rl, old_state=None, new_state=<state sensor.test_vehicle_2_tire_pressure_rl=2450; unit_of_measurement=hPa, friendly_name=test_vehicle_2 Tire Pressure RL, icon=mdi:gauge @ 2020-12-06T18:52:10.506797+00:00>>
INFO     homeassistant.helpers.entity_registry:entity_registry.py:271 Registered new sensor.subaru entity: sensor.test_vehicle_2_tire_pressure_rr
DEBUG    homeassistant.core:core.py:712 Bus:Handling <Event entity_registry_updated[L]: action=create, entity_id=sensor.test_vehicle_2_tire_pressure_rr>
DEBUG    homeassistant.core:core.py:712 Bus:Handling <Event state_changed[L]: entity_id=sensor.test_vehicle_2_tire_pressure_rr, old_state=None, new_state=<state sensor.test_vehicle_2_tire_pressure_rr=2350; unit_of_measurement=hPa, friendly_name=test_vehicle_2 Tire Pressure RR, icon=mdi:gauge @ 2020-12-06T18:52:10.507818+00:00>>
INFO     homeassistant.helpers.entity_registry:entity_registry.py:271 Registered new sensor.subaru entity: sensor.test_vehicle_2_ev_range
DEBUG    homeassistant.core:core.py:712 Bus:Handling <Event entity_registry_updated[L]: action=create, entity_id=sensor.test_vehicle_2_ev_range>
DEBUG    homeassistant.core:core.py:712 Bus:Handling <Event state_changed[L]: entity_id=sensor.test_vehicle_2_ev_range, old_state=None, new_state=<state sensor.test_vehicle_2_ev_range=27.4; unit_of_measurement=km, friendly_name=test_vehicle_2 EV Range, icon=mdi:ev-station @ 2020-12-06T18:52:10.508831+00:00>>
INFO     homeassistant.helpers.entity_registry:entity_registry.py:271 Registered new sensor.subaru entity: sensor.test_vehicle_2_ev_battery_level
DEBUG    homeassistant.core:core.py:712 Bus:Handling <Event entity_registry_updated[L]: action=create, entity_id=sensor.test_vehicle_2_ev_battery_level>
DEBUG    homeassistant.core:core.py:712 Bus:Handling <Event state_changed[L]: entity_id=sensor.test_vehicle_2_ev_battery_level, old_state=None, new_state=<state sensor.test_vehicle_2_ev_battery_level=100; unit_of_measurement=%, friendly_name=test_vehicle_2 EV Battery Level, icon=mdi:battery @ 2020-12-06T18:52:10.509821+00:00>>
INFO     homeassistant.helpers.entity_registry:entity_registry.py:271 Registered new sensor.subaru entity: sensor.test_vehicle_2_ev_time_to_full_charge
DEBUG    homeassistant.core:core.py:712 Bus:Handling <Event entity_registry_updated[L]: action=create, entity_id=sensor.test_vehicle_2_ev_time_to_full_charge>
DEBUG    homeassistant.core:core.py:712 Bus:Handling <Event state_changed[L]: entity_id=sensor.test_vehicle_2_ev_time_to_full_charge, old_state=None, new_state=<state sensor.test_vehicle_2_ev_time_to_full_charge=unknown; unit_of_measurement=min, friendly_name=test_vehicle_2 EV Time to Full Charge, icon=mdi:car-electric @ 2020-12-06T18:52:10.510807+00:00>>
ERROR    homeassistant.components.sensor:entity_platform.py:490 Platform subaru does not generate unique IDs. ID subaru_jf2abcde6l0000002_avg_fuel_consumption already exists - ignoring sensor.test_vehicle_2_avg_fuel_consumption
ERROR    homeassistant.components.sensor:entity_platform.py:490 Platform subaru does not generate unique IDs. ID subaru_jf2abcde6l0000002_range already exists - ignoring sensor.test_vehicle_2_range
ERROR    homeassistant.components.sensor:entity_platform.py:490 Platform subaru does not generate unique IDs. ID subaru_jf2abcde6l0000002_external_temp already exists - ignoring sensor.test_vehicle_2_external_temp
ERROR    homeassistant.components.sensor:entity_platform.py:490 Platform subaru does not generate unique IDs. ID subaru_jf2abcde6l0000002_12v_battery_voltage already exists - ignoring sensor.test_vehicle_2_12v_battery_voltage
ERROR    homeassistant.components.sensor:entity_platform.py:490 Platform subaru does not generate unique IDs. ID subaru_jf2abcde6l0000002_tire_pressure_fl already exists - ignoring sensor.test_vehicle_2_tire_pressure_fl
ERROR    homeassistant.components.sensor:entity_platform.py:490 Platform subaru does not generate unique IDs. ID subaru_jf2abcde6l0000002_tire_pressure_fr already exists - ignoring sensor.test_vehicle_2_tire_pressure_fr
ERROR    homeassistant.components.sensor:entity_platform.py:490 Platform subaru does not generate unique IDs. ID subaru_jf2abcde6l0000002_tire_pressure_rl already exists - ignoring sensor.test_vehicle_2_tire_pressure_rl
ERROR    homeassistant.components.sensor:entity_platform.py:490 Platform subaru does not generate unique IDs. ID subaru_jf2abcde6l0000002_tire_pressure_rr already exists - ignoring sensor.test_vehicle_2_tire_pressure_rr
ERROR    homeassistant.components.sensor:entity_platform.py:490 Platform subaru does not generate unique IDs. ID subaru_jf2abcde6l0000002_odometer already exists - ignoring sensor.test_vehicle_2_odometer
ERROR    homeassistant.components.sensor:entity_platform.py:490 Platform subaru does not generate unique IDs. ID subaru_jf2abcde6l0000002_avg_fuel_consumption already exists - ignoring sensor.test_vehicle_2_avg_fuel_consumption
ERROR    homeassistant.components.sensor:entity_platform.py:490 Platform subaru does not generate unique IDs. ID subaru_jf2abcde6l0000002_range already exists - ignoring sensor.test_vehicle_2_range
ERROR    homeassistant.components.sensor:entity_platform.py:490 Platform subaru does not generate unique IDs. ID subaru_jf2abcde6l0000002_external_temp already exists - ignoring sensor.test_vehicle_2_external_temp
ERROR    homeassistant.components.sensor:entity_platform.py:490 Platform subaru does not generate unique IDs. ID subaru_jf2abcde6l0000002_12v_battery_voltage already exists - ignoring sensor.test_vehicle_2_12v_battery_voltage
ERROR    homeassistant.components.sensor:entity_platform.py:490 Platform subaru does not generate unique IDs. ID subaru_jf2abcde6l0000002_tire_pressure_fl already exists - ignoring sensor.test_vehicle_2_tire_pressure_fl
ERROR    homeassistant.components.sensor:entity_platform.py:490 Platform subaru does not generate unique IDs. ID subaru_jf2abcde6l0000002_tire_pressure_fr already exists - ignoring sensor.test_vehicle_2_tire_pressure_fr
ERROR    homeassistant.components.sensor:entity_platform.py:490 Platform subaru does not generate unique IDs. ID subaru_jf2abcde6l0000002_tire_pressure_rl already exists - ignoring sensor.test_vehicle_2_tire_pressure_rl
ERROR    homeassistant.components.sensor:entity_platform.py:490 Platform subaru does not generate unique IDs. ID subaru_jf2abcde6l0000002_tire_pressure_rr already exists - ignoring sensor.test_vehicle_2_tire_pressure_rr
ERROR    homeassistant.components.sensor:entity_platform.py:490 Platform subaru does not generate unique IDs. ID subaru_jf2abcde6l0000002_odometer already exists - ignoring sensor.test_vehicle_2_odometer
INFO     homeassistant.setup:setup.py:232 Setup of domain zone took 0.0 seconds
DEBUG    homeassistant.core:core.py:712 Bus:Handling <Event component_loaded[L]: component=zone>
INFO     homeassistant.helpers.entity_registry:entity_registry.py:271 Registered new lock.subaru entity: lock.test_vehicle_2_door_lock
DEBUG    homeassistant.core:core.py:712 Bus:Handling <Event entity_registry_updated[L]: action=create, entity_id=lock.test_vehicle_2_door_lock>
DEBUG    homeassistant.core:core.py:712 Bus:Handling <Event state_changed[L]: entity_id=lock.test_vehicle_2_door_lock, old_state=None, new_state=<state lock.test_vehicle_2_door_lock=unknown; friendly_name=test_vehicle_2 Door Lock @ 2020-12-06T18:52:10.519857+00:00>>
INFO     homeassistant.setup:setup.py:183 Setting up device_tracker
DEBUG    homeassistant.core:core.py:712 Bus:Handling <Event service_registered[L]: domain=device_tracker, service=see>
INFO     homeassistant.setup:setup.py:232 Setup of domain device_tracker took 0.0 seconds
DEBUG    homeassistant.core:core.py:712 Bus:Handling <Event component_loaded[L]: component=device_tracker>
INFO     homeassistant.components.device_tracker:entity_platform.py:185 Setting up device_tracker.subaru
INFO     homeassistant.helpers.entity_registry:entity_registry.py:271 Registered new device_tracker.subaru entity: device_tracker.test_vehicle_2_location
DEBUG    homeassistant.core:core.py:712 Bus:Handling <Event entity_registry_updated[L]: action=create, entity_id=device_tracker.test_vehicle_2_location>
DEBUG    homeassistant.core:core.py:712 Bus:Handling <Event state_changed[L]: entity_id=device_tracker.test_vehicle_2_location, old_state=None, new_state=<state device_tracker.test_vehicle_2_location=not_home; source_type=gps, latitude=40.0, longitude=-100.0, gps_accuracy=0, friendly_name=test_vehicle_2 Location @ 2020-12-06T18:52:10.523510+00:00>>
DEBUG    homeassistant.core:core.py:712 Bus:Handling <Event call_service[L]: domain=subaru, service=horn, service_data=vin=JF2ABCDE6L0000003>
ERROR    homeassistant:runner.py:115 Error doing job: Task exception was never retrieved
Traceback (most recent call last):
  File "/Users/gg/.local/share/virtualenvs/homeassistant-subaru--Q4ZrcF8/lib/python3.8/site-packages/homeassistant/core.py", line 1401, in async_call
    raise ServiceNotFound(domain, service) from None
homeassistant.exceptions.ServiceNotFound: Unable to find service persistent_notification/create
PASSED                                                                   [ 93%]
------------------------------ live log teardown -------------------------------
DEBUG    homeassistant.core:core.py:712 Bus:Handling <Event homeassistant_stop[L]>
DEBUG    homeassistant.core:core.py:712 Bus:Handling <Event homeassistant_final_write[L]>
INFO     pytest_homeassistant_custom_component.common:common.py:931 Writing data to core.device_registry: {'version': 1, 'key': 'core.device_registry', 'data': {'devices': [{'config_entries': [1], 'connections': [], 'identifiers': [('subaru', 'JF2ABCDE6L0000002')], 'manufacturer': 'subaru', 'model': None, 'name': 'test_vehicle_2', 'sw_version': None, 'entry_type': None, 'id': '7496e04f9c701f61a6732c527bf8695a', 'via_device_id': None, 'area_id': None, 'name_by_user': None}], 'deleted_devices': []}}
INFO     pytest_homeassistant_custom_component.common:common.py:931 Writing data to core.entity_registry: {'version': 1, 'key': 'core.entity_registry', 'data': {'entities': [{'entity_id': 'binary_sensor.test_vehicle_2_ignition', 'config_entry_id': 1, 'device_id': '7496e04f9c701f61a6732c527bf8695a', 'area_id': None, 'unique_id': 'subaru_jf2abcde6l0000002_ignition', 'platform': 'subaru', 'name': None, 'icon': None, 'disabled_by': None, 'capabilities': None, 'supported_features': 0, 'device_class': 'power', 'unit_of_measurement': None, 'original_name': 'test_vehicle_2 Ignition', 'original_icon': 'mdi:engine-off'}, {'entity_id': 'binary_sensor.test_vehicle_2_trunk', 'config_entry_id': 1, 'device_id': '7496e04f9c701f61a6732c527bf8695a', 'area_id': None, 'unique_id': 'subaru_jf2abcde6l0000002_trunk', 'platform': 'subaru', 'name': None, 'icon': None, 'disabled_by': None, 'capabilities': None, 'supported_features': 0, 'device_class': 'door', 'unit_of_measurement': None, 'original_name': 'test_vehicle_2 Trunk', 'original_icon': 'mdi:door-closed'}, {'entity_id': 'binary_sensor.test_vehicle_2_hood', 'config_entry_id': 1, 'device_id': '7496e04f9c701f61a6732c527bf8695a', 'area_id': None, 'unique_id': 'subaru_jf2abcde6l0000002_hood', 'platform': 'subaru', 'name': None, 'icon': None, 'disabled_by': None, 'capabilities': None, 'supported_features': 0, 'device_class': 'door', 'unit_of_measurement': None, 'original_name': 'test_vehicle_2 Hood', 'original_icon': 'mdi:door-closed'}, {'entity_id': 'binary_sensor.test_vehicle_2_front_left_door', 'config_entry_id': 1, 'device_id': '7496e04f9c701f61a6732c527bf8695a', 'area_id': None, 'unique_id': 'subaru_jf2abcde6l0000002_front_left_door', 'platform': 'subaru', 'name': None, 'icon': None, 'disabled_by': None, 'capabilities': None, 'supported_features': 0, 'device_class': 'door', 'unit_of_measurement': None, 'original_name': 'test_vehicle_2 Front Left Door', 'original_icon': 'mdi:door-closed'}, {'entity_id': 'binary_sensor.test_vehicle_2_front_right_door', 'config_entry_id': 1, 'device_id': '7496e04f9c701f61a6732c527bf8695a', 'area_id': None, 'unique_id': 'subaru_jf2abcde6l0000002_front_right_door', 'platform': 'subaru', 'name': None, 'icon': None, 'disabled_by': None, 'capabilities': None, 'supported_features': 0, 'device_class': 'door', 'unit_of_measurement': None, 'original_name': 'test_vehicle_2 Front Right Door', 'original_icon': 'mdi:door-closed'}, {'entity_id': 'binary_sensor.test_vehicle_2_rear_left_door', 'config_entry_id': 1, 'device_id': '7496e04f9c701f61a6732c527bf8695a', 'area_id': None, 'unique_id': 'subaru_jf2abcde6l0000002_rear_left_door', 'platform': 'subaru', 'name': None, 'icon': None, 'disabled_by': None, 'capabilities': None, 'supported_features': 0, 'device_class': 'door', 'unit_of_measurement': None, 'original_name': 'test_vehicle_2 Rear Left Door', 'original_icon': 'mdi:door-closed'}, {'entity_id': 'binary_sensor.test_vehicle_2_rear_right_door', 'config_entry_id': 1, 'device_id': '7496e04f9c701f61a6732c527bf8695a', 'area_id': None, 'unique_id': 'subaru_jf2abcde6l0000002_rear_right_door', 'platform': 'subaru', 'name': None, 'icon': None, 'disabled_by': None, 'capabilities': None, 'supported_features': 0, 'device_class': 'door', 'unit_of_measurement': None, 'original_name': 'test_vehicle_2 Rear Right Door', 'original_icon': 'mdi:door-closed'}, {'entity_id': 'binary_sensor.test_vehicle_2_ev_charge_port', 'config_entry_id': 1, 'device_id': '7496e04f9c701f61a6732c527bf8695a', 'area_id': None, 'unique_id': 'subaru_jf2abcde6l0000002_ev_charge_port', 'platform': 'subaru', 'name': None, 'icon': None, 'disabled_by': None, 'capabilities': None, 'supported_features': 0, 'device_class': 'plug', 'unit_of_measurement': None, 'original_name': 'test_vehicle_2 EV Charge Port', 'original_icon': 'mdi:power-plug'}, {'entity_id': 'binary_sensor.test_vehicle_2_ev_battery_charging', 'config_entry_id': 1, 'device_id': '7496e04f9c701f61a6732c527bf8695a', 'area_id': None, 'unique_id': 'subaru_jf2abcde6l0000002_ev_battery_charging', 'platform': 'subaru', 'name': None, 'icon': None, 'disabled_by': None, 'capabilities': None, 'supported_features': 0, 'device_class': 'battery_charging', 'unit_of_measurement': None, 'original_name': 'test_vehicle_2 EV Battery Charging', 'original_icon': 'mdi:car'}, {'entity_id': 'sensor.test_vehicle_2_odometer', 'config_entry_id': 1, 'device_id': '7496e04f9c701f61a6732c527bf8695a', 'area_id': None, 'unique_id': 'subaru_jf2abcde6l0000002_odometer', 'platform': 'subaru', 'name': None, 'icon': None, 'disabled_by': None, 'capabilities': None, 'supported_features': 0, 'device_class': None, 'unit_of_measurement': 'km', 'original_name': 'test_vehicle_2 Odometer', 'original_icon': 'mdi:road-variant'}, {'entity_id': 'sensor.test_vehicle_2_avg_fuel_consumption', 'config_entry_id': 1, 'device_id': '7496e04f9c701f61a6732c527bf8695a', 'area_id': None, 'unique_id': 'subaru_jf2abcde6l0000002_avg_fuel_consumption', 'platform': 'subaru', 'name': None, 'icon': None, 'disabled_by': None, 'capabilities': None, 'supported_features': 0, 'device_class': None, 'unit_of_measurement': 'L/100km', 'original_name': 'test_vehicle_2 Avg Fuel Consumption', 'original_icon': 'mdi:leaf'}, {'entity_id': 'sensor.test_vehicle_2_range', 'config_entry_id': 1, 'device_id': '7496e04f9c701f61a6732c527bf8695a', 'area_id': None, 'unique_id': 'subaru_jf2abcde6l0000002_range', 'platform': 'subaru', 'name': None, 'icon': None, 'disabled_by': None, 'capabilities': None, 'supported_features': 0, 'device_class': None, 'unit_of_measurement': 'km', 'original_name': 'test_vehicle_2 Range', 'original_icon': 'mdi:gas-station'}, {'entity_id': 'sensor.test_vehicle_2_external_temp', 'config_entry_id': 1, 'device_id': '7496e04f9c701f61a6732c527bf8695a', 'area_id': None, 'unique_id': 'subaru_jf2abcde6l0000002_external_temp', 'platform': 'subaru', 'name': None, 'icon': None, 'disabled_by': None, 'capabilities': None, 'supported_features': 0, 'device_class': None, 'unit_of_measurement': '°C', 'original_name': 'test_vehicle_2 External Temp', 'original_icon': 'mdi:thermometer'}, {'entity_id': 'sensor.test_vehicle_2_12v_battery_voltage', 'config_entry_id': 1, 'device_id': '7496e04f9c701f61a6732c527bf8695a', 'area_id': None, 'unique_id': 'subaru_jf2abcde6l0000002_12v_battery_voltage', 'platform': 'subaru', 'name': None, 'icon': None, 'disabled_by': None, 'capabilities': None, 'supported_features': 0, 'device_class': None, 'unit_of_measurement': 'V', 'original_name': 'test_vehicle_2 12V Battery Voltage', 'original_icon': 'mdi:car-battery'}, {'entity_id': 'sensor.test_vehicle_2_tire_pressure_fl', 'config_entry_id': 1, 'device_id': '7496e04f9c701f61a6732c527bf8695a', 'area_id': None, 'unique_id': 'subaru_jf2abcde6l0000002_tire_pressure_fl', 'platform': 'subaru', 'name': None, 'icon': None, 'disabled_by': None, 'capabilities': None, 'supported_features': 0, 'device_class': None, 'unit_of_measurement': 'hPa', 'original_name': 'test_vehicle_2 Tire Pressure FL', 'original_icon': 'mdi:gauge'}, {'entity_id': 'sensor.test_vehicle_2_tire_pressure_fr', 'config_entry_id': 1, 'device_id': '7496e04f9c701f61a6732c527bf8695a', 'area_id': None, 'unique_id': 'subaru_jf2abcde6l0000002_tire_pressure_fr', 'platform': 'subaru', 'name': None, 'icon': None, 'disabled_by': None, 'capabilities': None, 'supported_features': 0, 'device_class': None, 'unit_of_measurement': 'hPa', 'original_name': 'test_vehicle_2 Tire Pressure FR', 'original_icon': 'mdi:gauge'}, {'entity_id': 'sensor.test_vehicle_2_tire_pressure_rl', 'config_entry_id': 1, 'device_id': '7496e04f9c701f61a6732c527bf8695a', 'area_id': None, 'unique_id': 'subaru_jf2abcde6l0000002_tire_pressure_rl', 'platform': 'subaru', 'name': None, 'icon': None, 'disabled_by': None, 'capabilities': None, 'supported_features': 0, 'device_class': None, 'unit_of_measurement': 'hPa', 'original_name': 'test_vehicle_2 Tire Pressure RL', 'original_icon': 'mdi:gauge'}, {'entity_id': 'sensor.test_vehicle_2_tire_pressure_rr', 'config_entry_id': 1, 'device_id': '7496e04f9c701f61a6732c527bf8695a', 'area_id': None, 'unique_id': 'subaru_jf2abcde6l0000002_tire_pressure_rr', 'platform': 'subaru', 'name': None, 'icon': None, 'disabled_by': None, 'capabilities': None, 'supported_features': 0, 'device_class': None, 'unit_of_measurement': 'hPa', 'original_name': 'test_vehicle_2 Tire Pressure RR', 'original_icon': 'mdi:gauge'}, {'entity_id': 'sensor.test_vehicle_2_ev_range', 'config_entry_id': 1, 'device_id': '7496e04f9c701f61a6732c527bf8695a', 'area_id': None, 'unique_id': 'subaru_jf2abcde6l0000002_ev_range', 'platform': 'subaru', 'name': None, 'icon': None, 'disabled_by': None, 'capabilities': None, 'supported_features': 0, 'device_class': None, 'unit_of_measurement': 'km', 'original_name': 'test_vehicle_2 EV Range', 'original_icon': 'mdi:ev-station'}, {'entity_id': 'sensor.test_vehicle_2_ev_battery_level', 'config_entry_id': 1, 'device_id': '7496e04f9c701f61a6732c527bf8695a', 'area_id': None, 'unique_id': 'subaru_jf2abcde6l0000002_ev_battery_level', 'platform': 'subaru', 'name': None, 'icon': None, 'disabled_by': None, 'capabilities': None, 'supported_features': 0, 'device_class': None, 'unit_of_measurement': '%', 'original_name': 'test_vehicle_2 EV Battery Level', 'original_icon': 'mdi:battery-unknown'}, {'entity_id': 'sensor.test_vehicle_2_ev_time_to_full_charge', 'config_entry_id': 1, 'device_id': '7496e04f9c701f61a6732c527bf8695a', 'area_id': None, 'unique_id': 'subaru_jf2abcde6l0000002_ev_time_to_full_charge', 'platform': 'subaru', 'name': None, 'icon': None, 'disabled_by': None, 'capabilities': None, 'supported_features': 0, 'device_class': None, 'unit_of_measurement': 'min', 'original_name': 'test_vehicle_2 EV Time to Full Charge', 'original_icon': 'mdi:car-electric'}, {'entity_id': 'lock.test_vehicle_2_door_lock', 'config_entry_id': 1, 'device_id': '7496e04f9c701f61a6732c527bf8695a', 'area_id': None, 'unique_id': 'subaru_jf2abcde6l0000002_door_lock', 'platform': 'subaru', 'name': None, 'icon': None, 'disabled_by': None, 'capabilities': None, 'supported_features': 0, 'device_class': None, 'unit_of_measurement': None, 'original_name': 'test_vehicle_2 Door Lock', 'original_icon': None}, {'entity_id': 'device_tracker.test_vehicle_2_location', 'config_entry_id': 1, 'device_id': '7496e04f9c701f61a6732c527bf8695a', 'area_id': None, 'unique_id': 'subaru_jf2abcde6l0000002_location', 'platform': 'subaru', 'name': None, 'icon': None, 'disabled_by': None, 'capabilities': None, 'supported_features': 0, 'device_class': None, 'unit_of_measurement': None, 'original_name': 'test_vehicle_2 Location', 'original_icon': None}]}}
DEBUG    homeassistant.core:core.py:712 Bus:Handling <Event homeassistant_close[L]>

tests/test_services.py::test_remote_service_invalid_pin[pyloop] 
-------------------------------- live log setup --------------------------------
DEBUG    asyncio:selector_events.py:59 Using selector: KqueueSelector
-------------------------------- live log call ---------------------------------
INFO     homeassistant.loader:loader.py:292 Loaded subaru from custom_components.subaru
WARNING  homeassistant.loader:loader.py:465 You are using a custom integration for subaru which has not been tested by Home Assistant. This component might cause stability problems, be sure to disable it if you experience issues with Home Assistant.
INFO     homeassistant.setup:setup.py:183 Setting up subaru
INFO     homeassistant.setup:setup.py:232 Setup of domain subaru took 0.0 seconds
DEBUG    homeassistant.core:core.py:712 Bus:Handling <Event component_loaded[L]: component=subaru>
DEBUG    custom_components.subaru:update_coordinator.py:184 Finished fetching subaru_data data in 0.002 seconds
DEBUG    homeassistant.core:core.py:712 Bus:Handling <Event service_registered[L]: domain=subaru, service=fetch>
DEBUG    homeassistant.core:core.py:712 Bus:Handling <Event service_registered[L]: domain=subaru, service=horn>
DEBUG    homeassistant.core:core.py:712 Bus:Handling <Event service_registered[L]: domain=subaru, service=lights>
DEBUG    homeassistant.core:core.py:712 Bus:Handling <Event service_registered[L]: domain=subaru, service=lock>
DEBUG    homeassistant.core:core.py:712 Bus:Handling <Event service_registered[L]: domain=subaru, service=unlock>
DEBUG    homeassistant.core:core.py:712 Bus:Handling <Event service_registered[L]: domain=subaru, service=update>
DEBUG    homeassistant.core:core.py:712 Bus:Handling <Event service_registered[L]: domain=subaru, service=remote_start>
DEBUG    homeassistant.core:core.py:712 Bus:Handling <Event service_registered[L]: domain=subaru, service=remote_stop>
DEBUG    homeassistant.core:core.py:712 Bus:Handling <Event service_registered[L]: domain=subaru, service=charge_start>
INFO     homeassistant.loader:loader.py:292 Loaded binary_sensor from homeassistant.components.binary_sensor
INFO     homeassistant.loader:loader.py:292 Loaded sensor from homeassistant.components.sensor
INFO     homeassistant.loader:loader.py:292 Loaded device_tracker from homeassistant.components.device_tracker
INFO     homeassistant.loader:loader.py:292 Loaded lock from homeassistant.components.lock
INFO     homeassistant.setup:setup.py:183 Setting up binary_sensor
INFO     homeassistant.setup:setup.py:232 Setup of domain binary_sensor took 0.0 seconds
DEBUG    homeassistant.core:core.py:712 Bus:Handling <Event component_loaded[L]: component=binary_sensor>
INFO     homeassistant.setup:setup.py:183 Setting up sensor
INFO     homeassistant.setup:setup.py:232 Setup of domain sensor took 0.0 seconds
INFO     homeassistant.setup:setup.py:183 Setting up lock
INFO     homeassistant.loader:loader.py:292 Loaded zone from homeassistant.components.zone
DEBUG    homeassistant.core:core.py:712 Bus:Handling <Event service_registered[L]: domain=lock, service=unlock>
DEBUG    homeassistant.core:core.py:712 Bus:Handling <Event service_registered[L]: domain=lock, service=lock>
DEBUG    homeassistant.core:core.py:712 Bus:Handling <Event service_registered[L]: domain=lock, service=open>
INFO     homeassistant.setup:setup.py:232 Setup of domain lock took 0.0 seconds
INFO     homeassistant.components.binary_sensor:entity_platform.py:185 Setting up binary_sensor.subaru
DEBUG    homeassistant.core:core.py:712 Bus:Handling <Event component_loaded[L]: component=sensor>
DEBUG    homeassistant.core:core.py:712 Bus:Handling <Event component_loaded[L]: component=lock>
INFO     homeassistant.components.sensor:entity_platform.py:185 Setting up sensor.subaru
DEBUG    homeassistant.setup:setup.py:96 Dependency device_tracker will wait for dependencies ['zone']
INFO     homeassistant.components.lock:entity_platform.py:185 Setting up lock.subaru
INFO     homeassistant.setup:setup.py:183 Setting up zone
DEBUG    homeassistant.core:core.py:712 Bus:Handling <Event service_registered[L]: domain=zone, service=reload>
DEBUG    homeassistant.core:core.py:712 Bus:Handling <Event state_changed[L]: entity_id=zone.home, old_state=None, new_state=<state zone.home=zoning; latitude=32.87336, longitude=-117.22743, radius=100, passive=False, editable=True, friendly_name=test home, icon=mdi:home @ 2020-12-06T18:52:10.608988+00:00>>
DEBUG    custom_components.subaru:update_coordinator.py:184 Finished fetching subaru_data data in 0.000 seconds
DEBUG    homeassistant.core:core.py:712 Bus:Handling <Event device_registry_updated[L]: action=create, device_id=48805333dc2c4652e411c0a53d2c3920>
INFO     homeassistant.helpers.entity_registry:entity_registry.py:271 Registered new binary_sensor.subaru entity: binary_sensor.test_vehicle_2_trunk
DEBUG    homeassistant.core:core.py:712 Bus:Handling <Event entity_registry_updated[L]: action=create, entity_id=binary_sensor.test_vehicle_2_trunk>
DEBUG    homeassistant.core:core.py:712 Bus:Handling <Event state_changed[L]: entity_id=binary_sensor.test_vehicle_2_trunk, old_state=None, new_state=<state binary_sensor.test_vehicle_2_trunk=off; friendly_name=test_vehicle_2 Trunk, icon=mdi:door-closed, device_class=door @ 2020-12-06T18:52:10.611138+00:00>>
INFO     homeassistant.helpers.entity_registry:entity_registry.py:271 Registered new binary_sensor.subaru entity: binary_sensor.test_vehicle_2_hood
DEBUG    homeassistant.core:core.py:712 Bus:Handling <Event entity_registry_updated[L]: action=create, entity_id=binary_sensor.test_vehicle_2_hood>
DEBUG    homeassistant.core:core.py:712 Bus:Handling <Event state_changed[L]: entity_id=binary_sensor.test_vehicle_2_hood, old_state=None, new_state=<state binary_sensor.test_vehicle_2_hood=off; friendly_name=test_vehicle_2 Hood, icon=mdi:door-closed, device_class=door @ 2020-12-06T18:52:10.612209+00:00>>
INFO     homeassistant.helpers.entity_registry:entity_registry.py:271 Registered new binary_sensor.subaru entity: binary_sensor.test_vehicle_2_front_left_door
DEBUG    homeassistant.core:core.py:712 Bus:Handling <Event entity_registry_updated[L]: action=create, entity_id=binary_sensor.test_vehicle_2_front_left_door>
DEBUG    homeassistant.core:core.py:712 Bus:Handling <Event state_changed[L]: entity_id=binary_sensor.test_vehicle_2_front_left_door, old_state=None, new_state=<state binary_sensor.test_vehicle_2_front_left_door=off; friendly_name=test_vehicle_2 Front Left Door, icon=mdi:door-closed, device_class=door @ 2020-12-06T18:52:10.613363+00:00>>
INFO     homeassistant.helpers.entity_registry:entity_registry.py:271 Registered new binary_sensor.subaru entity: binary_sensor.test_vehicle_2_front_right_door
DEBUG    homeassistant.core:core.py:712 Bus:Handling <Event entity_registry_updated[L]: action=create, entity_id=binary_sensor.test_vehicle_2_front_right_door>
DEBUG    homeassistant.core:core.py:712 Bus:Handling <Event state_changed[L]: entity_id=binary_sensor.test_vehicle_2_front_right_door, old_state=None, new_state=<state binary_sensor.test_vehicle_2_front_right_door=off; friendly_name=test_vehicle_2 Front Right Door, icon=mdi:door-closed, device_class=door @ 2020-12-06T18:52:10.614442+00:00>>
INFO     homeassistant.helpers.entity_registry:entity_registry.py:271 Registered new binary_sensor.subaru entity: binary_sensor.test_vehicle_2_rear_left_door
DEBUG    homeassistant.core:core.py:712 Bus:Handling <Event entity_registry_updated[L]: action=create, entity_id=binary_sensor.test_vehicle_2_rear_left_door>
DEBUG    homeassistant.core:core.py:712 Bus:Handling <Event state_changed[L]: entity_id=binary_sensor.test_vehicle_2_rear_left_door, old_state=None, new_state=<state binary_sensor.test_vehicle_2_rear_left_door=off; friendly_name=test_vehicle_2 Rear Left Door, icon=mdi:door-closed, device_class=door @ 2020-12-06T18:52:10.615478+00:00>>
INFO     homeassistant.helpers.entity_registry:entity_registry.py:271 Registered new binary_sensor.subaru entity: binary_sensor.test_vehicle_2_rear_right_door
DEBUG    homeassistant.core:core.py:712 Bus:Handling <Event entity_registry_updated[L]: action=create, entity_id=binary_sensor.test_vehicle_2_rear_right_door>
DEBUG    homeassistant.core:core.py:712 Bus:Handling <Event state_changed[L]: entity_id=binary_sensor.test_vehicle_2_rear_right_door, old_state=None, new_state=<state binary_sensor.test_vehicle_2_rear_right_door=off; friendly_name=test_vehicle_2 Rear Right Door, icon=mdi:door-closed, device_class=door @ 2020-12-06T18:52:10.616514+00:00>>
INFO     homeassistant.helpers.entity_registry:entity_registry.py:271 Registered new binary_sensor.subaru entity: binary_sensor.test_vehicle_2_ev_charge_port
DEBUG    homeassistant.core:core.py:712 Bus:Handling <Event entity_registry_updated[L]: action=create, entity_id=binary_sensor.test_vehicle_2_ev_charge_port>
DEBUG    homeassistant.core:core.py:712 Bus:Handling <Event state_changed[L]: entity_id=binary_sensor.test_vehicle_2_ev_charge_port, old_state=None, new_state=<state binary_sensor.test_vehicle_2_ev_charge_port=on; friendly_name=test_vehicle_2 EV Charge Port, icon=mdi:power-plug, device_class=plug @ 2020-12-06T18:52:10.617550+00:00>>
INFO     homeassistant.helpers.entity_registry:entity_registry.py:271 Registered new binary_sensor.subaru entity: binary_sensor.test_vehicle_2_ev_battery_charging
DEBUG    homeassistant.core:core.py:712 Bus:Handling <Event entity_registry_updated[L]: action=create, entity_id=binary_sensor.test_vehicle_2_ev_battery_charging>
DEBUG    homeassistant.core:core.py:712 Bus:Handling <Event state_changed[L]: entity_id=binary_sensor.test_vehicle_2_ev_battery_charging, old_state=None, new_state=<state binary_sensor.test_vehicle_2_ev_battery_charging=off; friendly_name=test_vehicle_2 EV Battery Charging, icon=mdi:car, device_class=battery_charging @ 2020-12-06T18:52:10.618608+00:00>>
INFO     homeassistant.helpers.entity_registry:entity_registry.py:271 Registered new sensor.subaru entity: sensor.test_vehicle_2_odometer
DEBUG    homeassistant.core:core.py:712 Bus:Handling <Event entity_registry_updated[L]: action=create, entity_id=sensor.test_vehicle_2_odometer>
DEBUG    homeassistant.core:core.py:712 Bus:Handling <Event state_changed[L]: entity_id=sensor.test_vehicle_2_odometer, old_state=None, new_state=<state sensor.test_vehicle_2_odometer=1234; unit_of_measurement=km, friendly_name=test_vehicle_2 Odometer, icon=mdi:road-variant @ 2020-12-06T18:52:10.619758+00:00>>
INFO     homeassistant.helpers.entity_registry:entity_registry.py:271 Registered new sensor.subaru entity: sensor.test_vehicle_2_avg_fuel_consumption
DEBUG    homeassistant.core:core.py:712 Bus:Handling <Event entity_registry_updated[L]: action=create, entity_id=sensor.test_vehicle_2_avg_fuel_consumption>
DEBUG    homeassistant.core:core.py:712 Bus:Handling <Event state_changed[L]: entity_id=sensor.test_vehicle_2_avg_fuel_consumption, old_state=None, new_state=<state sensor.test_vehicle_2_avg_fuel_consumption=2.3; unit_of_measurement=L/100km, friendly_name=test_vehicle_2 Avg Fuel Consumption, icon=mdi:leaf @ 2020-12-06T18:52:10.620864+00:00>>
INFO     homeassistant.helpers.entity_registry:entity_registry.py:271 Registered new sensor.subaru entity: sensor.test_vehicle_2_range
DEBUG    homeassistant.core:core.py:712 Bus:Handling <Event entity_registry_updated[L]: action=create, entity_id=sensor.test_vehicle_2_range>
DEBUG    homeassistant.core:core.py:712 Bus:Handling <Event state_changed[L]: entity_id=sensor.test_vehicle_2_range, old_state=None, new_state=<state sensor.test_vehicle_2_range=707; unit_of_measurement=km, friendly_name=test_vehicle_2 Range, icon=mdi:gas-station @ 2020-12-06T18:52:10.621869+00:00>>
INFO     homeassistant.helpers.entity_registry:entity_registry.py:271 Registered new sensor.subaru entity: sensor.test_vehicle_2_external_temp
DEBUG    homeassistant.core:core.py:712 Bus:Handling <Event entity_registry_updated[L]: action=create, entity_id=sensor.test_vehicle_2_external_temp>
DEBUG    homeassistant.core:core.py:712 Bus:Handling <Event state_changed[L]: entity_id=sensor.test_vehicle_2_external_temp, old_state=None, new_state=<state sensor.test_vehicle_2_external_temp=21.5; unit_of_measurement=°C, friendly_name=test_vehicle_2 External Temp, icon=mdi:thermometer @ 2020-12-06T18:52:10.622875+00:00>>
INFO     homeassistant.helpers.entity_registry:entity_registry.py:271 Registered new sensor.subaru entity: sensor.test_vehicle_2_12v_battery_voltage
DEBUG    homeassistant.core:core.py:712 Bus:Handling <Event entity_registry_updated[L]: action=create, entity_id=sensor.test_vehicle_2_12v_battery_voltage>
DEBUG    homeassistant.core:core.py:712 Bus:Handling <Event state_changed[L]: entity_id=sensor.test_vehicle_2_12v_battery_voltage, old_state=None, new_state=<state sensor.test_vehicle_2_12v_battery_voltage=12.0; unit_of_measurement=V, friendly_name=test_vehicle_2 12V Battery Voltage, icon=mdi:car-battery @ 2020-12-06T18:52:10.624039+00:00>>
INFO     homeassistant.helpers.entity_registry:entity_registry.py:271 Registered new sensor.subaru entity: sensor.test_vehicle_2_tire_pressure_fl
DEBUG    homeassistant.core:core.py:712 Bus:Handling <Event entity_registry_updated[L]: action=create, entity_id=sensor.test_vehicle_2_tire_pressure_fl>
DEBUG    homeassistant.core:core.py:712 Bus:Handling <Event state_changed[L]: entity_id=sensor.test_vehicle_2_tire_pressure_fl, old_state=None, new_state=<state sensor.test_vehicle_2_tire_pressure_fl=2550; unit_of_measurement=hPa, friendly_name=test_vehicle_2 Tire Pressure FL, icon=mdi:gauge @ 2020-12-06T18:52:10.625048+00:00>>
INFO     homeassistant.helpers.entity_registry:entity_registry.py:271 Registered new sensor.subaru entity: sensor.test_vehicle_2_tire_pressure_fr
DEBUG    homeassistant.core:core.py:712 Bus:Handling <Event entity_registry_updated[L]: action=create, entity_id=sensor.test_vehicle_2_tire_pressure_fr>
DEBUG    homeassistant.core:core.py:712 Bus:Handling <Event state_changed[L]: entity_id=sensor.test_vehicle_2_tire_pressure_fr, old_state=None, new_state=<state sensor.test_vehicle_2_tire_pressure_fr=2550; unit_of_measurement=hPa, friendly_name=test_vehicle_2 Tire Pressure FR, icon=mdi:gauge @ 2020-12-06T18:52:10.626049+00:00>>
INFO     homeassistant.helpers.entity_registry:entity_registry.py:271 Registered new sensor.subaru entity: sensor.test_vehicle_2_tire_pressure_rl
DEBUG    homeassistant.core:core.py:712 Bus:Handling <Event entity_registry_updated[L]: action=create, entity_id=sensor.test_vehicle_2_tire_pressure_rl>
DEBUG    homeassistant.core:core.py:712 Bus:Handling <Event state_changed[L]: entity_id=sensor.test_vehicle_2_tire_pressure_rl, old_state=None, new_state=<state sensor.test_vehicle_2_tire_pressure_rl=2450; unit_of_measurement=hPa, friendly_name=test_vehicle_2 Tire Pressure RL, icon=mdi:gauge @ 2020-12-06T18:52:10.627011+00:00>>
INFO     homeassistant.helpers.entity_registry:entity_registry.py:271 Registered new sensor.subaru entity: sensor.test_vehicle_2_tire_pressure_rr
DEBUG    homeassistant.core:core.py:712 Bus:Handling <Event entity_registry_updated[L]: action=create, entity_id=sensor.test_vehicle_2_tire_pressure_rr>
DEBUG    homeassistant.core:core.py:712 Bus:Handling <Event state_changed[L]: entity_id=sensor.test_vehicle_2_tire_pressure_rr, old_state=None, new_state=<state sensor.test_vehicle_2_tire_pressure_rr=2350; unit_of_measurement=hPa, friendly_name=test_vehicle_2 Tire Pressure RR, icon=mdi:gauge @ 2020-12-06T18:52:10.627977+00:00>>
INFO     homeassistant.helpers.entity_registry:entity_registry.py:271 Registered new sensor.subaru entity: sensor.test_vehicle_2_ev_range
DEBUG    homeassistant.core:core.py:712 Bus:Handling <Event entity_registry_updated[L]: action=create, entity_id=sensor.test_vehicle_2_ev_range>
DEBUG    homeassistant.core:core.py:712 Bus:Handling <Event state_changed[L]: entity_id=sensor.test_vehicle_2_ev_range, old_state=None, new_state=<state sensor.test_vehicle_2_ev_range=27.4; unit_of_measurement=km, friendly_name=test_vehicle_2 EV Range, icon=mdi:ev-station @ 2020-12-06T18:52:10.628905+00:00>>
INFO     homeassistant.helpers.entity_registry:entity_registry.py:271 Registered new sensor.subaru entity: sensor.test_vehicle_2_ev_battery_level
DEBUG    homeassistant.core:core.py:712 Bus:Handling <Event entity_registry_updated[L]: action=create, entity_id=sensor.test_vehicle_2_ev_battery_level>
DEBUG    homeassistant.core:core.py:712 Bus:Handling <Event state_changed[L]: entity_id=sensor.test_vehicle_2_ev_battery_level, old_state=None, new_state=<state sensor.test_vehicle_2_ev_battery_level=100; unit_of_measurement=%, friendly_name=test_vehicle_2 EV Battery Level, icon=mdi:battery @ 2020-12-06T18:52:10.629812+00:00>>
INFO     homeassistant.helpers.entity_registry:entity_registry.py:271 Registered new sensor.subaru entity: sensor.test_vehicle_2_ev_time_to_full_charge
DEBUG    homeassistant.core:core.py:712 Bus:Handling <Event entity_registry_updated[L]: action=create, entity_id=sensor.test_vehicle_2_ev_time_to_full_charge>
DEBUG    homeassistant.core:core.py:712 Bus:Handling <Event state_changed[L]: entity_id=sensor.test_vehicle_2_ev_time_to_full_charge, old_state=None, new_state=<state sensor.test_vehicle_2_ev_time_to_full_charge=unknown; unit_of_measurement=min, friendly_name=test_vehicle_2 EV Time to Full Charge, icon=mdi:car-electric @ 2020-12-06T18:52:10.630694+00:00>>
ERROR    homeassistant.components.sensor:entity_platform.py:490 Platform subaru does not generate unique IDs. ID subaru_jf2abcde6l0000002_avg_fuel_consumption already exists - ignoring sensor.test_vehicle_2_avg_fuel_consumption
ERROR    homeassistant.components.sensor:entity_platform.py:490 Platform subaru does not generate unique IDs. ID subaru_jf2abcde6l0000002_range already exists - ignoring sensor.test_vehicle_2_range
ERROR    homeassistant.components.sensor:entity_platform.py:490 Platform subaru does not generate unique IDs. ID subaru_jf2abcde6l0000002_external_temp already exists - ignoring sensor.test_vehicle_2_external_temp
ERROR    homeassistant.components.sensor:entity_platform.py:490 Platform subaru does not generate unique IDs. ID subaru_jf2abcde6l0000002_12v_battery_voltage already exists - ignoring sensor.test_vehicle_2_12v_battery_voltage
ERROR    homeassistant.components.sensor:entity_platform.py:490 Platform subaru does not generate unique IDs. ID subaru_jf2abcde6l0000002_tire_pressure_fl already exists - ignoring sensor.test_vehicle_2_tire_pressure_fl
ERROR    homeassistant.components.sensor:entity_platform.py:490 Platform subaru does not generate unique IDs. ID subaru_jf2abcde6l0000002_tire_pressure_fr already exists - ignoring sensor.test_vehicle_2_tire_pressure_fr
ERROR    homeassistant.components.sensor:entity_platform.py:490 Platform subaru does not generate unique IDs. ID subaru_jf2abcde6l0000002_tire_pressure_rl already exists - ignoring sensor.test_vehicle_2_tire_pressure_rl
ERROR    homeassistant.components.sensor:entity_platform.py:490 Platform subaru does not generate unique IDs. ID subaru_jf2abcde6l0000002_tire_pressure_rr already exists - ignoring sensor.test_vehicle_2_tire_pressure_rr
ERROR    homeassistant.components.sensor:entity_platform.py:490 Platform subaru does not generate unique IDs. ID subaru_jf2abcde6l0000002_odometer already exists - ignoring sensor.test_vehicle_2_odometer
ERROR    homeassistant.components.sensor:entity_platform.py:490 Platform subaru does not generate unique IDs. ID subaru_jf2abcde6l0000002_avg_fuel_consumption already exists - ignoring sensor.test_vehicle_2_avg_fuel_consumption
ERROR    homeassistant.components.sensor:entity_platform.py:490 Platform subaru does not generate unique IDs. ID subaru_jf2abcde6l0000002_range already exists - ignoring sensor.test_vehicle_2_range
ERROR    homeassistant.components.sensor:entity_platform.py:490 Platform subaru does not generate unique IDs. ID subaru_jf2abcde6l0000002_external_temp already exists - ignoring sensor.test_vehicle_2_external_temp
ERROR    homeassistant.components.sensor:entity_platform.py:490 Platform subaru does not generate unique IDs. ID subaru_jf2abcde6l0000002_12v_battery_voltage already exists - ignoring sensor.test_vehicle_2_12v_battery_voltage
ERROR    homeassistant.components.sensor:entity_platform.py:490 Platform subaru does not generate unique IDs. ID subaru_jf2abcde6l0000002_tire_pressure_fl already exists - ignoring sensor.test_vehicle_2_tire_pressure_fl
ERROR    homeassistant.components.sensor:entity_platform.py:490 Platform subaru does not generate unique IDs. ID subaru_jf2abcde6l0000002_tire_pressure_fr already exists - ignoring sensor.test_vehicle_2_tire_pressure_fr
ERROR    homeassistant.components.sensor:entity_platform.py:490 Platform subaru does not generate unique IDs. ID subaru_jf2abcde6l0000002_tire_pressure_rl already exists - ignoring sensor.test_vehicle_2_tire_pressure_rl
ERROR    homeassistant.components.sensor:entity_platform.py:490 Platform subaru does not generate unique IDs. ID subaru_jf2abcde6l0000002_tire_pressure_rr already exists - ignoring sensor.test_vehicle_2_tire_pressure_rr
ERROR    homeassistant.components.sensor:entity_platform.py:490 Platform subaru does not generate unique IDs. ID subaru_jf2abcde6l0000002_odometer already exists - ignoring sensor.test_vehicle_2_odometer
INFO     homeassistant.helpers.entity_registry:entity_registry.py:271 Registered new lock.subaru entity: lock.test_vehicle_2_door_lock
DEBUG    homeassistant.core:core.py:712 Bus:Handling <Event entity_registry_updated[L]: action=create, entity_id=lock.test_vehicle_2_door_lock>
DEBUG    homeassistant.core:core.py:712 Bus:Handling <Event state_changed[L]: entity_id=lock.test_vehicle_2_door_lock, old_state=None, new_state=<state lock.test_vehicle_2_door_lock=unknown; friendly_name=test_vehicle_2 Door Lock @ 2020-12-06T18:52:10.637471+00:00>>
INFO     homeassistant.setup:setup.py:232 Setup of domain zone took 0.0 seconds
DEBUG    homeassistant.core:core.py:712 Bus:Handling <Event component_loaded[L]: component=zone>
INFO     homeassistant.helpers.entity_registry:entity_registry.py:271 Registered new binary_sensor.subaru entity: binary_sensor.test_vehicle_2_ignition
DEBUG    homeassistant.core:core.py:712 Bus:Handling <Event entity_registry_updated[L]: action=create, entity_id=binary_sensor.test_vehicle_2_ignition>
DEBUG    homeassistant.core:core.py:712 Bus:Handling <Event state_changed[L]: entity_id=binary_sensor.test_vehicle_2_ignition, old_state=None, new_state=<state binary_sensor.test_vehicle_2_ignition=off; friendly_name=test_vehicle_2 Ignition, icon=mdi:engine-off, device_class=power @ 2020-12-06T18:52:10.639309+00:00>>
INFO     homeassistant.setup:setup.py:183 Setting up device_tracker
DEBUG    homeassistant.core:core.py:712 Bus:Handling <Event service_registered[L]: domain=device_tracker, service=see>
INFO     homeassistant.setup:setup.py:232 Setup of domain device_tracker took 0.0 seconds
DEBUG    homeassistant.core:core.py:712 Bus:Handling <Event component_loaded[L]: component=device_tracker>
INFO     homeassistant.components.device_tracker:entity_platform.py:185 Setting up device_tracker.subaru
INFO     homeassistant.helpers.entity_registry:entity_registry.py:271 Registered new device_tracker.subaru entity: device_tracker.test_vehicle_2_location
DEBUG    homeassistant.core:core.py:712 Bus:Handling <Event entity_registry_updated[L]: action=create, entity_id=device_tracker.test_vehicle_2_location>
DEBUG    homeassistant.core:core.py:712 Bus:Handling <Event state_changed[L]: entity_id=device_tracker.test_vehicle_2_location, old_state=None, new_state=<state device_tracker.test_vehicle_2_location=not_home; source_type=gps, latitude=40.0, longitude=-100.0, gps_accuracy=0, friendly_name=test_vehicle_2 Location @ 2020-12-06T18:52:10.644112+00:00>>
DEBUG    homeassistant.core:core.py:712 Bus:Handling <Event call_service[L]: domain=subaru, service=horn, service_data=vin=JF2ABCDE6L0000002>
DEBUG    custom_components.subaru:__init__.py:160 calling horn
ERROR    homeassistant:runner.py:115 Error doing job: Task exception was never retrieved
Traceback (most recent call last):
  File "/Users/gg/.local/share/virtualenvs/homeassistant-subaru--Q4ZrcF8/lib/python3.8/site-packages/homeassistant/core.py", line 1401, in async_call
    raise ServiceNotFound(domain, service) from None
homeassistant.exceptions.ServiceNotFound: Unable to find service persistent_notification/create
ERROR    homeassistant:runner.py:115 Error doing job: Task exception was never retrieved
Traceback (most recent call last):
  File "/Users/gg/.local/share/virtualenvs/homeassistant-subaru--Q4ZrcF8/lib/python3.8/site-packages/homeassistant/core.py", line 1401, in async_call
    raise ServiceNotFound(domain, service) from None
homeassistant.exceptions.ServiceNotFound: Unable to find service persistent_notification/dismiss
ERROR    homeassistant:runner.py:115 Error doing job: Task exception was never retrieved
Traceback (most recent call last):
  File "/Users/gg/.local/share/virtualenvs/homeassistant-subaru--Q4ZrcF8/lib/python3.8/site-packages/homeassistant/core.py", line 1401, in async_call
    raise ServiceNotFound(domain, service) from None
homeassistant.exceptions.ServiceNotFound: Unable to find service persistent_notification/create
PASSED                                                                   [ 96%]
------------------------------ live log teardown -------------------------------
DEBUG    homeassistant.core:core.py:712 Bus:Handling <Event homeassistant_stop[L]>
DEBUG    homeassistant.core:core.py:712 Bus:Handling <Event homeassistant_final_write[L]>
INFO     pytest_homeassistant_custom_component.common:common.py:931 Writing data to core.device_registry: {'version': 1, 'key': 'core.device_registry', 'data': {'devices': [{'config_entries': [1], 'connections': [], 'identifiers': [('subaru', 'JF2ABCDE6L0000002')], 'manufacturer': 'subaru', 'model': None, 'name': 'test_vehicle_2', 'sw_version': None, 'entry_type': None, 'id': '48805333dc2c4652e411c0a53d2c3920', 'via_device_id': None, 'area_id': None, 'name_by_user': None}], 'deleted_devices': []}}
INFO     pytest_homeassistant_custom_component.common:common.py:931 Writing data to core.entity_registry: {'version': 1, 'key': 'core.entity_registry', 'data': {'entities': [{'entity_id': 'binary_sensor.test_vehicle_2_trunk', 'config_entry_id': 1, 'device_id': '48805333dc2c4652e411c0a53d2c3920', 'area_id': None, 'unique_id': 'subaru_jf2abcde6l0000002_trunk', 'platform': 'subaru', 'name': None, 'icon': None, 'disabled_by': None, 'capabilities': None, 'supported_features': 0, 'device_class': 'door', 'unit_of_measurement': None, 'original_name': 'test_vehicle_2 Trunk', 'original_icon': 'mdi:door-closed'}, {'entity_id': 'binary_sensor.test_vehicle_2_hood', 'config_entry_id': 1, 'device_id': '48805333dc2c4652e411c0a53d2c3920', 'area_id': None, 'unique_id': 'subaru_jf2abcde6l0000002_hood', 'platform': 'subaru', 'name': None, 'icon': None, 'disabled_by': None, 'capabilities': None, 'supported_features': 0, 'device_class': 'door', 'unit_of_measurement': None, 'original_name': 'test_vehicle_2 Hood', 'original_icon': 'mdi:door-closed'}, {'entity_id': 'binary_sensor.test_vehicle_2_front_left_door', 'config_entry_id': 1, 'device_id': '48805333dc2c4652e411c0a53d2c3920', 'area_id': None, 'unique_id': 'subaru_jf2abcde6l0000002_front_left_door', 'platform': 'subaru', 'name': None, 'icon': None, 'disabled_by': None, 'capabilities': None, 'supported_features': 0, 'device_class': 'door', 'unit_of_measurement': None, 'original_name': 'test_vehicle_2 Front Left Door', 'original_icon': 'mdi:door-closed'}, {'entity_id': 'binary_sensor.test_vehicle_2_front_right_door', 'config_entry_id': 1, 'device_id': '48805333dc2c4652e411c0a53d2c3920', 'area_id': None, 'unique_id': 'subaru_jf2abcde6l0000002_front_right_door', 'platform': 'subaru', 'name': None, 'icon': None, 'disabled_by': None, 'capabilities': None, 'supported_features': 0, 'device_class': 'door', 'unit_of_measurement': None, 'original_name': 'test_vehicle_2 Front Right Door', 'original_icon': 'mdi:door-closed'}, {'entity_id': 'binary_sensor.test_vehicle_2_rear_left_door', 'config_entry_id': 1, 'device_id': '48805333dc2c4652e411c0a53d2c3920', 'area_id': None, 'unique_id': 'subaru_jf2abcde6l0000002_rear_left_door', 'platform': 'subaru', 'name': None, 'icon': None, 'disabled_by': None, 'capabilities': None, 'supported_features': 0, 'device_class': 'door', 'unit_of_measurement': None, 'original_name': 'test_vehicle_2 Rear Left Door', 'original_icon': 'mdi:door-closed'}, {'entity_id': 'binary_sensor.test_vehicle_2_rear_right_door', 'config_entry_id': 1, 'device_id': '48805333dc2c4652e411c0a53d2c3920', 'area_id': None, 'unique_id': 'subaru_jf2abcde6l0000002_rear_right_door', 'platform': 'subaru', 'name': None, 'icon': None, 'disabled_by': None, 'capabilities': None, 'supported_features': 0, 'device_class': 'door', 'unit_of_measurement': None, 'original_name': 'test_vehicle_2 Rear Right Door', 'original_icon': 'mdi:door-closed'}, {'entity_id': 'binary_sensor.test_vehicle_2_ev_charge_port', 'config_entry_id': 1, 'device_id': '48805333dc2c4652e411c0a53d2c3920', 'area_id': None, 'unique_id': 'subaru_jf2abcde6l0000002_ev_charge_port', 'platform': 'subaru', 'name': None, 'icon': None, 'disabled_by': None, 'capabilities': None, 'supported_features': 0, 'device_class': 'plug', 'unit_of_measurement': None, 'original_name': 'test_vehicle_2 EV Charge Port', 'original_icon': 'mdi:power-plug'}, {'entity_id': 'binary_sensor.test_vehicle_2_ev_battery_charging', 'config_entry_id': 1, 'device_id': '48805333dc2c4652e411c0a53d2c3920', 'area_id': None, 'unique_id': 'subaru_jf2abcde6l0000002_ev_battery_charging', 'platform': 'subaru', 'name': None, 'icon': None, 'disabled_by': None, 'capabilities': None, 'supported_features': 0, 'device_class': 'battery_charging', 'unit_of_measurement': None, 'original_name': 'test_vehicle_2 EV Battery Charging', 'original_icon': 'mdi:car'}, {'entity_id': 'sensor.test_vehicle_2_odometer', 'config_entry_id': 1, 'device_id': '48805333dc2c4652e411c0a53d2c3920', 'area_id': None, 'unique_id': 'subaru_jf2abcde6l0000002_odometer', 'platform': 'subaru', 'name': None, 'icon': None, 'disabled_by': None, 'capabilities': None, 'supported_features': 0, 'device_class': None, 'unit_of_measurement': 'km', 'original_name': 'test_vehicle_2 Odometer', 'original_icon': 'mdi:road-variant'}, {'entity_id': 'sensor.test_vehicle_2_avg_fuel_consumption', 'config_entry_id': 1, 'device_id': '48805333dc2c4652e411c0a53d2c3920', 'area_id': None, 'unique_id': 'subaru_jf2abcde6l0000002_avg_fuel_consumption', 'platform': 'subaru', 'name': None, 'icon': None, 'disabled_by': None, 'capabilities': None, 'supported_features': 0, 'device_class': None, 'unit_of_measurement': 'L/100km', 'original_name': 'test_vehicle_2 Avg Fuel Consumption', 'original_icon': 'mdi:leaf'}, {'entity_id': 'sensor.test_vehicle_2_range', 'config_entry_id': 1, 'device_id': '48805333dc2c4652e411c0a53d2c3920', 'area_id': None, 'unique_id': 'subaru_jf2abcde6l0000002_range', 'platform': 'subaru', 'name': None, 'icon': None, 'disabled_by': None, 'capabilities': None, 'supported_features': 0, 'device_class': None, 'unit_of_measurement': 'km', 'original_name': 'test_vehicle_2 Range', 'original_icon': 'mdi:gas-station'}, {'entity_id': 'sensor.test_vehicle_2_external_temp', 'config_entry_id': 1, 'device_id': '48805333dc2c4652e411c0a53d2c3920', 'area_id': None, 'unique_id': 'subaru_jf2abcde6l0000002_external_temp', 'platform': 'subaru', 'name': None, 'icon': None, 'disabled_by': None, 'capabilities': None, 'supported_features': 0, 'device_class': None, 'unit_of_measurement': '°C', 'original_name': 'test_vehicle_2 External Temp', 'original_icon': 'mdi:thermometer'}, {'entity_id': 'sensor.test_vehicle_2_12v_battery_voltage', 'config_entry_id': 1, 'device_id': '48805333dc2c4652e411c0a53d2c3920', 'area_id': None, 'unique_id': 'subaru_jf2abcde6l0000002_12v_battery_voltage', 'platform': 'subaru', 'name': None, 'icon': None, 'disabled_by': None, 'capabilities': None, 'supported_features': 0, 'device_class': None, 'unit_of_measurement': 'V', 'original_name': 'test_vehicle_2 12V Battery Voltage', 'original_icon': 'mdi:car-battery'}, {'entity_id': 'sensor.test_vehicle_2_tire_pressure_fl', 'config_entry_id': 1, 'device_id': '48805333dc2c4652e411c0a53d2c3920', 'area_id': None, 'unique_id': 'subaru_jf2abcde6l0000002_tire_pressure_fl', 'platform': 'subaru', 'name': None, 'icon': None, 'disabled_by': None, 'capabilities': None, 'supported_features': 0, 'device_class': None, 'unit_of_measurement': 'hPa', 'original_name': 'test_vehicle_2 Tire Pressure FL', 'original_icon': 'mdi:gauge'}, {'entity_id': 'sensor.test_vehicle_2_tire_pressure_fr', 'config_entry_id': 1, 'device_id': '48805333dc2c4652e411c0a53d2c3920', 'area_id': None, 'unique_id': 'subaru_jf2abcde6l0000002_tire_pressure_fr', 'platform': 'subaru', 'name': None, 'icon': None, 'disabled_by': None, 'capabilities': None, 'supported_features': 0, 'device_class': None, 'unit_of_measurement': 'hPa', 'original_name': 'test_vehicle_2 Tire Pressure FR', 'original_icon': 'mdi:gauge'}, {'entity_id': 'sensor.test_vehicle_2_tire_pressure_rl', 'config_entry_id': 1, 'device_id': '48805333dc2c4652e411c0a53d2c3920', 'area_id': None, 'unique_id': 'subaru_jf2abcde6l0000002_tire_pressure_rl', 'platform': 'subaru', 'name': None, 'icon': None, 'disabled_by': None, 'capabilities': None, 'supported_features': 0, 'device_class': None, 'unit_of_measurement': 'hPa', 'original_name': 'test_vehicle_2 Tire Pressure RL', 'original_icon': 'mdi:gauge'}, {'entity_id': 'sensor.test_vehicle_2_tire_pressure_rr', 'config_entry_id': 1, 'device_id': '48805333dc2c4652e411c0a53d2c3920', 'area_id': None, 'unique_id': 'subaru_jf2abcde6l0000002_tire_pressure_rr', 'platform': 'subaru', 'name': None, 'icon': None, 'disabled_by': None, 'capabilities': None, 'supported_features': 0, 'device_class': None, 'unit_of_measurement': 'hPa', 'original_name': 'test_vehicle_2 Tire Pressure RR', 'original_icon': 'mdi:gauge'}, {'entity_id': 'sensor.test_vehicle_2_ev_range', 'config_entry_id': 1, 'device_id': '48805333dc2c4652e411c0a53d2c3920', 'area_id': None, 'unique_id': 'subaru_jf2abcde6l0000002_ev_range', 'platform': 'subaru', 'name': None, 'icon': None, 'disabled_by': None, 'capabilities': None, 'supported_features': 0, 'device_class': None, 'unit_of_measurement': 'km', 'original_name': 'test_vehicle_2 EV Range', 'original_icon': 'mdi:ev-station'}, {'entity_id': 'sensor.test_vehicle_2_ev_battery_level', 'config_entry_id': 1, 'device_id': '48805333dc2c4652e411c0a53d2c3920', 'area_id': None, 'unique_id': 'subaru_jf2abcde6l0000002_ev_battery_level', 'platform': 'subaru', 'name': None, 'icon': None, 'disabled_by': None, 'capabilities': None, 'supported_features': 0, 'device_class': None, 'unit_of_measurement': '%', 'original_name': 'test_vehicle_2 EV Battery Level', 'original_icon': 'mdi:battery-unknown'}, {'entity_id': 'sensor.test_vehicle_2_ev_time_to_full_charge', 'config_entry_id': 1, 'device_id': '48805333dc2c4652e411c0a53d2c3920', 'area_id': None, 'unique_id': 'subaru_jf2abcde6l0000002_ev_time_to_full_charge', 'platform': 'subaru', 'name': None, 'icon': None, 'disabled_by': None, 'capabilities': None, 'supported_features': 0, 'device_class': None, 'unit_of_measurement': 'min', 'original_name': 'test_vehicle_2 EV Time to Full Charge', 'original_icon': 'mdi:car-electric'}, {'entity_id': 'lock.test_vehicle_2_door_lock', 'config_entry_id': 1, 'device_id': '48805333dc2c4652e411c0a53d2c3920', 'area_id': None, 'unique_id': 'subaru_jf2abcde6l0000002_door_lock', 'platform': 'subaru', 'name': None, 'icon': None, 'disabled_by': None, 'capabilities': None, 'supported_features': 0, 'device_class': None, 'unit_of_measurement': None, 'original_name': 'test_vehicle_2 Door Lock', 'original_icon': None}, {'entity_id': 'binary_sensor.test_vehicle_2_ignition', 'config_entry_id': 1, 'device_id': '48805333dc2c4652e411c0a53d2c3920', 'area_id': None, 'unique_id': 'subaru_jf2abcde6l0000002_ignition', 'platform': 'subaru', 'name': None, 'icon': None, 'disabled_by': None, 'capabilities': None, 'supported_features': 0, 'device_class': 'power', 'unit_of_measurement': None, 'original_name': 'test_vehicle_2 Ignition', 'original_icon': 'mdi:engine-off'}, {'entity_id': 'device_tracker.test_vehicle_2_location', 'config_entry_id': 1, 'device_id': '48805333dc2c4652e411c0a53d2c3920', 'area_id': None, 'unique_id': 'subaru_jf2abcde6l0000002_location', 'platform': 'subaru', 'name': None, 'icon': None, 'disabled_by': None, 'capabilities': None, 'supported_features': 0, 'device_class': None, 'unit_of_measurement': None, 'original_name': 'test_vehicle_2 Location', 'original_icon': None}]}}
DEBUG    homeassistant.core:core.py:712 Bus:Handling <Event homeassistant_close[L]>

tests/test_services.py::test_remote_service_fails[pyloop] 
-------------------------------- live log setup --------------------------------
DEBUG    asyncio:selector_events.py:59 Using selector: KqueueSelector
-------------------------------- live log call ---------------------------------
INFO     homeassistant.loader:loader.py:292 Loaded subaru from custom_components.subaru
WARNING  homeassistant.loader:loader.py:465 You are using a custom integration for subaru which has not been tested by Home Assistant. This component might cause stability problems, be sure to disable it if you experience issues with Home Assistant.
INFO     homeassistant.setup:setup.py:183 Setting up subaru
INFO     homeassistant.setup:setup.py:232 Setup of domain subaru took 0.0 seconds
DEBUG    homeassistant.core:core.py:712 Bus:Handling <Event component_loaded[L]: component=subaru>
DEBUG    custom_components.subaru:update_coordinator.py:184 Finished fetching subaru_data data in 0.002 seconds
DEBUG    homeassistant.core:core.py:712 Bus:Handling <Event service_registered[L]: domain=subaru, service=fetch>
DEBUG    homeassistant.core:core.py:712 Bus:Handling <Event service_registered[L]: domain=subaru, service=horn>
DEBUG    homeassistant.core:core.py:712 Bus:Handling <Event service_registered[L]: domain=subaru, service=lights>
DEBUG    homeassistant.core:core.py:712 Bus:Handling <Event service_registered[L]: domain=subaru, service=lock>
DEBUG    homeassistant.core:core.py:712 Bus:Handling <Event service_registered[L]: domain=subaru, service=unlock>
DEBUG    homeassistant.core:core.py:712 Bus:Handling <Event service_registered[L]: domain=subaru, service=update>
DEBUG    homeassistant.core:core.py:712 Bus:Handling <Event service_registered[L]: domain=subaru, service=remote_start>
DEBUG    homeassistant.core:core.py:712 Bus:Handling <Event service_registered[L]: domain=subaru, service=remote_stop>
DEBUG    homeassistant.core:core.py:712 Bus:Handling <Event service_registered[L]: domain=subaru, service=charge_start>
INFO     homeassistant.loader:loader.py:292 Loaded device_tracker from homeassistant.components.device_tracker
INFO     homeassistant.loader:loader.py:292 Loaded binary_sensor from homeassistant.components.binary_sensor
INFO     homeassistant.loader:loader.py:292 Loaded sensor from homeassistant.components.sensor
INFO     homeassistant.loader:loader.py:292 Loaded lock from homeassistant.components.lock
INFO     homeassistant.setup:setup.py:183 Setting up binary_sensor
INFO     homeassistant.loader:loader.py:292 Loaded zone from homeassistant.components.zone
INFO     homeassistant.setup:setup.py:232 Setup of domain binary_sensor took 0.0 seconds
DEBUG    homeassistant.core:core.py:712 Bus:Handling <Event component_loaded[L]: component=binary_sensor>
INFO     homeassistant.setup:setup.py:183 Setting up sensor
INFO     homeassistant.setup:setup.py:232 Setup of domain sensor took 0.0 seconds
INFO     homeassistant.setup:setup.py:183 Setting up lock
DEBUG    homeassistant.core:core.py:712 Bus:Handling <Event service_registered[L]: domain=lock, service=unlock>
DEBUG    homeassistant.core:core.py:712 Bus:Handling <Event service_registered[L]: domain=lock, service=lock>
DEBUG    homeassistant.core:core.py:712 Bus:Handling <Event service_registered[L]: domain=lock, service=open>
INFO     homeassistant.setup:setup.py:232 Setup of domain lock took 0.0 seconds
DEBUG    homeassistant.setup:setup.py:96 Dependency device_tracker will wait for dependencies ['zone']
INFO     homeassistant.components.binary_sensor:entity_platform.py:185 Setting up binary_sensor.subaru
DEBUG    homeassistant.core:core.py:712 Bus:Handling <Event component_loaded[L]: component=sensor>
DEBUG    homeassistant.core:core.py:712 Bus:Handling <Event component_loaded[L]: component=lock>
INFO     homeassistant.components.sensor:entity_platform.py:185 Setting up sensor.subaru
INFO     homeassistant.components.lock:entity_platform.py:185 Setting up lock.subaru
INFO     homeassistant.setup:setup.py:183 Setting up zone
DEBUG    homeassistant.core:core.py:712 Bus:Handling <Event service_registered[L]: domain=zone, service=reload>
DEBUG    homeassistant.core:core.py:712 Bus:Handling <Event state_changed[L]: entity_id=zone.home, old_state=None, new_state=<state zone.home=zoning; latitude=32.87336, longitude=-117.22743, radius=100, passive=False, editable=True, friendly_name=test home, icon=mdi:home @ 2020-12-06T18:52:10.734154+00:00>>
DEBUG    custom_components.subaru:update_coordinator.py:184 Finished fetching subaru_data data in 0.000 seconds
DEBUG    homeassistant.core:core.py:712 Bus:Handling <Event device_registry_updated[L]: action=create, device_id=01b36eb57ff60736b725c544c50dafd7>
INFO     homeassistant.helpers.entity_registry:entity_registry.py:271 Registered new binary_sensor.subaru entity: binary_sensor.test_vehicle_2_trunk
DEBUG    homeassistant.core:core.py:712 Bus:Handling <Event entity_registry_updated[L]: action=create, entity_id=binary_sensor.test_vehicle_2_trunk>
DEBUG    homeassistant.core:core.py:712 Bus:Handling <Event state_changed[L]: entity_id=binary_sensor.test_vehicle_2_trunk, old_state=None, new_state=<state binary_sensor.test_vehicle_2_trunk=off; friendly_name=test_vehicle_2 Trunk, icon=mdi:door-closed, device_class=door @ 2020-12-06T18:52:10.736831+00:00>>
INFO     homeassistant.helpers.entity_registry:entity_registry.py:271 Registered new binary_sensor.subaru entity: binary_sensor.test_vehicle_2_hood
DEBUG    homeassistant.core:core.py:712 Bus:Handling <Event entity_registry_updated[L]: action=create, entity_id=binary_sensor.test_vehicle_2_hood>
DEBUG    homeassistant.core:core.py:712 Bus:Handling <Event state_changed[L]: entity_id=binary_sensor.test_vehicle_2_hood, old_state=None, new_state=<state binary_sensor.test_vehicle_2_hood=off; friendly_name=test_vehicle_2 Hood, icon=mdi:door-closed, device_class=door @ 2020-12-06T18:52:10.737985+00:00>>
INFO     homeassistant.helpers.entity_registry:entity_registry.py:271 Registered new binary_sensor.subaru entity: binary_sensor.test_vehicle_2_front_left_door
DEBUG    homeassistant.core:core.py:712 Bus:Handling <Event entity_registry_updated[L]: action=create, entity_id=binary_sensor.test_vehicle_2_front_left_door>
DEBUG    homeassistant.core:core.py:712 Bus:Handling <Event state_changed[L]: entity_id=binary_sensor.test_vehicle_2_front_left_door, old_state=None, new_state=<state binary_sensor.test_vehicle_2_front_left_door=off; friendly_name=test_vehicle_2 Front Left Door, icon=mdi:door-closed, device_class=door @ 2020-12-06T18:52:10.739194+00:00>>
INFO     homeassistant.helpers.entity_registry:entity_registry.py:271 Registered new binary_sensor.subaru entity: binary_sensor.test_vehicle_2_front_right_door
DEBUG    homeassistant.core:core.py:712 Bus:Handling <Event entity_registry_updated[L]: action=create, entity_id=binary_sensor.test_vehicle_2_front_right_door>
DEBUG    homeassistant.core:core.py:712 Bus:Handling <Event state_changed[L]: entity_id=binary_sensor.test_vehicle_2_front_right_door, old_state=None, new_state=<state binary_sensor.test_vehicle_2_front_right_door=off; friendly_name=test_vehicle_2 Front Right Door, icon=mdi:door-closed, device_class=door @ 2020-12-06T18:52:10.740337+00:00>>
INFO     homeassistant.helpers.entity_registry:entity_registry.py:271 Registered new binary_sensor.subaru entity: binary_sensor.test_vehicle_2_rear_left_door
DEBUG    homeassistant.core:core.py:712 Bus:Handling <Event entity_registry_updated[L]: action=create, entity_id=binary_sensor.test_vehicle_2_rear_left_door>
DEBUG    homeassistant.core:core.py:712 Bus:Handling <Event state_changed[L]: entity_id=binary_sensor.test_vehicle_2_rear_left_door, old_state=None, new_state=<state binary_sensor.test_vehicle_2_rear_left_door=off; friendly_name=test_vehicle_2 Rear Left Door, icon=mdi:door-closed, device_class=door @ 2020-12-06T18:52:10.741461+00:00>>
INFO     homeassistant.helpers.entity_registry:entity_registry.py:271 Registered new binary_sensor.subaru entity: binary_sensor.test_vehicle_2_rear_right_door
DEBUG    homeassistant.core:core.py:712 Bus:Handling <Event entity_registry_updated[L]: action=create, entity_id=binary_sensor.test_vehicle_2_rear_right_door>
DEBUG    homeassistant.core:core.py:712 Bus:Handling <Event state_changed[L]: entity_id=binary_sensor.test_vehicle_2_rear_right_door, old_state=None, new_state=<state binary_sensor.test_vehicle_2_rear_right_door=off; friendly_name=test_vehicle_2 Rear Right Door, icon=mdi:door-closed, device_class=door @ 2020-12-06T18:52:10.742641+00:00>>
INFO     homeassistant.helpers.entity_registry:entity_registry.py:271 Registered new binary_sensor.subaru entity: binary_sensor.test_vehicle_2_ev_charge_port
DEBUG    homeassistant.core:core.py:712 Bus:Handling <Event entity_registry_updated[L]: action=create, entity_id=binary_sensor.test_vehicle_2_ev_charge_port>
DEBUG    homeassistant.core:core.py:712 Bus:Handling <Event state_changed[L]: entity_id=binary_sensor.test_vehicle_2_ev_charge_port, old_state=None, new_state=<state binary_sensor.test_vehicle_2_ev_charge_port=on; friendly_name=test_vehicle_2 EV Charge Port, icon=mdi:power-plug, device_class=plug @ 2020-12-06T18:52:10.743783+00:00>>
INFO     homeassistant.helpers.entity_registry:entity_registry.py:271 Registered new binary_sensor.subaru entity: binary_sensor.test_vehicle_2_ev_battery_charging
DEBUG    homeassistant.core:core.py:712 Bus:Handling <Event entity_registry_updated[L]: action=create, entity_id=binary_sensor.test_vehicle_2_ev_battery_charging>
DEBUG    homeassistant.core:core.py:712 Bus:Handling <Event state_changed[L]: entity_id=binary_sensor.test_vehicle_2_ev_battery_charging, old_state=None, new_state=<state binary_sensor.test_vehicle_2_ev_battery_charging=off; friendly_name=test_vehicle_2 EV Battery Charging, icon=mdi:car, device_class=battery_charging @ 2020-12-06T18:52:10.744911+00:00>>
INFO     homeassistant.helpers.entity_registry:entity_registry.py:271 Registered new sensor.subaru entity: sensor.test_vehicle_2_odometer
DEBUG    homeassistant.core:core.py:712 Bus:Handling <Event entity_registry_updated[L]: action=create, entity_id=sensor.test_vehicle_2_odometer>
DEBUG    homeassistant.core:core.py:712 Bus:Handling <Event state_changed[L]: entity_id=sensor.test_vehicle_2_odometer, old_state=None, new_state=<state sensor.test_vehicle_2_odometer=1234; unit_of_measurement=km, friendly_name=test_vehicle_2 Odometer, icon=mdi:road-variant @ 2020-12-06T18:52:10.746097+00:00>>
INFO     homeassistant.helpers.entity_registry:entity_registry.py:271 Registered new sensor.subaru entity: sensor.test_vehicle_2_avg_fuel_consumption
DEBUG    homeassistant.core:core.py:712 Bus:Handling <Event entity_registry_updated[L]: action=create, entity_id=sensor.test_vehicle_2_avg_fuel_consumption>
DEBUG    homeassistant.core:core.py:712 Bus:Handling <Event state_changed[L]: entity_id=sensor.test_vehicle_2_avg_fuel_consumption, old_state=None, new_state=<state sensor.test_vehicle_2_avg_fuel_consumption=2.3; unit_of_measurement=L/100km, friendly_name=test_vehicle_2 Avg Fuel Consumption, icon=mdi:leaf @ 2020-12-06T18:52:10.747223+00:00>>
INFO     homeassistant.helpers.entity_registry:entity_registry.py:271 Registered new sensor.subaru entity: sensor.test_vehicle_2_range
DEBUG    homeassistant.core:core.py:712 Bus:Handling <Event entity_registry_updated[L]: action=create, entity_id=sensor.test_vehicle_2_range>
DEBUG    homeassistant.core:core.py:712 Bus:Handling <Event state_changed[L]: entity_id=sensor.test_vehicle_2_range, old_state=None, new_state=<state sensor.test_vehicle_2_range=707; unit_of_measurement=km, friendly_name=test_vehicle_2 Range, icon=mdi:gas-station @ 2020-12-06T18:52:10.748338+00:00>>
INFO     homeassistant.helpers.entity_registry:entity_registry.py:271 Registered new sensor.subaru entity: sensor.test_vehicle_2_external_temp
DEBUG    homeassistant.core:core.py:712 Bus:Handling <Event entity_registry_updated[L]: action=create, entity_id=sensor.test_vehicle_2_external_temp>
DEBUG    homeassistant.core:core.py:712 Bus:Handling <Event state_changed[L]: entity_id=sensor.test_vehicle_2_external_temp, old_state=None, new_state=<state sensor.test_vehicle_2_external_temp=21.5; unit_of_measurement=°C, friendly_name=test_vehicle_2 External Temp, icon=mdi:thermometer @ 2020-12-06T18:52:10.749451+00:00>>
INFO     homeassistant.helpers.entity_registry:entity_registry.py:271 Registered new sensor.subaru entity: sensor.test_vehicle_2_12v_battery_voltage
DEBUG    homeassistant.core:core.py:712 Bus:Handling <Event entity_registry_updated[L]: action=create, entity_id=sensor.test_vehicle_2_12v_battery_voltage>
DEBUG    homeassistant.core:core.py:712 Bus:Handling <Event state_changed[L]: entity_id=sensor.test_vehicle_2_12v_battery_voltage, old_state=None, new_state=<state sensor.test_vehicle_2_12v_battery_voltage=12.0; unit_of_measurement=V, friendly_name=test_vehicle_2 12V Battery Voltage, icon=mdi:car-battery @ 2020-12-06T18:52:10.750668+00:00>>
INFO     homeassistant.helpers.entity_registry:entity_registry.py:271 Registered new sensor.subaru entity: sensor.test_vehicle_2_tire_pressure_fl
DEBUG    homeassistant.core:core.py:712 Bus:Handling <Event entity_registry_updated[L]: action=create, entity_id=sensor.test_vehicle_2_tire_pressure_fl>
DEBUG    homeassistant.core:core.py:712 Bus:Handling <Event state_changed[L]: entity_id=sensor.test_vehicle_2_tire_pressure_fl, old_state=None, new_state=<state sensor.test_vehicle_2_tire_pressure_fl=2550; unit_of_measurement=hPa, friendly_name=test_vehicle_2 Tire Pressure FL, icon=mdi:gauge @ 2020-12-06T18:52:10.751785+00:00>>
INFO     homeassistant.helpers.entity_registry:entity_registry.py:271 Registered new sensor.subaru entity: sensor.test_vehicle_2_tire_pressure_fr
DEBUG    homeassistant.core:core.py:712 Bus:Handling <Event entity_registry_updated[L]: action=create, entity_id=sensor.test_vehicle_2_tire_pressure_fr>
DEBUG    homeassistant.core:core.py:712 Bus:Handling <Event state_changed[L]: entity_id=sensor.test_vehicle_2_tire_pressure_fr, old_state=None, new_state=<state sensor.test_vehicle_2_tire_pressure_fr=2550; unit_of_measurement=hPa, friendly_name=test_vehicle_2 Tire Pressure FR, icon=mdi:gauge @ 2020-12-06T18:52:10.752900+00:00>>
INFO     homeassistant.helpers.entity_registry:entity_registry.py:271 Registered new sensor.subaru entity: sensor.test_vehicle_2_tire_pressure_rl
DEBUG    homeassistant.core:core.py:712 Bus:Handling <Event entity_registry_updated[L]: action=create, entity_id=sensor.test_vehicle_2_tire_pressure_rl>
DEBUG    homeassistant.core:core.py:712 Bus:Handling <Event state_changed[L]: entity_id=sensor.test_vehicle_2_tire_pressure_rl, old_state=None, new_state=<state sensor.test_vehicle_2_tire_pressure_rl=2450; unit_of_measurement=hPa, friendly_name=test_vehicle_2 Tire Pressure RL, icon=mdi:gauge @ 2020-12-06T18:52:10.754023+00:00>>
INFO     homeassistant.helpers.entity_registry:entity_registry.py:271 Registered new sensor.subaru entity: sensor.test_vehicle_2_tire_pressure_rr
DEBUG    homeassistant.core:core.py:712 Bus:Handling <Event entity_registry_updated[L]: action=create, entity_id=sensor.test_vehicle_2_tire_pressure_rr>
DEBUG    homeassistant.core:core.py:712 Bus:Handling <Event state_changed[L]: entity_id=sensor.test_vehicle_2_tire_pressure_rr, old_state=None, new_state=<state sensor.test_vehicle_2_tire_pressure_rr=2350; unit_of_measurement=hPa, friendly_name=test_vehicle_2 Tire Pressure RR, icon=mdi:gauge @ 2020-12-06T18:52:10.755150+00:00>>
INFO     homeassistant.helpers.entity_registry:entity_registry.py:271 Registered new sensor.subaru entity: sensor.test_vehicle_2_ev_range
DEBUG    homeassistant.core:core.py:712 Bus:Handling <Event entity_registry_updated[L]: action=create, entity_id=sensor.test_vehicle_2_ev_range>
DEBUG    homeassistant.core:core.py:712 Bus:Handling <Event state_changed[L]: entity_id=sensor.test_vehicle_2_ev_range, old_state=None, new_state=<state sensor.test_vehicle_2_ev_range=27.4; unit_of_measurement=km, friendly_name=test_vehicle_2 EV Range, icon=mdi:ev-station @ 2020-12-06T18:52:10.756499+00:00>>
INFO     homeassistant.helpers.entity_registry:entity_registry.py:271 Registered new sensor.subaru entity: sensor.test_vehicle_2_ev_battery_level
DEBUG    homeassistant.core:core.py:712 Bus:Handling <Event entity_registry_updated[L]: action=create, entity_id=sensor.test_vehicle_2_ev_battery_level>
DEBUG    homeassistant.core:core.py:712 Bus:Handling <Event state_changed[L]: entity_id=sensor.test_vehicle_2_ev_battery_level, old_state=None, new_state=<state sensor.test_vehicle_2_ev_battery_level=100; unit_of_measurement=%, friendly_name=test_vehicle_2 EV Battery Level, icon=mdi:battery @ 2020-12-06T18:52:10.757744+00:00>>
INFO     homeassistant.helpers.entity_registry:entity_registry.py:271 Registered new sensor.subaru entity: sensor.test_vehicle_2_ev_time_to_full_charge
DEBUG    homeassistant.core:core.py:712 Bus:Handling <Event entity_registry_updated[L]: action=create, entity_id=sensor.test_vehicle_2_ev_time_to_full_charge>
DEBUG    homeassistant.core:core.py:712 Bus:Handling <Event state_changed[L]: entity_id=sensor.test_vehicle_2_ev_time_to_full_charge, old_state=None, new_state=<state sensor.test_vehicle_2_ev_time_to_full_charge=unknown; unit_of_measurement=min, friendly_name=test_vehicle_2 EV Time to Full Charge, icon=mdi:car-electric @ 2020-12-06T18:52:10.758911+00:00>>
ERROR    homeassistant.components.sensor:entity_platform.py:490 Platform subaru does not generate unique IDs. ID subaru_jf2abcde6l0000002_avg_fuel_consumption already exists - ignoring sensor.test_vehicle_2_avg_fuel_consumption
ERROR    homeassistant.components.sensor:entity_platform.py:490 Platform subaru does not generate unique IDs. ID subaru_jf2abcde6l0000002_range already exists - ignoring sensor.test_vehicle_2_range
ERROR    homeassistant.components.sensor:entity_platform.py:490 Platform subaru does not generate unique IDs. ID subaru_jf2abcde6l0000002_external_temp already exists - ignoring sensor.test_vehicle_2_external_temp
ERROR    homeassistant.components.sensor:entity_platform.py:490 Platform subaru does not generate unique IDs. ID subaru_jf2abcde6l0000002_12v_battery_voltage already exists - ignoring sensor.test_vehicle_2_12v_battery_voltage
ERROR    homeassistant.components.sensor:entity_platform.py:490 Platform subaru does not generate unique IDs. ID subaru_jf2abcde6l0000002_tire_pressure_fl already exists - ignoring sensor.test_vehicle_2_tire_pressure_fl
ERROR    homeassistant.components.sensor:entity_platform.py:490 Platform subaru does not generate unique IDs. ID subaru_jf2abcde6l0000002_tire_pressure_fr already exists - ignoring sensor.test_vehicle_2_tire_pressure_fr
ERROR    homeassistant.components.sensor:entity_platform.py:490 Platform subaru does not generate unique IDs. ID subaru_jf2abcde6l0000002_tire_pressure_rl already exists - ignoring sensor.test_vehicle_2_tire_pressure_rl
ERROR    homeassistant.components.sensor:entity_platform.py:490 Platform subaru does not generate unique IDs. ID subaru_jf2abcde6l0000002_tire_pressure_rr already exists - ignoring sensor.test_vehicle_2_tire_pressure_rr
ERROR    homeassistant.components.sensor:entity_platform.py:490 Platform subaru does not generate unique IDs. ID subaru_jf2abcde6l0000002_odometer already exists - ignoring sensor.test_vehicle_2_odometer
ERROR    homeassistant.components.sensor:entity_platform.py:490 Platform subaru does not generate unique IDs. ID subaru_jf2abcde6l0000002_avg_fuel_consumption already exists - ignoring sensor.test_vehicle_2_avg_fuel_consumption
ERROR    homeassistant.components.sensor:entity_platform.py:490 Platform subaru does not generate unique IDs. ID subaru_jf2abcde6l0000002_range already exists - ignoring sensor.test_vehicle_2_range
ERROR    homeassistant.components.sensor:entity_platform.py:490 Platform subaru does not generate unique IDs. ID subaru_jf2abcde6l0000002_external_temp already exists - ignoring sensor.test_vehicle_2_external_temp
ERROR    homeassistant.components.sensor:entity_platform.py:490 Platform subaru does not generate unique IDs. ID subaru_jf2abcde6l0000002_12v_battery_voltage already exists - ignoring sensor.test_vehicle_2_12v_battery_voltage
ERROR    homeassistant.components.sensor:entity_platform.py:490 Platform subaru does not generate unique IDs. ID subaru_jf2abcde6l0000002_tire_pressure_fl already exists - ignoring sensor.test_vehicle_2_tire_pressure_fl
ERROR    homeassistant.components.sensor:entity_platform.py:490 Platform subaru does not generate unique IDs. ID subaru_jf2abcde6l0000002_tire_pressure_fr already exists - ignoring sensor.test_vehicle_2_tire_pressure_fr
ERROR    homeassistant.components.sensor:entity_platform.py:490 Platform subaru does not generate unique IDs. ID subaru_jf2abcde6l0000002_tire_pressure_rl already exists - ignoring sensor.test_vehicle_2_tire_pressure_rl
ERROR    homeassistant.components.sensor:entity_platform.py:490 Platform subaru does not generate unique IDs. ID subaru_jf2abcde6l0000002_tire_pressure_rr already exists - ignoring sensor.test_vehicle_2_tire_pressure_rr
ERROR    homeassistant.components.sensor:entity_platform.py:490 Platform subaru does not generate unique IDs. ID subaru_jf2abcde6l0000002_odometer already exists - ignoring sensor.test_vehicle_2_odometer
INFO     homeassistant.helpers.entity_registry:entity_registry.py:271 Registered new lock.subaru entity: lock.test_vehicle_2_door_lock
DEBUG    homeassistant.core:core.py:712 Bus:Handling <Event entity_registry_updated[L]: action=create, entity_id=lock.test_vehicle_2_door_lock>
DEBUG    homeassistant.core:core.py:712 Bus:Handling <Event state_changed[L]: entity_id=lock.test_vehicle_2_door_lock, old_state=None, new_state=<state lock.test_vehicle_2_door_lock=unknown; friendly_name=test_vehicle_2 Door Lock @ 2020-12-06T18:52:10.767482+00:00>>
INFO     homeassistant.setup:setup.py:232 Setup of domain zone took 0.0 seconds
DEBUG    homeassistant.core:core.py:712 Bus:Handling <Event component_loaded[L]: component=zone>
INFO     homeassistant.helpers.entity_registry:entity_registry.py:271 Registered new binary_sensor.subaru entity: binary_sensor.test_vehicle_2_ignition
DEBUG    homeassistant.core:core.py:712 Bus:Handling <Event entity_registry_updated[L]: action=create, entity_id=binary_sensor.test_vehicle_2_ignition>
DEBUG    homeassistant.core:core.py:712 Bus:Handling <Event state_changed[L]: entity_id=binary_sensor.test_vehicle_2_ignition, old_state=None, new_state=<state binary_sensor.test_vehicle_2_ignition=off; friendly_name=test_vehicle_2 Ignition, icon=mdi:engine-off, device_class=power @ 2020-12-06T18:52:10.769926+00:00>>
INFO     homeassistant.setup:setup.py:183 Setting up device_tracker
DEBUG    homeassistant.core:core.py:712 Bus:Handling <Event service_registered[L]: domain=device_tracker, service=see>
INFO     homeassistant.setup:setup.py:232 Setup of domain device_tracker took 0.0 seconds
DEBUG    homeassistant.core:core.py:712 Bus:Handling <Event component_loaded[L]: component=device_tracker>
INFO     homeassistant.components.device_tracker:entity_platform.py:185 Setting up device_tracker.subaru
INFO     homeassistant.helpers.entity_registry:entity_registry.py:271 Registered new device_tracker.subaru entity: device_tracker.test_vehicle_2_location
DEBUG    homeassistant.core:core.py:712 Bus:Handling <Event entity_registry_updated[L]: action=create, entity_id=device_tracker.test_vehicle_2_location>
DEBUG    homeassistant.core:core.py:712 Bus:Handling <Event state_changed[L]: entity_id=device_tracker.test_vehicle_2_location, old_state=None, new_state=<state device_tracker.test_vehicle_2_location=not_home; source_type=gps, latitude=40.0, longitude=-100.0, gps_accuracy=0, friendly_name=test_vehicle_2 Location @ 2020-12-06T18:52:10.775050+00:00>>
DEBUG    homeassistant.core:core.py:712 Bus:Handling <Event call_service[L]: domain=subaru, service=horn, service_data=vin=JF2ABCDE6L0000002>
DEBUG    custom_components.subaru:__init__.py:160 calling horn
ERROR    homeassistant:runner.py:115 Error doing job: Task exception was never retrieved
Traceback (most recent call last):
  File "/Users/gg/.local/share/virtualenvs/homeassistant-subaru--Q4ZrcF8/lib/python3.8/site-packages/homeassistant/core.py", line 1401, in async_call
    raise ServiceNotFound(domain, service) from None
homeassistant.exceptions.ServiceNotFound: Unable to find service persistent_notification/create
ERROR    homeassistant:runner.py:115 Error doing job: Task exception was never retrieved
Traceback (most recent call last):
  File "/Users/gg/.local/share/virtualenvs/homeassistant-subaru--Q4ZrcF8/lib/python3.8/site-packages/homeassistant/core.py", line 1401, in async_call
    raise ServiceNotFound(domain, service) from None
homeassistant.exceptions.ServiceNotFound: Unable to find service persistent_notification/dismiss
ERROR    homeassistant:runner.py:115 Error doing job: Task exception was never retrieved
Traceback (most recent call last):
  File "/Users/gg/.local/share/virtualenvs/homeassistant-subaru--Q4ZrcF8/lib/python3.8/site-packages/homeassistant/core.py", line 1401, in async_call
    raise ServiceNotFound(domain, service) from None
homeassistant.exceptions.ServiceNotFound: Unable to find service persistent_notification/create
PASSED                                                                   [100%]
------------------------------ live log teardown -------------------------------
DEBUG    homeassistant.core:core.py:712 Bus:Handling <Event homeassistant_stop[L]>
DEBUG    homeassistant.core:core.py:712 Bus:Handling <Event homeassistant_final_write[L]>
INFO     pytest_homeassistant_custom_component.common:common.py:931 Writing data to core.device_registry: {'version': 1, 'key': 'core.device_registry', 'data': {'devices': [{'config_entries': [1], 'connections': [], 'identifiers': [('subaru', 'JF2ABCDE6L0000002')], 'manufacturer': 'subaru', 'model': None, 'name': 'test_vehicle_2', 'sw_version': None, 'entry_type': None, 'id': '01b36eb57ff60736b725c544c50dafd7', 'via_device_id': None, 'area_id': None, 'name_by_user': None}], 'deleted_devices': []}}
INFO     pytest_homeassistant_custom_component.common:common.py:931 Writing data to core.entity_registry: {'version': 1, 'key': 'core.entity_registry', 'data': {'entities': [{'entity_id': 'binary_sensor.test_vehicle_2_trunk', 'config_entry_id': 1, 'device_id': '01b36eb57ff60736b725c544c50dafd7', 'area_id': None, 'unique_id': 'subaru_jf2abcde6l0000002_trunk', 'platform': 'subaru', 'name': None, 'icon': None, 'disabled_by': None, 'capabilities': None, 'supported_features': 0, 'device_class': 'door', 'unit_of_measurement': None, 'original_name': 'test_vehicle_2 Trunk', 'original_icon': 'mdi:door-closed'}, {'entity_id': 'binary_sensor.test_vehicle_2_hood', 'config_entry_id': 1, 'device_id': '01b36eb57ff60736b725c544c50dafd7', 'area_id': None, 'unique_id': 'subaru_jf2abcde6l0000002_hood', 'platform': 'subaru', 'name': None, 'icon': None, 'disabled_by': None, 'capabilities': None, 'supported_features': 0, 'device_class': 'door', 'unit_of_measurement': None, 'original_name': 'test_vehicle_2 Hood', 'original_icon': 'mdi:door-closed'}, {'entity_id': 'binary_sensor.test_vehicle_2_front_left_door', 'config_entry_id': 1, 'device_id': '01b36eb57ff60736b725c544c50dafd7', 'area_id': None, 'unique_id': 'subaru_jf2abcde6l0000002_front_left_door', 'platform': 'subaru', 'name': None, 'icon': None, 'disabled_by': None, 'capabilities': None, 'supported_features': 0, 'device_class': 'door', 'unit_of_measurement': None, 'original_name': 'test_vehicle_2 Front Left Door', 'original_icon': 'mdi:door-closed'}, {'entity_id': 'binary_sensor.test_vehicle_2_front_right_door', 'config_entry_id': 1, 'device_id': '01b36eb57ff60736b725c544c50dafd7', 'area_id': None, 'unique_id': 'subaru_jf2abcde6l0000002_front_right_door', 'platform': 'subaru', 'name': None, 'icon': None, 'disabled_by': None, 'capabilities': None, 'supported_features': 0, 'device_class': 'door', 'unit_of_measurement': None, 'original_name': 'test_vehicle_2 Front Right Door', 'original_icon': 'mdi:door-closed'}, {'entity_id': 'binary_sensor.test_vehicle_2_rear_left_door', 'config_entry_id': 1, 'device_id': '01b36eb57ff60736b725c544c50dafd7', 'area_id': None, 'unique_id': 'subaru_jf2abcde6l0000002_rear_left_door', 'platform': 'subaru', 'name': None, 'icon': None, 'disabled_by': None, 'capabilities': None, 'supported_features': 0, 'device_class': 'door', 'unit_of_measurement': None, 'original_name': 'test_vehicle_2 Rear Left Door', 'original_icon': 'mdi:door-closed'}, {'entity_id': 'binary_sensor.test_vehicle_2_rear_right_door', 'config_entry_id': 1, 'device_id': '01b36eb57ff60736b725c544c50dafd7', 'area_id': None, 'unique_id': 'subaru_jf2abcde6l0000002_rear_right_door', 'platform': 'subaru', 'name': None, 'icon': None, 'disabled_by': None, 'capabilities': None, 'supported_features': 0, 'device_class': 'door', 'unit_of_measurement': None, 'original_name': 'test_vehicle_2 Rear Right Door', 'original_icon': 'mdi:door-closed'}, {'entity_id': 'binary_sensor.test_vehicle_2_ev_charge_port', 'config_entry_id': 1, 'device_id': '01b36eb57ff60736b725c544c50dafd7', 'area_id': None, 'unique_id': 'subaru_jf2abcde6l0000002_ev_charge_port', 'platform': 'subaru', 'name': None, 'icon': None, 'disabled_by': None, 'capabilities': None, 'supported_features': 0, 'device_class': 'plug', 'unit_of_measurement': None, 'original_name': 'test_vehicle_2 EV Charge Port', 'original_icon': 'mdi:power-plug'}, {'entity_id': 'binary_sensor.test_vehicle_2_ev_battery_charging', 'config_entry_id': 1, 'device_id': '01b36eb57ff60736b725c544c50dafd7', 'area_id': None, 'unique_id': 'subaru_jf2abcde6l0000002_ev_battery_charging', 'platform': 'subaru', 'name': None, 'icon': None, 'disabled_by': None, 'capabilities': None, 'supported_features': 0, 'device_class': 'battery_charging', 'unit_of_measurement': None, 'original_name': 'test_vehicle_2 EV Battery Charging', 'original_icon': 'mdi:car'}, {'entity_id': 'sensor.test_vehicle_2_odometer', 'config_entry_id': 1, 'device_id': '01b36eb57ff60736b725c544c50dafd7', 'area_id': None, 'unique_id': 'subaru_jf2abcde6l0000002_odometer', 'platform': 'subaru', 'name': None, 'icon': None, 'disabled_by': None, 'capabilities': None, 'supported_features': 0, 'device_class': None, 'unit_of_measurement': 'km', 'original_name': 'test_vehicle_2 Odometer', 'original_icon': 'mdi:road-variant'}, {'entity_id': 'sensor.test_vehicle_2_avg_fuel_consumption', 'config_entry_id': 1, 'device_id': '01b36eb57ff60736b725c544c50dafd7', 'area_id': None, 'unique_id': 'subaru_jf2abcde6l0000002_avg_fuel_consumption', 'platform': 'subaru', 'name': None, 'icon': None, 'disabled_by': None, 'capabilities': None, 'supported_features': 0, 'device_class': None, 'unit_of_measurement': 'L/100km', 'original_name': 'test_vehicle_2 Avg Fuel Consumption', 'original_icon': 'mdi:leaf'}, {'entity_id': 'sensor.test_vehicle_2_range', 'config_entry_id': 1, 'device_id': '01b36eb57ff60736b725c544c50dafd7', 'area_id': None, 'unique_id': 'subaru_jf2abcde6l0000002_range', 'platform': 'subaru', 'name': None, 'icon': None, 'disabled_by': None, 'capabilities': None, 'supported_features': 0, 'device_class': None, 'unit_of_measurement': 'km', 'original_name': 'test_vehicle_2 Range', 'original_icon': 'mdi:gas-station'}, {'entity_id': 'sensor.test_vehicle_2_external_temp', 'config_entry_id': 1, 'device_id': '01b36eb57ff60736b725c544c50dafd7', 'area_id': None, 'unique_id': 'subaru_jf2abcde6l0000002_external_temp', 'platform': 'subaru', 'name': None, 'icon': None, 'disabled_by': None, 'capabilities': None, 'supported_features': 0, 'device_class': None, 'unit_of_measurement': '°C', 'original_name': 'test_vehicle_2 External Temp', 'original_icon': 'mdi:thermometer'}, {'entity_id': 'sensor.test_vehicle_2_12v_battery_voltage', 'config_entry_id': 1, 'device_id': '01b36eb57ff60736b725c544c50dafd7', 'area_id': None, 'unique_id': 'subaru_jf2abcde6l0000002_12v_battery_voltage', 'platform': 'subaru', 'name': None, 'icon': None, 'disabled_by': None, 'capabilities': None, 'supported_features': 0, 'device_class': None, 'unit_of_measurement': 'V', 'original_name': 'test_vehicle_2 12V Battery Voltage', 'original_icon': 'mdi:car-battery'}, {'entity_id': 'sensor.test_vehicle_2_tire_pressure_fl', 'config_entry_id': 1, 'device_id': '01b36eb57ff60736b725c544c50dafd7', 'area_id': None, 'unique_id': 'subaru_jf2abcde6l0000002_tire_pressure_fl', 'platform': 'subaru', 'name': None, 'icon': None, 'disabled_by': None, 'capabilities': None, 'supported_features': 0, 'device_class': None, 'unit_of_measurement': 'hPa', 'original_name': 'test_vehicle_2 Tire Pressure FL', 'original_icon': 'mdi:gauge'}, {'entity_id': 'sensor.test_vehicle_2_tire_pressure_fr', 'config_entry_id': 1, 'device_id': '01b36eb57ff60736b725c544c50dafd7', 'area_id': None, 'unique_id': 'subaru_jf2abcde6l0000002_tire_pressure_fr', 'platform': 'subaru', 'name': None, 'icon': None, 'disabled_by': None, 'capabilities': None, 'supported_features': 0, 'device_class': None, 'unit_of_measurement': 'hPa', 'original_name': 'test_vehicle_2 Tire Pressure FR', 'original_icon': 'mdi:gauge'}, {'entity_id': 'sensor.test_vehicle_2_tire_pressure_rl', 'config_entry_id': 1, 'device_id': '01b36eb57ff60736b725c544c50dafd7', 'area_id': None, 'unique_id': 'subaru_jf2abcde6l0000002_tire_pressure_rl', 'platform': 'subaru', 'name': None, 'icon': None, 'disabled_by': None, 'capabilities': None, 'supported_features': 0, 'device_class': None, 'unit_of_measurement': 'hPa', 'original_name': 'test_vehicle_2 Tire Pressure RL', 'original_icon': 'mdi:gauge'}, {'entity_id': 'sensor.test_vehicle_2_tire_pressure_rr', 'config_entry_id': 1, 'device_id': '01b36eb57ff60736b725c544c50dafd7', 'area_id': None, 'unique_id': 'subaru_jf2abcde6l0000002_tire_pressure_rr', 'platform': 'subaru', 'name': None, 'icon': None, 'disabled_by': None, 'capabilities': None, 'supported_features': 0, 'device_class': None, 'unit_of_measurement': 'hPa', 'original_name': 'test_vehicle_2 Tire Pressure RR', 'original_icon': 'mdi:gauge'}, {'entity_id': 'sensor.test_vehicle_2_ev_range', 'config_entry_id': 1, 'device_id': '01b36eb57ff60736b725c544c50dafd7', 'area_id': None, 'unique_id': 'subaru_jf2abcde6l0000002_ev_range', 'platform': 'subaru', 'name': None, 'icon': None, 'disabled_by': None, 'capabilities': None, 'supported_features': 0, 'device_class': None, 'unit_of_measurement': 'km', 'original_name': 'test_vehicle_2 EV Range', 'original_icon': 'mdi:ev-station'}, {'entity_id': 'sensor.test_vehicle_2_ev_battery_level', 'config_entry_id': 1, 'device_id': '01b36eb57ff60736b725c544c50dafd7', 'area_id': None, 'unique_id': 'subaru_jf2abcde6l0000002_ev_battery_level', 'platform': 'subaru', 'name': None, 'icon': None, 'disabled_by': None, 'capabilities': None, 'supported_features': 0, 'device_class': None, 'unit_of_measurement': '%', 'original_name': 'test_vehicle_2 EV Battery Level', 'original_icon': 'mdi:battery-unknown'}, {'entity_id': 'sensor.test_vehicle_2_ev_time_to_full_charge', 'config_entry_id': 1, 'device_id': '01b36eb57ff60736b725c544c50dafd7', 'area_id': None, 'unique_id': 'subaru_jf2abcde6l0000002_ev_time_to_full_charge', 'platform': 'subaru', 'name': None, 'icon': None, 'disabled_by': None, 'capabilities': None, 'supported_features': 0, 'device_class': None, 'unit_of_measurement': 'min', 'original_name': 'test_vehicle_2 EV Time to Full Charge', 'original_icon': 'mdi:car-electric'}, {'entity_id': 'lock.test_vehicle_2_door_lock', 'config_entry_id': 1, 'device_id': '01b36eb57ff60736b725c544c50dafd7', 'area_id': None, 'unique_id': 'subaru_jf2abcde6l0000002_door_lock', 'platform': 'subaru', 'name': None, 'icon': None, 'disabled_by': None, 'capabilities': None, 'supported_features': 0, 'device_class': None, 'unit_of_measurement': None, 'original_name': 'test_vehicle_2 Door Lock', 'original_icon': None}, {'entity_id': 'binary_sensor.test_vehicle_2_ignition', 'config_entry_id': 1, 'device_id': '01b36eb57ff60736b725c544c50dafd7', 'area_id': None, 'unique_id': 'subaru_jf2abcde6l0000002_ignition', 'platform': 'subaru', 'name': None, 'icon': None, 'disabled_by': None, 'capabilities': None, 'supported_features': 0, 'device_class': 'power', 'unit_of_measurement': None, 'original_name': 'test_vehicle_2 Ignition', 'original_icon': 'mdi:engine-off'}, {'entity_id': 'device_tracker.test_vehicle_2_location', 'config_entry_id': 1, 'device_id': '01b36eb57ff60736b725c544c50dafd7', 'area_id': None, 'unique_id': 'subaru_jf2abcde6l0000002_location', 'platform': 'subaru', 'name': None, 'icon': None, 'disabled_by': None, 'capabilities': None, 'supported_features': 0, 'device_class': None, 'unit_of_measurement': None, 'original_name': 'test_vehicle_2 Location', 'original_icon': None}]}}
DEBUG    homeassistant.core:core.py:712 Bus:Handling <Event homeassistant_close[L]>


---------- coverage: platform darwin, python 3.8.6-final-0 -----------
Name                                         Stmts   Miss  Cover   Missing
--------------------------------------------------------------------------
custom_components/__init__.py                    0      0   100%
custom_components/subaru/__init__.py           128      0   100%
custom_components/subaru/binary_sensor.py       48      0   100%
custom_components/subaru/config_flow.py         60      0   100%
custom_components/subaru/const.py               32      0   100%
custom_components/subaru/device_tracker.py      29      0   100%
custom_components/subaru/entity.py              21      0   100%
custom_components/subaru/lock.py                27      0   100%
custom_components/subaru/sensor.py              93      0   100%
--------------------------------------------------------------------------
TOTAL                                          438      0   100%


============================== 29 passed in 2.97s ==============================
